=== ARGUS paper cycle 2026-10-04_2300 ===
disk_free_gb=16.7
sampling MSTRUSDT for 90s (weekend)...

MARKOUT ΓÇö MSTRUSDT, 90s of weekend, 68 book sample(s), 22 print(s), 9% flagged RPI

   horizon  prints    median      mean     worst
        5s      22    -0.000    +0.042    -3.066
       15s      21    -0.000    -0.336    -5.518
       30s      13    +6.131    +2.995    -6.131
       60s       2    +0.920    +0.920    -0.613

  Over 15s the passive side of 21 print(s) gained a median -0.00bps on MSTRUSDT (weekend). No measurable adverse selection in this window ΓÇö which is a statement about 90 seconds, not about the instrument

written to argus\data\markout.json
markout_exit=0
EXECUTABLE COST ΓÇö bps. 'quoted' is the full bid-ask spread; the size columns are
slippage against mid, taking the ask (a size inside the touch reads half 'quoted').

symbol         quoted      $1000      $5000     $25000    $100000
-----------------------------------------------------------------
NVDAUSDT         0.43       0.62       1.07       2.36       4.35
TSLAUSDT         0.27       0.13       0.13       0.87       2.62
AAPLUSDT         0.30       0.49       1.58       4.91      15.81
MSFTUSDT         1.93       1.01       2.61       3.60       4.12
METAUSDT         1.92       1.28       1.57       2.70       9.51
GOOGLUSDT        1.16       1.02       1.93       3.33       4.31
AMZNUSDT         2.38       2.17       2.58       3.70       5.18
COINUSDT         2.16       1.42       2.67       4.45      15.58
MSTRUSDT         1.84       1.25       2.22       4.09       9.02
QQQUSDT          0.13       0.20       0.93       2.69       3.42
TQQQUSDT         1.23       2.98       4.59      11.01          ΓÇö
SQQQUSDT         6.06       5.02       7.13      19.33      50.43

12 book(s) written to argus\data\depth.json
depth_exit=0
recorded 12 snapshot(s) to argus\data\book_tape.jsonl

  1092 snapshots over 486.616h: a near-touch level holds a median 3.02 contracts. **Change is reported per horizon, not pooled** ΓÇö a level moves a very different share of itself over 30 seconds than over an hour, and one median over both is a number about the sampling schedule rather than about the book. The shortest horizon with at least 100 observations is `under_30s`, where a level moves a median 24.0% of itself ΓÇö that is the figure the simulator should take, being nearest the per-event timescale it models. The attribution rule ΓÇö which side of a resting order a decrease came from ΓÇö is not in this data and cannot be, so it stays a swept assumption rather than a measurement.

written to argus\data\book_calibration.json
bookcalib_exit=0
  NVDAUSDT: extended=14.1 overnight=10.8 rth=31.5 weekend=4.5 | reopen=51.6 (1.6x rth, n=63)
      throttle now x1 ΓÇö the next 24 bar(s) are expected to move 18.6bps per bar against a 31.5bps regular-hours bar; no reduction, and this layer may not size up
  TSLAUSDT: extended=14.5 overnight=11.6 rth=35.9 weekend=5.2 | reopen=76.1 (2.1x rth, n=63)
      throttle now x1 ΓÇö the next 24 bar(s) are expected to move 23.1bps per bar against a 35.9bps regular-hours bar; no reduction, and this layer may not size up
  AAPLUSDT: extended=9.5 overnight=7.0 rth=22.4 weekend=4.5 | reopen=38.4 (1.7x rth, n=63)
      throttle now x1 ΓÇö the next 24 bar(s) are expected to move 13.4bps per bar against a 22.4bps regular-hours bar; no reduction, and this layer may not size up
  MSFTUSDT: extended=12.4 overnight=8.7 rth=25.6 weekend=4.7 | reopen=39.6 (1.5x rth, n=63)
      throttle now x1 ΓÇö the next 24 bar(s) are expected to move 15.1bps per bar against a 25.6bps regular-hours bar; no reduction, and this layer may not size up
  METAUSDT: extended=15.8 overnight=9.6 rth=35.4 weekend=6.0 | reopen=57.7 (1.6x rth, n=63)
      throttle now x1 ΓÇö the next 24 bar(s) are expected to move 20.7bps per bar against a 35.4bps regular-hours bar; no reduction, and this layer may not size up
  GOOGLUSDT: extended=13.5 overnight=8.4 rth=23.6 weekend=5.3 | reopen=44.1 (1.9x rth, n=63)
      throttle now x1 ΓÇö the next 24 bar(s) are expected to move 15.3bps per bar against a 23.6bps regular-hours bar; no reduction, and this layer may not size up
  AMZNUSDT: extended=11.9 overnight=7.1 rth=23.2 weekend=4.7 | reopen=36.5 (1.6x rth, n=63)
      throttle now x1 ΓÇö the next 24 bar(s) are expected to move 13.9bps per bar against a 23.2bps regular-hours bar; no reduction, and this layer may not size up
  COINUSDT: extended=26.8 overnight=19.1 rth=60.7 weekend=12.6 | reopen=95.7 (1.6x rth, n=63)
      throttle now x1 ΓÇö the next 24 bar(s) are expected to move 35.6bps per bar against a 60.7bps regular-hours bar; no reduction, and this layer may not size up
  MSTRUSDT: extended=35.0 overnight=29.0 rth=61.2 weekend=15.9 | reopen=107.2 (1.8x rth, n=63)
      throttle now x1 ΓÇö the next 24 bar(s) are expected to move 40.0bps per bar against a 61.2bps regular-hours bar; no reduction, and this layer may not size up
  QQQUSDT: extended=9.0 overnight=9.0 rth=13.8 weekend=3.3 | reopen=25.8 (1.9x rth, n=63)
      throttle now x1 ΓÇö the next 24 bar(s) are expected to move 9.7bps per bar against a 13.8bps regular-hours bar; no reduction, and this layer may not size up
  TQQQUSDT: extended=25.8 overnight=27.5 rth=41.6 weekend=8.3 | reopen=75.6 (1.8x rth, n=63)
      throttle now x1 ΓÇö the next 24 bar(s) are expected to move 28.6bps per bar against a 41.6bps regular-hours bar; no reduction, and this layer may not size up
  SQQQUSDT: extended=25.9 overnight=28.2 rth=41.9 weekend=7.9 | reopen=71.3 (1.7x rth, n=63)
      throttle now x1 ΓÇö the next 24 bar(s) are expected to move 28.3bps per bar against a 41.9bps regular-hours bar; no reduction, and this layer may not size up

12 profile(s) written to argus\data\session_risk.json
session_risk_exit=0
symbol        RTH bps/h  wknd bps/h  attenuation  anchor
NVDAUSDT          32.27        4.12         7.83  OK
TSLAUSDT          35.30        5.08         6.94  OK
AAPLUSDT          22.28        3.50         6.37  OK
MSFTUSDT          25.22        3.58         7.04  OK
METAUSDT          36.38        4.95         7.35  OK
GOOGLUSDT         24.66        5.00         4.93  OK
AMZNUSDT          24.21        3.72         6.50  OK
COINUSDT          60.11       11.07         5.43  OK
MSTRUSDT          59.34       15.20         3.90  OK
QQQUSDT           14.24        3.03         4.70  OK
TQQQUSDT          42.48        7.12         5.97  OK
SQQQUSDT          43.52        6.01         7.24  OK

  all 12 shipped instruments still attenuate past 2.5x when the anchor market shuts

written to argus\data\universe_validation.json
universe_exit=0
CPI dates: 13, FOMC decisions: 57 -> argus\data\event_calendar.json
  Wed 14 Oct 12:30 UTC  US CPI release
  Wed 28 Oct 18:00 UTC  FOMC rate decision
  Tue 10 Nov 13:30 UTC  US CPI release
calendar_exit=0
event_reactions.json is under 20h old; not refreshed
event_reactions_exit=0
497 macro readings written
macro_exit=0
  NVDAUSDT hedged with NVDA index (all): r=+0.986 [95% low +0.985], optimal ratio 0.977 removes 97.3% of variance, one-for-one removes 97.2%, n=1438
  NVDAUSDT hedged with NVDA index (extended): r=+0.998 [95% low +0.998], optimal ratio 0.989 removes 99.7% of variance, one-for-one removes 99.7%, n=413
  NVDAUSDT hedged with NVDA index (overnight): r=+0.992 [95% low +0.991], optimal ratio 0.980 removes 98.5% of variance, one-for-one removes 98.5%, n=331
  NVDAUSDT hedged with NVDA index (rth): r=+0.999 [95% low +0.999], optimal ratio 0.984 removes 99.8% of variance, one-for-one removes 99.8%, n=247
  NVDAUSDT hedged with NVDA index (weekend): r=+0.996 [95% low +0.995], optimal ratio 1.002 removes 99.1% of variance, one-for-one removes 99.1%, n=420
  TSLAUSDT hedged with TSLA index (all): r=+0.988 [95% low +0.987], optimal ratio 0.988 removes 97.7% of variance, one-for-one removes 97.7%, n=1438
  TSLAUSDT hedged with TSLA index (extended): r=+0.999 [95% low +0.998], optimal ratio 0.995 removes 99.7% of variance, one-for-one removes 99.7%, n=413
  TSLAUSDT hedged with TSLA index (overnight): r=+0.996 [95% low +0.995], optimal ratio 0.997 removes 99.2% of variance, one-for-one removes 99.2%, n=331
  TSLAUSDT hedged with TSLA index (rth): r=+0.999 [95% low +0.999], optimal ratio 0.994 removes 99.9% of variance, one-for-one removes 99.9%, n=247
  TSLAUSDT hedged with TSLA index (weekend): r=+0.985 [95% low +0.981], optimal ratio 0.992 removes 96.9% of variance, one-for-one removes 96.9%, n=420
  AAPLUSDT hedged with AAPL index (all): r=+0.985 [95% low +0.983], optimal ratio 0.977 removes 97.0% of variance, one-for-one removes 97.0%, n=1438
  AAPLUSDT hedged with AAPL index (extended): r=+0.996 [95% low +0.995], optimal ratio 0.981 removes 99.3% of variance, one-for-one removes 99.2%, n=413
  AAPLUSDT hedged with AAPL index (overnight): r=+0.993 [95% low +0.992], optimal ratio 1.000 removes 98.7% of variance, one-for-one removes 98.7%, n=331
  AAPLUSDT hedged with AAPL index (rth): r=+0.998 [95% low +0.998], optimal ratio 0.978 removes 99.7% of variance, one-for-one removes 99.6%, n=247
  AAPLUSDT hedged with AAPL index (weekend): r=+0.993 [95% low +0.992], optimal ratio 1.000 removes 98.7% of variance, one-for-one removes 98.7%, n=420
  MSFTUSDT hedged with MSFT index (all): r=+0.983 [95% low +0.981], optimal ratio 0.998 removes 96.6% of variance, one-for-one removes 96.6%, n=1438
  MSFTUSDT hedged with MSFT index (extended): r=+0.996 [95% low +0.995], optimal ratio 0.992 removes 99.2% of variance, one-for-one removes 99.2%, n=413
  MSFTUSDT hedged with MSFT index (overnight): r=+0.992 [95% low +0.990], optimal ratio 0.991 removes 98.4% of variance, one-for-one removes 98.4%, n=331
  MSFTUSDT hedged with MSFT index (rth): r=+0.997 [95% low +0.996], optimal ratio 1.001 removes 99.3% of variance, one-for-one removes 99.3%, n=247
  MSFTUSDT hedged with MSFT index (weekend): r=+0.994 [95% low +0.993], optimal ratio 1.005 removes 98.9% of variance, one-for-one removes 98.9%, n=420
  METAUSDT hedged with META index (all): r=+0.989 [95% low +0.988], optimal ratio 0.989 removes 97.8% of variance, one-for-one removes 97.8%, n=1438
  METAUSDT hedged with META index (extended): r=+0.998 [95% low +0.998], optimal ratio 0.986 removes 99.7% of variance, one-for-one removes 99.6%, n=413
  METAUSDT hedged with META index (overnight): r=+0.996 [95% low +0.995], optimal ratio 0.998 removes 99.2% of variance, one-for-one removes 99.2%, n=331
  METAUSDT hedged with META index (rth): r=+0.999 [95% low +0.999], optimal ratio 0.994 removes 99.8% of variance, one-for-one removes 99.8%, n=247
  METAUSDT hedged with META index (weekend): r=+0.996 [95% low +0.995], optimal ratio 1.004 removes 99.2% of variance, one-for-one removes 99.2%, n=420
  GOOGLUSDT hedged with GOOGL index (all): r=+0.977 [95% low +0.974], optimal ratio 0.981 removes 95.4% of variance, one-for-one removes 95.3%, n=1438
  GOOGLUSDT hedged with GOOGL index (extended): r=+0.997 [95% low +0.996], optimal ratio 0.991 removes 99.3% of variance, one-for-one removes 99.3%, n=413
  GOOGLUSDT hedged with GOOGL index (overnight): r=+0.993 [95% low +0.991], optimal ratio 1.000 removes 98.6% of variance, one-for-one removes 98.6%, n=331
  GOOGLUSDT hedged with GOOGL index (rth): r=+0.998 [95% low +0.998], optimal ratio 0.990 removes 99.6% of variance, one-for-one removes 99.6%, n=247
  GOOGLUSDT hedged with GOOGL index (weekend): r=+0.988 [95% low +0.985], optimal ratio 1.008 removes 97.6% of variance, one-for-one removes 97.6%, n=420
  AMZNUSDT hedged with AMZN index (all): r=+0.978 [95% low +0.976], optimal ratio 0.996 removes 95.6% of variance, one-for-one removes 95.6%, n=1438
  AMZNUSDT hedged with AMZN index (extended): r=+0.995 [95% low +0.994], optimal ratio 1.008 removes 99.0% of variance, one-for-one removes 99.0%, n=413
  AMZNUSDT hedged with AMZN index (overnight): r=+0.995 [95% low +0.993], optimal ratio 1.002 removes 98.9% of variance, one-for-one removes 98.9%, n=331
  AMZNUSDT hedged with AMZN index (rth): r=+0.996 [95% low +0.995], optimal ratio 1.005 removes 99.2% of variance, one-for-one removes 99.2%, n=247
  AMZNUSDT hedged with AMZN index (weekend): r=+0.990 [95% low +0.988], optimal ratio 1.001 removes 98.1% of variance, one-for-one removes 98.1%, n=420
  COINUSDT hedged with COIN index (all): r=+0.985 [95% low +0.984], optimal ratio 0.992 removes 97.1% of variance, one-for-one removes 97.1%, n=1438
  COINUSDT hedged with COIN index (extended): r=+0.998 [95% low +0.997], optimal ratio 0.993 removes 99.6% of variance, one-for-one removes 99.6%, n=413
  COINUSDT hedged with COIN index (overnight): r=+0.994 [95% low +0.993], optimal ratio 0.997 removes 98.9% of variance, one-for-one removes 98.9%, n=331
  COINUSDT hedged with COIN index (rth): r=+0.999 [95% low +0.999], optimal ratio 0.995 removes 99.9% of variance, one-for-one removes 99.9%, n=247
  COINUSDT hedged with COIN index (weekend): r=+0.997 [95% low +0.996], optimal ratio 0.997 removes 99.3% of variance, one-for-one removes 99.3%, n=420
  MSTRUSDT hedged with MSTR index (all): r=+0.982 [95% low +0.980], optimal ratio 0.992 removes 96.4% of variance, one-for-one removes 96.4%, n=1438
  MSTRUSDT hedged with MSTR index (extended): r=+0.999 [95% low +0.999], optimal ratio 0.994 removes 99.8% of variance, one-for-one removes 99.8%, n=413
  MSTRUSDT hedged with MSTR index (overnight): r=+0.993 [95% low +0.991], optimal ratio 0.993 removes 98.5% of variance, one-for-one removes 98.5%, n=331
  MSTRUSDT hedged with MSTR index (rth): r=+1.000 [95% low +1.000], optimal ratio 0.994 removes 99.9% of variance, one-for-one removes 99.9%, n=247
  MSTRUSDT hedged with MSTR index (weekend): r=+0.996 [95% low +0.995], optimal ratio 0.999 removes 99.2% of variance, one-for-one removes 99.2%, n=420
  QQQUSDT hedged with QQQ index (all): r=+0.960 [95% low +0.956], optimal ratio 0.974 removes 92.2% of variance, one-for-one removes 92.2%, n=1438
  QQQUSDT hedged with QQQ index (extended): r=+0.996 [95% low +0.995], optimal ratio 0.991 removes 99.2% of variance, one-for-one removes 99.1%, n=413
  QQQUSDT hedged with QQQ index (overnight): r=+0.981 [95% low +0.977], optimal ratio 0.995 removes 96.3% of variance, one-for-one removes 96.3%, n=331
  QQQUSDT hedged with QQQ index (rth): r=+0.998 [95% low +0.997], optimal ratio 0.993 removes 99.5% of variance, one-for-one removes 99.5%, n=247
  QQQUSDT hedged with QQQ index (weekend): r=+0.983 [95% low +0.979], optimal ratio 1.011 removes 96.6% of variance, one-for-one removes 96.6%, n=420
  TQQQUSDT hedged with TQQQ index (all): r=+0.969 [95% low +0.965], optimal ratio 0.981 removes 93.9% of variance, one-for-one removes 93.8%, n=1438
  TQQQUSDT hedged with TQQQ index (extended): r=+0.998 [95% low +0.997], optimal ratio 0.989 removes 99.6% of variance, one-for-one removes 99.5%, n=413
  TQQQUSDT hedged with TQQQ index (overnight): r=+0.979 [95% low +0.974], optimal ratio 0.988 removes 95.9% of variance, one-for-one removes 95.9%, n=331
  TQQQUSDT hedged with TQQQ index (rth): r=+0.998 [95% low +0.998], optimal ratio 0.987 removes 99.7% of variance, one-for-one removes 99.6%, n=247
  TQQQUSDT hedged with TQQQ index (weekend): r=+0.985 [95% low +0.982], optimal ratio 1.018 removes 97.1% of variance, one-for-one removes 97.1%, n=420
  SQQQUSDT hedged with SQQQ index (all): r=+0.962 [95% low +0.958], optimal ratio 0.981 removes 92.5% of variance, one-for-one removes 92.5%, n=1438
  SQQQUSDT hedged with SQQQ index (extended): r=+0.994 [95% low +0.993], optimal ratio 0.983 removes 98.9% of variance, one-for-one removes 98.9%, n=413
  SQQQUSDT hedged with SQQQ index (overnight): r=+0.978 [95% low +0.972], optimal ratio 0.987 removes 95.6% of variance, one-for-one removes 95.5%, n=331
  SQQQUSDT hedged with SQQQ index (rth): r=+0.995 [95% low +0.994], optimal ratio 1.003 removes 99.1% of variance, one-for-one removes 99.1%, n=247
  SQQQUSDT hedged with SQQQ index (weekend): r=+0.988 [95% low +0.985], optimal ratio 1.021 removes 97.6% of variance, one-for-one removes 97.6%, n=420

60 measurement(s) written to argus\data\hedge_effectiveness.json
effectiveness_exit=0
{
  "ran_at": "2026-10-04T17:41:14.158034+00:00",
  "risk_policy": "68ceeadb52fc4ce0721006d8016744de7bc4d135ae75eb0aaca20e68f6460712",
  "decisions_written": [
    {
      "seq": 1072,
      "symbol": "NVDAUSDT",
      "verdict": "no_trade",
      "quantity": "0",
      "confidence": 0.68,
      "attests_llm_decided": true,
      "notes_written": 23,
      "protocol": {
        "digest": "sha256:d403d741144df7513e4dbb69fd254b6b95f6a7aba3b7aeba26fd959fc26dbfb8",
        "version": 3,
        "reduced_this_decision": false
      },
      "flags": [
        "[conflict:magnitude] sentiment (bullish) vs earnings (bullish), gap 34.00 \u2014 earnings dominates: confidence 0.72 against 0.35"
      ],
      "fill": "confirmed_unfilled",
      "fill_alarm": false
    },
    {
      "seq": 1073,
      "symbol": "TSLAUSDT",
      "verdict": "no_trade",
      "quantity": "0",
      "confidence": 0.52,
      "attests_llm_decided": true,
      "notes_written": 24,
      "protocol": {
        "digest": "sha256:d403d741144df7513e4dbb69fd254b6b95f6a7aba3b7aeba26fd959fc26dbfb8",
        "version": 3,
        "reduced_this_decision": false
      },
      "flags": [
        "[conflict:magnitude] event (bullish) vs sentiment (bullish), gap 42.00 \u2014 event dominates: confidence 0.62 against 0.35",
        "[conflict:direction] event (bullish) vs earnings (bearish), gap 38.00 \u2014 earnings dominates: 11 distinct sources against 6",
        "[conflict:direction] sentiment (bullish) vs earnings (bearish), gap 4.00 \u2014 earnings dominates: confidence 0.55 against 0.35"
      ],
      "fill": "confirmed_unfilled",
      "fill_alarm": false
    },
    {
      "seq": 1074,
      "symbol": "AAPLUSDT",
      "verdict": "no_trade",
      "quantity": "0",
      "confidence": 0.72,
      "attests_llm_decided": true,
      "notes_written": 23,
      "protocol": {
        "digest": "sha256:d403d741144df7513e4dbb69fd254b6b95f6a7aba3b7aeba26fd959fc26dbfb8",
        "version": 3,
        "reduced_this_decision": false
      },
      "flags": [],
      "fill": "confirmed_unfilled",
      "fill_alarm": false
    },
    {
      "seq": 1075,
      "symbol": "MSFTUSDT",
      "verdict": "no_trade",
      "quantity": "0",
      "confidence": 0.7,
      "attests_llm_decided": true,
      "notes_written": 24,
      "protocol": {
        "digest": "sha256:d403d741144df7513e4dbb69fd254b6b95f6a7aba3b7aeba26fd959fc26dbfb8",
        "version": 3,
        "reduced_this_decision": false
      },
      "flags": [
        "[conflict:conviction] sentiment (neutral) vs cross_asset (neutral), gap 0.40 \u2014 cross_asset dominates: confidence 0.95 against 0.55"
      ],
      "fill": "confirmed_unfilled",
      "fill_alarm": false
    },
    {
      "seq": 1076,
      "symbol": "METAUSDT",
      "verdict": "no_trade",
      "quantity": "0",
      "confidence": 0.72,
      "attests_llm_decided": true,
      "notes_written": 24,
      "protocol": {
        "digest": "sha256:d403d741144df7513e4dbb69fd254b6b95f6a7aba3b7aeba26fd959fc26dbfb8",
        "version": 3,
        "reduced_this_decision": false
      },
      "flags": [],
      "fill": "confirmed_unfilled",
      "fill_alarm": false
    },
    {
      "seq": 1077,
      "symbol": "GOOGLUSDT",
      "verdict": "no_trade",
      "quantity": "0",
      "confidence": 0.68,
      "attests_llm_decided": true,
      "notes_written": 30,
      "protocol": {
        "digest": "sha256:d403d741144df7513e4dbb69fd254b6b95f6a7aba3b7aeba26fd959fc26dbfb8",
        "version": 3,
        "reduced_this_decision": false
      },
      "flags": [
        "[conflict:magnitude] sentiment (bullish) vs earnings (bullish), gap 41.00 \u2014 earnings dominates: confidence 0.72 against 0.35",
        "[grounding] 1 of 8 figure(s) do not resolve to anything the desk was given: +28.5bps",
        "[grounding] an unattributable number in a thesis is the easiest place for an unsupported fact to enter the record"
      ],
      "fill": "confirmed_unfilled",
      "fill_alarm": false
    },
    {
      "seq": 1078,
      "symbol": "AMZNUSDT",
      "verdict": "no_trade",
      "quantity": "0",
      "confidence": 0.74,
      "attests_llm_decided": true,
      "notes_written": 24,
      "protocol": {
        "digest": "sha256:d403d741144df7513e4dbb69fd254b6b95f6a7aba3b7aeba26fd959fc26dbfb8",
        "version": 3,
        "reduced_this_decision": false
      },
      "flags": [
        "[conflict:magnitude] sentiment (bullish) vs earnings (bullish), gap 81.00 \u2014 earnings dominates: confidence 0.82 against 0.35"
      ],
      "fill": "confirmed_unfilled",
      "fill_alarm": false
    },
    {
      "seq": 1079,
      "symbol": "COINUSDT",
      "verdict": "no_trade",
      "quantity": "0",
      "confidence": 0.62,
      "attests_llm_decided": true,
      "notes_written": 29,
      "protocol": {
        "digest": "sha256:d403d741144df7513e4dbb69fd254b6b95f6a7aba3b7aeba26fd959fc26dbfb8",
        "version": 3,
        "reduced_this_decision": false
      },
      "flags": [
        "[conflict:direction] event (bullish) vs earnings (bearish), gap 35.00 \u2014 earnings dominates: confidence 0.72 against 0.55",
        "[conflict:conviction] sentiment (insufficient_evidence) vs cross_asset (insufficient_evidence), gap 0.85 \u2014 sentiment dominates: confidence 0.85 against 0.00",
        "[grounding] 1 of 7 figure(s) do not resolve to anything the desk was given: 1.3%",
        "[grounding] an unattributable number in a thesis is the easiest place for an unsupported fact to enter the record"
      ],
      "fill": "confirmed_unfilled",
      "fill_alarm": false
    },
    {
      "seq": 1080,
      "symbol": "MSTRUSDT",
      "verdict": "no_trade",
      "quantity": "0",
      "confidence": 0.58,
      "attests_llm_decided": true,
      "notes_written": 24,
      "protocol": {
        "digest": "sha256:d403d741144df7513e4dbb69fd254b6b95f6a7aba3b7aeba26fd959fc26dbfb8",
        "version": 3,
        "reduced_this_decision": false
      },
      "flags": [
        "[conflict:conviction] event (bearish) vs earnings (bearish), gap 0.27 \u2014 earnings dominates: confidence 0.62 against 0.35"
      ],
      "fill": "confirmed_unfilled",
      "fill_alarm": false
    },
    {
      "seq": 1081,
      "symbol": "QQQUSDT",
      "verdict": "no_trade",
      "quantity": "0",
      "confidence": 0.62,
      "attests_llm_decided": true,
      "notes_written": 25,
      "protocol": {
        "digest": "sha256:d403d741144df7513e4dbb69fd254b6b95f6a7aba3b7aeba26fd959fc26dbfb8",
        "version": 3,
        "reduced_this_decision": false
      },
      "flags": [],
      "fill": "confirmed_unfilled",
      "fill_alarm": false
    }
  ],
  "settled_this_cycle": [
    {
      "seq": 1028,
      "symbol": "NVDAUSDT",
      "abstention": true,
      "counterfactual_move_bps": "11.0770"
    },
    {
      "seq": 1029,
      "symbol": "TSLAUSDT",
      "abstention": true,
      "counterfactual_move_bps": "50.1361"
    },
    {
      "seq": 1030,
      "symbol": "AAPLUSDT",
      "abstention": true,
      "counterfactual_move_bps": "-1.4986"
    },
    {
      "seq": 1031,
      "symbol": "MSFTUSDT",
      "abstention": true,
      "counterfactual_move_bps": "0.3860"
    },
    {
      "seq": 1032,
      "symbol": "METAUSDT",
      "abstention": true,
      "counterfactual_move_bps": "-0.9597"
    },
    {
      "seq": 1033,
      "symbol": "GOOGLUSDT",
      "abstention": true,
      "counterfactual_move_bps": "27.6541"
    },
    {
      "seq": 1034,
      "symbol": "AMZNUSDT",
      "abstention": true,
      "counterfactual_move_bps": "14.6773"
    },
    {
      "seq": 1035,
      "symbol": "COINUSDT",
      "abstention": true,
      "counterfactual_move_bps": "45.5309"
    },
    {
      "seq": 1036,
      "symbol": "MSTRUSDT",
      "abstention": true,
      "counterfactual_move_bps": "-14.7447"
    },
    {
      "seq": 1037,
      "symbol": "QQQUSDT",
      "abstention": true,
      "counterfactual_move_bps": "7.5927"
    },
    {
      "seq": 1038,
      "symbol": "TQQQUSDT",
      "abstention": true,
      "counterfactual_move_bps": "25.8271"
    },
    {
      "seq": 1039,
      "symbol": "SQQQUSDT",
      "abstention": true,
      "counterfactual_move_bps": "-15.1332"
    },
    {
      "causal_chains_graded": 4
    }
  ],
  "postmortem": {
    "at": "2026-10-04T17:41:14.158034+00:00",
    "triggers": [
      "12 settlements since the last postmortem"
    ],
    "gate_autopsy": {
      "decisions": 1081,
      "unreached": []
    },
    "diagnosis": {
      "sample": 867,
      "refused": "",
      "causes": [],
      "adopted_remedies_that_fired_again": []
    }
  },
  "marked_this_cycle": [
    {
      "seq": 1061,
      "symbol": "NVDAUSDT",
      "horizon_hours": 1.9854,
      "move_bps": "-2.1274",
      "lean": "up"
    },
    {
      "seq": 1062,
      "symbol": "TSLAUSDT",
      "horizon_hours": 1.9854,
      "move_bps": "-0.8045",
      "lean": "up"
    },
    {
      "seq": 1063,
      "symbol": "AAPLUSDT",
      "horizon_hours": 1.9854,
      "move_bps": "-1.4986",
      "lean": "up"
    },
    {
      "seq": 1064,
      "symbol": "MSFTUSDT",
      "horizon_hours": 1.9854,
      "move_bps": "2.5097",
      "lean": "up"
    },
    {
      "seq": 1065,
      "symbol": "METAUSDT",
      "horizon_hours": 1.9854,
      "move_bps": "-15.7426",
      "lean": "up"
    },
    {
      "seq": 1066,
      "symbol": "GOOGLUSDT",
      "horizon_hours": 1.9854,
      "move_bps": "-0.2903",
      "lean": "up"
    },
    {
      "seq": 1067,
      "symbol": "AMZNUSDT",
      "horizon_hours": 1.9854,
      "move_bps": "3.1698",
      "lean": "up"
    },
    {
      "seq": 1068,
      "symbol": "COINUSDT",
      "horizon_hours": 1.9854,
      "move_bps": "-3.7756",
      "lean": "up"
    },
    {
      "seq": 1069,
      "symbol": "MSTRUSDT",
      "horizon_hours": 1.9854,
      "move_bps": "-56.2863",
      "lean": "down"
    },
    {
      "seq": 1070,
      "symbol": "QQQUSDT",
      "horizon_hours": 1.9854,
      "move_bps": "-3.4595",
      "lean": "up"
    },
    {
      "seq": 1071,
      "symbol": "TQQQUSDT",
      "horizon_hours": 1.9854,
      "move_bps": "-11.0281",
      "lean": "up"
    }
  ],
  "tokens_spent": 310301,
  "unreported_calls": 0,
  "token_budget": 330000,
  "stopped_early": "stopped after 10 of 12 symbol(s): 19699 token(s) left of 330000, below the 25000 a symbol costs. The symbols not reached were not decided, and no decision was recorded for them.",
  "chain": {
    "entries": 1081,
    "chain_intact": true,
    "links_intact": true,
    "first_break_at": null,
    "truncated": false,
    "anchor": "anchor agrees with the log",
    "head_hash": "90de48bed057300a",
    "tampered_settlements": [],
    "unsealed_settlements": []
  },
  "protocol": "argus-paper-v1 v3 (sha256:d403d741144df7513e4dbb69fd254b6b95f6a7aba3b7aeba26fd959fc26dbfb8)",
  "resumed": [],
  "fill_alarms": []
}
exit=0

cycle 88: 5 claim(s) on METAUSDT, head d6a8afb5ff6d0bc1
    resolves 2026-10-05T18:13
    resolves 2026-10-07T18:13
    resolves 2026-10-11T18:13
    resolves 2026-10-18T18:13
    resolves 2026-11-03T18:13
  anchored to 4 calendar(s)

  218 claim(s) resolve inside the window and 357 are still open when it starts
cadence_exit=0
5 claim(s) resolved this run
  Γ£ô QQQUSDT abs_move_above_bps 114.17 by 2026-10-04T18:13 (p=0.60) [086d3a0b3be1]  observed |408.43| = 408.43
  Γ£ô SQQQUSDT abs_move_above_bps 194.03 by 2026-10-04T16:23 (p=0.60) [c6942d453d0e]  observed |-254.21| = 254.21
  Γ£ô NVDAUSDT abs_move_above_bps 109.29 by 2026-10-04T18:13 (p=0.60) [3a03fa05d73e]  observed |417.04| = 417.04
  Γ£ù METAUSDT abs_move_above_bps 100.76 by 2026-10-04T18:13 (p=0.60) [1796cf1b4dee]  observed |17.30| = 17.30
  Γ£ù SQQQUSDT abs_move_above_bps 97.37 by 2026-10-04T16:24 (p=0.60) [771f3306fa8c]  observed |-33.25| = 33.25

REGISTER ΓÇö 446 claim(s), 262 resolved, 182 pending, 2 unresolvable
  argus                 262 resolved  Brier 0.2233  hit rate 68%

  THE WALL ΓÇö 83 claim(s) we got wrong, most confident first:
    Γ£ù NVDAUSDT abs_move_above_bps 45.46 by 2026-09-15T09:21 (p=0.60) [381cbc033f4b]  observed |12.25| = 12.25
    Γ£ù TSLAUSDT abs_move_above_bps 50.23 by 2026-09-15T09:21 (p=0.60) [c387181dd2e6]  observed |-5.58| = 5.58
    Γ£ù AAPLUSDT abs_move_above_bps 37.55 by 2026-09-15T09:21 (p=0.60) [2588c7bcd941]  observed |-12.37| = 12.37
    Γ£ù AMZNUSDT abs_move_above_bps 40.7 by 2026-09-15T09:21 (p=0.60) [d71b10a405eb]  observed |-32.76| = 32.76
    Γ£ù MSTRUSDT abs_move_above_bps 138.15 by 2026-09-15T09:21 (p=0.60) [919de6cb9750]  observed |-22.67| = 22.67
    Γ£ù TSLAUSDT abs_move_above_bps 50.28 by 2026-09-16T18:14 (p=0.60) [5eec2201b2a4]  observed |-13.14| = 13.14
    Γ£ù AAPLUSDT abs_move_above_bps 37.55 by 2026-09-16T20:11 (p=0.60) [4ae4dfa61cdf]  observed |33.15| = 33.15
    Γ£ù METAUSDT abs_move_above_bps 66.48 by 2026-09-17T16:11 (p=0.60) [fe99a2216199]  observed |41.36| = 41.36
    Γ£ù TQQQUSDT abs_move_above_bps 182.37 by 2026-09-17T18:17 (p=0.60) [394c43522a43]  observed |168.28| = 168.28
    Γ£ù QQQUSDT abs_move_above_bps 31.84 by 2026-09-18T18:10 (p=0.60) [933c2db4e3a6]  observed |14.50| = 14.50

written to argus\data\register_scoreboard.json
register_exit=0
CYCLE CHECK ΓÇö cycle_2026-10-04_2300.log

  PASS     exit_code
           process exited 0
  FAIL     symbols_decided
           10 of 12 symbols produced a decision
  FAIL     ran_to_completion
           stopped after 10 of 12 symbol(s): 19699 token(s) left of 330000, below the 25000 a symbol costs. The symbols not reached were not decided, and no decision was recorded for them.
  PASS     token_budget
           310,301 of 330,000 spent (94%)
  PASS     cumulative_tokens
           25,339,161 token(s) across 86 recorded cycle(s), 294,641 per cycle ΓÇö roughly 1,178,566/day at four cycles. The key's remaining balance is not observable from here; this is the burn rate, not a runway
  FAIL     budget_not_exhausted
           the budget ended the cycle before the guard had to ΓÇö stopped after 10 of 12 symbol(s): 19699 token(s) left of 330000, below the 25000 a symbol costs. The symbols not reached were not decided, and no decision was recorded for them.
  PASS     chain_intact
           the hash chain verified after the write
  PASS     leans_recorded
           10 of 10 row(s) carry a lean and a lean_confidence
  PASS     leans_gradeable
           9 of 10 decision(s) state a direction (9 up, 0 down, 1 none)
  PASS     verdicts_parsed
           every verdict parsed
  PASS     session
           session phase(s) seen: weekend  (anchor market shut)

  8/11 checks passed. FAILED ΓÇö symbols_decided: 10 of 12 symbols produced a decision; ran_to_completion: stopped after 10 of 12 symbol(s): 19699 token(s) left of 330000, below the 25000 a symbol costs. The symbols not reached were not decided, and no decision was recorded for them.; budget_not_exhausted: the budget ended the cycle before the guard had to ΓÇö stopped after 10 of 12 symbol(s): 19699 token(s) left of 330000, below the 25000 a symbol costs. The symbols not reached were not decided, and no decision was recorded for them.. The cycle ran with the anchor market shut, so it says nothing about whether this desk trades

written to argus\data\cycle_check.json
check_exit=1
REFUSAL ALPHA ù 834 mark(s)

  horizon              marks  directional  correct  coverage  accuracy  forgone
  about_2h               622          619      339   99.5%   54.8%    -9.4
  4h_to_12h                1            1        0  100.0%    0.0%   -51.7
  overnight_12h_plus     211          206       97   97.6%   47.1%   -16.8

  At the `about_2h` horizon: 339 of 619 directional calls went the right way. 95% interval (bootstrap over 57 decision cycles) 49.8% to 59.6%. It includes 0.5, so this sample does not show the lean beating a coin flip. But calling `up` every time was right 53.0% of the time, and cycle by cycle the lean beat that naive call 23 times and lost 24 (10 tied) ù so there is no evidence yet that the lean knows more than the direction of the tape. Median net edge forgone by standing aside: -9.4bps after a 12.0bps round trip ù refusing saved money on the typical decision.

written to argus\data\refusal_alpha.json

REASON AGAINST RECORD ù 1075 refusal(s) on record; 541 carried at least one reason the record can check. Of 1106 decision-time reason(s) graded, 1106 agreed with the record and 0 contradicted it. `move_too_small` claims were borne out by the next ~2h move 0 of 3 time(s) (0%), against 34% for every ~2h refusal mark (one-sided exact binomial p = 1.00); no evidence the stated reason says more than the base rate does. `moves_enough` claims were borne out by the next ~2h move 84 of 124 time(s) (68%), against 66% for every ~2h refusal mark (one-sided exact binomial p = 0.42); no evidence the stated reason says more than the base rate does.
written to argus\data\refusal_reasons.json
refusal_exit=0
15 panel(s); 3 figure(s) not yet measurable
  unavailable: Sharpe ╖ drawdown ╖ win rate ╖ Sharpe
  unavailable: Sharpe ╖ drawdown ╖ win rate ╖ max drawdown
  unavailable: Search bake-off ╖ stable winner
written to argus\cockpit.html
cockpit_exit=0
recorded 5 probe(s) at 2026-10-04 18:14 UTC: 4 answered
status_record_exit=0
publish_skipped: cycle check exit 1
