=== ARGUS paper cycle 2026-09-29_1900 ===
disk_free_gb=14.3
sampling MSTRUSDT for 90s (rth)...

MARKOUT ΓÇö MSTRUSDT, 90s of rth, 53 book sample(s), 0 print(s), 0% flagged RPI

   horizon  prints    median      mean     worst
        5s       0    +0.000    +0.000    +0.000
       15s       0    +0.000    +0.000    +0.000
       30s       0    +0.000    +0.000    +0.000
       60s       0    +0.000    +0.000    +0.000

  0 joined print(s) at the 5s horizon over 90s of MSTRUSDT (rth) ΓÇö below the 20 this module will draw a conclusion from. The sample says the book was quiet, not that resting here is safe

written to argus\data\markout.json
markout_exit=0
EXECUTABLE COST ΓÇö bps. 'quoted' is the full bid-ask spread; the size columns are
slippage against mid, taking the ask (a size inside the touch reads half 'quoted').

symbol         quoted      $1000      $5000     $25000    $100000
-----------------------------------------------------------------
NVDAUSDT         0.86       0.84       2.07       4.50       9.24
TSLAUSDT         2.53       2.06       2.95       4.57          ΓÇö
AAPLUSDT         0.30       2.30       5.70      14.38          ΓÇö
MSFTUSDT         2.16       2.51       2.63       7.12      19.61
METAUSDT         4.14       2.67       7.61          ΓÇö          ΓÇö
GOOGLUSDT        3.22       3.23       4.48       8.66      17.88
AMZNUSDT         1.62       2.09       2.77       6.31          ΓÇö
COINUSDT         5.65       4.35      19.88      34.96          ΓÇö
MSTRUSDT         0.63       0.31       2.72       6.81      16.33
QQQUSDT          0.14       0.07       0.35       1.45       1.89
TQQQUSDT         1.28       1.35       3.73      12.33      30.10
SQQQUSDT         8.69       4.34       6.27      12.84      22.44

12 book(s) written to argus\data\depth.json
depth_exit=0
recorded 12 snapshot(s) to argus\data\book_tape.jsonl

  828 snapshots over 362.614h: a near-touch level holds a median 2.94 contracts. **Change is reported per horizon, not pooled** ΓÇö a level moves a very different share of itself over 30 seconds than over an hour, and one median over both is a number about the sampling schedule rather than about the book. The shortest horizon with at least 100 observations is `under_30s`, where a level moves a median 24.0% of itself ΓÇö that is the figure the simulator should take, being nearest the per-event timescale it models. The attribution rule ΓÇö which side of a resting order a decrease came from ΓÇö is not in this data and cannot be, so it stays a swept assumption rather than a measurement.

written to argus\data\book_calibration.json
bookcalib_exit=0
  NVDAUSDT: extended=14.1 holiday=10.9 overnight=11.1 rth=31.5 weekend=4.5 | reopen=51.6 (1.6x rth, n=61)
      throttle now x1 ΓÇö the next 24 bar(s) are expected to move 21.8bps per bar against a 31.5bps regular-hours bar; no reduction, and this layer may not size up
  TSLAUSDT: extended=14.5 holiday=8.1 overnight=11.6 rth=35.3 weekend=5.8 | reopen=77.7 (2.2x rth, n=61)
      throttle now x1 ΓÇö the next 24 bar(s) are expected to move 26.2bps per bar against a 35.3bps regular-hours bar; no reduction, and this layer may not size up
  AAPLUSDT: extended=9.4 holiday=11.0 overnight=7.1 rth=22.8 weekend=5.0 | reopen=43.5 (1.9x rth, n=61)
      throttle now x1 ΓÇö the next 24 bar(s) are expected to move 16.1bps per bar against a 22.8bps regular-hours bar; no reduction, and this layer may not size up
  MSFTUSDT: extended=12.5 holiday=10.7 overnight=8.7 rth=25.6 weekend=5.0 | reopen=39.6 (1.5x rth, n=61)
      throttle now x1 ΓÇö the next 24 bar(s) are expected to move 17.7bps per bar against a 25.6bps regular-hours bar; no reduction, and this layer may not size up
  METAUSDT: extended=16.3 holiday=7.1 overnight=9.7 rth=36.7 weekend=6.3 | reopen=67.5 (1.8x rth, n=61)
      throttle now x1 ΓÇö the next 24 bar(s) are expected to move 25.7bps per bar against a 36.7bps regular-hours bar; no reduction, and this layer may not size up
  GOOGLUSDT: extended=13.4 holiday=7.1 overnight=8.3 rth=23.8 weekend=5.6 | reopen=45.0 (1.9x rth, n=61)
      throttle now x1 ΓÇö the next 24 bar(s) are expected to move 17.8bps per bar against a 23.8bps regular-hours bar; no reduction, and this layer may not size up
  AMZNUSDT: extended=12.3 holiday=6.6 overnight=7.0 rth=23.1 weekend=4.8 | reopen=36.5 (1.6x rth, n=61)
      throttle now x1 ΓÇö the next 24 bar(s) are expected to move 16.2bps per bar against a 23.1bps regular-hours bar; no reduction, and this layer may not size up
  COINUSDT: extended=27.7 holiday=22.5 overnight=19.4 rth=61.6 weekend=13.4 | reopen=95.1 (1.5x rth, n=61)
      throttle now x1 ΓÇö the next 24 bar(s) are expected to move 41.7bps per bar against a 61.6bps regular-hours bar; no reduction, and this layer may not size up
  MSTRUSDT: extended=36.6 holiday=42.1 overnight=29.1 rth=61.8 weekend=17.7 | reopen=102.9 (1.7x rth, n=61)
      throttle now x1 ΓÇö the next 24 bar(s) are expected to move 46.7bps per bar against a 61.8bps regular-hours bar; no reduction, and this layer may not size up
  QQQUSDT: extended=9.0 holiday=6.1 overnight=9.2 rth=14.6 weekend=3.5 | reopen=27.3 (1.9x rth, n=61)
      throttle now x1 ΓÇö the next 24 bar(s) are expected to move 11.9bps per bar against a 14.6bps regular-hours bar; no reduction, and this layer may not size up
  TQQQUSDT: extended=25.8 holiday=13.8 overnight=27.7 rth=44.7 weekend=9.0 | reopen=83.9 (1.9x rth, n=61)
      throttle now x1 ΓÇö the next 24 bar(s) are expected to move 36.0bps per bar against a 44.7bps regular-hours bar; no reduction, and this layer may not size up
  SQQQUSDT: extended=25.7 holiday=19.6 overnight=29.2 rth=43.9 weekend=8.1 | reopen=84.3 (1.9x rth, n=61)
      throttle now x1 ΓÇö the next 24 bar(s) are expected to move 36.2bps per bar against a 43.9bps regular-hours bar; no reduction, and this layer may not size up

12 profile(s) written to argus\data\session_risk.json
session_risk_exit=0
symbol        RTH bps/h  wknd bps/h  attenuation  anchor
NVDAUSDT          32.88        4.32         7.61  OK
TSLAUSDT          35.13        5.67         6.19  OK
AAPLUSDT          22.68        4.24         5.35  OK
MSFTUSDT          25.11        4.15         6.05  OK
METAUSDT          37.14        5.41         6.86  OK
GOOGLUSDT         24.91        5.14         4.84  OK
AMZNUSDT          23.90        4.04         5.91  OK
COINUSDT          62.75       11.91         5.27  OK
MSTRUSDT          61.41       17.38         3.53  OK
QQQUSDT           15.09        3.27         4.61  OK
TQQQUSDT          45.78        7.53         6.08  OK
SQQQUSDT          45.89        6.39         7.18  OK

  all 12 shipped instruments still attenuate past 2.5x when the anchor market shuts

written to argus\data\universe_validation.json
universe_exit=0
CPI dates: 13, FOMC decisions: 57 -> argus\data\event_calendar.json
  Wed 14 Oct 12:30 UTC  US CPI release
  Wed 28 Oct 18:00 UTC  FOMC rate decision
  Tue 10 Nov 13:30 UTC  US CPI release
calendar_exit=0
NVDAUSDT   CPI        11 events  +34.6bps, size x1.3
NVDAUSDT   FOMC        9 events  +41.1bps, size x1.52
NVDAUSDT   earnings    4 events  ù
TSLAUSDT   CPI        11 events  -52.2bps, size x1.21
TSLAUSDT   FOMC        8 events  +11.4bps, size x0.89
TSLAUSDT   earnings    8 events  -367.1bps, size x3.22
AAPLUSDT   CPI        11 events  +3.2bps, size x0.94
AAPLUSDT   FOMC        5 events  -0.6bps, size x1.08
AAPLUSDT   earnings    4 events  ù
MSFTUSDT   CPI        11 events  -46.4bps, size x1.04
MSFTUSDT   FOMC        4 events  ù
MSFTUSDT   earnings    4 events  ù
METAUSDT   CPI        11 events  -91.8bps, size x1.44
METAUSDT   FOMC        5 events  -16.4bps, size x1.09
METAUSDT   earnings    4 events  ù
GOOGLUSDT  CPI        11 events  -2.5bps, size x0.92
GOOGLUSDT  FOMC        7 events  -5.3bps, size x1.24
GOOGLUSDT  earnings    4 events  ù
AMZNUSDT   CPI        11 events  -40.5bps, size x1.19
AMZNUSDT   FOMC        6 events  +91.5bps, size x1.12
AMZNUSDT   earnings    4 events  ù
COINUSDT   CPI        10 events  +76.1bps, size x1.51
COINUSDT   FOMC        7 events  +120.3bps, size x2.48
COINUSDT   earnings    4 events  ù
MSTRUSDT   CPI        11 events  +72.5bps, size x1.62
MSTRUSDT   FOMC        7 events  -104.3bps, size x2.37
MSTRUSDT   earnings    5 events  +274.5bps, size x4.04
QQQUSDT    CPI        10 events  -16.9bps, size x0.81
QQQUSDT    FOMC        7 events  +71.4bps, size x1.68
TQQQUSDT   CPI         5 events  +6.5bps, size x0.3
TQQQUSDT   FOMC        4 events  ù
SQQQUSDT   CPI         5 events  +3.7bps, size x0.41
SQQQUSDT   FOMC        4 events  ù
written to argus\data\event_reactions.json
event_reactions_exit=0
502 macro readings written
macro_exit=0
  NVDAUSDT hedged with NVDA index (all): r=+0.986 [95% low +0.985], optimal ratio 0.976 removes 97.3% of variance, one-for-one removes 97.2%, n=1438
  NVDAUSDT hedged with NVDA index (extended): r=+0.999 [95% low +0.998], optimal ratio 0.989 removes 99.7% of variance, one-for-one removes 99.7%, n=408
  NVDAUSDT hedged with NVDA index (overnight): r=+0.993 [95% low +0.992], optimal ratio 0.981 removes 98.7% of variance, one-for-one removes 98.6%, n=327
  NVDAUSDT hedged with NVDA index (rth): r=+0.999 [95% low +0.999], optimal ratio 0.986 removes 99.8% of variance, one-for-one removes 99.8%, n=245
  NVDAUSDT hedged with NVDA index (weekend): r=+0.996 [95% low +0.995], optimal ratio 0.997 removes 99.2% of variance, one-for-one removes 99.2%, n=431
  TSLAUSDT hedged with TSLA index (all): r=+0.988 [95% low +0.987], optimal ratio 0.989 removes 97.7% of variance, one-for-one removes 97.7%, n=1438
  TSLAUSDT hedged with TSLA index (extended): r=+0.999 [95% low +0.998], optimal ratio 0.994 removes 99.7% of variance, one-for-one removes 99.7%, n=408
  TSLAUSDT hedged with TSLA index (overnight): r=+0.996 [95% low +0.995], optimal ratio 1.000 removes 99.3% of variance, one-for-one removes 99.3%, n=327
  TSLAUSDT hedged with TSLA index (rth): r=+0.999 [95% low +0.999], optimal ratio 0.996 removes 99.9% of variance, one-for-one removes 99.9%, n=245
  TSLAUSDT hedged with TSLA index (weekend): r=+0.988 [95% low +0.985], optimal ratio 0.996 removes 97.6% of variance, one-for-one removes 97.6%, n=431
  AAPLUSDT hedged with AAPL index (all): r=+0.986 [95% low +0.984], optimal ratio 0.978 removes 97.1% of variance, one-for-one removes 97.1%, n=1438
  AAPLUSDT hedged with AAPL index (extended): r=+0.996 [95% low +0.995], optimal ratio 0.984 removes 99.3% of variance, one-for-one removes 99.2%, n=408
  AAPLUSDT hedged with AAPL index (overnight): r=+0.994 [95% low +0.992], optimal ratio 1.001 removes 98.8% of variance, one-for-one removes 98.8%, n=327
  AAPLUSDT hedged with AAPL index (rth): r=+0.998 [95% low +0.998], optimal ratio 0.979 removes 99.6% of variance, one-for-one removes 99.6%, n=245
  AAPLUSDT hedged with AAPL index (weekend): r=+0.991 [95% low +0.989], optimal ratio 1.006 removes 98.3% of variance, one-for-one removes 98.3%, n=431
  MSFTUSDT hedged with MSFT index (all): r=+0.985 [95% low +0.983], optimal ratio 0.997 removes 96.9% of variance, one-for-one removes 96.9%, n=1438
  MSFTUSDT hedged with MSFT index (extended): r=+0.997 [95% low +0.996], optimal ratio 0.992 removes 99.4% of variance, one-for-one removes 99.3%, n=408
  MSFTUSDT hedged with MSFT index (overnight): r=+0.993 [95% low +0.991], optimal ratio 0.992 removes 98.6% of variance, one-for-one removes 98.6%, n=327
  MSFTUSDT hedged with MSFT index (rth): r=+0.997 [95% low +0.997], optimal ratio 1.001 removes 99.5% of variance, one-for-one removes 99.5%, n=245
  MSFTUSDT hedged with MSFT index (weekend): r=+0.995 [95% low +0.994], optimal ratio 1.007 removes 99.1% of variance, one-for-one removes 99.1%, n=431
  METAUSDT hedged with META index (all): r=+0.990 [95% low +0.989], optimal ratio 0.990 removes 98.0% of variance, one-for-one removes 98.0%, n=1438
  METAUSDT hedged with META index (extended): r=+0.998 [95% low +0.998], optimal ratio 0.987 removes 99.7% of variance, one-for-one removes 99.6%, n=408
  METAUSDT hedged with META index (overnight): r=+0.997 [95% low +0.996], optimal ratio 1.003 removes 99.4% of variance, one-for-one removes 99.4%, n=327
  METAUSDT hedged with META index (rth): r=+0.999 [95% low +0.999], optimal ratio 0.997 removes 99.8% of variance, one-for-one removes 99.8%, n=245
  METAUSDT hedged with META index (weekend): r=+0.996 [95% low +0.995], optimal ratio 1.004 removes 99.2% of variance, one-for-one removes 99.2%, n=431
  GOOGLUSDT hedged with GOOGL index (all): r=+0.980 [95% low +0.977], optimal ratio 0.984 removes 96.0% of variance, one-for-one removes 96.0%, n=1438
  GOOGLUSDT hedged with GOOGL index (extended): r=+0.997 [95% low +0.997], optimal ratio 0.995 removes 99.5% of variance, one-for-one removes 99.4%, n=408
  GOOGLUSDT hedged with GOOGL index (overnight): r=+0.995 [95% low +0.993], optimal ratio 1.008 removes 99.0% of variance, one-for-one removes 98.9%, n=327
  GOOGLUSDT hedged with GOOGL index (rth): r=+0.998 [95% low +0.998], optimal ratio 0.991 removes 99.7% of variance, one-for-one removes 99.7%, n=245
  GOOGLUSDT hedged with GOOGL index (weekend): r=+0.989 [95% low +0.986], optimal ratio 1.008 removes 97.7% of variance, one-for-one removes 97.7%, n=431
  AMZNUSDT hedged with AMZN index (all): r=+0.980 [95% low +0.978], optimal ratio 0.996 removes 96.0% of variance, one-for-one removes 96.0%, n=1438
  AMZNUSDT hedged with AMZN index (extended): r=+0.995 [95% low +0.994], optimal ratio 1.004 removes 99.1% of variance, one-for-one removes 99.1%, n=408
  AMZNUSDT hedged with AMZN index (overnight): r=+0.996 [95% low +0.995], optimal ratio 1.001 removes 99.1% of variance, one-for-one removes 99.1%, n=327
  AMZNUSDT hedged with AMZN index (rth): r=+0.997 [95% low +0.996], optimal ratio 0.998 removes 99.3% of variance, one-for-one removes 99.3%, n=245
  AMZNUSDT hedged with AMZN index (weekend): r=+0.989 [95% low +0.987], optimal ratio 1.001 removes 97.8% of variance, one-for-one removes 97.8%, n=431
  COINUSDT hedged with COIN index (all): r=+0.986 [95% low +0.985], optimal ratio 0.994 removes 97.2% of variance, one-for-one removes 97.2%, n=1438
  COINUSDT hedged with COIN index (extended): r=+0.998 [95% low +0.997], optimal ratio 0.994 removes 99.6% of variance, one-for-one removes 99.6%, n=408
  COINUSDT hedged with COIN index (overnight): r=+0.995 [95% low +0.994], optimal ratio 0.995 removes 99.0% of variance, one-for-one removes 99.0%, n=327
  COINUSDT hedged with COIN index (rth): r=+0.999 [95% low +0.999], optimal ratio 0.996 removes 99.9% of variance, one-for-one removes 99.9%, n=245
  COINUSDT hedged with COIN index (weekend): r=+0.997 [95% low +0.996], optimal ratio 0.998 removes 99.3% of variance, one-for-one removes 99.3%, n=431
  MSTRUSDT hedged with MSTR index (all): r=+0.982 [95% low +0.981], optimal ratio 0.992 removes 96.5% of variance, one-for-one removes 96.5%, n=1438
  MSTRUSDT hedged with MSTR index (extended): r=+0.999 [95% low +0.999], optimal ratio 0.994 removes 99.8% of variance, one-for-one removes 99.8%, n=408
  MSTRUSDT hedged with MSTR index (overnight): r=+0.993 [95% low +0.992], optimal ratio 0.990 removes 98.6% of variance, one-for-one removes 98.6%, n=327
  MSTRUSDT hedged with MSTR index (rth): r=+1.000 [95% low +1.000], optimal ratio 0.995 removes 99.9% of variance, one-for-one removes 99.9%, n=245
  MSTRUSDT hedged with MSTR index (weekend): r=+0.996 [95% low +0.995], optimal ratio 1.000 removes 99.2% of variance, one-for-one removes 99.2%, n=431
  QQQUSDT hedged with QQQ index (all): r=+0.964 [95% low +0.960], optimal ratio 0.980 removes 93.0% of variance, one-for-one removes 92.9%, n=1438
  QQQUSDT hedged with QQQ index (extended): r=+0.996 [95% low +0.995], optimal ratio 0.988 removes 99.2% of variance, one-for-one removes 99.2%, n=408
  QQQUSDT hedged with QQQ index (overnight): r=+0.988 [95% low +0.986], optimal ratio 1.003 removes 97.7% of variance, one-for-one removes 97.7%, n=327
  QQQUSDT hedged with QQQ index (rth): r=+0.998 [95% low +0.997], optimal ratio 0.995 removes 99.6% of variance, one-for-one removes 99.6%, n=245
  QQQUSDT hedged with QQQ index (weekend): r=+0.988 [95% low +0.986], optimal ratio 1.003 removes 97.7% of variance, one-for-one removes 97.7%, n=431
  TQQQUSDT hedged with TQQQ index (all): r=+0.971 [95% low +0.967], optimal ratio 0.988 removes 94.2% of variance, one-for-one removes 94.2%, n=1438
  TQQQUSDT hedged with TQQQ index (extended): r=+0.998 [95% low +0.998], optimal ratio 0.988 removes 99.6% of variance, one-for-one removes 99.6%, n=408
  TQQQUSDT hedged with TQQQ index (overnight): r=+0.986 [95% low +0.982], optimal ratio 1.002 removes 97.1% of variance, one-for-one removes 97.1%, n=327
  TQQQUSDT hedged with TQQQ index (rth): r=+0.998 [95% low +0.998], optimal ratio 0.992 removes 99.7% of variance, one-for-one removes 99.7%, n=245
  TQQQUSDT hedged with TQQQ index (weekend): r=+0.990 [95% low +0.987], optimal ratio 1.008 removes 97.9% of variance, one-for-one removes 97.9%, n=431
  SQQQUSDT hedged with SQQQ index (all): r=+0.965 [95% low +0.961], optimal ratio 0.989 removes 93.2% of variance, one-for-one removes 93.1%, n=1438
  SQQQUSDT hedged with SQQQ index (extended): r=+0.995 [95% low +0.994], optimal ratio 0.982 removes 99.1% of variance, one-for-one removes 99.1%, n=408
  SQQQUSDT hedged with SQQQ index (overnight): r=+0.985 [95% low +0.982], optimal ratio 1.002 removes 97.1% of variance, one-for-one removes 97.1%, n=327
  SQQQUSDT hedged with SQQQ index (rth): r=+0.996 [95% low +0.995], optimal ratio 1.003 removes 99.2% of variance, one-for-one removes 99.2%, n=245
  SQQQUSDT hedged with SQQQ index (weekend): r=+0.992 [95% low +0.990], optimal ratio 1.006 removes 98.4% of variance, one-for-one removes 98.4%, n=431

60 measurement(s) written to argus\data\hedge_effectiveness.json
effectiveness_exit=0
{
  "ran_at": "2026-09-29T13:46:52.170134+00:00",
  "risk_policy": "68ceeadb52fc4ce0721006d8016744de7bc4d135ae75eb0aaca20e68f6460712",
  "decisions_written": [
    {
      "seq": 837,
      "symbol": "NVDAUSDT",
      "verdict": "no_trade",
      "quantity": "0",
      "confidence": 0.58,
      "attests_llm_decided": true,
      "notes_written": 28,
      "protocol": {
        "digest": "sha256:d403d741144df7513e4dbb69fd254b6b95f6a7aba3b7aeba26fd959fc26dbfb8",
        "version": 3,
        "reduced_this_decision": false
      },
      "flags": [
        "[conflict:magnitude] event (bullish) vs sentiment (bullish), gap 51.00 \u2014 neither dominates: equally confident on equally many sources; the disagreement stands unresolved",
        "[conflict:magnitude] event (bullish) vs earnings (bullish), gap 45.00 \u2014 earnings dominates: confidence 0.72 against 0.52",
        "[conflict] 1 disagreement(s) unresolved on the evidence; the decision is taken in spite of them, not because they were settled"
      ],
      "fill": "confirmed_unfilled",
      "fill_alarm": false
    },
    {
      "seq": 838,
      "symbol": "TSLAUSDT",
      "verdict": "no_trade",
      "quantity": "0",
      "confidence": 0.45,
      "attests_llm_decided": true,
      "notes_written": 25,
      "protocol": {
        "digest": "sha256:d403d741144df7513e4dbb69fd254b6b95f6a7aba3b7aeba26fd959fc26dbfb8",
        "version": 3,
        "reduced_this_decision": false
      },
      "flags": [],
      "fill": "confirmed_unfilled",
      "fill_alarm": false
    },
    {
      "seq": 839,
      "symbol": "AAPLUSDT",
      "verdict": "no_trade",
      "quantity": "0",
      "confidence": 0.48,
      "attests_llm_decided": true,
      "notes_written": 24,
      "protocol": {
        "digest": "sha256:d403d741144df7513e4dbb69fd254b6b95f6a7aba3b7aeba26fd959fc26dbfb8",
        "version": 3,
        "reduced_this_decision": false
      },
      "flags": [
        "[conflict:direction] sentiment (bearish) vs earnings (bullish), gap 6.00 \u2014 earnings dominates: confidence 0.62 against 0.45"
      ],
      "fill": "confirmed_unfilled",
      "fill_alarm": false
    },
    {
      "seq": 840,
      "symbol": "MSFTUSDT",
      "verdict": "no_trade",
      "quantity": "0",
      "confidence": 0.55,
      "attests_llm_decided": true,
      "notes_written": 27,
      "protocol": {
        "digest": "sha256:d403d741144df7513e4dbb69fd254b6b95f6a7aba3b7aeba26fd959fc26dbfb8",
        "version": 3,
        "reduced_this_decision": false
      },
      "flags": [
        "[conflict:direction] sentiment (bearish) vs earnings (bullish), gap 0.00 \u2014 earnings dominates: confidence 0.62 against 0.35"
      ],
      "fill": "confirmed_unfilled",
      "fill_alarm": false
    },
    {
      "seq": 841,
      "symbol": "METAUSDT",
      "verdict": "no_trade",
      "quantity": "0",
      "confidence": 0.58,
      "attests_llm_decided": true,
      "notes_written": 25,
      "protocol": {
        "digest": "sha256:d403d741144df7513e4dbb69fd254b6b95f6a7aba3b7aeba26fd959fc26dbfb8",
        "version": 3,
        "reduced_this_decision": false
      },
      "flags": [
        "[conflict:direction] sentiment (bullish) vs earnings (bearish), gap 10.00 \u2014 earnings dominates: confidence 0.72 against 0.45"
      ],
      "fill": "confirmed_unfilled",
      "fill_alarm": false
    },
    {
      "seq": 842,
      "symbol": "GOOGLUSDT",
      "verdict": "no_trade",
      "quantity": "0",
      "confidence": 0.45,
      "attests_llm_decided": true,
      "notes_written": 24,
      "protocol": {
        "digest": "sha256:d403d741144df7513e4dbb69fd254b6b95f6a7aba3b7aeba26fd959fc26dbfb8",
        "version": 3,
        "reduced_this_decision": false
      },
      "flags": [
        "[conflict:direction] sentiment (bearish) vs earnings (bullish), gap 41.00 \u2014 earnings dominates: confidence 0.72 against 0.35"
      ],
      "fill": "confirmed_unfilled",
      "fill_alarm": false
    },
    {
      "seq": 843,
      "symbol": "AMZNUSDT",
      "verdict": "no_trade",
      "quantity": "0",
      "confidence": 0.55,
      "attests_llm_decided": true,
      "notes_written": 25,
      "protocol": {
        "digest": "sha256:d403d741144df7513e4dbb69fd254b6b95f6a7aba3b7aeba26fd959fc26dbfb8",
        "version": 3,
        "reduced_this_decision": false
      },
      "flags": [
        "[conflict:direction] sentiment (bearish) vs earnings (bullish), gap 27.00 \u2014 earnings dominates: confidence 0.82 against 0.45"
      ],
      "fill": "confirmed_unfilled",
      "fill_alarm": false
    },
    {
      "seq": 844,
      "symbol": "COINUSDT",
      "verdict": "no_trade",
      "quantity": "0",
      "confidence": 0.52,
      "attests_llm_decided": true,
      "notes_written": 26,
      "protocol": {
        "digest": "sha256:d403d741144df7513e4dbb69fd254b6b95f6a7aba3b7aeba26fd959fc26dbfb8",
        "version": 3,
        "reduced_this_decision": false
      },
      "flags": [
        "[conflict:direction] sentiment (bullish) vs earnings (bearish), gap 41.00 \u2014 earnings dominates: confidence 0.78 against 0.35"
      ],
      "fill": "confirmed_unfilled",
      "fill_alarm": false
    },
    {
      "seq": 845,
      "symbol": "MSTRUSDT",
      "verdict": "no_trade",
      "quantity": "0",
      "confidence": 0.58,
      "attests_llm_decided": true,
      "notes_written": 24,
      "protocol": {
        "digest": "sha256:d403d741144df7513e4dbb69fd254b6b95f6a7aba3b7aeba26fd959fc26dbfb8",
        "version": 3,
        "reduced_this_decision": false
      },
      "flags": [
        "[conflict:magnitude] event (bearish) vs sentiment (bearish), gap 49.00 \u2014 event dominates: confidence 0.62 against 0.35",
        "[conflict:magnitude] sentiment (bearish) vs earnings (bearish), gap 41.00 \u2014 earnings dominates: confidence 0.62 against 0.35"
      ],
      "fill": "confirmed_unfilled",
      "fill_alarm": false
    },
    {
      "seq": 846,
      "symbol": "QQQUSDT",
      "verdict": "no_trade",
      "quantity": "0",
      "confidence": 0.45,
      "attests_llm_decided": true,
      "notes_written": 30,
      "protocol": {
        "digest": "sha256:d403d741144df7513e4dbb69fd254b6b95f6a7aba3b7aeba26fd959fc26dbfb8",
        "version": 3,
        "reduced_this_decision": false
      },
      "flags": [
        "[grounding] 1 of 8 figure(s) do not resolve to anything the desk was given: -13bps",
        "[grounding] an unattributable number in a thesis is the easiest place for an unsupported fact to enter the record"
      ],
      "fill": "confirmed_unfilled",
      "fill_alarm": false
    },
    {
      "seq": 847,
      "symbol": "TQQQUSDT",
      "verdict": "no_trade",
      "quantity": "0",
      "confidence": 0.62,
      "attests_llm_decided": true,
      "notes_written": 27,
      "protocol": {
        "digest": "sha256:d403d741144df7513e4dbb69fd254b6b95f6a7aba3b7aeba26fd959fc26dbfb8",
        "version": 3,
        "reduced_this_decision": false
      },
      "flags": [
        "[grounding] 1 of 7 figure(s) do not resolve to anything the desk was given: 0.07",
        "[grounding] an unattributable number in a thesis is the easiest place for an unsupported fact to enter the record"
      ],
      "fill": "confirmed_unfilled",
      "fill_alarm": false
    }
  ],
  "settled_this_cycle": [],
  "postmortem": null,
  "marked_this_cycle": [
    {
      "seq": 827,
      "symbol": "NVDAUSDT",
      "horizon_hours": 18.1119,
      "move_bps": "69.9668",
      "lean": "up"
    },
    {
      "seq": 828,
      "symbol": "TSLAUSDT",
      "horizon_hours": 18.1119,
      "move_bps": "-154.0050",
      "lean": "down"
    },
    {
      "seq": 829,
      "symbol": "AAPLUSDT",
      "horizon_hours": 18.1119,
      "move_bps": "-134.7239",
      "lean": "down"
    },
    {
      "seq": 830,
      "symbol": "MSFTUSDT",
      "horizon_hours": 18.1119,
      "move_bps": "-113.8818",
      "lean": "up"
    },
    {
      "seq": 831,
      "symbol": "METAUSDT",
      "horizon_hours": 18.1119,
      "move_bps": "81.8588",
      "lean": "down"
    },
    {
      "seq": 832,
      "symbol": "GOOGLUSDT",
      "horizon_hours": 18.1119,
      "move_bps": "-28.9152",
      "lean": "up"
    },
    {
      "seq": 833,
      "symbol": "AMZNUSDT",
      "horizon_hours": 18.1119,
      "move_bps": "-5.2740",
      "lean": "up"
    },
    {
      "seq": 834,
      "symbol": "COINUSDT",
      "horizon_hours": 18.1119,
      "move_bps": "10.8978",
      "lean": "down"
    },
    {
      "seq": 835,
      "symbol": "MSTRUSDT",
      "horizon_hours": 18.1119,
      "move_bps": "27.3502",
      "lean": "down"
    },
    {
      "seq": 836,
      "symbol": "QQQUSDT",
      "horizon_hours": 18.1119,
      "move_bps": "13.2991",
      "lean": "down"
    }
  ],
  "tokens_spent": 314352,
  "unreported_calls": 0,
  "token_budget": 330000,
  "stopped_early": "stopped after 11 of 12 symbol(s): 15648 token(s) left of 330000, below the 25000 a symbol costs. The symbols not reached were not decided, and no decision was recorded for them.",
  "chain": {
    "entries": 847,
    "chain_intact": true,
    "links_intact": true,
    "first_break_at": null,
    "truncated": false,
    "anchor": "anchor agrees with the log",
    "head_hash": "73fee1b685f7ff9b",
    "tampered_settlements": [],
    "unsealed_settlements": []
  },
  "protocol": "argus-paper-v1 v3 (sha256:d403d741144df7513e4dbb69fd254b6b95f6a7aba3b7aeba26fd959fc26dbfb8)",
  "resumed": [],
  "fill_alarms": []
}
exit=0

cycle 66: 5 claim(s) on AMZNUSDT, head 79f22ee7cbc2b360
    resolves 2026-09-30T14:20
    resolves 2026-10-02T14:20
    resolves 2026-10-06T14:20
    resolves 2026-10-13T14:20
    resolves 2026-10-29T14:20

  167 claim(s) resolve inside the window and 247 are still open when it starts
cadence_exit=0
3 claim(s) resolved this run
  Γ£ô SQQQUSDT abs_move_above_bps 424.75 by 2026-09-28T20:16 (p=0.60) [b30f4da756a3]  observed |-1200.81| = 1200.81
  Γ£ù GOOGLUSDT abs_move_above_bps 81.78 by 2026-09-28T20:27 (p=0.60) [e24bd94404e8]  observed |-48.47| = 48.47
  Γ£ô TSLAUSDT abs_move_above_bps 41.56 by 2026-09-28T20:14 (p=0.60) [c0f8dad06e83]  observed |-425.82| = 425.82

REGISTER ΓÇö 336 claim(s), 173 resolved, 161 pending, 2 unresolvable
  argus                 173 resolved  Brier 0.2200  hit rate 70%

  THE WALL ΓÇö 52 claim(s) we got wrong, most confident first:
    Γ£ù NVDAUSDT abs_move_above_bps 45.46 by 2026-09-15T09:21 (p=0.60) [381cbc033f4b]  observed |12.25| = 12.25
    Γ£ù TSLAUSDT abs_move_above_bps 50.23 by 2026-09-15T09:21 (p=0.60) [c387181dd2e6]  observed |-5.58| = 5.58
    Γ£ù AAPLUSDT abs_move_above_bps 37.55 by 2026-09-15T09:21 (p=0.60) [2588c7bcd941]  observed |-12.37| = 12.37
    Γ£ù AMZNUSDT abs_move_above_bps 40.7 by 2026-09-15T09:21 (p=0.60) [d71b10a405eb]  observed |-32.76| = 32.76
    Γ£ù MSTRUSDT abs_move_above_bps 138.15 by 2026-09-15T09:21 (p=0.60) [919de6cb9750]  observed |-22.67| = 22.67
    Γ£ù TSLAUSDT abs_move_above_bps 50.28 by 2026-09-16T18:14 (p=0.60) [5eec2201b2a4]  observed |-13.14| = 13.14
    Γ£ù AAPLUSDT abs_move_above_bps 37.55 by 2026-09-16T20:11 (p=0.60) [4ae4dfa61cdf]  observed |33.15| = 33.15
    Γ£ù METAUSDT abs_move_above_bps 66.48 by 2026-09-17T16:11 (p=0.60) [fe99a2216199]  observed |41.36| = 41.36
    Γ£ù TQQQUSDT abs_move_above_bps 182.37 by 2026-09-17T18:17 (p=0.60) [394c43522a43]  observed |168.28| = 168.28
    Γ£ù QQQUSDT abs_move_above_bps 31.84 by 2026-09-18T18:10 (p=0.60) [933c2db4e3a6]  observed |14.50| = 14.50

written to argus\data\register_scoreboard.json
register_exit=0
CYCLE CHECK ΓÇö cycle_2026-09-29_1900.log

  PASS     exit_code
           process exited 0
  FAIL     symbols_decided
           11 of 12 symbols produced a decision
  FAIL     ran_to_completion
           stopped after 11 of 12 symbol(s): 15648 token(s) left of 330000, below the 25000 a symbol costs. The symbols not reached were not decided, and no decision was recorded for them.
  PASS     token_budget
           314,352 of 330,000 spent (95%)
  PASS     cumulative_tokens
           18,479,417 token(s) across 64 recorded cycle(s), 288,741 per cycle ΓÇö roughly 1,154,964/day at four cycles. The key's remaining balance is not observable from here; this is the burn rate, not a runway
  FAIL     budget_not_exhausted
           the budget ended the cycle before the guard had to ΓÇö stopped after 11 of 12 symbol(s): 15648 token(s) left of 330000, below the 25000 a symbol costs. The symbols not reached were not decided, and no decision was recorded for them.
  PASS     chain_intact
           the hash chain verified after the write
  PASS     leans_recorded
           11 of 11 row(s) carry a lean and a lean_confidence
  PASS     leans_gradeable
           11 of 11 decision(s) state a direction (8 up, 3 down, 0 none)
  PASS     verdicts_parsed
           every verdict parsed
  PASS     session
           session phase(s) seen: rth  <-- price discovery

  8/11 checks passed. FAILED ΓÇö symbols_decided: 11 of 12 symbols produced a decision; ran_to_completion: stopped after 11 of 12 symbol(s): 15648 token(s) left of 330000, below the 25000 a symbol costs. The symbols not reached were not decided, and no decision was recorded for them.; budget_not_exhausted: the budget ended the cycle before the guard had to ΓÇö stopped after 11 of 12 symbol(s): 15648 token(s) left of 330000, below the 25000 a symbol costs. The symbols not reached were not decided, and no decision was recorded for them.. **FALSIFIER FIRED**: this cycle had price discovery and the desk still proposed no exposure on any symbol. eval/autopsy.py named exactly this as the observation that moves the cause of the abstentions from the sampling to the desk. Its conclusion is now refuted and must be rewritten, not defended

written to argus\data\cycle_check.json
check_exit=1
REFUSAL ALPHA ù 602 mark(s)

  horizon              marks  directional  correct  coverage  accuracy  forgone
  about_2h               445          443      257   99.6%   58.0%    -7.2
  4h_to_12h                1            1        0  100.0%    0.0%   -51.7
  overnight_12h_plus     156          152       71   97.4%   46.7%   -19.5

  At the `about_2h` horizon: 257 of 443 directional calls went the right way. 95% interval (bootstrap over 40 decision cycles) 51.9% to 63.9%. It excludes a coin flip. But calling `up` every time was right 53.3% of the time, and cycle by cycle the lean beat that naive call 19 times and lost 14 (7 tied) ù so there is no evidence yet that the lean knows more than the direction of the tape. Median net edge forgone by standing aside: -7.2bps after a 12.0bps round trip ù refusing saved money on the typical decision.

written to argus\data\refusal_alpha.json

REASON AGAINST RECORD ù 844 refusal(s) on record; 428 carried at least one reason the record can check. Of 913 decision-time reason(s) graded, 913 agreed with the record and 0 contradicted it. `moves_enough` claims were borne out by the next ~2h move 54 of 77 time(s) (70%), against 69% for every ~2h refusal mark (one-sided exact binomial p = 0.47); no evidence the stated reason says more than the base rate does.
written to argus\data\refusal_reasons.json
refusal_exit=0
15 panel(s); 4 figure(s) not yet measurable
  unavailable: Sharpe ╖ drawdown ╖ win rate ╖ Sharpe
  unavailable: Sharpe ╖ drawdown ╖ win rate ╖ max drawdown
  unavailable: Sharpe ╖ drawdown ╖ win rate ╖ win rate
  unavailable: Search bake-off ╖ stable winner
written to argus\cockpit.html
cockpit_exit=0
recorded 5 probe(s) at 2026-09-29 14:20 UTC: 5 answered
status_record_exit=0
publish_skipped: cycle check exit 1
