=== ARGUS paper cycle 2026-09-16_2100 ===
sampling MSTRUSDT for 90s (rth)...

MARKOUT ΓÇö MSTRUSDT, 90s of rth, 68 book sample(s), 56 print(s), 2% flagged RPI

   horizon  prints    median      mean     worst
        5s      50    -0.396    +0.263    -7.144
       15s      45    -1.585    +0.098   -11.898
       30s      28   +12.295    +4.932   -17.462
       60s       0    +0.000    +0.000    +0.000

  Over 30s the passive side of 28 print(s) gained a median +12.30bps on MSTRUSDT (rth). No measurable adverse selection in this window ΓÇö which is a statement about 90 seconds, not about the instrument

written to argus\data\markout.json
markout_exit=0
EXECUTABLE COST ΓÇö slippage in bps against mid, taking the ask

symbol         quoted      $1000      $5000     $25000    $100000
-----------------------------------------------------------------
NVDAUSDT         0.46       0.38       0.72       1.43       4.26
TSLAUSDT         1.38       1.22       1.67       2.14       4.69
AAPLUSDT         0.30       1.27       1.96       3.48       6.70
MSFTUSDT         2.83       2.40       3.31       3.88       6.02
METAUSDT         2.81       2.66       2.73       4.88          ΓÇö
GOOGLUSDT        2.02       1.38       1.94       2.99       4.48
AMZNUSDT         2.02       2.37       2.89       3.79       6.28
COINUSDT         4.22       3.34       4.26       5.83      14.74
MSTRUSDT         0.79       1.91       3.64       5.54       7.50
QQQUSDT          0.14       0.42       0.86       1.20       2.26
TQQQUSDT         1.43       2.46       3.36       7.37      19.94
SQQQUSDT         5.05       4.74       4.99       9.00      22.08

12 book(s) written to argus\data\depth.json
depth_exit=0
recorded 12 snapshot(s) to argus\data\book_tape.jsonl

  228 snapshots over 52.614h: a near-touch level holds a median 2.78 contracts. **Change is reported per horizon, not pooled** ΓÇö a level moves a very different share of itself over 30 seconds than over an hour, and one median over both is a number about the sampling schedule rather than about the book. The shortest horizon with at least 100 observations is `under_30s`, where a level moves a median 24.0% of itself ΓÇö that is the figure the simulator should take, being nearest the per-event timescale it models. The attribution rule ΓÇö which side of a resting order a decrease came from ΓÇö is not in this data and cannot be, so it stays a swept assumption rather than a measurement.

written to argus\data\book_calibration.json
bookcalib_exit=0
  NVDAUSDT: extended=14.1 overnight=12.8 rth=31.4 weekend=5.2 | reopen=52.1 (1.7x rth, n=64)
      throttle now x1 ΓÇö the next 24 bar(s) are expected to move 22.1bps per bar against a 31.4bps regular-hours bar; no reduction, and this layer may not size up
  TSLAUSDT: extended=14.9 overnight=12.6 rth=37.3 weekend=6.4 | reopen=76.6 (2.1x rth, n=64)
      throttle now x1 ΓÇö the next 24 bar(s) are expected to move 27.0bps per bar against a 37.3bps regular-hours bar; no reduction, and this layer may not size up
  AAPLUSDT: extended=10.8 overnight=7.8 rth=23.7 weekend=5.3 | reopen=43.7 (1.8x rth, n=64)
      throttle now x1 ΓÇö the next 24 bar(s) are expected to move 16.8bps per bar against a 23.7bps regular-hours bar; no reduction, and this layer may not size up
  MSFTUSDT: extended=13.2 overnight=9.2 rth=26.2 weekend=5.9 | reopen=43.4 (1.7x rth, n=64)
      throttle now x1 ΓÇö the next 24 bar(s) are expected to move 18.6bps per bar against a 26.2bps regular-hours bar; no reduction, and this layer may not size up
  METAUSDT: extended=14.7 overnight=10.2 rth=33.3 weekend=6.4 | reopen=67.9 (2.0x rth, n=64)
      throttle now x1 ΓÇö the next 24 bar(s) are expected to move 24.2bps per bar against a 33.3bps regular-hours bar; no reduction, and this layer may not size up
  GOOGLUSDT: extended=13.6 overnight=9.3 rth=23.0 weekend=5.6 | reopen=49.1 (2.1x rth, n=64)
      throttle now x1 ΓÇö the next 24 bar(s) are expected to move 18.2bps per bar against a 23.0bps regular-hours bar; no reduction, and this layer may not size up
  AMZNUSDT: extended=12.6 overnight=7.8 rth=23.5 weekend=4.9 | reopen=40.7 (1.7x rth, n=64)
      throttle now x1 ΓÇö the next 24 bar(s) are expected to move 16.9bps per bar against a 23.5bps regular-hours bar; no reduction, and this layer may not size up
  COINUSDT: extended=28.8 overnight=19.4 rth=61.9 weekend=13.9 | reopen=95.4 (1.5x rth, n=64)
      throttle now x1 ΓÇö the next 24 bar(s) are expected to move 42.1bps per bar against a 61.9bps regular-hours bar; no reduction, and this layer may not size up
  MSTRUSDT: extended=38.8 overnight=30.8 rth=66.3 weekend=18.8 | reopen=102.2 (1.5x rth, n=64)
      throttle now x1 ΓÇö the next 24 bar(s) are expected to move 49.2bps per bar against a 66.3bps regular-hours bar; no reduction, and this layer may not size up
  QQQUSDT: extended=9.0 overnight=10.3 rth=15.0 weekend=4.0 | reopen=28.3 (1.9x rth, n=64)
      throttle now x1 ΓÇö the next 24 bar(s) are expected to move 12.5bps per bar against a 15.0bps regular-hours bar; no reduction, and this layer may not size up
  TQQQUSDT: extended=25.5 overnight=30.4 rth=45.9 weekend=8.5 | reopen=88.8 (1.9x rth, n=64)
      throttle now x1 ΓÇö the next 24 bar(s) are expected to move 37.5bps per bar against a 45.9bps regular-hours bar; no reduction, and this layer may not size up
  SQQQUSDT: extended=25.7 overnight=31.4 rth=47.6 weekend=8.1 | reopen=86.6 (1.8x rth, n=64)
      throttle now x1 ΓÇö the next 24 bar(s) are expected to move 38.1bps per bar against a 47.6bps regular-hours bar; no reduction, and this layer may not size up

12 profile(s) written to argus\data\session_risk.json
session_risk_exit=0
symbol        RTH bps/h  wknd bps/h  attenuation  anchor
NVDAUSDT          30.98        4.52         6.85  OK
TSLAUSDT          37.43        6.35         5.90  OK
AAPLUSDT          25.30        4.36         5.80  OK
MSFTUSDT          25.25        4.70         5.37  OK
METAUSDT          34.02        5.56         6.12  OK
GOOGLUSDT         24.12        5.41         4.46  OK
AMZNUSDT          24.20        3.80         6.36  OK
COINUSDT          63.83       12.34         5.17  OK
MSTRUSDT          67.52       17.86         3.78  OK
QQQUSDT           15.44        3.63         4.26  OK
TQQQUSDT          47.20        7.12         6.63  OK
SQQQUSDT          46.53        5.48         8.49  OK

  all 12 shipped instruments still attenuate past 2.5x when the anchor market shuts

written to argus\data\universe_validation.json
universe_exit=0
  NVDAUSDT hedged with NVDA index (all): r=+0.989 [95% low +0.988], optimal ratio 0.983 removes 97.9% of variance, one-for-one removes 97.9%, n=1438
  NVDAUSDT hedged with NVDA index (extended): r=+0.998 [95% low +0.998], optimal ratio 0.989 removes 99.6% of variance, one-for-one removes 99.6%, n=425
  NVDAUSDT hedged with NVDA index (overnight): r=+0.995 [95% low +0.994], optimal ratio 0.993 removes 99.0% of variance, one-for-one removes 99.0%, n=339
  NVDAUSDT hedged with NVDA index (rth): r=+0.999 [95% low +0.999], optimal ratio 0.987 removes 99.8% of variance, one-for-one removes 99.8%, n=252
  NVDAUSDT hedged with NVDA index (weekend): r=+0.997 [95% low +0.996], optimal ratio 0.996 removes 99.4% of variance, one-for-one removes 99.4%, n=419
  TSLAUSDT hedged with TSLA index (all): r=+0.991 [95% low +0.990], optimal ratio 0.994 removes 98.2% of variance, one-for-one removes 98.2%, n=1438
  TSLAUSDT hedged with TSLA index (extended): r=+0.999 [95% low +0.998], optimal ratio 0.997 removes 99.7% of variance, one-for-one removes 99.7%, n=425
  TSLAUSDT hedged with TSLA index (overnight): r=+0.997 [95% low +0.997], optimal ratio 1.002 removes 99.5% of variance, one-for-one removes 99.5%, n=339
  TSLAUSDT hedged with TSLA index (rth): r=+1.000 [95% low +1.000], optimal ratio 0.999 removes 99.9% of variance, one-for-one removes 99.9%, n=252
  TSLAUSDT hedged with TSLA index (weekend): r=+0.998 [95% low +0.997], optimal ratio 0.998 removes 99.6% of variance, one-for-one removes 99.6%, n=419
  AAPLUSDT hedged with AAPL index (all): r=+0.988 [95% low +0.987], optimal ratio 0.982 removes 97.6% of variance, one-for-one removes 97.6%, n=1438
  AAPLUSDT hedged with AAPL index (extended): r=+0.996 [95% low +0.995], optimal ratio 0.980 removes 99.2% of variance, one-for-one removes 99.2%, n=425
  AAPLUSDT hedged with AAPL index (overnight): r=+0.997 [95% low +0.996], optimal ratio 1.001 removes 99.3% of variance, one-for-one removes 99.3%, n=339
  AAPLUSDT hedged with AAPL index (rth): r=+0.999 [95% low +0.999], optimal ratio 0.988 removes 99.8% of variance, one-for-one removes 99.8%, n=252
  AAPLUSDT hedged with AAPL index (weekend): r=+0.996 [95% low +0.995], optimal ratio 1.000 removes 99.1% of variance, one-for-one removes 99.1%, n=419
  MSFTUSDT hedged with MSFT index (all): r=+0.991 [95% low +0.990], optimal ratio 0.988 removes 98.3% of variance, one-for-one removes 98.3%, n=1438
  MSFTUSDT hedged with MSFT index (extended): r=+0.998 [95% low +0.997], optimal ratio 0.995 removes 99.6% of variance, one-for-one removes 99.6%, n=425
  MSFTUSDT hedged with MSFT index (overnight): r=+0.997 [95% low +0.996], optimal ratio 0.997 removes 99.3% of variance, one-for-one removes 99.3%, n=339
  MSFTUSDT hedged with MSFT index (rth): r=+0.999 [95% low +0.999], optimal ratio 0.982 removes 99.8% of variance, one-for-one removes 99.8%, n=252
  MSFTUSDT hedged with MSFT index (weekend): r=+0.999 [95% low +0.999], optimal ratio 1.011 removes 99.8% of variance, one-for-one removes 99.8%, n=419
  METAUSDT hedged with META index (all): r=+0.994 [95% low +0.993], optimal ratio 0.991 removes 98.7% of variance, one-for-one removes 98.7%, n=1438
  METAUSDT hedged with META index (extended): r=+0.998 [95% low +0.998], optimal ratio 0.989 removes 99.6% of variance, one-for-one removes 99.6%, n=425
  METAUSDT hedged with META index (overnight): r=+0.998 [95% low +0.997], optimal ratio 1.004 removes 99.6% of variance, one-for-one removes 99.6%, n=339
  METAUSDT hedged with META index (rth): r=+0.999 [95% low +0.999], optimal ratio 0.999 removes 99.8% of variance, one-for-one removes 99.8%, n=252
  METAUSDT hedged with META index (weekend): r=+0.998 [95% low +0.998], optimal ratio 1.002 removes 99.6% of variance, one-for-one removes 99.6%, n=419
  GOOGLUSDT hedged with GOOGL index (all): r=+0.986 [95% low +0.985], optimal ratio 0.997 removes 97.2% of variance, one-for-one removes 97.2%, n=1438
  GOOGLUSDT hedged with GOOGL index (extended): r=+0.997 [95% low +0.996], optimal ratio 1.007 removes 99.3% of variance, one-for-one removes 99.3%, n=425
  GOOGLUSDT hedged with GOOGL index (overnight): r=+0.997 [95% low +0.996], optimal ratio 1.008 removes 99.4% of variance, one-for-one removes 99.4%, n=339
  GOOGLUSDT hedged with GOOGL index (rth): r=+0.999 [95% low +0.999], optimal ratio 0.987 removes 99.8% of variance, one-for-one removes 99.8%, n=252
  GOOGLUSDT hedged with GOOGL index (weekend): r=+0.997 [95% low +0.996], optimal ratio 1.001 removes 99.4% of variance, one-for-one removes 99.4%, n=419
  AMZNUSDT hedged with AMZN index (all): r=+0.989 [95% low +0.988], optimal ratio 0.997 removes 97.9% of variance, one-for-one removes 97.9%, n=1438
  AMZNUSDT hedged with AMZN index (extended): r=+0.997 [95% low +0.996], optimal ratio 1.002 removes 99.3% of variance, one-for-one removes 99.3%, n=425
  AMZNUSDT hedged with AMZN index (overnight): r=+0.998 [95% low +0.998], optimal ratio 1.003 removes 99.6% of variance, one-for-one removes 99.6%, n=339
  AMZNUSDT hedged with AMZN index (rth): r=+0.998 [95% low +0.998], optimal ratio 0.988 removes 99.7% of variance, one-for-one removes 99.7%, n=252
  AMZNUSDT hedged with AMZN index (weekend): r=+0.999 [95% low +0.998], optimal ratio 0.999 removes 99.7% of variance, one-for-one removes 99.7%, n=419
  COINUSDT hedged with COIN index (all): r=+0.992 [95% low +0.991], optimal ratio 0.995 removes 98.4% of variance, one-for-one removes 98.4%, n=1438
  COINUSDT hedged with COIN index (extended): r=+0.998 [95% low +0.997], optimal ratio 0.996 removes 99.6% of variance, one-for-one removes 99.6%, n=425
  COINUSDT hedged with COIN index (overnight): r=+0.997 [95% low +0.997], optimal ratio 0.992 removes 99.5% of variance, one-for-one removes 99.5%, n=339
  COINUSDT hedged with COIN index (rth): r=+0.999 [95% low +0.999], optimal ratio 0.996 removes 99.9% of variance, one-for-one removes 99.9%, n=252
  COINUSDT hedged with COIN index (weekend): r=+0.998 [95% low +0.998], optimal ratio 1.000 removes 99.6% of variance, one-for-one removes 99.6%, n=419
  MSTRUSDT hedged with MSTR index (all): r=+0.990 [95% low +0.989], optimal ratio 0.993 removes 98.0% of variance, one-for-one removes 98.0%, n=1438
  MSTRUSDT hedged with MSTR index (extended): r=+0.999 [95% low +0.999], optimal ratio 0.993 removes 99.8% of variance, one-for-one removes 99.8%, n=425
  MSTRUSDT hedged with MSTR index (overnight): r=+0.995 [95% low +0.994], optimal ratio 0.990 removes 99.0% of variance, one-for-one removes 99.0%, n=339
  MSTRUSDT hedged with MSTR index (rth): r=+1.000 [95% low +1.000], optimal ratio 0.997 removes 99.9% of variance, one-for-one removes 99.9%, n=252
  MSTRUSDT hedged with MSTR index (weekend): r=+0.998 [95% low +0.997], optimal ratio 0.999 removes 99.5% of variance, one-for-one removes 99.5%, n=419
  QQQUSDT hedged with QQQ index (all): r=+0.980 [95% low +0.978], optimal ratio 0.982 removes 96.0% of variance, one-for-one removes 96.0%, n=1438
  QQQUSDT hedged with QQQ index (extended): r=+0.996 [95% low +0.995], optimal ratio 0.985 removes 99.2% of variance, one-for-one removes 99.2%, n=425
  QQQUSDT hedged with QQQ index (overnight): r=+0.994 [95% low +0.993], optimal ratio 1.006 removes 98.8% of variance, one-for-one removes 98.8%, n=339
  QQQUSDT hedged with QQQ index (rth): r=+0.998 [95% low +0.997], optimal ratio 0.990 removes 99.6% of variance, one-for-one removes 99.6%, n=252
  QQQUSDT hedged with QQQ index (weekend): r=+0.989 [95% low +0.986], optimal ratio 0.998 removes 97.7% of variance, one-for-one removes 97.7%, n=419
  TQQQUSDT hedged with TQQQ index (all): r=+0.985 [95% low +0.983], optimal ratio 0.991 removes 97.0% of variance, one-for-one removes 97.0%, n=1438
  TQQQUSDT hedged with TQQQ index (extended): r=+0.998 [95% low +0.997], optimal ratio 0.987 removes 99.6% of variance, one-for-one removes 99.5%, n=425
  TQQQUSDT hedged with TQQQ index (overnight): r=+0.992 [95% low +0.990], optimal ratio 1.006 removes 98.5% of variance, one-for-one removes 98.5%, n=339
  TQQQUSDT hedged with TQQQ index (rth): r=+0.999 [95% low +0.998], optimal ratio 0.992 removes 99.7% of variance, one-for-one removes 99.7%, n=252
  TQQQUSDT hedged with TQQQ index (weekend): r=+0.992 [95% low +0.990], optimal ratio 1.003 removes 98.4% of variance, one-for-one removes 98.4%, n=419
  SQQQUSDT hedged with SQQQ index (all): r=+0.975 [95% low +0.972], optimal ratio 0.989 removes 95.1% of variance, one-for-one removes 95.0%, n=1438
  SQQQUSDT hedged with SQQQ index (extended): r=+0.996 [95% low +0.995], optimal ratio 0.986 removes 99.2% of variance, one-for-one removes 99.2%, n=425
  SQQQUSDT hedged with SQQQ index (overnight): r=+0.988 [95% low +0.985], optimal ratio 1.012 removes 97.7% of variance, one-for-one removes 97.6%, n=339
  SQQQUSDT hedged with SQQQ index (rth): r=+0.996 [95% low +0.995], optimal ratio 0.996 removes 99.2% of variance, one-for-one removes 99.2%, n=252
  SQQQUSDT hedged with SQQQ index (weekend): r=+0.990 [95% low +0.988], optimal ratio 0.997 removes 98.0% of variance, one-for-one removes 98.0%, n=419

60 measurement(s) written to argus\data\hedge_effectiveness.json
effectiveness_exit=0
{
  "ran_at": "2026-09-16T15:41:01.168110+00:00",
  "decisions_written": [
    {
      "seq": 279,
      "symbol": "NVDAUSDT",
      "verdict": "no_trade",
      "quantity": "0",
      "confidence": 0.62,
      "attests_llm_decided": true,
      "notes_written": 17,
      "protocol": {
        "digest": "sha256:d403d741144df7513e4dbb69fd254b6b95f6a7aba3b7aeba26fd959fc26dbfb8",
        "version": 3,
        "reduced_this_decision": false
      },
      "flags": [
        "[conflict:direction] sentiment (bearish) vs earnings (bullish), gap 14.00 \u2014 earnings dominates: confidence 0.72 against 0.45"
      ]
    },
    {
      "seq": 280,
      "symbol": "TSLAUSDT",
      "verdict": "no_trade",
      "quantity": "0",
      "confidence": 0.55,
      "attests_llm_decided": true,
      "notes_written": 17,
      "protocol": {
        "digest": "sha256:d403d741144df7513e4dbb69fd254b6b95f6a7aba3b7aeba26fd959fc26dbfb8",
        "version": 3,
        "reduced_this_decision": false
      },
      "flags": [
        "[conflict:direction] event (bearish) vs sentiment (bullish), gap 7.00 \u2014 event dominates: confidence 0.55 against 0.35",
        "[conflict:direction] sentiment (bullish) vs earnings (bearish), gap 10.00 \u2014 earnings dominates: confidence 0.62 against 0.35"
      ]
    },
    {
      "seq": 281,
      "symbol": "AAPLUSDT",
      "verdict": "no_trade",
      "quantity": "0",
      "confidence": 0.62,
      "attests_llm_decided": true,
      "notes_written": 17,
      "protocol": {
        "digest": "sha256:d403d741144df7513e4dbb69fd254b6b95f6a7aba3b7aeba26fd959fc26dbfb8",
        "version": 3,
        "reduced_this_decision": false
      },
      "flags": []
    },
    {
      "seq": 282,
      "symbol": "MSFTUSDT",
      "verdict": "no_trade",
      "quantity": "0",
      "confidence": 0.62,
      "attests_llm_decided": true,
      "notes_written": 17,
      "protocol": {
        "digest": "sha256:d403d741144df7513e4dbb69fd254b6b95f6a7aba3b7aeba26fd959fc26dbfb8",
        "version": 3,
        "reduced_this_decision": false
      },
      "flags": [
        "[conflict:direction] event (bullish) vs earnings (bearish), gap 10.00 \u2014 earnings dominates: 8 distinct sources against 4",
        "[grounding] 2 of 10 figure(s) do not resolve to anything the desk was given: 17.4%, 40bps",
        "[grounding] an unattributable number in a thesis is the easiest place for an unsupported fact to enter the record"
      ]
    },
    {
      "seq": 283,
      "symbol": "METAUSDT",
      "verdict": "no_trade",
      "quantity": "0",
      "confidence": 0.62,
      "attests_llm_decided": true,
      "notes_written": 17,
      "protocol": {
        "digest": "sha256:d403d741144df7513e4dbb69fd254b6b95f6a7aba3b7aeba26fd959fc26dbfb8",
        "version": 3,
        "reduced_this_decision": false
      },
      "flags": [
        "[conflict:direction] sentiment (bullish) vs earnings (bearish), gap 29.00 \u2014 earnings dominates: confidence 0.72 against 0.55"
      ]
    },
    {
      "seq": 284,
      "symbol": "GOOGLUSDT",
      "verdict": "no_trade",
      "quantity": "0",
      "confidence": 0.62,
      "attests_llm_decided": true,
      "notes_written": 18,
      "protocol": {
        "digest": "sha256:d403d741144df7513e4dbb69fd254b6b95f6a7aba3b7aeba26fd959fc26dbfb8",
        "version": 3,
        "reduced_this_decision": false
      },
      "flags": [
        "[grounding] 1 of 9 figure(s) do not resolve to anything the desk was given: 177.5bps",
        "[grounding] an unattributable number in a thesis is the easiest place for an unsupported fact to enter the record"
      ]
    },
    {
      "seq": 285,
      "symbol": "AMZNUSDT",
      "verdict": "no_trade",
      "quantity": "0",
      "confidence": 0.62,
      "attests_llm_decided": true,
      "notes_written": 18,
      "protocol": {
        "digest": "sha256:d403d741144df7513e4dbb69fd254b6b95f6a7aba3b7aeba26fd959fc26dbfb8",
        "version": 3,
        "reduced_this_decision": false
      },
      "flags": [
        "[conflict:conviction] event (neutral) vs cross_asset (neutral), gap 0.55 \u2014 event dominates: confidence 0.55 against 0.00",
        "[conflict:direction] sentiment (bearish) vs earnings (bullish), gap 27.00 \u2014 earnings dominates: confidence 0.72 against 0.55",
        "[grounding] 2 of 9 figure(s) do not resolve to anything the desk was given: 135bps, 80bps",
        "[grounding] an unattributable number in a thesis is the easiest place for an unsupported fact to enter the record"
      ]
    },
    {
      "seq": 286,
      "symbol": "COINUSDT",
      "verdict": "no_trade",
      "quantity": "0",
      "confidence": 0.68,
      "attests_llm_decided": true,
      "notes_written": 17,
      "protocol": {
        "digest": "sha256:d403d741144df7513e4dbb69fd254b6b95f6a7aba3b7aeba26fd959fc26dbfb8",
        "version": 3,
        "reduced_this_decision": false
      },
      "flags": [
        "[conflict:magnitude] sentiment (bearish) vs earnings (bearish), gap 70.00 \u2014 earnings dominates: confidence 0.72 against 0.55"
      ]
    },
    {
      "seq": 287,
      "symbol": "MSTRUSDT",
      "verdict": "no_trade",
      "quantity": "0",
      "confidence": 0.74,
      "attests_llm_decided": true,
      "notes_written": 18,
      "protocol": {
        "digest": "sha256:d403d741144df7513e4dbb69fd254b6b95f6a7aba3b7aeba26fd959fc26dbfb8",
        "version": 3,
        "reduced_this_decision": false
      },
      "flags": [
        "[conflict:magnitude] event (bearish) vs sentiment (bearish), gap 521.00 \u2014 event dominates: confidence 0.82 against 0.55",
        "[conflict:direction] event (bearish) vs earnings (bullish), gap 525.00 \u2014 event dominates: confidence 0.82 against 0.35",
        "[conflict:direction] sentiment (bearish) vs earnings (bullish), gap 4.00 \u2014 sentiment dominates: confidence 0.55 against 0.35"
      ]
    }
  ],
  "settled_this_cycle": [
    {
      "seq": 233,
      "symbol": "NVDAUSDT",
      "abstention": true,
      "counterfactual_move_bps": "178.7815"
    },
    {
      "seq": 234,
      "symbol": "TSLAUSDT",
      "abstention": true,
      "counterfactual_move_bps": "58.5039"
    },
    {
      "seq": 235,
      "symbol": "AAPLUSDT",
      "abstention": true,
      "counterfactual_move_bps": "106.4507"
    },
    {
      "seq": 236,
      "symbol": "MSFTUSDT",
      "abstention": true,
      "counterfactual_move_bps": "-108.6478"
    },
    {
      "seq": 237,
      "symbol": "METAUSDT",
      "abstention": true,
      "counterfactual_move_bps": "158.2876"
    },
    {
      "seq": 238,
      "symbol": "GOOGLUSDT",
      "abstention": true,
      "counterfactual_move_bps": "78.2318"
    },
    {
      "seq": 239,
      "symbol": "AMZNUSDT",
      "abstention": true,
      "counterfactual_move_bps": "-58.1442"
    },
    {
      "seq": 240,
      "symbol": "COINUSDT",
      "abstention": true,
      "counterfactual_move_bps": "-827.7195"
    },
    {
      "seq": 241,
      "symbol": "MSTRUSDT",
      "abstention": true,
      "counterfactual_move_bps": "-544.4062"
    },
    {
      "seq": 242,
      "symbol": "QQQUSDT",
      "abstention": true,
      "counterfactual_move_bps": "77.7367"
    },
    {
      "seq": 243,
      "symbol": "TQQQUSDT",
      "abstention": true,
      "counterfactual_move_bps": "216.9770"
    },
    {
      "seq": 244,
      "symbol": "SQQQUSDT",
      "abstention": true,
      "counterfactual_move_bps": "-209.9284"
    },
    {
      "causal_chains_graded": 3
    }
  ],
  "marked_this_cycle": [
    {
      "seq": 269,
      "symbol": "NVDAUSDT",
      "horizon_hours": 1.9993,
      "move_bps": "106.9794",
      "lean": "up"
    },
    {
      "seq": 270,
      "symbol": "TSLAUSDT",
      "horizon_hours": 1.9993,
      "move_bps": "123.0606",
      "lean": "down"
    },
    {
      "seq": 271,
      "symbol": "AAPLUSDT",
      "horizon_hours": 1.9993,
      "move_bps": "-66.1778",
      "lean": "up"
    },
    {
      "seq": 272,
      "symbol": "MSFTUSDT",
      "horizon_hours": 1.9993,
      "move_bps": "-38.0864",
      "lean": "up"
    },
    {
      "seq": 273,
      "symbol": "METAUSDT",
      "horizon_hours": 1.9993,
      "move_bps": "-40.5608",
      "lean": "up"
    },
    {
      "seq": 274,
      "symbol": "GOOGLUSDT",
      "horizon_hours": 1.9993,
      "move_bps": "43.1821",
      "lean": "up"
    },
    {
      "seq": 275,
      "symbol": "AMZNUSDT",
      "horizon_hours": 1.9993,
      "move_bps": "-3.2257",
      "lean": "down"
    },
    {
      "seq": 276,
      "symbol": "COINUSDT",
      "horizon_hours": 1.9993,
      "move_bps": "-293.3442",
      "lean": "down"
    },
    {
      "seq": 277,
      "symbol": "MSTRUSDT",
      "horizon_hours": 1.9993,
      "move_bps": "-205.5538",
      "lean": "down"
    },
    {
      "seq": 278,
      "symbol": "QQQUSDT",
      "horizon_hours": 1.9993,
      "move_bps": "34.4011",
      "lean": "up"
    }
  ],
  "tokens_spent": 324196,
  "unreported_calls": 0,
  "token_budget": 330000,
  "stopped_early": "stopped after 9 of 12 symbol(s): 5804 token(s) left of 330000, below the 25000 a symbol costs. The symbols not reached were not decided, and no decision was recorded for them.",
  "chain": {
    "entries": 287,
    "chain_intact": true,
    "links_intact": true,
    "first_break_at": null,
    "truncated": false,
    "anchor": "anchor agrees with the log",
    "head_hash": "42e50f9f11079b43"
  },
  "protocol": "argus-paper-v1 v3 (sha256:d403d741144df7513e4dbb69fd254b6b95f6a7aba3b7aeba26fd959fc26dbfb8)"
}
exit=0

cycle 16: 5 claim(s) on METAUSDT, head 3d6772d58ad30309
    resolves 2026-09-17T16:11
    resolves 2026-09-19T16:11
    resolves 2026-09-23T16:11
    resolves 2026-09-30T16:11
    resolves 2026-10-16T16:11
  anchored to 4 calendar(s)

  15 claim(s) resolve inside the window and 25 are still open when it starts
cadence_exit=0
0 claim(s) resolved this run

REGISTER ΓÇö 86 claim(s), 39 resolved, 45 pending, 2 unresolvable
  argus                  39 resolved  Brier 0.2364  hit rate 62%

  THE WALL ΓÇö 15 claim(s) we got wrong, most confident first:
    Γ£ù NVDAUSDT abs_move_above_bps 45.46 by 2026-09-15T09:21 (p=0.60) [381cbc033f4b]  observed 12.25316932937461708845845704
    Γ£ù TSLAUSDT abs_move_above_bps 50.23 by 2026-09-15T09:21 (p=0.60) [c387181dd2e6]  observed -5.577867023650156180276662204
    Γ£ù AAPLUSDT abs_move_above_bps 37.55 by 2026-09-15T09:21 (p=0.60) [2588c7bcd941]  observed -12.37324963785610816030902945
    Γ£ù AMZNUSDT abs_move_above_bps 40.7 by 2026-09-15T09:21 (p=0.60) [d71b10a405eb]  observed -32.76229572905976158522144154
    Γ£ù MSTRUSDT abs_move_above_bps 138.15 by 2026-09-15T09:21 (p=0.60) [919de6cb9750]  observed -22.67402312750359005366185474
    Γ£ù NVDAUSDT return_over_below_bps 0 by 2026-09-15T09:21 (p=0.50) [7ffe510f62d0]  observed 12.25316932937461708845845704
    Γ£ù TSLAUSDT return_over_above_bps 0 by 2026-09-15T09:21 (p=0.50) [f4a11ebb7290]  observed -5.577867023650156180276662204
    Γ£ù MSFTUSDT return_over_below_bps 0 by 2026-09-15T09:21 (p=0.50) [db69b6c5a007]  observed 161.4637213736586949025335199
    Γ£ù METAUSDT return_over_below_bps 0 by 2026-09-15T09:21 (p=0.50) [e66352461a3a]  observed 319.9837745916345538792767212
    Γ£ù GOOGLUSDT return_over_below_bps 0 by 2026-09-15T09:21 (p=0.50) [76f18288ce50]  observed 294.2226453263521151900993634

written to argus\data\register_scoreboard.json
register_exit=0
CYCLE CHECK ΓÇö cycle_2026-09-16_2100.log

  PASS     exit_code
           process exited 0
  FAIL     symbols_decided
           9 of 12 symbols produced a decision
  FAIL     ran_to_completion
           stopped after 9 of 12 symbol(s): 5804 token(s) left of 330000, below the 25000 a symbol costs. The symbols not reached were not decided, and no decision was recorded for them.
  PASS     token_budget
           324,196 of 330,000 spent (98%)
  PASS     cumulative_tokens
           3,690,046 token(s) across 14 recorded cycle(s), 263,575 per cycle ΓÇö roughly 1,054,299/day at four cycles. The key's remaining balance is not observable from here; this is the burn rate, not a runway
  PASS     budget_not_exhausted
           the guard did not fire
  PASS     chain_intact
           the hash chain verified after the write
  PASS     leans_recorded
           9 of 9 row(s) carry a lean and a lean_confidence
  PASS     leans_gradeable
           9 of 9 decision(s) state a direction (6 up, 3 down, 0 none)
  PASS     verdicts_parsed
           every verdict parsed
  PASS     session
           session phase(s) seen: rth  <-- price discovery

  9/11 checks passed. FAILED ΓÇö symbols_decided: 9 of 12 symbols produced a decision; ran_to_completion: stopped after 9 of 12 symbol(s): 5804 token(s) left of 330000, below the 25000 a symbol costs. The symbols not reached were not decided, and no decision was recorded for them.. **FALSIFIER FIRED**: this cycle had price discovery and the desk still proposed no exposure on any symbol. eval/autopsy.py named exactly this as the observation that moves the cause of the abstentions from the sampling to the desk. Its conclusion is now refuted and must be rewritten, not defended

written to argus\data\cycle_check.json
check_exit=1
