=== ARGUS paper cycle 2026-09-21_2300 ===
sampling MSTRUSDT for 90s (rth)...

MARKOUT ΓÇö MSTRUSDT, 90s of rth, 67 book sample(s), 94 print(s), 9% flagged RPI

   horizon  prints    median      mean     worst
        5s      87    +0.302    -0.239    -3.017
       15s      55    -0.905    +0.472    -3.922
       30s       0    +0.000    +0.000    +0.000
       60s       0    +0.000    +0.000    +0.000

  Resting on MSTRUSDT (rth) cost a median 0.91bps of adverse selection over 15s across 55 print(s), worst 3.92bps. That is inside the 2bps maker fee it would save, so the blanket refusal to credit maker treatment is now costing measurable edge and deserves a number rather than a rule

written to argus\data\markout.json
markout_exit=0
EXECUTABLE COST ΓÇö bps. 'quoted' is the full bid-ask spread; the size columns are
slippage against mid, taking the ask (a size inside the touch reads half 'quoted').

symbol         quoted      $1000      $5000     $25000    $100000
-----------------------------------------------------------------
NVDAUSDT         0.44       0.22       0.22       1.63       4.35
TSLAUSDT         0.27       0.82       1.14       1.88       3.71
AAPLUSDT         0.30       0.91       1.64       2.93       7.46
MSFTUSDT         1.61       2.67       2.79       3.57       5.65
METAUSDT         2.03       2.47       4.56       6.37          ΓÇö
GOOGLUSDT        0.28       0.65       1.36       2.70       5.05
AMZNUSDT         2.33       2.10       2.42       3.63       5.66
COINUSDT         5.43       3.09       7.15       8.76      16.14
MSTRUSDT         1.21       1.69       2.49       5.17       7.37
QQQUSDT          0.14       0.07       0.18       1.00       2.84
TQQQUSDT         1.28       1.66       2.39       6.88      15.68
SQQQUSDT         5.70       2.85       4.18       7.67      14.14

12 book(s) written to argus\data\depth.json
depth_exit=0
recorded 12 snapshot(s) to argus\data\book_tape.jsonl

  480 snapshots over 174.614h: a near-touch level holds a median 3.01 contracts. **Change is reported per horizon, not pooled** ΓÇö a level moves a very different share of itself over 30 seconds than over an hour, and one median over both is a number about the sampling schedule rather than about the book. The shortest horizon with at least 100 observations is `under_30s`, where a level moves a median 24.0% of itself ΓÇö that is the figure the simulator should take, being nearest the per-event timescale it models. The attribution rule ΓÇö which side of a resting order a decrease came from ΓÇö is not in this data and cannot be, so it stays a swept assumption rather than a measurement.

written to argus\data\book_calibration.json
bookcalib_exit=0
  NVDAUSDT: extended=14.1 overnight=12.3 rth=31.4 weekend=5.0 | reopen=51.3 (1.6x rth, n=64)
      throttle now x1 ΓÇö the next 24 bar(s) are expected to move 21.9bps per bar against a 31.4bps regular-hours bar; no reduction, and this layer may not size up
  TSLAUSDT: extended=14.6 overnight=12.6 rth=37.0 weekend=5.9 | reopen=76.6 (2.1x rth, n=64)
      throttle now x1 ΓÇö the next 24 bar(s) are expected to move 26.8bps per bar against a 37.0bps regular-hours bar; no reduction, and this layer may not size up
  AAPLUSDT: extended=10.5 overnight=7.5 rth=23.7 weekend=5.2 | reopen=43.7 (1.8x rth, n=64)
      throttle now x1 ΓÇö the next 24 bar(s) are expected to move 16.7bps per bar against a 23.7bps regular-hours bar; no reduction, and this layer may not size up
  MSFTUSDT: extended=13.2 overnight=8.9 rth=25.9 weekend=5.4 | reopen=42.0 (1.6x rth, n=64)
      throttle now x1 ΓÇö the next 24 bar(s) are expected to move 18.3bps per bar against a 25.9bps regular-hours bar; no reduction, and this layer may not size up
  METAUSDT: extended=15.0 overnight=9.9 rth=35.4 weekend=6.3 | reopen=66.3 (1.9x rth, n=64)
      throttle now x1 ΓÇö the next 24 bar(s) are expected to move 24.8bps per bar against a 35.4bps regular-hours bar; no reduction, and this layer may not size up
  GOOGLUSDT: extended=13.5 overnight=9.2 rth=23.5 weekend=5.6 | reopen=48.1 (2.0x rth, n=64)
      throttle now x1 ΓÇö the next 24 bar(s) are expected to move 18.2bps per bar against a 23.5bps regular-hours bar; no reduction, and this layer may not size up
  AMZNUSDT: extended=12.6 overnight=7.7 rth=23.9 weekend=4.8 | reopen=41.2 (1.7x rth, n=64)
      throttle now x1 ΓÇö the next 24 bar(s) are expected to move 17.1bps per bar against a 23.9bps regular-hours bar; no reduction, and this layer may not size up
  COINUSDT: extended=28.8 overnight=19.1 rth=65.5 weekend=13.9 | reopen=94.4 (1.4x rth, n=64)
      throttle now x1 ΓÇö the next 24 bar(s) are expected to move 43.3bps per bar against a 65.5bps regular-hours bar; no reduction, and this layer may not size up
  MSTRUSDT: extended=38.4 overnight=30.6 rth=67.0 weekend=18.8 | reopen=102.2 (1.5x rth, n=64)
      throttle now x1 ΓÇö the next 24 bar(s) are expected to move 49.2bps per bar against a 67.0bps regular-hours bar; no reduction, and this layer may not size up
  QQQUSDT: extended=9.0 overnight=10.1 rth=14.9 weekend=3.7 | reopen=28.3 (1.9x rth, n=64)
      throttle now x1 ΓÇö the next 24 bar(s) are expected to move 12.4bps per bar against a 14.9bps regular-hours bar; no reduction, and this layer may not size up
  TQQQUSDT: extended=25.5 overnight=30.4 rth=45.2 weekend=8.5 | reopen=87.1 (1.9x rth, n=64)
      throttle now x1 ΓÇö the next 24 bar(s) are expected to move 37.1bps per bar against a 45.2bps regular-hours bar; no reduction, and this layer may not size up
  SQQQUSDT: extended=25.8 overnight=31.2 rth=46.9 weekend=7.9 | reopen=86.6 (1.8x rth, n=64)
      throttle now x1 ΓÇö the next 24 bar(s) are expected to move 37.9bps per bar against a 46.9bps regular-hours bar; no reduction, and this layer may not size up

12 profile(s) written to argus\data\session_risk.json
session_risk_exit=0
symbol        RTH bps/h  wknd bps/h  attenuation  anchor
NVDAUSDT          30.65        4.36         7.03  OK
TSLAUSDT          35.83        5.75         6.23  OK
AAPLUSDT          25.30        4.26         5.94  OK
MSFTUSDT          25.19        4.39         5.74  OK
METAUSDT          36.12        5.42         6.67  OK
GOOGLUSDT         24.51        5.23         4.68  OK
AMZNUSDT          24.67        3.79         6.51  OK
COINUSDT          64.57       12.27         5.26  OK
MSTRUSDT          67.52       17.38         3.89  OK
QQQUSDT           15.23        3.44         4.42  OK
TQQQUSDT          46.85        7.30         6.42  OK
SQQQUSDT          46.45        5.60         8.29  OK

  all 12 shipped instruments still attenuate past 2.5x when the anchor market shuts

written to argus\data\universe_validation.json
universe_exit=0
  NVDAUSDT hedged with NVDA index (all): r=+0.988 [95% low +0.987], optimal ratio 0.982 removes 97.7% of variance, one-for-one removes 97.7%, n=1438
  NVDAUSDT hedged with NVDA index (extended): r=+0.998 [95% low +0.998], optimal ratio 0.989 removes 99.6% of variance, one-for-one removes 99.6%, n=419
  NVDAUSDT hedged with NVDA index (overnight): r=+0.995 [95% low +0.993], optimal ratio 0.993 removes 98.9% of variance, one-for-one removes 98.9%, n=335
  NVDAUSDT hedged with NVDA index (rth): r=+0.999 [95% low +0.999], optimal ratio 0.987 removes 99.8% of variance, one-for-one removes 99.8%, n=250
  NVDAUSDT hedged with NVDA index (weekend): r=+0.997 [95% low +0.996], optimal ratio 0.997 removes 99.3% of variance, one-for-one removes 99.3%, n=431
  TSLAUSDT hedged with TSLA index (all): r=+0.989 [95% low +0.988], optimal ratio 0.993 removes 97.9% of variance, one-for-one removes 97.9%, n=1438
  TSLAUSDT hedged with TSLA index (extended): r=+0.998 [95% low +0.998], optimal ratio 0.997 removes 99.7% of variance, one-for-one removes 99.7%, n=419
  TSLAUSDT hedged with TSLA index (overnight): r=+0.996 [95% low +0.995], optimal ratio 0.997 removes 99.2% of variance, one-for-one removes 99.2%, n=335
  TSLAUSDT hedged with TSLA index (rth): r=+0.999 [95% low +0.999], optimal ratio 0.997 removes 99.9% of variance, one-for-one removes 99.9%, n=250
  TSLAUSDT hedged with TSLA index (weekend): r=+0.988 [95% low +0.986], optimal ratio 0.994 removes 97.7% of variance, one-for-one removes 97.7%, n=431
  AAPLUSDT hedged with AAPL index (all): r=+0.989 [95% low +0.987], optimal ratio 0.981 removes 97.7% of variance, one-for-one removes 97.7%, n=1438
  AAPLUSDT hedged with AAPL index (extended): r=+0.996 [95% low +0.996], optimal ratio 0.980 removes 99.3% of variance, one-for-one removes 99.2%, n=419
  AAPLUSDT hedged with AAPL index (overnight): r=+0.997 [95% low +0.996], optimal ratio 1.000 removes 99.3% of variance, one-for-one removes 99.3%, n=335
  AAPLUSDT hedged with AAPL index (rth): r=+0.999 [95% low +0.999], optimal ratio 0.988 removes 99.8% of variance, one-for-one removes 99.8%, n=250
  AAPLUSDT hedged with AAPL index (weekend): r=+0.997 [95% low +0.996], optimal ratio 1.000 removes 99.3% of variance, one-for-one removes 99.3%, n=431
  MSFTUSDT hedged with MSFT index (all): r=+0.991 [95% low +0.990], optimal ratio 0.990 removes 98.1% of variance, one-for-one removes 98.1%, n=1438
  MSFTUSDT hedged with MSFT index (extended): r=+0.998 [95% low +0.997], optimal ratio 0.995 removes 99.5% of variance, one-for-one removes 99.5%, n=419
  MSFTUSDT hedged with MSFT index (overnight): r=+0.996 [95% low +0.995], optimal ratio 0.996 removes 99.2% of variance, one-for-one removes 99.2%, n=335
  MSFTUSDT hedged with MSFT index (rth): r=+0.999 [95% low +0.999], optimal ratio 0.983 removes 99.8% of variance, one-for-one removes 99.7%, n=250
  MSFTUSDT hedged with MSFT index (weekend): r=+0.999 [95% low +0.999], optimal ratio 1.011 removes 99.8% of variance, one-for-one removes 99.7%, n=431
  METAUSDT hedged with META index (all): r=+0.994 [95% low +0.993], optimal ratio 0.990 removes 98.8% of variance, one-for-one removes 98.8%, n=1438
  METAUSDT hedged with META index (extended): r=+0.998 [95% low +0.998], optimal ratio 0.988 removes 99.7% of variance, one-for-one removes 99.7%, n=419
  METAUSDT hedged with META index (overnight): r=+0.997 [95% low +0.997], optimal ratio 1.003 removes 99.5% of variance, one-for-one removes 99.5%, n=335
  METAUSDT hedged with META index (rth): r=+0.999 [95% low +0.999], optimal ratio 0.998 removes 99.8% of variance, one-for-one removes 99.8%, n=250
  METAUSDT hedged with META index (weekend): r=+0.998 [95% low +0.997], optimal ratio 1.000 removes 99.6% of variance, one-for-one removes 99.6%, n=431
  GOOGLUSDT hedged with GOOGL index (all): r=+0.983 [95% low +0.981], optimal ratio 0.989 removes 96.6% of variance, one-for-one removes 96.6%, n=1438
  GOOGLUSDT hedged with GOOGL index (extended): r=+0.997 [95% low +0.996], optimal ratio 0.997 removes 99.3% of variance, one-for-one removes 99.3%, n=419
  GOOGLUSDT hedged with GOOGL index (overnight): r=+0.995 [95% low +0.993], optimal ratio 1.006 removes 98.9% of variance, one-for-one removes 98.9%, n=335
  GOOGLUSDT hedged with GOOGL index (rth): r=+0.999 [95% low +0.998], optimal ratio 0.987 removes 99.7% of variance, one-for-one removes 99.7%, n=250
  GOOGLUSDT hedged with GOOGL index (weekend): r=+0.996 [95% low +0.995], optimal ratio 1.004 removes 99.1% of variance, one-for-one removes 99.1%, n=431
  AMZNUSDT hedged with AMZN index (all): r=+0.989 [95% low +0.988], optimal ratio 0.996 removes 97.8% of variance, one-for-one removes 97.8%, n=1438
  AMZNUSDT hedged with AMZN index (extended): r=+0.997 [95% low +0.996], optimal ratio 1.001 removes 99.4% of variance, one-for-one removes 99.4%, n=419
  AMZNUSDT hedged with AMZN index (overnight): r=+0.998 [95% low +0.997], optimal ratio 1.003 removes 99.6% of variance, one-for-one removes 99.6%, n=335
  AMZNUSDT hedged with AMZN index (rth): r=+0.999 [95% low +0.998], optimal ratio 0.988 removes 99.7% of variance, one-for-one removes 99.7%, n=250
  AMZNUSDT hedged with AMZN index (weekend): r=+0.998 [95% low +0.998], optimal ratio 0.999 removes 99.6% of variance, one-for-one removes 99.6%, n=431
  COINUSDT hedged with COIN index (all): r=+0.990 [95% low +0.989], optimal ratio 0.996 removes 98.0% of variance, one-for-one removes 98.0%, n=1438
  COINUSDT hedged with COIN index (extended): r=+0.998 [95% low +0.998], optimal ratio 0.996 removes 99.6% of variance, one-for-one removes 99.6%, n=419
  COINUSDT hedged with COIN index (overnight): r=+0.997 [95% low +0.996], optimal ratio 0.998 removes 99.4% of variance, one-for-one removes 99.4%, n=335
  COINUSDT hedged with COIN index (rth): r=+0.999 [95% low +0.999], optimal ratio 0.995 removes 99.9% of variance, one-for-one removes 99.9%, n=250
  COINUSDT hedged with COIN index (weekend): r=+0.997 [95% low +0.997], optimal ratio 0.998 removes 99.5% of variance, one-for-one removes 99.5%, n=431
  MSTRUSDT hedged with MSTR index (all): r=+0.987 [95% low +0.986], optimal ratio 0.994 removes 97.5% of variance, one-for-one removes 97.5%, n=1438
  MSTRUSDT hedged with MSTR index (extended): r=+0.999 [95% low +0.999], optimal ratio 0.994 removes 99.8% of variance, one-for-one removes 99.8%, n=419
  MSTRUSDT hedged with MSTR index (overnight): r=+0.995 [95% low +0.994], optimal ratio 0.999 removes 99.0% of variance, one-for-one removes 99.0%, n=335
  MSTRUSDT hedged with MSTR index (rth): r=+1.000 [95% low +1.000], optimal ratio 0.997 removes 99.9% of variance, one-for-one removes 99.9%, n=250
  MSTRUSDT hedged with MSTR index (weekend): r=+0.997 [95% low +0.996], optimal ratio 1.000 removes 99.3% of variance, one-for-one removes 99.3%, n=431
  QQQUSDT hedged with QQQ index (all): r=+0.978 [95% low +0.976], optimal ratio 0.981 removes 95.7% of variance, one-for-one removes 95.7%, n=1438
  QQQUSDT hedged with QQQ index (extended): r=+0.996 [95% low +0.996], optimal ratio 0.982 removes 99.3% of variance, one-for-one removes 99.2%, n=419
  QQQUSDT hedged with QQQ index (overnight): r=+0.993 [95% low +0.992], optimal ratio 1.008 removes 98.7% of variance, one-for-one removes 98.7%, n=335
  QQQUSDT hedged with QQQ index (rth): r=+0.998 [95% low +0.998], optimal ratio 0.991 removes 99.6% of variance, one-for-one removes 99.6%, n=250
  QQQUSDT hedged with QQQ index (weekend): r=+0.988 [95% low +0.985], optimal ratio 0.999 removes 97.5% of variance, one-for-one removes 97.5%, n=431
  TQQQUSDT hedged with TQQQ index (all): r=+0.983 [95% low +0.981], optimal ratio 0.992 removes 96.5% of variance, one-for-one removes 96.5%, n=1438
  TQQQUSDT hedged with TQQQ index (extended): r=+0.998 [95% low +0.998], optimal ratio 0.989 removes 99.6% of variance, one-for-one removes 99.6%, n=419
  TQQQUSDT hedged with TQQQ index (overnight): r=+0.991 [95% low +0.989], optimal ratio 1.007 removes 98.3% of variance, one-for-one removes 98.3%, n=335
  TQQQUSDT hedged with TQQQ index (rth): r=+0.999 [95% low +0.998], optimal ratio 0.995 removes 99.7% of variance, one-for-one removes 99.7%, n=250
  TQQQUSDT hedged with TQQQ index (weekend): r=+0.989 [95% low +0.987], optimal ratio 1.004 removes 97.9% of variance, one-for-one removes 97.9%, n=431
  SQQQUSDT hedged with SQQQ index (all): r=+0.973 [95% low +0.970], optimal ratio 0.988 removes 94.7% of variance, one-for-one removes 94.7%, n=1438
  SQQQUSDT hedged with SQQQ index (extended): r=+0.996 [95% low +0.996], optimal ratio 0.986 removes 99.3% of variance, one-for-one removes 99.2%, n=419
  SQQQUSDT hedged with SQQQ index (overnight): r=+0.987 [95% low +0.984], optimal ratio 1.012 removes 97.5% of variance, one-for-one removes 97.5%, n=335
  SQQQUSDT hedged with SQQQ index (rth): r=+0.996 [95% low +0.995], optimal ratio 0.998 removes 99.3% of variance, one-for-one removes 99.3%, n=250
  SQQQUSDT hedged with SQQQ index (weekend): r=+0.989 [95% low +0.987], optimal ratio 0.999 removes 97.8% of variance, one-for-one removes 97.8%, n=431

60 measurement(s) written to argus\data\hedge_effectiveness.json
effectiveness_exit=0
{
  "ran_at": "2026-09-21T17:41:12.966505+00:00",
  "decisions_written": [
    {
      "seq": 520,
      "symbol": "NVDAUSDT",
      "verdict": "no_trade",
      "quantity": "0",
      "confidence": 0.52,
      "attests_llm_decided": true,
      "notes_written": 21,
      "protocol": {
        "digest": "sha256:d403d741144df7513e4dbb69fd254b6b95f6a7aba3b7aeba26fd959fc26dbfb8",
        "version": 3,
        "reduced_this_decision": false
      },
      "flags": [
        "[conflict:conviction] sentiment (bullish) vs earnings (bullish), gap 0.17 \u2014 earnings dominates: confidence 0.62 against 0.45",
        "[claim] conviction: \"27bps total hurdle requires a high-conviction directional edge, and while t\" is contradicted by form4-0001199039-26-000014-S (conviction=False) \u2014 the thesis treats the transaction as a conviction signal; only an unplanned open-market purchase qualifies, and this is not one",
        "[claim] a thesis that contradicts its own evidence is a defect in the reasoning, not a difference of opinion"
      ]
    },
    {
      "seq": 521,
      "symbol": "TSLAUSDT",
      "verdict": "no_trade",
      "quantity": "0",
      "confidence": 0.45,
      "attests_llm_decided": true,
      "notes_written": 22,
      "protocol": {
        "digest": "sha256:d403d741144df7513e4dbb69fd254b6b95f6a7aba3b7aeba26fd959fc26dbfb8",
        "version": 3,
        "reduced_this_decision": false
      },
      "flags": [
        "[conflict:magnitude] event (bullish) vs sentiment (bullish), gap 234.00 \u2014 event dominates: confidence 0.55 against 0.45",
        "[conflict:direction] event (bullish) vs earnings (bearish), gap 228.00 \u2014 neither dominates: equally confident on equally many sources; the disagreement stands unresolved",
        "[conflict:direction] sentiment (bullish) vs earnings (bearish), gap 6.00 \u2014 earnings dominates: confidence 0.62 against 0.45",
        "[conflict] 1 disagreement(s) unresolved on the evidence; the decision is taken in spite of them, not because they were settled"
      ]
    },
    {
      "seq": 522,
      "symbol": "AAPLUSDT",
      "verdict": "no_trade",
      "quantity": "0",
      "confidence": 0.55,
      "attests_llm_decided": true,
      "notes_written": 20,
      "protocol": {
        "digest": "sha256:d403d741144df7513e4dbb69fd254b6b95f6a7aba3b7aeba26fd959fc26dbfb8",
        "version": 3,
        "reduced_this_decision": false
      },
      "flags": []
    },
    {
      "seq": 523,
      "symbol": "MSFTUSDT",
      "verdict": "no_trade",
      "quantity": "0",
      "confidence": 0.52,
      "attests_llm_decided": true,
      "notes_written": 20,
      "protocol": {
        "digest": "sha256:d403d741144df7513e4dbb69fd254b6b95f6a7aba3b7aeba26fd959fc26dbfb8",
        "version": 3,
        "reduced_this_decision": false
      },
      "flags": [
        "[conflict:direction] event (bullish) vs earnings (bearish), gap 13.00 \u2014 earnings dominates: confidence 0.62 against 0.45",
        "[conflict:direction] sentiment (bullish) vs earnings (bearish), gap 13.00 \u2014 earnings dominates: confidence 0.62 against 0.35",
        "[grounding] 1 of 7 figure(s) do not resolve to anything the desk was given: 17.4%",
        "[grounding] an unattributable number in a thesis is the easiest place for an unsupported fact to enter the record"
      ]
    },
    {
      "seq": 524,
      "symbol": "METAUSDT",
      "verdict": "no_trade",
      "quantity": "0",
      "confidence": 0.52,
      "attests_llm_decided": true,
      "notes_written": 20,
      "protocol": {
        "digest": "sha256:d403d741144df7513e4dbb69fd254b6b95f6a7aba3b7aeba26fd959fc26dbfb8",
        "version": 3,
        "reduced_this_decision": false
      },
      "flags": [
        "[conflict:direction] sentiment (bullish) vs earnings (bearish), gap 10.00 \u2014 earnings dominates: confidence 0.72 against 0.55"
      ]
    },
    {
      "seq": 525,
      "symbol": "GOOGLUSDT",
      "verdict": "no_trade",
      "quantity": "0",
      "confidence": 0.48,
      "attests_llm_decided": true,
      "notes_written": 19,
      "protocol": {
        "digest": "sha256:d403d741144df7513e4dbb69fd254b6b95f6a7aba3b7aeba26fd959fc26dbfb8",
        "version": 3,
        "reduced_this_decision": false
      },
      "flags": [
        "[conflict:conviction] sentiment (bullish) vs earnings (bullish), gap 0.10 \u2014 earnings dominates: confidence 0.55 against 0.45"
      ]
    },
    {
      "seq": 526,
      "symbol": "AMZNUSDT",
      "verdict": "no_trade",
      "quantity": "0",
      "confidence": 0.55,
      "attests_llm_decided": true,
      "notes_written": 21,
      "protocol": {
        "digest": "sha256:d403d741144df7513e4dbb69fd254b6b95f6a7aba3b7aeba26fd959fc26dbfb8",
        "version": 3,
        "reduced_this_decision": false
      },
      "flags": [
        "[conflict:magnitude] event (bullish) vs sentiment (bullish), gap 168.00 \u2014 event dominates: confidence 0.55 against 0.45",
        "[conflict:magnitude] event (bullish) vs earnings (bullish), gap 131.00 \u2014 earnings dominates: confidence 0.72 against 0.55",
        "[conflict:magnitude] sentiment (bullish) vs earnings (bullish), gap 37.00 \u2014 earnings dominates: confidence 0.72 against 0.45"
      ]
    },
    {
      "seq": 527,
      "symbol": "COINUSDT",
      "verdict": "no_trade",
      "quantity": "0",
      "confidence": 0.58,
      "attests_llm_decided": true,
      "notes_written": 21,
      "protocol": {
        "digest": "sha256:d403d741144df7513e4dbb69fd254b6b95f6a7aba3b7aeba26fd959fc26dbfb8",
        "version": 3,
        "reduced_this_decision": false
      },
      "flags": [
        "[conflict:direction] sentiment (bullish) vs earnings (bearish), gap 14.00 \u2014 earnings dominates: confidence 0.62 against 0.42",
        "[grounding] 1 of 8 figure(s) do not resolve to anything the desk was given: 8",
        "[grounding] an unattributable number in a thesis is the easiest place for an unsupported fact to enter the record"
      ]
    },
    {
      "seq": 528,
      "symbol": "MSTRUSDT",
      "verdict": "no_trade",
      "quantity": "0",
      "confidence": 0.62,
      "attests_llm_decided": true,
      "notes_written": 23,
      "protocol": {
        "digest": "sha256:d403d741144df7513e4dbb69fd254b6b95f6a7aba3b7aeba26fd959fc26dbfb8",
        "version": 3,
        "reduced_this_decision": false
      },
      "flags": [
        "[conflict:magnitude] event (bullish) vs sentiment (bullish), gap 559.00 \u2014 event dominates: confidence 0.72 against 0.52",
        "[conflict:magnitude] event (bullish) vs earnings (bullish), gap 567.00 \u2014 event dominates: confidence 0.72 against 0.35",
        "[conflict:conviction] sentiment (bullish) vs earnings (bullish), gap 0.17 \u2014 sentiment dominates: confidence 0.52 against 0.35"
      ]
    },
    {
      "seq": 529,
      "symbol": "QQQUSDT",
      "verdict": "no_trade",
      "quantity": "0",
      "confidence": 0.52,
      "attests_llm_decided": true,
      "notes_written": 22,
      "protocol": {
        "digest": "sha256:d403d741144df7513e4dbb69fd254b6b95f6a7aba3b7aeba26fd959fc26dbfb8",
        "version": 3,
        "reduced_this_decision": false
      },
      "flags": []
    },
    {
      "seq": 530,
      "symbol": "TQQQUSDT",
      "verdict": "no_trade",
      "quantity": "0",
      "confidence": 0.68,
      "attests_llm_decided": true,
      "notes_written": 21,
      "protocol": {
        "digest": "sha256:d403d741144df7513e4dbb69fd254b6b95f6a7aba3b7aeba26fd959fc26dbfb8",
        "version": 3,
        "reduced_this_decision": false
      },
      "flags": []
    },
    {
      "seq": 531,
      "symbol": "SQQQUSDT",
      "verdict": "no_trade",
      "quantity": "0",
      "confidence": 0.72,
      "attests_llm_decided": true,
      "notes_written": 22,
      "protocol": {
        "digest": "sha256:d403d741144df7513e4dbb69fd254b6b95f6a7aba3b7aeba26fd959fc26dbfb8",
        "version": 3,
        "reduced_this_decision": false
      },
      "flags": [
        "[grounding] 1 of 8 figure(s) do not resolve to anything the desk was given: 8",
        "[grounding] an unattributable number in a thesis is the easiest place for an unsupported fact to enter the record"
      ]
    }
  ],
  "settled_this_cycle": [
    {
      "seq": 472,
      "symbol": "NVDAUSDT",
      "abstention": true,
      "counterfactual_move_bps": "283.6976"
    },
    {
      "seq": 473,
      "symbol": "TSLAUSDT",
      "abstention": true,
      "counterfactual_move_bps": "247.1978"
    },
    {
      "seq": 474,
      "symbol": "AAPLUSDT",
      "abstention": true,
      "counterfactual_move_bps": "123.2389"
    },
    {
      "seq": 475,
      "symbol": "MSFTUSDT",
      "abstention": true,
      "counterfactual_move_bps": "45.4692"
    },
    {
      "seq": 476,
      "symbol": "METAUSDT",
      "abstention": true,
      "counterfactual_move_bps": "1020.0286"
    },
    {
      "seq": 477,
      "symbol": "GOOGLUSDT",
      "abstention": true,
      "counterfactual_move_bps": "170.3232"
    },
    {
      "seq": 478,
      "symbol": "AMZNUSDT",
      "abstention": true,
      "counterfactual_move_bps": "175.7913"
    },
    {
      "seq": 479,
      "symbol": "COINUSDT",
      "abstention": true,
      "counterfactual_move_bps": "442.9144"
    },
    {
      "seq": 480,
      "symbol": "MSTRUSDT",
      "abstention": true,
      "counterfactual_move_bps": "574.3976"
    },
    {
      "seq": 481,
      "symbol": "QQQUSDT",
      "abstention": true,
      "counterfactual_move_bps": "249.7574"
    },
    {
      "seq": 482,
      "symbol": "TQQQUSDT",
      "abstention": true,
      "counterfactual_move_bps": "797.2917"
    },
    {
      "seq": 483,
      "symbol": "SQQQUSDT",
      "abstention": true,
      "counterfactual_move_bps": "-793.0672"
    },
    {
      "causal_chains_graded": 3
    }
  ],
  "marked_this_cycle": [
    {
      "seq": 508,
      "symbol": "NVDAUSDT",
      "horizon_hours": 2.0032,
      "move_bps": "82.0654",
      "lean": "up"
    },
    {
      "seq": 509,
      "symbol": "TSLAUSDT",
      "horizon_hours": 2.0032,
      "move_bps": "-15.7543",
      "lean": "up"
    },
    {
      "seq": 510,
      "symbol": "AAPLUSDT",
      "horizon_hours": 2.0032,
      "move_bps": "13.0181",
      "lean": "up"
    },
    {
      "seq": 511,
      "symbol": "MSFTUSDT",
      "horizon_hours": 2.0032,
      "move_bps": "78.2596",
      "lean": "down"
    },
    {
      "seq": 512,
      "symbol": "METAUSDT",
      "horizon_hours": 2.0032,
      "move_bps": "335.6407",
      "lean": "up"
    },
    {
      "seq": 513,
      "symbol": "GOOGLUSDT",
      "horizon_hours": 2.0032,
      "move_bps": "5.3327",
      "lean": "up"
    },
    {
      "seq": 514,
      "symbol": "AMZNUSDT",
      "horizon_hours": 2.0032,
      "move_bps": "92.2560",
      "lean": "up"
    },
    {
      "seq": 515,
      "symbol": "COINUSDT",
      "horizon_hours": 2.0032,
      "move_bps": "-47.5001",
      "lean": "up"
    },
    {
      "seq": 516,
      "symbol": "MSTRUSDT",
      "horizon_hours": 2.0032,
      "move_bps": "-31.8510",
      "lean": "up"
    },
    {
      "seq": 517,
      "symbol": "QQQUSDT",
      "horizon_hours": 2.0032,
      "move_bps": "24.3995",
      "lean": "up"
    },
    {
      "seq": 518,
      "symbol": "TQQQUSDT",
      "horizon_hours": 2.0032,
      "move_bps": "70.8854",
      "lean": "up"
    },
    {
      "seq": 519,
      "symbol": "SQQQUSDT",
      "horizon_hours": 2.0032,
      "move_bps": "-76.4223",
      "lean": "down"
    }
  ],
  "tokens_spent": 310816,
  "unreported_calls": 0,
  "token_budget": 330000,
  "stopped_early": "",
  "chain": {
    "entries": 531,
    "chain_intact": true,
    "links_intact": true,
    "first_break_at": null,
    "truncated": false,
    "anchor": "anchor agrees with the log",
    "head_hash": "7201e2de55572708"
  },
  "protocol": "argus-paper-v1 v3 (sha256:d403d741144df7513e4dbb69fd254b6b95f6a7aba3b7aeba26fd959fc26dbfb8)"
}
exit=0

cycle 37: 5 claim(s) on TSLAUSDT, head 2b1bf39bef345f4b
    resolves 2026-09-22T18:17
    resolves 2026-09-24T18:17
    resolves 2026-09-28T18:17
    resolves 2026-10-05T18:17
    resolves 2026-10-21T18:17

  71 claim(s) resolve inside the window and 102 are still open when it starts
cadence_exit=0
4 claim(s) resolved this run
  Γ£ô QQQUSDT abs_move_above_bps 88.27 by 2026-09-21T16:19 (p=0.60) [dd6fd33025a3]  observed |381.58| = 381.58
  Γ£ô NVDAUSDT abs_move_above_bps 78.81 by 2026-09-21T16:17 (p=0.60) [efdef1fed98c]  observed |289.08| = 289.08
  Γ£ô TSLAUSDT abs_move_above_bps 93.84 by 2026-09-21T18:15 (p=0.60) [f7cf18480b9e]  observed |253.84| = 253.84
  Γ£ô QQQUSDT abs_move_above_bps 30.51 by 2026-09-21T18:13 (p=0.60) [e2186ee2a584]  observed |250.54| = 250.54

REGISTER ΓÇö 191 claim(s), 83 resolved, 106 pending, 2 unresolvable
  argus                  83 resolved  Brier 0.2272  hit rate 66%

  THE WALL ΓÇö 28 claim(s) we got wrong, most confident first:
    Γ£ù NVDAUSDT abs_move_above_bps 45.46 by 2026-09-15T09:21 (p=0.60) [381cbc033f4b]  observed |12.25| = 12.25
    Γ£ù TSLAUSDT abs_move_above_bps 50.23 by 2026-09-15T09:21 (p=0.60) [c387181dd2e6]  observed |-5.58| = 5.58
    Γ£ù AAPLUSDT abs_move_above_bps 37.55 by 2026-09-15T09:21 (p=0.60) [2588c7bcd941]  observed |-12.37| = 12.37
    Γ£ù AMZNUSDT abs_move_above_bps 40.7 by 2026-09-15T09:21 (p=0.60) [d71b10a405eb]  observed |-32.76| = 32.76
    Γ£ù MSTRUSDT abs_move_above_bps 138.15 by 2026-09-15T09:21 (p=0.60) [919de6cb9750]  observed |-22.67| = 22.67
    Γ£ù TSLAUSDT abs_move_above_bps 50.28 by 2026-09-16T18:14 (p=0.60) [5eec2201b2a4]  observed |-13.14| = 13.14
    Γ£ù AAPLUSDT abs_move_above_bps 37.55 by 2026-09-16T20:11 (p=0.60) [4ae4dfa61cdf]  observed |33.15| = 33.15
    Γ£ù METAUSDT abs_move_above_bps 66.48 by 2026-09-17T16:11 (p=0.60) [fe99a2216199]  observed |41.36| = 41.36
    Γ£ù TQQQUSDT abs_move_above_bps 182.37 by 2026-09-17T18:17 (p=0.60) [394c43522a43]  observed |168.28| = 168.28
    Γ£ù QQQUSDT abs_move_above_bps 31.84 by 2026-09-18T18:10 (p=0.60) [933c2db4e3a6]  observed |14.50| = 14.50

written to argus\data\register_scoreboard.json
register_exit=0
CYCLE CHECK ΓÇö cycle_2026-09-21_2300.log

  PASS     exit_code
           process exited 0
  PASS     symbols_decided
           12 of 12 symbols produced a decision
  PASS     ran_to_completion
           the cycle reached every symbol it was given
  PASS     token_budget
           310,816 of 330,000 spent (94%)
  PASS     cumulative_tokens
           9,868,863 token(s) across 35 recorded cycle(s), 281,968 per cycle ΓÇö roughly 1,127,870/day at four cycles. The key's remaining balance is not observable from here; this is the burn rate, not a runway
  PASS     budget_not_exhausted
           the guard did not fire
  PASS     chain_intact
           the hash chain verified after the write
  PASS     leans_recorded
           12 of 12 row(s) carry a lean and a lean_confidence
  PASS     leans_gradeable
           12 of 12 decision(s) state a direction (11 up, 1 down, 0 none)
  PASS     verdicts_parsed
           every verdict parsed
  PASS     session
           session phase(s) seen: rth  <-- price discovery

  11/11 checks passed. **FALSIFIER FIRED**: this cycle had price discovery and the desk still proposed no exposure on any symbol. eval/autopsy.py named exactly this as the observation that moves the cause of the abstentions from the sampling to the desk. Its conclusion is now refuted and must be rewritten, not defended

written to argus\data\cycle_check.json
check_exit=0
