=== ARGUS paper cycle 2026-09-27_1900 ===
disk_free_gb=27.3
sampling MSTRUSDT for 90s (weekend)...

MARKOUT ΓÇö MSTRUSDT, 90s of weekend, 69 book sample(s), 100 print(s), 3% flagged RPI

   horizon  prints    median      mean     worst
        5s      99    -0.617    -0.362    -3.393
       15s      95    -2.777    -1.881    -7.099
       30s      44    +0.771    +0.365    -4.010
       60s       0    +0.000    +0.000    +0.000

  Over 30s the passive side of 44 print(s) gained a median +0.77bps on MSTRUSDT (weekend). No measurable adverse selection in this window ΓÇö which is a statement about 90 seconds, not about the instrument

written to argus\data\markout.json
markout_exit=0
EXECUTABLE COST ΓÇö bps. 'quoted' is the full bid-ask spread; the size columns are
slippage against mid, taking the ask (a size inside the touch reads half 'quoted').

symbol         quoted      $1000      $5000     $25000    $100000
-----------------------------------------------------------------
NVDAUSDT         0.44       0.22       0.43       1.52       4.71
TSLAUSDT         1.07       0.75       1.88       4.06       7.32
AAPLUSDT         0.29       0.15       0.80       4.24          ΓÇö
MSFTUSDT         1.54       2.46       2.80       5.70      12.43
METAUSDT         0.53       2.26       4.59       8.68      25.61
GOOGLUSDT        1.45       1.75       4.37       5.81       8.89
AMZNUSDT         0.40       2.20       4.72       7.19      22.52
COINUSDT         3.54       2.48       4.59       6.46      10.02
MSTRUSDT         0.62       0.54       1.00       3.19       8.20
QQQUSDT          0.13       0.07       0.31       0.51       1.61
TQQQUSDT         1.25       1.59       1.82       5.13       8.81
SQQQUSDT         8.89       4.44       4.47      16.17      26.61

12 book(s) written to argus\data\depth.json
depth_exit=0
recorded 12 snapshot(s) to argus\data\book_tape.jsonl

  732 snapshots over 314.618h: a near-touch level holds a median 3.035 contracts. **Change is reported per horizon, not pooled** ΓÇö a level moves a very different share of itself over 30 seconds than over an hour, and one median over both is a number about the sampling schedule rather than about the book. The shortest horizon with at least 100 observations is `under_30s`, where a level moves a median 24.0% of itself ΓÇö that is the figure the simulator should take, being nearest the per-event timescale it models. The attribution rule ΓÇö which side of a resting order a decrease came from ΓÇö is not in this data and cannot be, so it stays a swept assumption rather than a measurement.

written to argus\data\book_calibration.json
bookcalib_exit=0
  NVDAUSDT: extended=14.0 holiday=10.9 overnight=11.2 rth=31.5 weekend=4.5 | reopen=51.3 (1.6x rth, n=62)
      throttle now x1 ΓÇö the next 24 bar(s) are expected to move 13.5bps per bar against a 31.5bps regular-hours bar; no reduction, and this layer may not size up
  TSLAUSDT: extended=14.5 holiday=8.1 overnight=11.7 rth=37.1 weekend=5.8 | reopen=75.4 (2.0x rth, n=62)
      throttle now x1 ΓÇö the next 24 bar(s) are expected to move 18.0bps per bar against a 37.1bps regular-hours bar; no reduction, and this layer may not size up
  AAPLUSDT: extended=9.5 holiday=11.0 overnight=7.2 rth=23.0 weekend=5.0 | reopen=43.6 (1.9x rth, n=62)
      throttle now x1 ΓÇö the next 24 bar(s) are expected to move 11.0bps per bar against a 23.0bps regular-hours bar; no reduction, and this layer may not size up
  MSFTUSDT: extended=12.7 holiday=10.7 overnight=8.4 rth=25.4 weekend=5.1 | reopen=40.5 (1.6x rth, n=62)
      throttle now x1 ΓÇö the next 24 bar(s) are expected to move 11.3bps per bar against a 25.4bps regular-hours bar; no reduction, and this layer may not size up
  METAUSDT: extended=16.3 holiday=7.1 overnight=9.6 rth=36.7 weekend=6.2 | reopen=67.9 (1.8x rth, n=62)
      throttle now x1 ΓÇö the next 24 bar(s) are expected to move 16.9bps per bar against a 36.7bps regular-hours bar; no reduction, and this layer may not size up
  GOOGLUSDT: extended=13.6 holiday=7.1 overnight=8.8 rth=24.2 weekend=5.5 | reopen=45.1 (1.9x rth, n=62)
      throttle now x1 ΓÇö the next 24 bar(s) are expected to move 12.4bps per bar against a 24.2bps regular-hours bar; no reduction, and this layer may not size up
  AMZNUSDT: extended=12.8 holiday=6.6 overnight=7.1 rth=23.6 weekend=4.7 | reopen=38.3 (1.6x rth, n=62)
      throttle now x1 ΓÇö the next 24 bar(s) are expected to move 10.8bps per bar against a 23.6bps regular-hours bar; no reduction, and this layer may not size up
  COINUSDT: no history (HistoryError)
  MSTRUSDT: extended=36.7 holiday=42.1 overnight=29.7 rth=63.5 weekend=17.7 | reopen=102.2 (1.6x rth, n=62)
      throttle now x1 ΓÇö the next 24 bar(s) are expected to move 32.3bps per bar against a 63.5bps regular-hours bar; no reduction, and this layer may not size up
  QQQUSDT: extended=8.9 holiday=6.1 overnight=9.3 rth=14.6 weekend=3.5 | reopen=26.8 (1.8x rth, n=62)
      throttle now x1 ΓÇö the next 24 bar(s) are expected to move 8.2bps per bar against a 14.6bps regular-hours bar; no reduction, and this layer may not size up
  TQQQUSDT: no history (HistoryError)
  SQQQUSDT: extended=25.7 holiday=19.6 overnight=29.2 rth=43.9 weekend=8.0 | reopen=81.0 (1.8x rth, n=62)
      throttle now x1 ΓÇö the next 24 bar(s) are expected to move 24.3bps per bar against a 43.9bps regular-hours bar; no reduction, and this layer may not size up

10 profile(s) written to argus\data\session_risk.json
session_risk_exit=0
symbol        RTH bps/h  wknd bps/h  attenuation  anchor
NVDAUSDT          32.27        4.27         7.57  OK
TSLAUSDT          35.53        5.70         6.23  OK
AAPLUSDT          23.28        4.23         5.50  OK
MSFTUSDT          25.10        4.16         6.04  OK
METAUSDT          37.14        5.33         6.96  OK
GOOGLUSDT         27.30        5.14         5.31  OK
AMZNUSDT     HTTP 429: {"code":"429","msg":"Too Many Requests","requestTime":1790516105158,"data":null} (history-candles)
COINUSDT          62.75       11.86         5.29  OK
MSTRUSDT          62.82       17.42         3.61  OK
QQQUSDT           14.94        3.24         4.61  OK
TQQQUSDT          45.78        7.51         6.09  OK
SQQQUSDT          45.89        6.34         7.24  OK

  1 shipped instrument(s) no longer show an anchor: AMZNUSDT. Either the venue changed what the ticker refers to, or the sample is too short to judge ΓÇö both need a human before the next cycle trades them.

written to argus\data\universe_validation.json
universe_exit=1
CPI dates: 13, FOMC decisions: 57 -> argus\data\event_calendar.json
  Wed 14 Oct 12:30 UTC  US CPI release
  Wed 28 Oct 18:00 UTC  FOMC rate decision
  Tue 10 Nov 13:30 UTC  US CPI release
calendar_exit=0
python : Traceback (most recent call last):
At argus\run_paper_cycle.ps1:69 char:1
+ python -m argus.research.event_reactions --if-stale 2>&1 | ForEach-Ob ...
+ ~~~~~~~~~~~~~~~~~~~~~~~~~~~~~~~~~~~~~~~~~~~~~~~~~~~~~~~~
    + CategoryInfo          : NotSpecified: (Traceback (most recent call last)::String) [], RemoteException
    + FullyQualifiedErrorId : NativeCommandError
 
  File "<frozen runpy>", line 198, in _run_module_as_main
  File "<frozen runpy>", line 88, in _run_code
  File "argus\src\argus\research\event_reactions.py", line 348, in <module>
    raise SystemExit(main())
                     ^^^^^^
  File "argus\src\argus\research\event_reactions.py", line 338, in main
    report = write()
             ^^^^^^^
  File "argus\src\argus\research\event_reactions.py", line 312, in write
    report = build()
             ^^^^^^^
  File "argus\src\argus\research\event_reactions.py", line 265, in build
    closes = dict(zip(SYMBOLS, pool.map(_hourly, SYMBOLS), strict=True))
             ^^^^^^^^^^^^^^^^^^^^^^^^^^^^^^^^^^^^^^^^^^^^^^^^^^^^^^^^^^^
  File "C:\Program Files\WindowsApps\PythonSoftwareFoundation.Python.3.11_3.11.2544.0_x64__qbz5n2kfra8p0\Lib\concurrent
\futures\_base.py", line 619, in result_iterator
    yield _result_or_cancel(fs.pop())
          ^^^^^^^^^^^^^^^^^^^^^^^^^^^
  File "C:\Program Files\WindowsApps\PythonSoftwareFoundation.Python.3.11_3.11.2544.0_x64__qbz5n2kfra8p0\Lib\concurrent
\futures\_base.py", line 317, in _result_or_cancel
    return fut.result(timeout)
           ^^^^^^^^^^^^^^^^^^^
  File "C:\Program Files\WindowsApps\PythonSoftwareFoundation.Python.3.11_3.11.2544.0_x64__qbz5n2kfra8p0\Lib\concurrent
\futures\_base.py", line 456, in result
    return self.__get_result()
           ^^^^^^^^^^^^^^^^^^^
  File "C:\Program Files\WindowsApps\PythonSoftwareFoundation.Python.3.11_3.11.2544.0_x64__qbz5n2kfra8p0\Lib\concurrent
\futures\_base.py", line 401, in __get_result
    raise self._exception
  File "C:\Program Files\WindowsApps\PythonSoftwareFoundation.Python.3.11_3.11.2544.0_x64__qbz5n2kfra8p0\Lib\concurrent
\futures\thread.py", line 58, in run
    result = self.fn(*self.args, **self.kwargs)
             ^^^^^^^^^^^^^^^^^^^^^^^^^^^^^^^^^^
  File "argus\src\argus\research\event_reactions.py", line 161, in _hourly
    candles = fetch_window(symbol, start=datetime.now(UTC) - timedelta(days=HISTORY_DAYS),
              ^^^^^^^^^^^^^^^^^^^^^^^^^^^^^^^^^^^^^^^^^^^^^^^^^^^^^^^^^^^^^^^^^^^^^^^^^^^^
  File "argus\src\argus\market\history.py", line 267, in fetch_window
    page = fetch(symbol, interval=interval, candle_type=candle_type, end=cursor)
           ^^^^^^^^^^^^^^^^^^^^^^^^^^^^^^^^^^^^^^^^^^^^^^^^^^^^^^^^^^^^^^^^^^^^^
  File "argus\src\argus\market\history.py", line 218, in fetch
    for row in _get(params, path=RECENT_PATH if recent else HISTORY_PATH):
               ^^^^^^^^^^^^^^^^^^^^^^^^^^^^^^^^^^^^^^^^^^^^^^^^^^^^^^^^^^
  File "argus\src\argus\market\history.py", line 178, in _get
    raise HistoryError(f"{exc} (history-candles)") from None
argus.market.history.HistoryError: HTTP 429: {"code":"429","msg":"Too Many 
Requests","requestTime":1790516251355,"data":null} (history-candles)
event_reactions_exit=1
495 macro readings written
macro_exit=0
  NVDAUSDT hedged with NVDA index (all): r=+0.987 [95% low +0.986], optimal ratio 0.980 removes 97.4% of variance, one-for-one removes 97.4%, n=1438
  NVDAUSDT hedged with NVDA index (extended): r=+0.998 [95% low +0.998], optimal ratio 0.990 removes 99.7% of variance, one-for-one removes 99.7%, n=413
  NVDAUSDT hedged with NVDA index (overnight): r=+0.993 [95% low +0.992], optimal ratio 0.990 removes 98.6% of variance, one-for-one removes 98.6%, n=331
  NVDAUSDT hedged with NVDA index (rth): r=+0.999 [95% low +0.999], optimal ratio 0.988 removes 99.8% of variance, one-for-one removes 99.8%, n=251
  NVDAUSDT hedged with NVDA index (weekend): r=+0.996 [95% low +0.995], optimal ratio 0.998 removes 99.3% of variance, one-for-one removes 99.3%, n=416
  TSLAUSDT hedged with TSLA index (all): r=+0.989 [95% low +0.988], optimal ratio 0.991 removes 97.8% of variance, one-for-one removes 97.8%, n=1438
  TSLAUSDT hedged with TSLA index (extended): r=+0.999 [95% low +0.998], optimal ratio 0.996 removes 99.7% of variance, one-for-one removes 99.7%, n=413
  TSLAUSDT hedged with TSLA index (overnight): r=+0.996 [95% low +0.995], optimal ratio 1.002 removes 99.2% of variance, one-for-one removes 99.2%, n=331
  TSLAUSDT hedged with TSLA index (rth): r=+0.999 [95% low +0.999], optimal ratio 0.996 removes 99.9% of variance, one-for-one removes 99.9%, n=251
  TSLAUSDT hedged with TSLA index (weekend): r=+0.989 [95% low +0.986], optimal ratio 0.995 removes 97.7% of variance, one-for-one removes 97.7%, n=416
  AAPLUSDT hedged with AAPL index (all): r=+0.989 [95% low +0.988], optimal ratio 0.983 removes 97.8% of variance, one-for-one removes 97.7%, n=1438
  AAPLUSDT hedged with AAPL index (extended): r=+0.997 [95% low +0.996], optimal ratio 0.983 removes 99.4% of variance, one-for-one removes 99.4%, n=413
  AAPLUSDT hedged with AAPL index (overnight): r=+0.997 [95% low +0.996], optimal ratio 1.001 removes 99.3% of variance, one-for-one removes 99.3%, n=331
  AAPLUSDT hedged with AAPL index (rth): r=+0.999 [95% low +0.999], optimal ratio 0.989 removes 99.8% of variance, one-for-one removes 99.8%, n=251
  AAPLUSDT hedged with AAPL index (weekend): r=+0.991 [95% low +0.990], optimal ratio 1.005 removes 98.3% of variance, one-for-one removes 98.3%, n=416
  MSFTUSDT hedged with MSFT index (all): r=+0.991 [95% low +0.990], optimal ratio 0.990 removes 98.2% of variance, one-for-one removes 98.2%, n=1438
  MSFTUSDT hedged with MSFT index (extended): r=+0.998 [95% low +0.997], optimal ratio 0.994 removes 99.6% of variance, one-for-one removes 99.6%, n=413
  MSFTUSDT hedged with MSFT index (overnight): r=+0.995 [95% low +0.994], optimal ratio 0.993 removes 99.1% of variance, one-for-one removes 99.1%, n=331
  MSFTUSDT hedged with MSFT index (rth): r=+0.999 [95% low +0.998], optimal ratio 0.986 removes 99.8% of variance, one-for-one removes 99.7%, n=251
  MSFTUSDT hedged with MSFT index (weekend): r=+0.996 [95% low +0.995], optimal ratio 1.006 removes 99.1% of variance, one-for-one removes 99.1%, n=416
  METAUSDT hedged with META index (all): r=+0.994 [95% low +0.993], optimal ratio 0.990 removes 98.8% of variance, one-for-one removes 98.7%, n=1438
  METAUSDT hedged with META index (extended): r=+0.998 [95% low +0.998], optimal ratio 0.988 removes 99.7% of variance, one-for-one removes 99.7%, n=413
  METAUSDT hedged with META index (overnight): r=+0.997 [95% low +0.996], optimal ratio 1.005 removes 99.4% of variance, one-for-one removes 99.4%, n=331
  METAUSDT hedged with META index (rth): r=+0.999 [95% low +0.999], optimal ratio 0.997 removes 99.8% of variance, one-for-one removes 99.8%, n=251
  METAUSDT hedged with META index (weekend): r=+0.998 [95% low +0.998], optimal ratio 1.002 removes 99.6% of variance, one-for-one removes 99.6%, n=416
  GOOGLUSDT hedged with GOOGL index (all): r=+0.983 [95% low +0.981], optimal ratio 0.985 removes 96.6% of variance, one-for-one removes 96.5%, n=1438
  GOOGLUSDT hedged with GOOGL index (extended): r=+0.998 [95% low +0.997], optimal ratio 0.996 removes 99.5% of variance, one-for-one removes 99.5%, n=413
  GOOGLUSDT hedged with GOOGL index (overnight): r=+0.995 [95% low +0.994], optimal ratio 1.008 removes 99.0% of variance, one-for-one removes 99.0%, n=331
  GOOGLUSDT hedged with GOOGL index (rth): r=+0.999 [95% low +0.999], optimal ratio 0.988 removes 99.8% of variance, one-for-one removes 99.8%, n=251
  GOOGLUSDT hedged with GOOGL index (weekend): r=+0.989 [95% low +0.987], optimal ratio 1.008 removes 97.8% of variance, one-for-one removes 97.8%, n=416
  AMZNUSDT: no basis history (HistoryError)
  COINUSDT hedged with COIN index (all): r=+0.988 [95% low +0.987], optimal ratio 0.996 removes 97.7% of variance, one-for-one removes 97.7%, n=1438
  COINUSDT hedged with COIN index (extended): r=+0.998 [95% low +0.998], optimal ratio 0.996 removes 99.6% of variance, one-for-one removes 99.6%, n=413
  COINUSDT hedged with COIN index (overnight): r=+0.995 [95% low +0.994], optimal ratio 0.996 removes 99.1% of variance, one-for-one removes 99.1%, n=331
  COINUSDT hedged with COIN index (rth): r=+1.000 [95% low +0.999], optimal ratio 0.996 removes 99.9% of variance, one-for-one removes 99.9%, n=251
  COINUSDT hedged with COIN index (weekend): r=+0.997 [95% low +0.996], optimal ratio 0.998 removes 99.4% of variance, one-for-one removes 99.4%, n=416
  MSTRUSDT hedged with MSTR index (all): r=+0.984 [95% low +0.983], optimal ratio 0.995 removes 96.9% of variance, one-for-one removes 96.9%, n=1438
  MSTRUSDT hedged with MSTR index (extended): r=+0.999 [95% low +0.999], optimal ratio 0.994 removes 99.8% of variance, one-for-one removes 99.8%, n=413
  MSTRUSDT hedged with MSTR index (overnight): r=+0.994 [95% low +0.992], optimal ratio 0.991 removes 98.7% of variance, one-for-one removes 98.7%, n=331
  MSTRUSDT hedged with MSTR index (rth): r=+1.000 [95% low +1.000], optimal ratio 0.996 removes 99.9% of variance, one-for-one removes 99.9%, n=251
  MSTRUSDT hedged with MSTR index (weekend): r=+0.996 [95% low +0.996], optimal ratio 1.000 removes 99.3% of variance, one-for-one removes 99.3%, n=416
  QQQUSDT hedged with QQQ index (all): r=+0.973 [95% low +0.971], optimal ratio 0.979 removes 94.7% of variance, one-for-one removes 94.7%, n=1438
  QQQUSDT hedged with QQQ index (extended): r=+0.996 [95% low +0.995], optimal ratio 0.985 removes 99.2% of variance, one-for-one removes 99.2%, n=413
  QQQUSDT hedged with QQQ index (overnight): r=+0.992 [95% low +0.991], optimal ratio 1.006 removes 98.5% of variance, one-for-one removes 98.5%, n=331
  QQQUSDT hedged with QQQ index (rth): r=+0.998 [95% low +0.998], optimal ratio 0.991 removes 99.7% of variance, one-for-one removes 99.7%, n=251
  QQQUSDT hedged with QQQ index (weekend): r=+0.989 [95% low +0.987], optimal ratio 1.003 removes 97.9% of variance, one-for-one removes 97.9%, n=416
  TQQQUSDT hedged with TQQQ index (all): r=+0.978 [95% low +0.976], optimal ratio 0.991 removes 95.7% of variance, one-for-one removes 95.7%, n=1438
  TQQQUSDT hedged with TQQQ index (extended): r=+0.998 [95% low +0.997], optimal ratio 0.988 removes 99.6% of variance, one-for-one removes 99.6%, n=413
  TQQQUSDT hedged with TQQQ index (overnight): r=+0.990 [95% low +0.988], optimal ratio 1.006 removes 98.1% of variance, one-for-one removes 98.1%, n=331
  TQQQUSDT hedged with TQQQ index (rth): r=+0.999 [95% low +0.998], optimal ratio 0.994 removes 99.8% of variance, one-for-one removes 99.8%, n=251
  TQQQUSDT hedged with TQQQ index (weekend): r=+0.991 [95% low +0.989], optimal ratio 1.008 removes 98.1% of variance, one-for-one removes 98.1%, n=416
  SQQQUSDT hedged with SQQQ index (all): r=+0.973 [95% low +0.970], optimal ratio 0.989 removes 94.6% of variance, one-for-one removes 94.6%, n=1438
  SQQQUSDT hedged with SQQQ index (extended): r=+0.996 [95% low +0.995], optimal ratio 0.983 removes 99.1% of variance, one-for-one removes 99.1%, n=413
  SQQQUSDT hedged with SQQQ index (overnight): r=+0.990 [95% low +0.987], optimal ratio 1.015 removes 98.0% of variance, one-for-one removes 97.9%, n=331
  SQQQUSDT hedged with SQQQ index (rth): r=+0.996 [95% low +0.995], optimal ratio 1.000 removes 99.2% of variance, one-for-one removes 99.2%, n=251
  SQQQUSDT hedged with SQQQ index (weekend): r=+0.993 [95% low +0.991], optimal ratio 1.006 removes 98.5% of variance, one-for-one removes 98.5%, n=416

55 measurement(s) written to argus\data\hedge_effectiveness.json
effectiveness_exit=0
{
  "ran_at": "2026-09-27T13:43:32.045123+00:00",
  "decisions_written": [
    {
      "seq": 751,
      "symbol": "NVDAUSDT",
      "verdict": "no_trade",
      "quantity": "0",
      "confidence": 0.74,
      "attests_llm_decided": true,
      "notes_written": 23,
      "protocol": {
        "digest": "sha256:d403d741144df7513e4dbb69fd254b6b95f6a7aba3b7aeba26fd959fc26dbfb8",
        "version": 3,
        "reduced_this_decision": false
      },
      "flags": [
        "[conflict:conviction] event (neutral) vs sentiment (neutral), gap 0.37 \u2014 event dominates: confidence 0.72 against 0.35"
      ],
      "fill": "confirmed_unfilled",
      "fill_alarm": false
    },
    {
      "seq": 752,
      "symbol": "TSLAUSDT",
      "verdict": "no_trade",
      "quantity": "0",
      "confidence": 0.62,
      "attests_llm_decided": true,
      "notes_written": 26,
      "protocol": {
        "digest": "sha256:d403d741144df7513e4dbb69fd254b6b95f6a7aba3b7aeba26fd959fc26dbfb8",
        "version": 3,
        "reduced_this_decision": false
      },
      "flags": [
        "[conflict:conviction] sentiment (bearish) vs earnings (bearish), gap 0.20 \u2014 earnings dominates: confidence 0.62 against 0.42",
        "[grounding] 2 of 8 figure(s) do not resolve to anything the desk was given: 0.37%, 1.54%",
        "[grounding] an unattributable number in a thesis is the easiest place for an unsupported fact to enter the record"
      ],
      "fill": "confirmed_unfilled",
      "fill_alarm": false
    },
    {
      "seq": 753,
      "symbol": "AAPLUSDT",
      "verdict": "no_trade",
      "quantity": "0",
      "confidence": 0.62,
      "attests_llm_decided": true,
      "notes_written": 25,
      "protocol": {
        "digest": "sha256:d403d741144df7513e4dbb69fd254b6b95f6a7aba3b7aeba26fd959fc26dbfb8",
        "version": 3,
        "reduced_this_decision": false
      },
      "flags": [
        "[conflict:direction] event (bearish) vs earnings (bullish), gap 15.00 \u2014 earnings dominates: confidence 0.72 against 0.25",
        "[grounding] 1 of 12 figure(s) do not resolve to anything the desk was given: 8.80 bps",
        "[grounding] an unattributable number in a thesis is the easiest place for an unsupported fact to enter the record"
      ],
      "fill": "confirmed_unfilled",
      "fill_alarm": false
    },
    {
      "seq": 754,
      "symbol": "MSFTUSDT",
      "verdict": "no_trade",
      "quantity": "0",
      "confidence": 0.72,
      "attests_llm_decided": true,
      "notes_written": 27,
      "protocol": {
        "digest": "sha256:d403d741144df7513e4dbb69fd254b6b95f6a7aba3b7aeba26fd959fc26dbfb8",
        "version": 3,
        "reduced_this_decision": false
      },
      "flags": [
        "[conflict:conviction] sentiment (bullish) vs earnings (bullish), gap 0.37 \u2014 earnings dominates: confidence 0.72 against 0.35",
        "[grounding] 1 of 10 figure(s) do not resolve to anything the desk was given: 16.6 bps",
        "[grounding] an unattributable number in a thesis is the easiest place for an unsupported fact to enter the record"
      ],
      "fill": "confirmed_unfilled",
      "fill_alarm": false
    },
    {
      "seq": 755,
      "symbol": "METAUSDT",
      "verdict": "no_trade",
      "quantity": "0",
      "confidence": 0.58,
      "attests_llm_decided": true,
      "notes_written": 23,
      "protocol": {
        "digest": "sha256:d403d741144df7513e4dbb69fd254b6b95f6a7aba3b7aeba26fd959fc26dbfb8",
        "version": 3,
        "reduced_this_decision": false
      },
      "flags": [],
      "fill": "confirmed_unfilled",
      "fill_alarm": false
    },
    {
      "seq": 756,
      "symbol": "GOOGLUSDT",
      "verdict": "no_trade",
      "quantity": "0",
      "confidence": 0.72,
      "attests_llm_decided": true,
      "notes_written": 23,
      "protocol": {
        "digest": "sha256:d403d741144df7513e4dbb69fd254b6b95f6a7aba3b7aeba26fd959fc26dbfb8",
        "version": 3,
        "reduced_this_decision": false
      },
      "flags": [
        "[conflict:conviction] sentiment (bullish) vs earnings (bullish), gap 0.37 \u2014 earnings dominates: confidence 0.72 against 0.35"
      ],
      "fill": "confirmed_unfilled",
      "fill_alarm": false
    },
    {
      "seq": 757,
      "symbol": "AMZNUSDT",
      "verdict": "no_trade",
      "quantity": "0",
      "confidence": 0.68,
      "attests_llm_decided": true,
      "notes_written": 26,
      "protocol": {
        "digest": "sha256:d403d741144df7513e4dbb69fd254b6b95f6a7aba3b7aeba26fd959fc26dbfb8",
        "version": 3,
        "reduced_this_decision": false
      },
      "flags": [
        "[grounding] 1 of 6 figure(s) do not resolve to anything the desk was given: 0.012%",
        "[grounding] an unattributable number in a thesis is the easiest place for an unsupported fact to enter the record"
      ],
      "fill": "confirmed_unfilled",
      "fill_alarm": false
    },
    {
      "seq": 758,
      "symbol": "COINUSDT",
      "verdict": "no_trade",
      "quantity": "0",
      "confidence": 0.62,
      "attests_llm_decided": true,
      "notes_written": 23,
      "protocol": {
        "digest": "sha256:d403d741144df7513e4dbb69fd254b6b95f6a7aba3b7aeba26fd959fc26dbfb8",
        "version": 3,
        "reduced_this_decision": false
      },
      "flags": [],
      "fill": "confirmed_unfilled",
      "fill_alarm": false
    },
    {
      "seq": 759,
      "symbol": "MSTRUSDT",
      "verdict": "no_trade",
      "quantity": "0",
      "confidence": 0.62,
      "attests_llm_decided": true,
      "notes_written": 27,
      "protocol": {
        "digest": "sha256:d403d741144df7513e4dbb69fd254b6b95f6a7aba3b7aeba26fd959fc26dbfb8",
        "version": 3,
        "reduced_this_decision": false
      },
      "flags": [
        "[conflict:direction] event (bearish) vs sentiment (bullish), gap 182.00 \u2014 event dominates: confidence 0.72 against 0.38",
        "[conflict:magnitude] event (bearish) vs earnings (bearish), gap 101.00 \u2014 earnings dominates: 7 distinct sources against 6",
        "[conflict:direction] sentiment (bullish) vs earnings (bearish), gap 81.00 \u2014 earnings dominates: confidence 0.62 against 0.38",
        "[grounding] 1 of 8 figure(s) do not resolve to anything the desk was given: 195bps",
        "[grounding] an unattributable number in a thesis is the easiest place for an unsupported fact to enter the record"
      ],
      "fill": "confirmed_unfilled",
      "fill_alarm": false
    },
    {
      "seq": 760,
      "symbol": "QQQUSDT",
      "verdict": "no_trade",
      "quantity": "0",
      "confidence": 0.72,
      "attests_llm_decided": true,
      "notes_written": 25,
      "protocol": {
        "digest": "sha256:d403d741144df7513e4dbb69fd254b6b95f6a7aba3b7aeba26fd959fc26dbfb8",
        "version": 3,
        "reduced_this_decision": false
      },
      "flags": [],
      "fill": "confirmed_unfilled",
      "fill_alarm": false
    },
    {
      "seq": 761,
      "symbol": "TQQQUSDT",
      "verdict": "no_trade",
      "quantity": "0",
      "confidence": 0.8,
      "attests_llm_decided": true,
      "notes_written": 23,
      "protocol": {
        "digest": "sha256:d403d741144df7513e4dbb69fd254b6b95f6a7aba3b7aeba26fd959fc26dbfb8",
        "version": 3,
        "reduced_this_decision": false
      },
      "flags": [],
      "fill": "confirmed_unfilled",
      "fill_alarm": false
    }
  ],
  "settled_this_cycle": [],
  "marked_this_cycle": [
    {
      "seq": 741,
      "symbol": "NVDAUSDT",
      "horizon_hours": 18.0279,
      "move_bps": "26.2491",
      "lean": "up"
    },
    {
      "seq": 742,
      "symbol": "TSLAUSDT",
      "horizon_hours": 18.0279,
      "move_bps": "25.7697",
      "lean": "down"
    },
    {
      "seq": 743,
      "symbol": "AAPLUSDT",
      "horizon_hours": 18.0279,
      "move_bps": "4.7027",
      "lean": "up"
    },
    {
      "seq": 744,
      "symbol": "MSFTUSDT",
      "horizon_hours": 18.0279,
      "move_bps": "9.0718",
      "lean": "up"
    },
    {
      "seq": 745,
      "symbol": "METAUSDT",
      "horizon_hours": 18.0279,
      "move_bps": "16.1646",
      "lean": "down"
    },
    {
      "seq": 746,
      "symbol": "GOOGLUSDT",
      "horizon_hours": 18.0279,
      "move_bps": "4.9427",
      "lean": "up"
    },
    {
      "seq": 747,
      "symbol": "AMZNUSDT",
      "horizon_hours": 18.0279,
      "move_bps": "1.2021",
      "lean": "up"
    },
    {
      "seq": 748,
      "symbol": "COINUSDT",
      "horizon_hours": 18.0279,
      "move_bps": "78.1170",
      "lean": "down"
    },
    {
      "seq": 749,
      "symbol": "MSTRUSDT",
      "horizon_hours": 18.0279,
      "move_bps": "148.1017",
      "lean": "down"
    },
    {
      "seq": 750,
      "symbol": "QQQUSDT",
      "horizon_hours": 18.0279,
      "move_bps": "6.3085",
      "lean": "up"
    }
  ],
  "tokens_spent": 305674,
  "unreported_calls": 0,
  "token_budget": 330000,
  "stopped_early": "stopped after 11 of 12 symbol(s): 24326 token(s) left of 330000, below the 25000 a symbol costs. The symbols not reached were not decided, and no decision was recorded for them.",
  "chain": {
    "entries": 761,
    "chain_intact": true,
    "links_intact": true,
    "first_break_at": null,
    "truncated": false,
    "anchor": "anchor agrees with the log",
    "head_hash": "9d49a367d7900272",
    "tampered_settlements": [],
    "unsealed_settlements": []
  },
  "protocol": "argus-paper-v1 v3 (sha256:d403d741144df7513e4dbb69fd254b6b95f6a7aba3b7aeba26fd959fc26dbfb8)",
  "resumed": [],
  "fill_alarms": []
}
exit=0

cycle 58: 5 claim(s) on TQQQUSDT, head 797d7f21f2176ae9
    resolves 2026-09-28T14:22
    resolves 2026-09-30T14:22
    resolves 2026-10-04T14:22
    resolves 2026-10-11T14:22
    resolves 2026-10-27T14:22

  143 claim(s) resolve inside the window and 207 are still open when it starts
cadence_exit=0
3 claim(s) resolved this run
  Γ£ù COINUSDT abs_move_above_bps 376.66 by 2026-09-27T14:16 (p=0.60) [f7988365dfd0]  observed |237.24| = 237.24
  Γ£ô SQQQUSDT abs_move_above_bps 131.83 by 2026-09-27T14:14 (p=0.60) [8d41f17d6015]  observed |-329.14| = 329.14
  Γ£ù GOOGLUSDT abs_move_above_bps 47.22 by 2026-09-26T20:27 (p=0.60) [12b67a4abbf3]  observed |-21.77| = 21.77

REGISTER ΓÇö 296 claim(s), 147 resolved, 147 pending, 2 unresolvable
  argus                 147 resolved  Brier 0.2197  hit rate 70%

  THE WALL ΓÇö 44 claim(s) we got wrong, most confident first:
    Γ£ù NVDAUSDT abs_move_above_bps 45.46 by 2026-09-15T09:21 (p=0.60) [381cbc033f4b]  observed |12.25| = 12.25
    Γ£ù TSLAUSDT abs_move_above_bps 50.23 by 2026-09-15T09:21 (p=0.60) [c387181dd2e6]  observed |-5.58| = 5.58
    Γ£ù AAPLUSDT abs_move_above_bps 37.55 by 2026-09-15T09:21 (p=0.60) [2588c7bcd941]  observed |-12.37| = 12.37
    Γ£ù AMZNUSDT abs_move_above_bps 40.7 by 2026-09-15T09:21 (p=0.60) [d71b10a405eb]  observed |-32.76| = 32.76
    Γ£ù MSTRUSDT abs_move_above_bps 138.15 by 2026-09-15T09:21 (p=0.60) [919de6cb9750]  observed |-22.67| = 22.67
    Γ£ù TSLAUSDT abs_move_above_bps 50.28 by 2026-09-16T18:14 (p=0.60) [5eec2201b2a4]  observed |-13.14| = 13.14
    Γ£ù AAPLUSDT abs_move_above_bps 37.55 by 2026-09-16T20:11 (p=0.60) [4ae4dfa61cdf]  observed |33.15| = 33.15
    Γ£ù METAUSDT abs_move_above_bps 66.48 by 2026-09-17T16:11 (p=0.60) [fe99a2216199]  observed |41.36| = 41.36
    Γ£ù TQQQUSDT abs_move_above_bps 182.37 by 2026-09-17T18:17 (p=0.60) [394c43522a43]  observed |168.28| = 168.28
    Γ£ù QQQUSDT abs_move_above_bps 31.84 by 2026-09-18T18:10 (p=0.60) [933c2db4e3a6]  observed |14.50| = 14.50

written to argus\data\register_scoreboard.json
register_exit=0
CYCLE CHECK ΓÇö cycle_2026-09-27_1900.log

  PASS     exit_code
           process exited 0
  FAIL     symbols_decided
           11 of 12 symbols produced a decision
  FAIL     ran_to_completion
           stopped after 11 of 12 symbol(s): 24326 token(s) left of 330000, below the 25000 a symbol costs. The symbols not reached were not decided, and no decision was recorded for them.
  PASS     token_budget
           305,674 of 330,000 spent (93%)
  PASS     cumulative_tokens
           15,986,801 token(s) across 56 recorded cycle(s), 285,479 per cycle ΓÇö roughly 1,141,914/day at four cycles. The key's remaining balance is not observable from here; this is the burn rate, not a runway
  FAIL     budget_not_exhausted
           the budget ended the cycle before the guard had to ΓÇö stopped after 11 of 12 symbol(s): 24326 token(s) left of 330000, below the 25000 a symbol costs. The symbols not reached were not decided, and no decision was recorded for them.
  PASS     chain_intact
           the hash chain verified after the write
  PASS     leans_recorded
           11 of 11 row(s) carry a lean and a lean_confidence
  PASS     leans_gradeable
           11 of 11 decision(s) state a direction (8 up, 3 down, 0 none)
  PASS     verdicts_parsed
           every verdict parsed
  PASS     session
           session phase(s) seen: weekend  (anchor market shut)

  8/11 checks passed. FAILED ΓÇö symbols_decided: 11 of 12 symbols produced a decision; ran_to_completion: stopped after 11 of 12 symbol(s): 24326 token(s) left of 330000, below the 25000 a symbol costs. The symbols not reached were not decided, and no decision was recorded for them.; budget_not_exhausted: the budget ended the cycle before the guard had to ΓÇö stopped after 11 of 12 symbol(s): 24326 token(s) left of 330000, below the 25000 a symbol costs. The symbols not reached were not decided, and no decision was recorded for them.. The cycle ran with the anchor market shut, so it says nothing about whether this desk trades

written to argus\data\cycle_check.json
check_exit=1
REFUSAL ALPHA ù 517 mark(s)

  horizon              marks  directional  correct  coverage  accuracy  forgone
  about_2h               382          380      224   99.5%   58.9%    -6.9
  4h_to_12h                1            1        0  100.0%    0.0%   -51.7
  overnight_12h_plus     134          131       64   97.8%   48.9%   -15.8

  At the `about_2h` horizon: 224 of 380 directional calls went the right way. 95% interval (bootstrap over 34 decision cycles) 52.3% to 65.3%. It excludes a coin flip. But calling `up` every time was right 53.9% of the time, and cycle by cycle the lean beat that naive call 16 times and lost 11 (7 tied) ù so there is no evidence yet that the lean knows more than the direction of the tape. Median net edge forgone by standing aside: -6.9bps after a 12.0bps round trip ù refusing saved money on the typical decision.

written to argus\data\refusal_alpha.json

REASON AGAINST RECORD ù 759 refusal(s) on record; 387 carried at least one reason the record can check. Of 827 decision-time reason(s) graded, 827 agreed with the record and 0 contradicted it. `moves_enough` claims were borne out by the next ~2h move 46 of 64 time(s) (72%), against 70% for every ~2h refusal mark (one-sided exact binomial p = 0.44); no evidence the stated reason says more than the base rate does.
written to argus\data\refusal_reasons.json
refusal_exit=0
14 panel(s); 4 figure(s) not yet measurable
  unavailable: Sharpe ╖ drawdown ╖ win rate ╖ Sharpe
  unavailable: Sharpe ╖ drawdown ╖ win rate ╖ max drawdown
  unavailable: Sharpe ╖ drawdown ╖ win rate ╖ win rate
  unavailable: Search bake-off ╖ stable winner
written to argus\cockpit.html
cockpit_exit=0
publish_skipped: cycle check exit 1
