=== ARGUS paper cycle 2026-09-27_2100 ===
disk_free_gb=27
sampling MSTRUSDT for 90s (weekend)...

MARKOUT ΓÇö MSTRUSDT, 90s of weekend, 69 book sample(s), 74 print(s), 1% flagged RPI

   horizon  prints    median      mean     worst
        5s      73    +0.000    -0.013    -1.859
       15s      69    -3.097    -1.158    -4.336
       30s      16    +5.575    +4.298    -2.477
       60s       5    +6.198    +5.950    +5.269

  Resting on MSTRUSDT (weekend) cost a median 3.10bps of adverse selection over 15s across 69 print(s), worst 4.34bps. That exceeds the 2bps maker fee it would save, so passive execution is not free money here and `cost/model.py`'s refusal to credit the maker side stands

written to argus\data\markout.json
markout_exit=0
EXECUTABLE COST ΓÇö bps. 'quoted' is the full bid-ask spread; the size columns are
slippage against mid, taking the ask (a size inside the touch reads half 'quoted').

symbol         quoted      $1000      $5000     $25000    $100000
-----------------------------------------------------------------
NVDAUSDT         0.44       0.22       0.54       1.70       4.71
TSLAUSDT         1.61       1.10       1.99       3.88       6.96
AAPLUSDT         0.29       0.81       2.32       5.15       8.05
MSFTUSDT         1.74       2.48       2.74       5.89      11.20
METAUSDT         0.80       1.68       4.01       8.21      14.73
GOOGLUSDT        1.74       0.87       1.27       4.41       8.97
AMZNUSDT         0.80       2.09       4.47       6.03      14.20
COINUSDT         4.06       2.82       5.31       7.99      14.37
MSTRUSDT         0.62       0.56       1.30       3.61       8.75
QQQUSDT          0.13       0.12       0.67       1.90       4.16
TQQQUSDT         1.26       1.79       3.73       9.02      18.64
SQQQUSDT         8.86       4.43       4.43      12.96      41.50

12 book(s) written to argus\data\depth.json
depth_exit=0
recorded 12 snapshot(s) to argus\data\book_tape.jsonl

  744 snapshots over 316.615h: a near-touch level holds a median 3.015 contracts. **Change is reported per horizon, not pooled** ΓÇö a level moves a very different share of itself over 30 seconds than over an hour, and one median over both is a number about the sampling schedule rather than about the book. The shortest horizon with at least 100 observations is `under_30s`, where a level moves a median 24.0% of itself ΓÇö that is the figure the simulator should take, being nearest the per-event timescale it models. The attribution rule ΓÇö which side of a resting order a decrease came from ΓÇö is not in this data and cannot be, so it stays a swept assumption rather than a measurement.

written to argus\data\book_calibration.json
bookcalib_exit=0
  NVDAUSDT: extended=14.0 holiday=10.9 overnight=11.2 rth=31.5 weekend=4.5 | reopen=51.3 (1.6x rth, n=62)
      throttle now x1 ΓÇö the next 24 bar(s) are expected to move 16.2bps per bar against a 31.5bps regular-hours bar; no reduction, and this layer may not size up
  TSLAUSDT: extended=14.5 holiday=8.1 overnight=11.7 rth=36.5 weekend=5.8 | reopen=75.4 (2.1x rth, n=62)
      throttle now x1 ΓÇö the next 24 bar(s) are expected to move 20.8bps per bar against a 36.5bps regular-hours bar; no reduction, and this layer may not size up
  AAPLUSDT: extended=9.5 holiday=11.0 overnight=7.2 rth=23.0 weekend=5.0 | reopen=43.6 (1.9x rth, n=62)
      throttle now x1 ΓÇö the next 24 bar(s) are expected to move 12.8bps per bar against a 23.0bps regular-hours bar; no reduction, and this layer may not size up
  MSFTUSDT: extended=12.7 holiday=10.7 overnight=8.4 rth=25.4 weekend=5.1 | reopen=40.5 (1.6x rth, n=62)
      throttle now x1 ΓÇö the next 24 bar(s) are expected to move 13.4bps per bar against a 25.4bps regular-hours bar; no reduction, and this layer may not size up
  METAUSDT: extended=16.3 holiday=7.1 overnight=9.6 rth=36.8 weekend=6.2 | reopen=67.9 (1.8x rth, n=62)
      throttle now x1 ΓÇö the next 24 bar(s) are expected to move 19.9bps per bar against a 36.8bps regular-hours bar; no reduction, and this layer may not size up
  GOOGLUSDT: extended=13.6 holiday=7.1 overnight=8.8 rth=24.2 weekend=5.6 | reopen=45.1 (1.9x rth, n=62)
      throttle now x1 ΓÇö the next 24 bar(s) are expected to move 14.2bps per bar against a 24.2bps regular-hours bar; no reduction, and this layer may not size up
  AMZNUSDT: extended=12.8 holiday=6.6 overnight=7.1 rth=23.4 weekend=4.7 | reopen=38.3 (1.6x rth, n=62)
      throttle now x1 ΓÇö the next 24 bar(s) are expected to move 12.7bps per bar against a 23.4bps regular-hours bar; no reduction, and this layer may not size up
  COINUSDT: extended=28.1 holiday=22.5 overnight=19.2 rth=61.8 weekend=13.3 | reopen=95.4 (1.5x rth, n=62)
      throttle now x1 ΓÇö the next 24 bar(s) are expected to move 31.8bps per bar against a 61.8bps regular-hours bar; no reduction, and this layer may not size up
  MSTRUSDT: extended=36.7 holiday=42.1 overnight=29.7 rth=62.1 weekend=17.7 | reopen=102.2 (1.6x rth, n=62)
      throttle now x1 ΓÇö the next 24 bar(s) are expected to move 36.6bps per bar against a 62.1bps regular-hours bar; no reduction, and this layer may not size up
  QQQUSDT: extended=8.9 holiday=6.1 overnight=9.3 rth=14.4 weekend=3.5 | reopen=26.8 (1.9x rth, n=62)
      throttle now x1 ΓÇö the next 24 bar(s) are expected to move 9.2bps per bar against a 14.4bps regular-hours bar; no reduction, and this layer may not size up
  TQQQUSDT: extended=25.6 holiday=13.8 overnight=28.0 rth=43.7 weekend=8.8 | reopen=80.1 (1.8x rth, n=62)
      throttle now x1 ΓÇö the next 24 bar(s) are expected to move 27.1bps per bar against a 43.7bps regular-hours bar; no reduction, and this layer may not size up
  SQQQUSDT: extended=25.7 holiday=19.6 overnight=29.2 rth=43.9 weekend=8.0 | reopen=81.0 (1.8x rth, n=62)
      throttle now x1 ΓÇö the next 24 bar(s) are expected to move 27.3bps per bar against a 43.9bps regular-hours bar; no reduction, and this layer may not size up

12 profile(s) written to argus\data\session_risk.json
session_risk_exit=0
symbol        RTH bps/h  wknd bps/h  attenuation  anchor
NVDAUSDT          32.27        4.27         7.56  OK
TSLAUSDT          35.47        5.70         6.22  OK
AAPLUSDT          23.28        4.24         5.49  OK
MSFTUSDT          25.10        4.20         5.97  OK
METAUSDT          37.17        5.34         6.96  OK
GOOGLUSDT         25.90        5.14         5.04  OK
AMZNUSDT          24.52        4.00         6.14  OK
COINUSDT          62.96       11.96         5.27  OK
MSTRUSDT          62.65       17.42         3.60  OK
QQQUSDT           14.83        3.24         4.57  OK
TQQQUSDT          44.94        7.53         5.97  OK
SQQQUSDT          45.61        6.36         7.17  OK

  all 12 shipped instruments still attenuate past 2.5x when the anchor market shuts

written to argus\data\universe_validation.json
universe_exit=0
CPI dates: 13, FOMC decisions: 57 -> argus\data\event_calendar.json
  Wed 14 Oct 12:30 UTC  US CPI release
  Wed 28 Oct 18:00 UTC  FOMC rate decision
  Tue 10 Nov 13:30 UTC  US CPI release
calendar_exit=0
NVDAUSDT   CPI        11 events  +34.6bps, size x1.3
NVDAUSDT   FOMC        9 events  +41.1bps, size x1.52
NVDAUSDT   earnings    4 events  ù
TSLAUSDT   CPI        11 events  -52.2bps, size x1.21
TSLAUSDT   FOMC        8 events  +11.4bps, size x0.89
TSLAUSDT   earnings    8 events  -367.1bps, size x3.22
AAPLUSDT   CPI        11 events  +3.2bps, size x0.94
AAPLUSDT   FOMC        5 events  -0.6bps, size x1.08
AAPLUSDT   earnings    4 events  ù
MSFTUSDT   CPI        11 events  -46.4bps, size x1.04
MSFTUSDT   FOMC        4 events  ù
MSFTUSDT   earnings    4 events  ù
METAUSDT   CPI        11 events  -91.8bps, size x1.44
METAUSDT   FOMC        5 events  -16.4bps, size x1.09
METAUSDT   earnings    4 events  ù
GOOGLUSDT  CPI        11 events  -2.5bps, size x0.92
GOOGLUSDT  FOMC        7 events  -5.3bps, size x1.24
GOOGLUSDT  earnings    4 events  ù
AMZNUSDT   CPI        11 events  -40.5bps, size x1.19
AMZNUSDT   FOMC        6 events  +91.5bps, size x1.12
AMZNUSDT   earnings    4 events  ù
COINUSDT   CPI        10 events  +76.1bps, size x1.51
COINUSDT   FOMC        7 events  +120.3bps, size x2.48
COINUSDT   earnings    4 events  ù
MSTRUSDT   CPI        11 events  +72.5bps, size x1.62
MSTRUSDT   FOMC        7 events  -104.3bps, size x2.37
MSTRUSDT   earnings    5 events  +274.5bps, size x4.04
QQQUSDT    CPI        10 events  -16.9bps, size x0.81
QQQUSDT    FOMC        7 events  +71.4bps, size x1.68
TQQQUSDT   CPI         5 events  +6.5bps, size x0.3
TQQQUSDT   FOMC        4 events  ù
SQQQUSDT   CPI         5 events  +3.7bps, size x0.41
SQQQUSDT   FOMC        4 events  ù
written to argus\data\event_reactions.json
event_reactions_exit=0
495 macro readings written
macro_exit=0
  NVDAUSDT hedged with NVDA index (all): r=+0.987 [95% low +0.986], optimal ratio 0.980 removes 97.4% of variance, one-for-one removes 97.4%, n=1438
  NVDAUSDT hedged with NVDA index (extended): r=+0.998 [95% low +0.998], optimal ratio 0.990 removes 99.7% of variance, one-for-one removes 99.7%, n=413
  NVDAUSDT hedged with NVDA index (overnight): r=+0.993 [95% low +0.992], optimal ratio 0.990 removes 98.6% of variance, one-for-one removes 98.6%, n=331
  NVDAUSDT hedged with NVDA index (rth): r=+0.999 [95% low +0.999], optimal ratio 0.988 removes 99.8% of variance, one-for-one removes 99.8%, n=249
  NVDAUSDT hedged with NVDA index (weekend): r=+0.996 [95% low +0.995], optimal ratio 0.998 removes 99.3% of variance, one-for-one removes 99.3%, n=418
  TSLAUSDT hedged with TSLA index (all): r=+0.989 [95% low +0.988], optimal ratio 0.991 removes 97.8% of variance, one-for-one removes 97.8%, n=1438
  TSLAUSDT hedged with TSLA index (extended): r=+0.999 [95% low +0.998], optimal ratio 0.996 removes 99.7% of variance, one-for-one removes 99.7%, n=413
  TSLAUSDT hedged with TSLA index (overnight): r=+0.996 [95% low +0.995], optimal ratio 1.002 removes 99.2% of variance, one-for-one removes 99.2%, n=331
  TSLAUSDT hedged with TSLA index (rth): r=+0.999 [95% low +0.999], optimal ratio 0.996 removes 99.9% of variance, one-for-one removes 99.9%, n=249
  TSLAUSDT hedged with TSLA index (weekend): r=+0.989 [95% low +0.986], optimal ratio 0.995 removes 97.7% of variance, one-for-one removes 97.7%, n=418
  AAPLUSDT hedged with AAPL index (all): r=+0.989 [95% low +0.988], optimal ratio 0.983 removes 97.8% of variance, one-for-one removes 97.7%, n=1438
  AAPLUSDT hedged with AAPL index (extended): r=+0.997 [95% low +0.996], optimal ratio 0.983 removes 99.4% of variance, one-for-one removes 99.4%, n=413
  AAPLUSDT hedged with AAPL index (overnight): r=+0.997 [95% low +0.996], optimal ratio 1.001 removes 99.3% of variance, one-for-one removes 99.3%, n=331
  AAPLUSDT hedged with AAPL index (rth): r=+0.999 [95% low +0.999], optimal ratio 0.989 removes 99.8% of variance, one-for-one removes 99.8%, n=249
  AAPLUSDT hedged with AAPL index (weekend): r=+0.991 [95% low +0.990], optimal ratio 1.005 removes 98.3% of variance, one-for-one removes 98.3%, n=418
  MSFTUSDT hedged with MSFT index (all): r=+0.991 [95% low +0.990], optimal ratio 0.990 removes 98.2% of variance, one-for-one removes 98.2%, n=1438
  MSFTUSDT hedged with MSFT index (extended): r=+0.998 [95% low +0.997], optimal ratio 0.994 removes 99.6% of variance, one-for-one removes 99.6%, n=413
  MSFTUSDT hedged with MSFT index (overnight): r=+0.995 [95% low +0.994], optimal ratio 0.993 removes 99.1% of variance, one-for-one removes 99.1%, n=331
  MSFTUSDT hedged with MSFT index (rth): r=+0.999 [95% low +0.998], optimal ratio 0.986 removes 99.8% of variance, one-for-one removes 99.7%, n=249
  MSFTUSDT hedged with MSFT index (weekend): r=+0.996 [95% low +0.995], optimal ratio 1.006 removes 99.1% of variance, one-for-one removes 99.1%, n=418
  METAUSDT hedged with META index (all): r=+0.994 [95% low +0.993], optimal ratio 0.990 removes 98.8% of variance, one-for-one removes 98.7%, n=1438
  METAUSDT hedged with META index (extended): r=+0.998 [95% low +0.998], optimal ratio 0.988 removes 99.7% of variance, one-for-one removes 99.7%, n=413
  METAUSDT hedged with META index (overnight): r=+0.997 [95% low +0.996], optimal ratio 1.005 removes 99.4% of variance, one-for-one removes 99.4%, n=331
  METAUSDT hedged with META index (rth): r=+0.999 [95% low +0.999], optimal ratio 0.997 removes 99.8% of variance, one-for-one removes 99.8%, n=249
  METAUSDT hedged with META index (weekend): r=+0.998 [95% low +0.998], optimal ratio 1.002 removes 99.6% of variance, one-for-one removes 99.6%, n=418
  GOOGLUSDT hedged with GOOGL index (all): r=+0.982 [95% low +0.981], optimal ratio 0.984 removes 96.5% of variance, one-for-one removes 96.5%, n=1438
  GOOGLUSDT hedged with GOOGL index (extended): r=+0.998 [95% low +0.997], optimal ratio 0.996 removes 99.5% of variance, one-for-one removes 99.5%, n=413
  GOOGLUSDT hedged with GOOGL index (overnight): r=+0.995 [95% low +0.994], optimal ratio 1.008 removes 99.0% of variance, one-for-one removes 99.0%, n=331
  GOOGLUSDT hedged with GOOGL index (rth): r=+0.999 [95% low +0.998], optimal ratio 0.987 removes 99.8% of variance, one-for-one removes 99.7%, n=249
  GOOGLUSDT hedged with GOOGL index (weekend): r=+0.989 [95% low +0.986], optimal ratio 1.008 removes 97.8% of variance, one-for-one removes 97.8%, n=418
  AMZNUSDT hedged with AMZN index (all): r=+0.989 [95% low +0.988], optimal ratio 0.996 removes 97.8% of variance, one-for-one removes 97.8%, n=1438
  AMZNUSDT hedged with AMZN index (extended): r=+0.997 [95% low +0.997], optimal ratio 1.004 removes 99.5% of variance, one-for-one removes 99.4%, n=413
  AMZNUSDT hedged with AMZN index (overnight): r=+0.998 [95% low +0.997], optimal ratio 1.004 removes 99.5% of variance, one-for-one removes 99.5%, n=331
  AMZNUSDT hedged with AMZN index (rth): r=+0.999 [95% low +0.998], optimal ratio 0.989 removes 99.7% of variance, one-for-one removes 99.7%, n=249
  AMZNUSDT hedged with AMZN index (weekend): r=+0.991 [95% low +0.989], optimal ratio 0.999 removes 98.2% of variance, one-for-one removes 98.2%, n=418
  COINUSDT hedged with COIN index (all): r=+0.988 [95% low +0.987], optimal ratio 0.996 removes 97.7% of variance, one-for-one removes 97.7%, n=1438
  COINUSDT hedged with COIN index (extended): r=+0.998 [95% low +0.998], optimal ratio 0.996 removes 99.6% of variance, one-for-one removes 99.6%, n=413
  COINUSDT hedged with COIN index (overnight): r=+0.995 [95% low +0.994], optimal ratio 0.996 removes 99.1% of variance, one-for-one removes 99.1%, n=331
  COINUSDT hedged with COIN index (rth): r=+1.000 [95% low +0.999], optimal ratio 0.996 removes 99.9% of variance, one-for-one removes 99.9%, n=249
  COINUSDT hedged with COIN index (weekend): r=+0.997 [95% low +0.996], optimal ratio 0.998 removes 99.4% of variance, one-for-one removes 99.4%, n=418
  MSTRUSDT hedged with MSTR index (all): r=+0.984 [95% low +0.983], optimal ratio 0.995 removes 96.9% of variance, one-for-one removes 96.9%, n=1438
  MSTRUSDT hedged with MSTR index (extended): r=+0.999 [95% low +0.999], optimal ratio 0.994 removes 99.8% of variance, one-for-one removes 99.8%, n=413
  MSTRUSDT hedged with MSTR index (overnight): r=+0.994 [95% low +0.992], optimal ratio 0.991 removes 98.7% of variance, one-for-one removes 98.7%, n=331
  MSTRUSDT hedged with MSTR index (rth): r=+1.000 [95% low +1.000], optimal ratio 0.996 removes 99.9% of variance, one-for-one removes 99.9%, n=249
  MSTRUSDT hedged with MSTR index (weekend): r=+0.996 [95% low +0.996], optimal ratio 1.000 removes 99.3% of variance, one-for-one removes 99.3%, n=418
  QQQUSDT hedged with QQQ index (all): r=+0.973 [95% low +0.970], optimal ratio 0.979 removes 94.7% of variance, one-for-one removes 94.7%, n=1438
  QQQUSDT hedged with QQQ index (extended): r=+0.996 [95% low +0.995], optimal ratio 0.985 removes 99.2% of variance, one-for-one removes 99.2%, n=413
  QQQUSDT hedged with QQQ index (overnight): r=+0.992 [95% low +0.991], optimal ratio 1.006 removes 98.5% of variance, one-for-one removes 98.5%, n=331
  QQQUSDT hedged with QQQ index (rth): r=+0.998 [95% low +0.998], optimal ratio 0.992 removes 99.7% of variance, one-for-one removes 99.7%, n=249
  QQQUSDT hedged with QQQ index (weekend): r=+0.989 [95% low +0.987], optimal ratio 1.003 removes 97.9% of variance, one-for-one removes 97.9%, n=418
  TQQQUSDT hedged with TQQQ index (all): r=+0.978 [95% low +0.976], optimal ratio 0.992 removes 95.7% of variance, one-for-one removes 95.7%, n=1438
  TQQQUSDT hedged with TQQQ index (extended): r=+0.998 [95% low +0.997], optimal ratio 0.988 removes 99.6% of variance, one-for-one removes 99.6%, n=413
  TQQQUSDT hedged with TQQQ index (overnight): r=+0.990 [95% low +0.988], optimal ratio 1.006 removes 98.1% of variance, one-for-one removes 98.1%, n=331
  TQQQUSDT hedged with TQQQ index (rth): r=+0.999 [95% low +0.998], optimal ratio 0.994 removes 99.8% of variance, one-for-one removes 99.8%, n=249
  TQQQUSDT hedged with TQQQ index (weekend): r=+0.991 [95% low +0.989], optimal ratio 1.008 removes 98.1% of variance, one-for-one removes 98.1%, n=418
  SQQQUSDT hedged with SQQQ index (all): r=+0.972 [95% low +0.970], optimal ratio 0.988 removes 94.6% of variance, one-for-one removes 94.6%, n=1438
  SQQQUSDT hedged with SQQQ index (extended): r=+0.996 [95% low +0.995], optimal ratio 0.983 removes 99.1% of variance, one-for-one removes 99.1%, n=413
  SQQQUSDT hedged with SQQQ index (overnight): r=+0.990 [95% low +0.987], optimal ratio 1.015 removes 98.0% of variance, one-for-one removes 97.9%, n=331
  SQQQUSDT hedged with SQQQ index (rth): r=+0.996 [95% low +0.995], optimal ratio 1.000 removes 99.2% of variance, one-for-one removes 99.2%, n=249
  SQQQUSDT hedged with SQQQ index (weekend): r=+0.993 [95% low +0.991], optimal ratio 1.006 removes 98.5% of variance, one-for-one removes 98.5%, n=418

60 measurement(s) written to argus\data\hedge_effectiveness.json
effectiveness_exit=0
{
  "ran_at": "2026-09-27T15:46:11.441938+00:00",
  "decisions_written": [
    {
      "seq": 762,
      "symbol": "NVDAUSDT",
      "verdict": "no_trade",
      "quantity": "0",
      "confidence": 0.62,
      "attests_llm_decided": true,
      "notes_written": 22,
      "protocol": {
        "digest": "sha256:d403d741144df7513e4dbb69fd254b6b95f6a7aba3b7aeba26fd959fc26dbfb8",
        "version": 3,
        "reduced_this_decision": false
      },
      "flags": [
        "[conflict:direction] event (bearish) vs earnings (bullish), gap 15.00 \u2014 earnings dominates: confidence 0.72 against 0.25"
      ],
      "fill": "confirmed_unfilled",
      "fill_alarm": false
    },
    {
      "seq": 763,
      "symbol": "TSLAUSDT",
      "verdict": "no_trade",
      "quantity": "0",
      "confidence": 0.72,
      "attests_llm_decided": true,
      "notes_written": 24,
      "protocol": {
        "digest": "sha256:d403d741144df7513e4dbb69fd254b6b95f6a7aba3b7aeba26fd959fc26dbfb8",
        "version": 3,
        "reduced_this_decision": false
      },
      "flags": [
        "[conflict:conviction] sentiment (neutral) vs cross_asset (neutral), gap 0.35 \u2014 cross_asset dominates: confidence 0.90 against 0.55"
      ],
      "fill": "confirmed_unfilled",
      "fill_alarm": false
    },
    {
      "seq": 764,
      "symbol": "AAPLUSDT",
      "verdict": "no_trade",
      "quantity": "0",
      "confidence": 0.62,
      "attests_llm_decided": true,
      "notes_written": 22,
      "protocol": {
        "digest": "sha256:d403d741144df7513e4dbb69fd254b6b95f6a7aba3b7aeba26fd959fc26dbfb8",
        "version": 3,
        "reduced_this_decision": false
      },
      "flags": [
        "[conflict:direction] sentiment (bearish) vs earnings (bullish), gap 10.00 \u2014 earnings dominates: confidence 0.72 against 0.45"
      ],
      "fill": "confirmed_unfilled",
      "fill_alarm": false
    },
    {
      "seq": 765,
      "symbol": "MSFTUSDT",
      "verdict": "no_trade",
      "quantity": "0",
      "confidence": 0.72,
      "attests_llm_decided": true,
      "notes_written": 22,
      "protocol": {
        "digest": "sha256:d403d741144df7513e4dbb69fd254b6b95f6a7aba3b7aeba26fd959fc26dbfb8",
        "version": 3,
        "reduced_this_decision": false
      },
      "flags": [
        "[conflict:direction] sentiment (bullish) vs earnings (bearish), gap 31.00 \u2014 earnings dominates: confidence 0.62 against 0.45"
      ],
      "fill": "confirmed_unfilled",
      "fill_alarm": false
    },
    {
      "seq": 766,
      "symbol": "METAUSDT",
      "verdict": "no_trade",
      "quantity": "0",
      "confidence": 0.62,
      "attests_llm_decided": true,
      "notes_written": 24,
      "protocol": {
        "digest": "sha256:d403d741144df7513e4dbb69fd254b6b95f6a7aba3b7aeba26fd959fc26dbfb8",
        "version": 3,
        "reduced_this_decision": false
      },
      "flags": [],
      "fill": "confirmed_unfilled",
      "fill_alarm": false
    },
    {
      "seq": 767,
      "symbol": "GOOGLUSDT",
      "verdict": "no_trade",
      "quantity": "0",
      "confidence": 0.74,
      "attests_llm_decided": true,
      "notes_written": 22,
      "protocol": {
        "digest": "sha256:d403d741144df7513e4dbb69fd254b6b95f6a7aba3b7aeba26fd959fc26dbfb8",
        "version": 3,
        "reduced_this_decision": false
      },
      "flags": [
        "[conflict:conviction] event (neutral) vs sentiment (neutral), gap 0.37 \u2014 event dominates: confidence 0.72 against 0.35"
      ],
      "fill": "confirmed_unfilled",
      "fill_alarm": false
    },
    {
      "seq": 768,
      "symbol": "AMZNUSDT",
      "verdict": "no_trade",
      "quantity": "0",
      "confidence": 0.68,
      "attests_llm_decided": true,
      "notes_written": 24,
      "protocol": {
        "digest": "sha256:d403d741144df7513e4dbb69fd254b6b95f6a7aba3b7aeba26fd959fc26dbfb8",
        "version": 3,
        "reduced_this_decision": false
      },
      "flags": [
        "[conflict:conviction] sentiment (bullish) vs earnings (bullish), gap 0.37 \u2014 earnings dominates: confidence 0.72 against 0.35"
      ],
      "fill": "confirmed_unfilled",
      "fill_alarm": false
    },
    {
      "seq": 769,
      "symbol": "COINUSDT",
      "verdict": "no_trade",
      "quantity": "0",
      "confidence": 0.72,
      "attests_llm_decided": true,
      "notes_written": 25,
      "protocol": {
        "digest": "sha256:d403d741144df7513e4dbb69fd254b6b95f6a7aba3b7aeba26fd959fc26dbfb8",
        "version": 3,
        "reduced_this_decision": false
      },
      "flags": [],
      "fill": "confirmed_unfilled",
      "fill_alarm": false
    },
    {
      "seq": 770,
      "symbol": "MSTRUSDT",
      "verdict": "no_trade",
      "quantity": "0",
      "confidence": 0.62,
      "attests_llm_decided": true,
      "notes_written": 23,
      "protocol": {
        "digest": "sha256:d403d741144df7513e4dbb69fd254b6b95f6a7aba3b7aeba26fd959fc26dbfb8",
        "version": 3,
        "reduced_this_decision": false
      },
      "flags": [
        "[conflict:direction] event (bearish) vs sentiment (bullish), gap 178.00 \u2014 event dominates: confidence 0.62 against 0.45",
        "[conflict:magnitude] event (bearish) vs earnings (bearish), gap 171.00 \u2014 earnings dominates: 9 distinct sources against 6",
        "[conflict:direction] sentiment (bullish) vs earnings (bearish), gap 7.00 \u2014 earnings dominates: confidence 0.55 against 0.45"
      ],
      "fill": "confirmed_unfilled",
      "fill_alarm": false
    },
    {
      "seq": 771,
      "symbol": "QQQUSDT",
      "verdict": "no_trade",
      "quantity": "0",
      "confidence": 0.62,
      "attests_llm_decided": true,
      "notes_written": 24,
      "protocol": {
        "digest": "sha256:d403d741144df7513e4dbb69fd254b6b95f6a7aba3b7aeba26fd959fc26dbfb8",
        "version": 3,
        "reduced_this_decision": false
      },
      "flags": [],
      "fill": "confirmed_unfilled",
      "fill_alarm": false
    },
    {
      "seq": 772,
      "symbol": "TQQQUSDT",
      "verdict": "no_trade",
      "quantity": "0",
      "confidence": 0.82,
      "attests_llm_decided": true,
      "notes_written": 25,
      "protocol": {
        "digest": "sha256:d403d741144df7513e4dbb69fd254b6b95f6a7aba3b7aeba26fd959fc26dbfb8",
        "version": 3,
        "reduced_this_decision": false
      },
      "flags": [],
      "fill": "confirmed_unfilled",
      "fill_alarm": false
    }
  ],
  "settled_this_cycle": [
    {
      "seq": 708,
      "symbol": "NVDAUSDT",
      "abstention": true,
      "counterfactual_move_bps": "27.1751"
    },
    {
      "seq": 709,
      "symbol": "TSLAUSDT",
      "abstention": true,
      "counterfactual_move_bps": "21.4852"
    },
    {
      "seq": 710,
      "symbol": "AAPLUSDT",
      "abstention": true,
      "counterfactual_move_bps": "1.1753"
    },
    {
      "seq": 711,
      "symbol": "MSFTUSDT",
      "abstention": true,
      "counterfactual_move_bps": "-3.4736"
    },
    {
      "seq": 712,
      "symbol": "METAUSDT",
      "abstention": true,
      "counterfactual_move_bps": "6.4193"
    },
    {
      "seq": 713,
      "symbol": "GOOGLUSDT",
      "abstention": true,
      "counterfactual_move_bps": "11.6455"
    },
    {
      "seq": 714,
      "symbol": "AMZNUSDT",
      "abstention": true,
      "counterfactual_move_bps": "-2.0026"
    },
    {
      "seq": 715,
      "symbol": "COINUSDT",
      "abstention": true,
      "counterfactual_move_bps": "59.8312"
    },
    {
      "seq": 716,
      "symbol": "MSTRUSDT",
      "abstention": true,
      "counterfactual_move_bps": "105.3820"
    },
    {
      "seq": 717,
      "symbol": "QQQUSDT",
      "abstention": true,
      "counterfactual_move_bps": "6.1755"
    },
    {
      "seq": 718,
      "symbol": "TQQQUSDT",
      "abstention": true,
      "counterfactual_move_bps": "16.3543"
    },
    {
      "seq": 719,
      "symbol": "SQQQUSDT",
      "abstention": true,
      "counterfactual_move_bps": "8.8679"
    },
    {
      "seq": 720,
      "symbol": "NVDAUSDT",
      "abstention": true,
      "counterfactual_move_bps": "8.0036"
    },
    {
      "seq": 721,
      "symbol": "TSLAUSDT",
      "abstention": true,
      "counterfactual_move_bps": "19.6015"
    },
    {
      "seq": 722,
      "symbol": "AAPLUSDT",
      "abstention": true,
      "counterfactual_move_bps": "3.8207"
    },
    {
      "seq": 723,
      "symbol": "MSFTUSDT",
      "abstention": true,
      "counterfactual_move_bps": "-7.3304"
    },
    {
      "seq": 724,
      "symbol": "METAUSDT",
      "abstention": true,
      "counterfactual_move_bps": "-2.6723"
    },
    {
      "seq": 725,
      "symbol": "GOOGLUSDT",
      "abstention": true,
      "counterfactual_move_bps": "8.7316"
    },
    {
      "seq": 726,
      "symbol": "AMZNUSDT",
      "abstention": true,
      "counterfactual_move_bps": "-3.2037"
    },
    {
      "seq": 727,
      "symbol": "COINUSDT",
      "abstention": true,
      "counterfactual_move_bps": "19.8645"
    },
    {
      "seq": 728,
      "symbol": "MSTRUSDT",
      "abstention": true,
      "counterfactual_move_bps": "60.5758"
    },
    {
      "seq": 729,
      "symbol": "QQQUSDT",
      "abstention": true,
      "counterfactual_move_bps": "0.5367"
    },
    {
      "seq": 730,
      "symbol": "TQQQUSDT",
      "abstention": true,
      "counterfactual_move_bps": "7.5415"
    },
    {
      "causal_chains_graded": 6
    }
  ],
  "marked_this_cycle": [
    {
      "seq": 751,
      "symbol": "NVDAUSDT",
      "horizon_hours": 2.0443,
      "move_bps": "-12.4246",
      "lean": "up"
    },
    {
      "seq": 752,
      "symbol": "TSLAUSDT",
      "horizon_hours": 2.0443,
      "move_bps": "-9.1033",
      "lean": "down"
    },
    {
      "seq": 753,
      "symbol": "AAPLUSDT",
      "horizon_hours": 2.0443,
      "move_bps": "-0.2938",
      "lean": "up"
    },
    {
      "seq": 754,
      "symbol": "MSFTUSDT",
      "horizon_hours": 2.0443,
      "move_bps": "-10.6063",
      "lean": "up"
    },
    {
      "seq": 755,
      "symbol": "METAUSDT",
      "horizon_hours": 2.0443,
      "move_bps": "-20.4065",
      "lean": "up"
    },
    {
      "seq": 756,
      "symbol": "GOOGLUSDT",
      "horizon_hours": 2.0443,
      "move_bps": "-6.6839",
      "lean": "up"
    },
    {
      "seq": 757,
      "symbol": "AMZNUSDT",
      "horizon_hours": 2.0443,
      "move_bps": "1.2019",
      "lean": "up"
    },
    {
      "seq": 758,
      "symbol": "COINUSDT",
      "horizon_hours": 2.0443,
      "move_bps": "-33.9430",
      "lean": "down"
    },
    {
      "seq": 759,
      "symbol": "MSTRUSDT",
      "horizon_hours": 2.0443,
      "move_bps": "-37.7218",
      "lean": "down"
    },
    {
      "seq": 760,
      "symbol": "QQQUSDT",
      "horizon_hours": 2.0443,
      "move_bps": "-2.1462",
      "lean": "up"
    },
    {
      "seq": 761,
      "symbol": "TQQQUSDT",
      "horizon_hours": 2.0443,
      "move_bps": "-2.5113",
      "lean": "up"
    }
  ],
  "tokens_spent": 312927,
  "unreported_calls": 0,
  "token_budget": 330000,
  "stopped_early": "stopped after 11 of 12 symbol(s): 17073 token(s) left of 330000, below the 25000 a symbol costs. The symbols not reached were not decided, and no decision was recorded for them.",
  "chain": {
    "entries": 772,
    "chain_intact": true,
    "links_intact": true,
    "first_break_at": null,
    "truncated": false,
    "anchor": "anchor agrees with the log",
    "head_hash": "3be94e33f14489b7",
    "tampered_settlements": [],
    "unsealed_settlements": []
  },
  "protocol": "argus-paper-v1 v3 (sha256:d403d741144df7513e4dbb69fd254b6b95f6a7aba3b7aeba26fd959fc26dbfb8)",
  "resumed": [],
  "fill_alarms": []
}
exit=0

cycle 59: 5 claim(s) on SQQQUSDT, head 5497ec427da38bad
    resolves 2026-09-28T16:23
    resolves 2026-09-30T16:23
    resolves 2026-10-04T16:23
    resolves 2026-10-11T16:23
    resolves 2026-10-27T16:23

  146 claim(s) resolve inside the window and 212 are still open when it starts
cadence_exit=0
4 claim(s) resolved this run
  Γ£ù MSTRUSDT abs_move_above_bps 479.76 by 2026-09-27T16:11 (p=0.60) [4a38f22e472b]  observed |260.31| = 260.31
  Γ£ù NVDAUSDT abs_move_above_bps 74.02 by 2026-09-27T16:17 (p=0.60) [6dce38e7ab9f]  observed |21.37| = 21.37
  Γ£ù AMZNUSDT abs_move_above_bps 33.92 by 2026-09-27T14:49 (p=0.60) [67db9cc8820b]  observed |-6.40| = 6.40
  Γ£ù COINUSDT abs_move_above_bps 101.87 by 2026-09-27T16:15 (p=0.60) [e19386d81e15]  observed |7.13| = 7.13

REGISTER ΓÇö 301 claim(s), 151 resolved, 148 pending, 2 unresolvable
  argus                 151 resolved  Brier 0.2234  hit rate 68%

  THE WALL ΓÇö 48 claim(s) we got wrong, most confident first:
    Γ£ù NVDAUSDT abs_move_above_bps 45.46 by 2026-09-15T09:21 (p=0.60) [381cbc033f4b]  observed |12.25| = 12.25
    Γ£ù TSLAUSDT abs_move_above_bps 50.23 by 2026-09-15T09:21 (p=0.60) [c387181dd2e6]  observed |-5.58| = 5.58
    Γ£ù AAPLUSDT abs_move_above_bps 37.55 by 2026-09-15T09:21 (p=0.60) [2588c7bcd941]  observed |-12.37| = 12.37
    Γ£ù AMZNUSDT abs_move_above_bps 40.7 by 2026-09-15T09:21 (p=0.60) [d71b10a405eb]  observed |-32.76| = 32.76
    Γ£ù MSTRUSDT abs_move_above_bps 138.15 by 2026-09-15T09:21 (p=0.60) [919de6cb9750]  observed |-22.67| = 22.67
    Γ£ù TSLAUSDT abs_move_above_bps 50.28 by 2026-09-16T18:14 (p=0.60) [5eec2201b2a4]  observed |-13.14| = 13.14
    Γ£ù AAPLUSDT abs_move_above_bps 37.55 by 2026-09-16T20:11 (p=0.60) [4ae4dfa61cdf]  observed |33.15| = 33.15
    Γ£ù METAUSDT abs_move_above_bps 66.48 by 2026-09-17T16:11 (p=0.60) [fe99a2216199]  observed |41.36| = 41.36
    Γ£ù TQQQUSDT abs_move_above_bps 182.37 by 2026-09-17T18:17 (p=0.60) [394c43522a43]  observed |168.28| = 168.28
    Γ£ù QQQUSDT abs_move_above_bps 31.84 by 2026-09-18T18:10 (p=0.60) [933c2db4e3a6]  observed |14.50| = 14.50

written to argus\data\register_scoreboard.json
register_exit=0
CYCLE CHECK ΓÇö cycle_2026-09-27_2100.log

  PASS     exit_code
           process exited 0
  FAIL     symbols_decided
           11 of 12 symbols produced a decision
  FAIL     ran_to_completion
           stopped after 11 of 12 symbol(s): 17073 token(s) left of 330000, below the 25000 a symbol costs. The symbols not reached were not decided, and no decision was recorded for them.
  PASS     token_budget
           312,927 of 330,000 spent (95%)
  PASS     cumulative_tokens
           16,299,728 token(s) across 57 recorded cycle(s), 285,960 per cycle ΓÇö roughly 1,143,841/day at four cycles. The key's remaining balance is not observable from here; this is the burn rate, not a runway
  FAIL     budget_not_exhausted
           the budget ended the cycle before the guard had to ΓÇö stopped after 11 of 12 symbol(s): 17073 token(s) left of 330000, below the 25000 a symbol costs. The symbols not reached were not decided, and no decision was recorded for them.
  PASS     chain_intact
           the hash chain verified after the write
  PASS     leans_recorded
           11 of 11 row(s) carry a lean and a lean_confidence
  PASS     leans_gradeable
           11 of 11 decision(s) state a direction (8 up, 3 down, 0 none)
  PASS     verdicts_parsed
           every verdict parsed
  PASS     session
           session phase(s) seen: weekend  (anchor market shut)

  8/11 checks passed. FAILED ΓÇö symbols_decided: 11 of 12 symbols produced a decision; ran_to_completion: stopped after 11 of 12 symbol(s): 17073 token(s) left of 330000, below the 25000 a symbol costs. The symbols not reached were not decided, and no decision was recorded for them.; budget_not_exhausted: the budget ended the cycle before the guard had to ΓÇö stopped after 11 of 12 symbol(s): 17073 token(s) left of 330000, below the 25000 a symbol costs. The symbols not reached were not decided, and no decision was recorded for them.. The cycle ran with the anchor market shut, so it says nothing about whether this desk trades

written to argus\data\cycle_check.json
check_exit=1
REFUSAL ALPHA ù 528 mark(s)

  horizon              marks  directional  correct  coverage  accuracy  forgone
  about_2h               393          391      228   99.5%   58.3%    -7.0
  4h_to_12h                1            1        0  100.0%    0.0%   -51.7
  overnight_12h_plus     134          131       64   97.8%   48.9%   -15.8

  At the `about_2h` horizon: 228 of 391 directional calls went the right way. 95% interval (bootstrap over 35 decision cycles) 51.6% to 64.7%. It excludes a coin flip. But calling `up` every time was right 52.7% of the time, and cycle by cycle the lean beat that naive call 17 times and lost 11 (7 tied) ù so there is no evidence yet that the lean knows more than the direction of the tape. Median net edge forgone by standing aside: -7.0bps after a 12.0bps round trip ù refusing saved money on the typical decision.

written to argus\data\refusal_alpha.json

REASON AGAINST RECORD ù 770 refusal(s) on record; 398 carried at least one reason the record can check. Of 856 decision-time reason(s) graded, 856 agreed with the record and 0 contradicted it. `moves_enough` claims were borne out by the next ~2h move 47 of 67 time(s) (70%), against 69% for every ~2h refusal mark (one-sided exact binomial p = 0.49); no evidence the stated reason says more than the base rate does.
written to argus\data\refusal_reasons.json
refusal_exit=0
14 panel(s); 4 figure(s) not yet measurable
  unavailable: Sharpe ╖ drawdown ╖ win rate ╖ Sharpe
  unavailable: Sharpe ╖ drawdown ╖ win rate ╖ max drawdown
  unavailable: Sharpe ╖ drawdown ╖ win rate ╖ win rate
  unavailable: Search bake-off ╖ stable winner
written to argus\cockpit.html
cockpit_exit=0
publish_skipped: cycle check exit 1
