=== ARGUS paper cycle 2026-10-02_2100 ===
disk_free_gb=0.5 DISK LOW
sampling MSTRUSDT for 90s (rth)...

MARKOUT ΓÇö MSTRUSDT, 90s of rth, 69 book sample(s), 93 print(s), 6% flagged RPI

   horizon  prints    median      mean     worst
        5s      90    +1.245    +0.733    -9.632
       15s      81    +8.082    +1.410   -12.429
       30s      66    +3.112    +2.756   -20.818
       60s       0    +0.000    +0.000    +0.000

  Over 30s the passive side of 66 print(s) gained a median +3.11bps on MSTRUSDT (rth). No measurable adverse selection in this window ΓÇö which is a statement about 90 seconds, not about the instrument

written to argus\data\markout.json
markout_exit=0
EXECUTABLE COST ΓÇö bps. 'quoted' is the full bid-ask spread; the size columns are
slippage against mid, taking the ask (a size inside the touch reads half 'quoted').

symbol         quoted      $1000      $5000     $25000    $100000
-----------------------------------------------------------------
NVDAUSDT         0.43       0.21       1.22       3.20       4.96
TSLAUSDT         1.61       1.18       1.78       2.42       3.41
AAPLUSDT         0.30       0.37       1.25       5.10      15.25
MSFTUSDT         3.10       1.73       2.18       3.86       5.05
METAUSDT         3.41       2.54       4.67       5.37      12.87
GOOGLUSDT        2.34       1.62       2.28       3.57       5.61
AMZNUSDT         3.99       1.99       1.99       3.71       7.32
COINUSDT         4.32       5.96       6.38      14.70      26.36
MSTRUSDT         3.11       1.77       3.38       4.44      10.43
QQQUSDT          0.13       0.07       0.07       0.64       2.18
TQQQUSDT         1.24       1.68       3.29       7.74      26.00
SQQQUSDT         3.01       3.77       4.37       9.72      29.08

12 book(s) written to argus\data\depth.json
depth_exit=0
recorded 12 snapshot(s) to argus\data\book_tape.jsonl

  984 snapshots over 436.616h: a near-touch level holds a median 2.94 contracts. **Change is reported per horizon, not pooled** ΓÇö a level moves a very different share of itself over 30 seconds than over an hour, and one median over both is a number about the sampling schedule rather than about the book. The shortest horizon with at least 100 observations is `under_30s`, where a level moves a median 24.0% of itself ΓÇö that is the figure the simulator should take, being nearest the per-event timescale it models. The attribution rule ΓÇö which side of a resting order a decrease came from ΓÇö is not in this data and cannot be, so it stays a swept assumption rather than a measurement.

written to argus\data\book_calibration.json
bookcalib_exit=0
  NVDAUSDT: extended=14.1 overnight=10.9 rth=31.5 weekend=4.6 | reopen=51.5 (1.6x rth, n=64)
      throttle now x1 ΓÇö the next 24 bar(s) are expected to move 15.1bps per bar against a 31.5bps regular-hours bar; no reduction, and this layer may not size up
  TSLAUSDT: extended=14.5 overnight=11.6 rth=37.1 weekend=5.8 | reopen=76.9 (2.1x rth, n=64)
      throttle now x1 ΓÇö the next 24 bar(s) are expected to move 17.4bps per bar against a 37.1bps regular-hours bar; no reduction, and this layer may not size up
  AAPLUSDT: extended=9.5 overnight=7.0 rth=22.7 weekend=5.0 | reopen=39.9 (1.8x rth, n=64)
      throttle now x1 ΓÇö the next 24 bar(s) are expected to move 11.0bps per bar against a 22.7bps regular-hours bar; no reduction, and this layer may not size up
  MSFTUSDT: extended=12.5 overnight=8.7 rth=25.8 weekend=5.0 | reopen=39.3 (1.5x rth, n=64)
      throttle now x1 ΓÇö the next 24 bar(s) are expected to move 12.8bps per bar against a 25.8bps regular-hours bar; no reduction, and this layer may not size up
  METAUSDT: extended=15.9 overnight=9.7 rth=36.6 weekend=6.3 | reopen=61.8 (1.7x rth, n=64)
      throttle now x1 ΓÇö the next 24 bar(s) are expected to move 17.4bps per bar against a 36.6bps regular-hours bar; no reduction, and this layer may not size up
  GOOGLUSDT: extended=13.6 overnight=8.5 rth=23.6 weekend=5.6 | reopen=44.6 (1.9x rth, n=64)
      throttle now x1 ΓÇö the next 24 bar(s) are expected to move 12.3bps per bar against a 23.6bps regular-hours bar; no reduction, and this layer may not size up
  AMZNUSDT: extended=12.1 overnight=7.1 rth=23.1 weekend=4.8 | reopen=38.3 (1.7x rth, n=64)
      throttle now x1 ΓÇö the next 24 bar(s) are expected to move 11.6bps per bar against a 23.1bps regular-hours bar; no reduction, and this layer may not size up
  COINUSDT: extended=27.2 overnight=19.3 rth=60.7 weekend=13.3 | reopen=95.4 (1.6x rth, n=64)
      throttle now x1 ΓÇö the next 24 bar(s) are expected to move 29.8bps per bar against a 60.7bps regular-hours bar; no reduction, and this layer may not size up
  MSTRUSDT: extended=35.8 overnight=29.1 rth=58.4 weekend=17.5 | reopen=106.6 (1.8x rth, n=64)
      throttle now x1 ΓÇö the next 24 bar(s) are expected to move 32.8bps per bar against a 58.4bps regular-hours bar; no reduction, and this layer may not size up
  QQQUSDT: extended=9.0 overnight=9.1 rth=14.0 weekend=3.6 | reopen=26.1 (1.9x rth, n=64)
      throttle now x1 ΓÇö the next 24 bar(s) are expected to move 8.2bps per bar against a 14.0bps regular-hours bar; no reduction, and this layer may not size up
  TQQQUSDT: extended=25.8 overnight=27.7 rth=42.1 weekend=9.0 | reopen=76.0 (1.8x rth, n=64)
      throttle now x1 ΓÇö the next 24 bar(s) are expected to move 24.0bps per bar against a 42.1bps regular-hours bar; no reduction, and this layer may not size up
  SQQQUSDT: extended=25.9 overnight=28.9 rth=43.1 weekend=8.1 | reopen=77.6 (1.8x rth, n=64)
      throttle now x1 ΓÇö the next 24 bar(s) are expected to move 24.4bps per bar against a 43.1bps regular-hours bar; no reduction, and this layer may not size up

12 profile(s) written to argus\data\session_risk.json
session_risk_exit=0
symbol        RTH bps/h  wknd bps/h  attenuation  anchor
NVDAUSDT          32.44        4.31         7.53  OK
TSLAUSDT          36.13        5.48         6.59  OK
AAPLUSDT          22.51        4.01         5.62  OK
MSFTUSDT          25.22        3.97         6.35  OK
METAUSDT          36.73        5.42         6.77  OK
GOOGLUSDT         24.68        5.15         4.79  OK
AMZNUSDT          24.35        3.92         6.21  OK
COINUSDT          61.12       11.78         5.19  OK
MSTRUSDT          58.92       16.92         3.48  OK
QQQUSDT           14.47        3.16         4.57  OK
TQQQUSDT          43.80        7.43         5.90  OK
SQQQUSDT          44.50        6.36         7.00  OK

  all 12 shipped instruments still attenuate past 2.5x when the anchor market shuts

written to argus\data\universe_validation.json
universe_exit=0
CPI dates: 13, FOMC decisions: 57 -> argus\data\event_calendar.json
  Wed 14 Oct 12:30 UTC  US CPI release
  Wed 28 Oct 18:00 UTC  FOMC rate decision
  Tue 10 Nov 13:30 UTC  US CPI release
calendar_exit=0
event_reactions.json is under 20h old; not refreshed
event_reactions_exit=0
503 macro readings written
macro_exit=0
  NVDAUSDT hedged with NVDA index (all): r=+0.987 [95% low +0.985], optimal ratio 0.979 removes 97.4% of variance, one-for-one removes 97.3%, n=1438
  NVDAUSDT hedged with NVDA index (extended): r=+0.998 [95% low +0.998], optimal ratio 0.988 removes 99.7% of variance, one-for-one removes 99.7%, n=429
  NVDAUSDT hedged with NVDA index (overnight): r=+0.992 [95% low +0.991], optimal ratio 0.984 removes 98.5% of variance, one-for-one removes 98.5%, n=343
  NVDAUSDT hedged with NVDA index (rth): r=+0.999 [95% low +0.999], optimal ratio 0.984 removes 99.8% of variance, one-for-one removes 99.8%, n=256
  NVDAUSDT hedged with NVDA index (weekend): r=+0.995 [95% low +0.994], optimal ratio 0.999 removes 99.0% of variance, one-for-one removes 99.0%, n=383
  TSLAUSDT hedged with TSLA index (all): r=+0.988 [95% low +0.987], optimal ratio 0.989 removes 97.7% of variance, one-for-one removes 97.7%, n=1438
  TSLAUSDT hedged with TSLA index (extended): r=+0.999 [95% low +0.998], optimal ratio 0.996 removes 99.7% of variance, one-for-one removes 99.7%, n=429
  TSLAUSDT hedged with TSLA index (overnight): r=+0.996 [95% low +0.995], optimal ratio 1.002 removes 99.2% of variance, one-for-one removes 99.2%, n=343
  TSLAUSDT hedged with TSLA index (rth): r=+0.999 [95% low +0.999], optimal ratio 0.994 removes 99.9% of variance, one-for-one removes 99.9%, n=256
  TSLAUSDT hedged with TSLA index (weekend): r=+0.985 [95% low +0.981], optimal ratio 0.992 removes 97.0% of variance, one-for-one removes 97.0%, n=383
  AAPLUSDT hedged with AAPL index (all): r=+0.986 [95% low +0.984], optimal ratio 0.978 removes 97.1% of variance, one-for-one removes 97.1%, n=1438
  AAPLUSDT hedged with AAPL index (extended): r=+0.996 [95% low +0.996], optimal ratio 0.980 removes 99.3% of variance, one-for-one removes 99.2%, n=429
  AAPLUSDT hedged with AAPL index (overnight): r=+0.994 [95% low +0.992], optimal ratio 1.001 removes 98.7% of variance, one-for-one removes 98.7%, n=343
  AAPLUSDT hedged with AAPL index (rth): r=+0.998 [95% low +0.998], optimal ratio 0.980 removes 99.7% of variance, one-for-one removes 99.6%, n=256
  AAPLUSDT hedged with AAPL index (weekend): r=+0.993 [95% low +0.991], optimal ratio 1.000 removes 98.6% of variance, one-for-one removes 98.6%, n=383
  MSFTUSDT hedged with MSFT index (all): r=+0.984 [95% low +0.982], optimal ratio 0.996 removes 96.8% of variance, one-for-one removes 96.8%, n=1438
  MSFTUSDT hedged with MSFT index (extended): r=+0.996 [95% low +0.996], optimal ratio 0.991 removes 99.3% of variance, one-for-one removes 99.3%, n=429
  MSFTUSDT hedged with MSFT index (overnight): r=+0.991 [95% low +0.989], optimal ratio 0.990 removes 98.3% of variance, one-for-one removes 98.2%, n=343
  MSFTUSDT hedged with MSFT index (rth): r=+0.997 [95% low +0.996], optimal ratio 0.999 removes 99.4% of variance, one-for-one removes 99.4%, n=256
  MSFTUSDT hedged with MSFT index (weekend): r=+0.995 [95% low +0.993], optimal ratio 1.005 removes 98.9% of variance, one-for-one removes 98.9%, n=383
  METAUSDT hedged with META index (all): r=+0.989 [95% low +0.988], optimal ratio 0.989 removes 97.8% of variance, one-for-one removes 97.8%, n=1438
  METAUSDT hedged with META index (extended): r=+0.998 [95% low +0.998], optimal ratio 0.986 removes 99.6% of variance, one-for-one removes 99.6%, n=429
  METAUSDT hedged with META index (overnight): r=+0.996 [95% low +0.995], optimal ratio 0.998 removes 99.2% of variance, one-for-one removes 99.2%, n=343
  METAUSDT hedged with META index (rth): r=+0.999 [95% low +0.999], optimal ratio 0.994 removes 99.8% of variance, one-for-one removes 99.8%, n=256
  METAUSDT hedged with META index (weekend): r=+0.996 [95% low +0.995], optimal ratio 1.004 removes 99.2% of variance, one-for-one removes 99.2%, n=383
  GOOGLUSDT hedged with GOOGL index (all): r=+0.980 [95% low +0.978], optimal ratio 0.982 removes 96.1% of variance, one-for-one removes 96.1%, n=1438
  GOOGLUSDT hedged with GOOGL index (extended): r=+0.997 [95% low +0.997], optimal ratio 0.993 removes 99.5% of variance, one-for-one removes 99.5%, n=429
  GOOGLUSDT hedged with GOOGL index (overnight): r=+0.994 [95% low +0.993], optimal ratio 1.003 removes 98.9% of variance, one-for-one removes 98.9%, n=343
  GOOGLUSDT hedged with GOOGL index (rth): r=+0.998 [95% low +0.998], optimal ratio 0.987 removes 99.7% of variance, one-for-one removes 99.6%, n=256
  GOOGLUSDT hedged with GOOGL index (weekend): r=+0.988 [95% low +0.986], optimal ratio 1.008 removes 97.7% of variance, one-for-one removes 97.7%, n=383
  AMZNUSDT hedged with AMZN index (all): r=+0.980 [95% low +0.978], optimal ratio 0.996 removes 96.0% of variance, one-for-one removes 96.0%, n=1438
  AMZNUSDT hedged with AMZN index (extended): r=+0.995 [95% low +0.994], optimal ratio 1.009 removes 99.0% of variance, one-for-one removes 99.0%, n=429
  AMZNUSDT hedged with AMZN index (overnight): r=+0.995 [95% low +0.994], optimal ratio 1.004 removes 99.0% of variance, one-for-one removes 99.0%, n=343
  AMZNUSDT hedged with AMZN index (rth): r=+0.996 [95% low +0.995], optimal ratio 1.003 removes 99.2% of variance, one-for-one removes 99.2%, n=256
  AMZNUSDT hedged with AMZN index (weekend): r=+0.990 [95% low +0.988], optimal ratio 1.002 removes 98.1% of variance, one-for-one removes 98.1%, n=383
  COINUSDT hedged with COIN index (all): r=+0.986 [95% low +0.984], optimal ratio 0.993 removes 97.2% of variance, one-for-one removes 97.2%, n=1438
  COINUSDT hedged with COIN index (extended): r=+0.998 [95% low +0.997], optimal ratio 0.993 removes 99.6% of variance, one-for-one removes 99.6%, n=429
  COINUSDT hedged with COIN index (overnight): r=+0.994 [95% low +0.993], optimal ratio 0.996 removes 98.9% of variance, one-for-one removes 98.9%, n=343
  COINUSDT hedged with COIN index (rth): r=+0.999 [95% low +0.999], optimal ratio 0.996 removes 99.9% of variance, one-for-one removes 99.9%, n=256
  COINUSDT hedged with COIN index (weekend): r=+0.997 [95% low +0.996], optimal ratio 0.998 removes 99.3% of variance, one-for-one removes 99.3%, n=383
  MSTRUSDT hedged with MSTR index (all): r=+0.982 [95% low +0.980], optimal ratio 0.992 removes 96.4% of variance, one-for-one removes 96.4%, n=1438
  MSTRUSDT hedged with MSTR index (extended): r=+0.999 [95% low +0.999], optimal ratio 0.994 removes 99.8% of variance, one-for-one removes 99.8%, n=429
  MSTRUSDT hedged with MSTR index (overnight): r=+0.993 [95% low +0.991], optimal ratio 0.992 removes 98.5% of variance, one-for-one removes 98.5%, n=343
  MSTRUSDT hedged with MSTR index (rth): r=+1.000 [95% low +1.000], optimal ratio 0.994 removes 99.9% of variance, one-for-one removes 99.9%, n=256
  MSTRUSDT hedged with MSTR index (weekend): r=+0.996 [95% low +0.995], optimal ratio 0.999 removes 99.2% of variance, one-for-one removes 99.2%, n=383
  QQQUSDT hedged with QQQ index (all): r=+0.963 [95% low +0.959], optimal ratio 0.976 removes 92.8% of variance, one-for-one removes 92.7%, n=1438
  QQQUSDT hedged with QQQ index (extended): r=+0.996 [95% low +0.995], optimal ratio 0.989 removes 99.2% of variance, one-for-one removes 99.2%, n=429
  QQQUSDT hedged with QQQ index (overnight): r=+0.986 [95% low +0.983], optimal ratio 1.001 removes 97.2% of variance, one-for-one removes 97.2%, n=343
  QQQUSDT hedged with QQQ index (rth): r=+0.998 [95% low +0.997], optimal ratio 0.993 removes 99.6% of variance, one-for-one removes 99.6%, n=256
  QQQUSDT hedged with QQQ index (weekend): r=+0.982 [95% low +0.978], optimal ratio 1.008 removes 96.4% of variance, one-for-one removes 96.3%, n=383
  TQQQUSDT hedged with TQQQ index (all): r=+0.970 [95% low +0.966], optimal ratio 0.985 removes 94.0% of variance, one-for-one removes 94.0%, n=1438
  TQQQUSDT hedged with TQQQ index (extended): r=+0.998 [95% low +0.998], optimal ratio 0.990 removes 99.6% of variance, one-for-one removes 99.6%, n=429
  TQQQUSDT hedged with TQQQ index (overnight): r=+0.983 [95% low +0.979], optimal ratio 1.003 removes 96.6% of variance, one-for-one removes 96.6%, n=343
  TQQQUSDT hedged with TQQQ index (rth): r=+0.998 [95% low +0.998], optimal ratio 0.990 removes 99.7% of variance, one-for-one removes 99.7%, n=256
  TQQQUSDT hedged with TQQQ index (weekend): r=+0.984 [95% low +0.981], optimal ratio 1.017 removes 96.9% of variance, one-for-one removes 96.9%, n=383
  SQQQUSDT hedged with SQQQ index (all): r=+0.964 [95% low +0.960], optimal ratio 0.985 removes 92.9% of variance, one-for-one removes 92.8%, n=1438
  SQQQUSDT hedged with SQQQ index (extended): r=+0.995 [95% low +0.994], optimal ratio 0.983 removes 99.0% of variance, one-for-one removes 99.0%, n=429
  SQQQUSDT hedged with SQQQ index (overnight): r=+0.982 [95% low +0.978], optimal ratio 1.001 removes 96.5% of variance, one-for-one removes 96.5%, n=343
  SQQQUSDT hedged with SQQQ index (rth): r=+0.996 [95% low +0.995], optimal ratio 1.001 removes 99.2% of variance, one-for-one removes 99.2%, n=256
  SQQQUSDT hedged with SQQQ index (weekend): r=+0.987 [95% low +0.985], optimal ratio 1.020 removes 97.5% of variance, one-for-one removes 97.5%, n=383

60 measurement(s) written to argus\data\hedge_effectiveness.json
effectiveness_exit=0
{
  "ran_at": "2026-10-02T15:41:08.961164+00:00",
  "risk_policy": "68ceeadb52fc4ce0721006d8016744de7bc4d135ae75eb0aaca20e68f6460712",
  "decisions_written": [
    {
      "seq": 975,
      "symbol": "NVDAUSDT",
      "verdict": "trade",
      "quantity": "1",
      "confidence": 0.62,
      "attests_llm_decided": true,
      "notes_written": 25,
      "protocol": {
        "digest": "sha256:d403d741144df7513e4dbb69fd254b6b95f6a7aba3b7aeba26fd959fc26dbfb8",
        "version": 3,
        "reduced_this_decision": false
      },
      "flags": [],
      "fill": "confirmed",
      "fill_alarm": false
    },
    {
      "seq": 976,
      "symbol": "TSLAUSDT",
      "verdict": "no_trade",
      "quantity": "0",
      "confidence": 0.55,
      "attests_llm_decided": true,
      "notes_written": 25,
      "protocol": {
        "digest": "sha256:d403d741144df7513e4dbb69fd254b6b95f6a7aba3b7aeba26fd959fc26dbfb8",
        "version": 3,
        "reduced_this_decision": false
      },
      "flags": [
        "[conflict:direction] sentiment (bullish) vs earnings (bearish), gap 0.00 \u2014 earnings dominates: confidence 0.72 against 0.55"
      ],
      "fill": "confirmed_unfilled",
      "fill_alarm": false
    },
    {
      "seq": 977,
      "symbol": "AAPLUSDT",
      "verdict": "no_trade",
      "quantity": "0",
      "confidence": 0.42,
      "attests_llm_decided": true,
      "notes_written": 24,
      "protocol": {
        "digest": "sha256:d403d741144df7513e4dbb69fd254b6b95f6a7aba3b7aeba26fd959fc26dbfb8",
        "version": 3,
        "reduced_this_decision": false
      },
      "flags": [
        "[conflict:direction] event (bullish) vs sentiment (bearish), gap 0.00 \u2014 event dominates: confidence 0.55 against 0.35",
        "[conflict:direction] sentiment (bearish) vs earnings (bullish), gap 4.00 \u2014 earnings dominates: confidence 0.62 against 0.35"
      ],
      "fill": "confirmed_unfilled",
      "fill_alarm": false
    },
    {
      "seq": 978,
      "symbol": "MSFTUSDT",
      "verdict": "no_trade",
      "quantity": "0",
      "confidence": 0.52,
      "attests_llm_decided": true,
      "notes_written": 29,
      "protocol": {
        "digest": "sha256:d403d741144df7513e4dbb69fd254b6b95f6a7aba3b7aeba26fd959fc26dbfb8",
        "version": 3,
        "reduced_this_decision": false
      },
      "flags": [
        "[conflict:conviction] event (bullish) vs earnings (bullish), gap 0.27 \u2014 earnings dominates: confidence 0.62 against 0.35",
        "[conflict:conviction] sentiment (neutral) vs cross_asset (neutral), gap 0.55 \u2014 sentiment dominates: confidence 0.55 against 0.00",
        "[grounding] 1 of 6 figure(s) do not resolve to anything the desk was given: 63.8bps",
        "[grounding] an unattributable number in a thesis is the easiest place for an unsupported fact to enter the record"
      ],
      "fill": "confirmed_unfilled",
      "fill_alarm": false
    },
    {
      "seq": 979,
      "symbol": "METAUSDT",
      "verdict": "no_trade",
      "quantity": "0",
      "confidence": 0.52,
      "attests_llm_decided": true,
      "notes_written": 26,
      "protocol": {
        "digest": "sha256:d403d741144df7513e4dbb69fd254b6b95f6a7aba3b7aeba26fd959fc26dbfb8",
        "version": 3,
        "reduced_this_decision": false
      },
      "flags": [],
      "fill": "confirmed_unfilled",
      "fill_alarm": false
    },
    {
      "seq": 980,
      "symbol": "GOOGLUSDT",
      "verdict": "no_trade",
      "quantity": "0",
      "confidence": 0.45,
      "attests_llm_decided": true,
      "notes_written": 28,
      "protocol": {
        "digest": "sha256:d403d741144df7513e4dbb69fd254b6b95f6a7aba3b7aeba26fd959fc26dbfb8",
        "version": 3,
        "reduced_this_decision": false
      },
      "flags": [
        "[conflict:direction] sentiment (bearish) vs earnings (bullish), gap 14.00 \u2014 earnings dominates: confidence 0.72 against 0.42"
      ],
      "fill": "confirmed_unfilled",
      "fill_alarm": false
    },
    {
      "seq": 981,
      "symbol": "AMZNUSDT",
      "verdict": "no_trade",
      "quantity": "0",
      "confidence": 0.68,
      "attests_llm_decided": true,
      "notes_written": 27,
      "protocol": {
        "digest": "sha256:d403d741144df7513e4dbb69fd254b6b95f6a7aba3b7aeba26fd959fc26dbfb8",
        "version": 3,
        "reduced_this_decision": false
      },
      "flags": [
        "[conflict:conviction] event (bullish) vs sentiment (bullish), gap 0.20 \u2014 event dominates: confidence 0.55 against 0.35",
        "[conflict:magnitude] event (bullish) vs earnings (bullish), gap 30.00 \u2014 earnings dominates: confidence 0.72 against 0.55",
        "[conflict:magnitude] sentiment (bullish) vs earnings (bullish), gap 41.00 \u2014 earnings dominates: confidence 0.72 against 0.35"
      ],
      "fill": "confirmed_unfilled",
      "fill_alarm": false
    },
    {
      "seq": 982,
      "symbol": "COINUSDT",
      "verdict": "no_trade",
      "quantity": "0",
      "confidence": 0.62,
      "attests_llm_decided": true,
      "notes_written": 30,
      "protocol": {
        "digest": "sha256:d403d741144df7513e4dbb69fd254b6b95f6a7aba3b7aeba26fd959fc26dbfb8",
        "version": 3,
        "reduced_this_decision": false
      },
      "flags": [
        "[conflict:magnitude] sentiment (bearish) vs earnings (bearish), gap 70.00 \u2014 earnings dominates: confidence 0.72 against 0.55",
        "[grounding] 1 of 6 figure(s) do not resolve to anything the desk was given: 172.5bps",
        "[grounding] an unattributable number in a thesis is the easiest place for an unsupported fact to enter the record"
      ],
      "fill": "confirmed_unfilled",
      "fill_alarm": false
    },
    {
      "seq": 983,
      "symbol": "MSTRUSDT",
      "verdict": "no_trade",
      "quantity": "0",
      "confidence": 0.42,
      "attests_llm_decided": true,
      "notes_written": 25,
      "protocol": {
        "digest": "sha256:d403d741144df7513e4dbb69fd254b6b95f6a7aba3b7aeba26fd959fc26dbfb8",
        "version": 3,
        "reduced_this_decision": false
      },
      "flags": [
        "[conflict:direction] event (bearish) vs sentiment (bullish), gap 45.00 \u2014 event dominates: confidence 0.72 against 0.35",
        "[conflict:magnitude] event (bearish) vs earnings (bearish), gap 31.00 \u2014 earnings dominates: 7 distinct sources against 5",
        "[conflict:direction] sentiment (bullish) vs earnings (bearish), gap 14.00 \u2014 earnings dominates: confidence 0.62 against 0.35"
      ],
      "fill": "confirmed_unfilled",
      "fill_alarm": false
    }
  ],
  "settled_this_cycle": [
    {
      "seq": 934,
      "symbol": "NVDAUSDT",
      "abstention": true,
      "counterfactual_move_bps": "234.8847"
    },
    {
      "seq": 935,
      "symbol": "TSLAUSDT",
      "abstention": true,
      "counterfactual_move_bps": "437.4948"
    },
    {
      "seq": 936,
      "symbol": "AAPLUSDT",
      "abstention": true,
      "counterfactual_move_bps": "133.5855"
    },
    {
      "seq": 937,
      "symbol": "MSFTUSDT",
      "abstention": true,
      "counterfactual_move_bps": "32.5055"
    },
    {
      "seq": 938,
      "symbol": "METAUSDT",
      "abstention": true,
      "counterfactual_move_bps": "56.2060"
    },
    {
      "seq": 939,
      "symbol": "GOOGLUSDT",
      "abstention": true,
      "counterfactual_move_bps": "33.6809"
    },
    {
      "seq": 940,
      "symbol": "AMZNUSDT",
      "abstention": true,
      "counterfactual_move_bps": "146.8150"
    },
    {
      "seq": 941,
      "symbol": "COINUSDT",
      "abstention": true,
      "counterfactual_move_bps": "-255.4841"
    },
    {
      "seq": 942,
      "symbol": "MSTRUSDT",
      "abstention": true,
      "counterfactual_move_bps": "193.9641"
    },
    {
      "seq": 943,
      "symbol": "QQQUSDT",
      "abstention": true,
      "counterfactual_move_bps": "154.9233"
    },
    {
      "causal_chains_graded": 6
    }
  ],
  "postmortem": {
    "at": "2026-10-02T15:41:08.961164+00:00",
    "triggers": [
      "19 settlements since the last postmortem"
    ],
    "gate_autopsy": {
      "decisions": 983,
      "unreached": []
    },
    "diagnosis": {
      "sample": 771,
      "refused": "",
      "causes": [],
      "adopted_remedies_that_fired_again": []
    }
  },
  "marked_this_cycle": [
    {
      "seq": 965,
      "symbol": "NVDAUSDT",
      "horizon_hours": 1.8916,
      "move_bps": "-97.2181",
      "lean": "up"
    },
    {
      "seq": 966,
      "symbol": "TSLAUSDT",
      "horizon_hours": 1.8916,
      "move_bps": "72.0726",
      "lean": "up"
    },
    {
      "seq": 967,
      "symbol": "AAPLUSDT",
      "horizon_hours": 1.8916,
      "move_bps": "19.6013",
      "lean": "up"
    },
    {
      "seq": 968,
      "symbol": "MSFTUSDT",
      "horizon_hours": 1.8916,
      "move_bps": "-25.5443",
      "lean": "up"
    },
    {
      "seq": 969,
      "symbol": "METAUSDT",
      "horizon_hours": 1.8916,
      "move_bps": "3.2808",
      "lean": "up"
    },
    {
      "seq": 970,
      "symbol": "GOOGLUSDT",
      "horizon_hours": 1.8916,
      "move_bps": "-47.6426",
      "lean": "up"
    },
    {
      "seq": 971,
      "symbol": "AMZNUSDT",
      "horizon_hours": 1.8916,
      "move_bps": "-62.9778",
      "lean": "up"
    },
    {
      "seq": 972,
      "symbol": "COINUSDT",
      "horizon_hours": 1.8916,
      "move_bps": "-767.9147",
      "lean": "up"
    },
    {
      "seq": 973,
      "symbol": "MSTRUSDT",
      "horizon_hours": 1.8916,
      "move_bps": "-559.0025",
      "lean": "up"
    },
    {
      "seq": 974,
      "symbol": "QQQUSDT",
      "horizon_hours": 1.8916,
      "move_bps": "-38.2597",
      "lean": "up"
    }
  ],
  "tokens_spent": 311824,
  "unreported_calls": 0,
  "token_budget": 330000,
  "stopped_early": "stopped after 9 of 12 symbol(s): 18176 token(s) left of 330000, below the 25000 a symbol costs. The symbols not reached were not decided, and no decision was recorded for them.",
  "chain": {
    "entries": 983,
    "chain_intact": true,
    "links_intact": true,
    "first_break_at": null,
    "truncated": false,
    "anchor": "anchor agrees with the log",
    "head_hash": "298374bb0f9690ee",
    "tampered_settlements": [],
    "unsealed_settlements": []
  },
  "protocol": "argus-paper-v1 v3 (sha256:d403d741144df7513e4dbb69fd254b6b95f6a7aba3b7aeba26fd959fc26dbfb8)",
  "resumed": [],
  "fill_alarms": []
}
exit=0

cycle 79: 5 claim(s) on COINUSDT, head 5102ebd9fd48bbeb
    resolves 2026-10-03T16:12
    resolves 2026-10-05T16:12
    resolves 2026-10-09T16:12
    resolves 2026-10-16T16:12
    resolves 2026-11-01T16:12

  200 claim(s) resolve inside the window and 312 are still open when it starts
cadence_exit=0
4 claim(s) resolved this run
  Γ£ù MSFTUSDT abs_move_above_bps 90.53 by 2026-10-02T14:28 (p=0.60) [8058f2a1a868]  observed |-9.87| = 9.87
  Γ£ô AMZNUSDT abs_move_above_bps 72.27 by 2026-10-02T14:20 (p=0.60) [525022815733]  observed |203.03| = 203.03
  Γ£ô COINUSDT abs_move_above_bps 160.48 by 2026-10-02T16:08 (p=0.60) [ad78ea126673]  observed |-412.67| = 412.67
  Γ£ù MSFTUSDT abs_move_above_bps 42.6 by 2026-10-02T16:10 (p=0.60) [77457928450e]  observed |23.37| = 23.37

REGISTER ΓÇö 401 claim(s), 226 resolved, 173 pending, 2 unresolvable
  argus                 226 resolved  Brier 0.2201  hit rate 70%

  THE WALL ΓÇö 68 claim(s) we got wrong, most confident first:
    Γ£ù NVDAUSDT abs_move_above_bps 45.46 by 2026-09-15T09:21 (p=0.60) [381cbc033f4b]  observed |12.25| = 12.25
    Γ£ù TSLAUSDT abs_move_above_bps 50.23 by 2026-09-15T09:21 (p=0.60) [c387181dd2e6]  observed |-5.58| = 5.58
    Γ£ù AAPLUSDT abs_move_above_bps 37.55 by 2026-09-15T09:21 (p=0.60) [2588c7bcd941]  observed |-12.37| = 12.37
    Γ£ù AMZNUSDT abs_move_above_bps 40.7 by 2026-09-15T09:21 (p=0.60) [d71b10a405eb]  observed |-32.76| = 32.76
    Γ£ù MSTRUSDT abs_move_above_bps 138.15 by 2026-09-15T09:21 (p=0.60) [919de6cb9750]  observed |-22.67| = 22.67
    Γ£ù TSLAUSDT abs_move_above_bps 50.28 by 2026-09-16T18:14 (p=0.60) [5eec2201b2a4]  observed |-13.14| = 13.14
    Γ£ù AAPLUSDT abs_move_above_bps 37.55 by 2026-09-16T20:11 (p=0.60) [4ae4dfa61cdf]  observed |33.15| = 33.15
    Γ£ù METAUSDT abs_move_above_bps 66.48 by 2026-09-17T16:11 (p=0.60) [fe99a2216199]  observed |41.36| = 41.36
    Γ£ù TQQQUSDT abs_move_above_bps 182.37 by 2026-09-17T18:17 (p=0.60) [394c43522a43]  observed |168.28| = 168.28
    Γ£ù QQQUSDT abs_move_above_bps 31.84 by 2026-09-18T18:10 (p=0.60) [933c2db4e3a6]  observed |14.50| = 14.50

written to argus\data\register_scoreboard.json
register_exit=0
CYCLE CHECK ΓÇö cycle_2026-10-02_2100.log

  PASS     exit_code
           process exited 0
  FAIL     symbols_decided
           9 of 12 symbols produced a decision
  FAIL     ran_to_completion
           stopped after 9 of 12 symbol(s): 18176 token(s) left of 330000, below the 25000 a symbol costs. The symbols not reached were not decided, and no decision was recorded for them.
  PASS     token_budget
           311,824 of 330,000 spent (94%)
  PASS     cumulative_tokens
           22,516,646 token(s) across 77 recorded cycle(s), 292,424 per cycle ΓÇö roughly 1,169,696/day at four cycles. The key's remaining balance is not observable from here; this is the burn rate, not a runway
  FAIL     budget_not_exhausted
           the budget ended the cycle before the guard had to ΓÇö stopped after 9 of 12 symbol(s): 18176 token(s) left of 330000, below the 25000 a symbol costs. The symbols not reached were not decided, and no decision was recorded for them.
  PASS     chain_intact
           the hash chain verified after the write
  PASS     leans_recorded
           9 of 9 row(s) carry a lean and a lean_confidence
  PASS     leans_gradeable
           9 of 9 decision(s) state a direction (7 up, 2 down, 0 none)
  PASS     verdicts_parsed
           every verdict parsed
  PASS     session
           session phase(s) seen: rth  <-- price discovery

  8/11 checks passed. FAILED ΓÇö symbols_decided: 9 of 12 symbols produced a decision; ran_to_completion: stopped after 9 of 12 symbol(s): 18176 token(s) left of 330000, below the 25000 a symbol costs. The symbols not reached were not decided, and no decision was recorded for them.; budget_not_exhausted: the budget ended the cycle before the guard had to ΓÇö stopped after 9 of 12 symbol(s): 18176 token(s) left of 330000, below the 25000 a symbol costs. The symbols not reached were not decided, and no decision was recorded for them.. The desk proposed exposure on 1 symbol(s) in a session with price discovery ΓÇö the first time it has done so on the live record

written to argus\data\cycle_check.json
check_exit=1
REFUSAL ALPHA ù 739 mark(s)

  horizon              marks  directional  correct  coverage  accuracy  forgone
  about_2h               548          545      300   99.5%   55.0%    -9.0
  4h_to_12h                1            1        0  100.0%    0.0%   -51.7
  overnight_12h_plus     190          185       86   97.4%   46.5%   -19.5

  At the `about_2h` horizon: 300 of 545 directional calls went the right way. 95% interval (bootstrap over 50 decision cycles) 49.5% to 60.4%. It includes 0.5, so this sample does not show the lean beating a coin flip. But calling `up` every time was right 52.8% of the time, and cycle by cycle the lean beat that naive call 20 times and lost 20 (10 tied) ù so there is no evidence yet that the lean knows more than the direction of the tape. Median net edge forgone by standing aside: -9.0bps after a 12.0bps round trip ù refusing saved money on the typical decision.

written to argus\data\refusal_alpha.json

REASON AGAINST RECORD ù 978 refusal(s) on record; 459 carried at least one reason the record can check. Of 914 decision-time reason(s) graded, 914 agreed with the record and 0 contradicted it. `move_too_small` claims were borne out by the next ~2h move 0 of 1 time(s) (0%), against 29% for every ~2h refusal mark (one-sided exact binomial p = 1.00); no evidence the stated reason says more than the base rate does. `moves_enough` claims were borne out by the next ~2h move 77 of 107 time(s) (72%), against 71% for every ~2h refusal mark (one-sided exact binomial p = 0.49); no evidence the stated reason says more than the base rate does.
written to argus\data\refusal_reasons.json
refusal_exit=0
15 panel(s); 3 figure(s) not yet measurable
  unavailable: Sharpe ╖ drawdown ╖ win rate ╖ Sharpe
  unavailable: Sharpe ╖ drawdown ╖ win rate ╖ max drawdown
  unavailable: Search bake-off ╖ stable winner
written to argus\cockpit.html
cockpit_exit=0
recorded 5 probe(s) at 2026-10-02 16:12 UTC: 5 answered
status_record_exit=0
publish_skipped: cycle check exit 1
