=== ARGUS paper cycle 2026-09-26_0100 ===
sampling MSTRUSDT for 90s (rth)...

MARKOUT ΓÇö MSTRUSDT, 90s of rth, 69 book sample(s), 93 print(s), 0% flagged RPI

   horizon  prints    median      mean     worst
        5s      92    +0.000    +0.133    -6.869
       15s      84    +0.312    -0.334    -7.493
       30s      44    -2.342    -0.490    -4.371
       60s      28    -1.562    -1.417    -9.366

  Resting on MSTRUSDT (rth) cost a median 1.56bps of adverse selection over 60s across 28 print(s), worst 9.37bps. That is inside the 2bps maker fee it would save, so the blanket refusal to credit maker treatment is now costing measurable edge and deserves a number rather than a rule

written to argus\data\markout.json
markout_exit=0
EXECUTABLE COST ΓÇö bps. 'quoted' is the full bid-ask spread; the size columns are
slippage against mid, taking the ask (a size inside the touch reads half 'quoted').

symbol         quoted      $1000      $5000     $25000    $100000
-----------------------------------------------------------------
NVDAUSDT         0.45       0.22       0.79       2.37       4.82
TSLAUSDT         1.88       1.93       2.74       4.14       6.05
AAPLUSDT         1.18       0.88       1.10       3.85       6.87
MSFTUSDT         2.32       2.47       2.66       3.46       7.01
METAUSDT         2.66       1.33       2.04       4.76       9.48
GOOGLUSDT        0.87       1.52       4.58       5.82       7.49
AMZNUSDT         1.60       2.21       2.76       4.11       7.92
COINUSDT         5.11       2.90       6.80       8.96      28.32
MSTRUSDT         2.50       1.76       2.52       4.92       9.95
QQQUSDT          0.13       0.12       0.61       1.43       3.46
TQQQUSDT         1.26       1.29       2.63       5.00      18.55
SQQQUSDT         5.90       3.03       5.33       8.95      15.13

12 book(s) written to argus\data\depth.json
depth_exit=0
recorded 12 snapshot(s) to argus\data\book_tape.jsonl

  672 snapshots over 272.616h: a near-touch level holds a median 3.16 contracts. **Change is reported per horizon, not pooled** ΓÇö a level moves a very different share of itself over 30 seconds than over an hour, and one median over both is a number about the sampling schedule rather than about the book. The shortest horizon with at least 100 observations is `under_30s`, where a level moves a median 24.0% of itself ΓÇö that is the figure the simulator should take, being nearest the per-event timescale it models. The attribution rule ΓÇö which side of a resting order a decrease came from ΓÇö is not in this data and cannot be, so it stays a swept assumption rather than a measurement.

written to argus\data\book_calibration.json
bookcalib_exit=0
  NVDAUSDT: extended=13.7 overnight=11.6 rth=31.0 weekend=4.9 | reopen=51.2 (1.7x rth, n=65)
      throttle now x1 ΓÇö the next 24 bar(s) are expected to move 8.4bps per bar against a 31.0bps regular-hours bar; no reduction, and this layer may not size up
  TSLAUSDT: extended=14.4 overnight=11.7 rth=35.3 weekend=5.9 | reopen=74.7 (2.1x rth, n=65)
      throttle now x1 ΓÇö the next 24 bar(s) are expected to move 9.0bps per bar against a 35.3bps regular-hours bar; no reduction, and this layer may not size up
  AAPLUSDT: extended=9.6 overnight=7.3 rth=22.4 weekend=5.2 | reopen=43.5 (1.9x rth, n=65)
      throttle now x1 ΓÇö the next 24 bar(s) are expected to move 6.5bps per bar against a 22.4bps regular-hours bar; no reduction, and this layer may not size up
  MSFTUSDT: extended=12.7 overnight=8.5 rth=25.2 weekend=5.3 | reopen=40.4 (1.6x rth, n=65)
      throttle now x1 ΓÇö the next 24 bar(s) are expected to move 7.6bps per bar against a 25.2bps regular-hours bar; no reduction, and this layer may not size up
  METAUSDT: extended=15.8 overnight=9.6 rth=35.1 weekend=6.3 | reopen=66.8 (1.9x rth, n=65)
      throttle now x1 ΓÇö the next 24 bar(s) are expected to move 9.1bps per bar against a 35.1bps regular-hours bar; no reduction, and this layer may not size up
  GOOGLUSDT: extended=13.5 overnight=8.7 rth=23.4 weekend=5.6 | reopen=45.0 (1.9x rth, n=65)
      throttle now x1 ΓÇö the next 24 bar(s) are expected to move 8.0bps per bar against a 23.4bps regular-hours bar; no reduction, and this layer may not size up
  AMZNUSDT: extended=12.4 overnight=7.2 rth=23.2 weekend=4.8 | reopen=36.5 (1.6x rth, n=65)
      throttle now x1 ΓÇö the next 24 bar(s) are expected to move 7.1bps per bar against a 23.2bps regular-hours bar; no reduction, and this layer may not size up
  COINUSDT: extended=27.9 overnight=19.2 rth=59.5 weekend=13.8 | reopen=93.6 (1.6x rth, n=65)
      throttle now x1 ΓÇö the next 24 bar(s) are expected to move 17.9bps per bar against a 59.5bps regular-hours bar; no reduction, and this layer may not size up
  MSTRUSDT: extended=36.9 overnight=30.4 rth=62.9 weekend=18.6 | reopen=102.9 (1.6x rth, n=65)
      throttle now x1 ΓÇö the next 24 bar(s) are expected to move 24.7bps per bar against a 62.9bps regular-hours bar; no reduction, and this layer may not size up
  QQQUSDT: extended=8.9 overnight=9.3 rth=14.0 weekend=3.6 | reopen=26.4 (1.9x rth, n=65)
      throttle now x1 ΓÇö the next 24 bar(s) are expected to move 6.0bps per bar against a 14.0bps regular-hours bar; no reduction, and this layer may not size up
  TQQQUSDT: extended=25.4 overnight=28.6 rth=41.7 weekend=9.0 | reopen=76.4 (1.8x rth, n=65)
      throttle now x1 ΓÇö the next 24 bar(s) are expected to move 17.2bps per bar against a 41.7bps regular-hours bar; no reduction, and this layer may not size up
  SQQQUSDT: extended=25.4 overnight=29.4 rth=42.4 weekend=8.0 | reopen=78.0 (1.8x rth, n=65)
      throttle now x1 ΓÇö the next 24 bar(s) are expected to move 17.1bps per bar against a 42.4bps regular-hours bar; no reduction, and this layer may not size up

12 profile(s) written to argus\data\session_risk.json
session_risk_exit=0
symbol        RTH bps/h  wknd bps/h  attenuation  anchor
NVDAUSDT          30.24        4.32         6.99  OK
TSLAUSDT          34.69        5.75         6.03  OK
AAPLUSDT          22.28        4.16         5.35  OK
MSFTUSDT          24.36        4.29         5.68  OK
METAUSDT          35.93        5.49         6.54  OK
GOOGLUSDT         24.90        5.25         4.75  OK
AMZNUSDT          24.11        3.81         6.33  OK
COINUSDT          59.50       12.18         4.88  OK
MSTRUSDT          61.41       17.09         3.59  OK
QQQUSDT           14.29        3.33         4.29  OK
TQQQUSDT          43.80        7.38         5.94  OK
SQQQUSDT          44.50        5.97         7.45  OK

  all 12 shipped instruments still attenuate past 2.5x when the anchor market shuts

written to argus\data\universe_validation.json
universe_exit=0
CPI dates: 13, FOMC decisions: 57 -> argus\data\event_calendar.json
  Wed 14 Oct 12:30 UTC  US CPI release
  Wed 28 Oct 18:00 UTC  FOMC rate decision
calendar_exit=0
event_reactions.json is under 20h old; not refreshed
event_reactions_exit=0
501 macro readings written
macro_exit=0
  NVDAUSDT hedged with NVDA index (all): r=+0.987 [95% low +0.986], optimal ratio 0.982 removes 97.5% of variance, one-for-one removes 97.5%, n=1438
  NVDAUSDT hedged with NVDA index (extended): r=+0.998 [95% low +0.998], optimal ratio 0.989 removes 99.6% of variance, one-for-one removes 99.6%, n=439
  NVDAUSDT hedged with NVDA index (overnight): r=+0.993 [95% low +0.991], optimal ratio 0.991 removes 98.6% of variance, one-for-one removes 98.6%, n=351
  NVDAUSDT hedged with NVDA index (rth): r=+0.999 [95% low +0.999], optimal ratio 0.987 removes 99.8% of variance, one-for-one removes 99.8%, n=262
  NVDAUSDT hedged with NVDA index (weekend): r=+0.996 [95% low +0.995], optimal ratio 0.998 removes 99.3% of variance, one-for-one removes 99.3%, n=383
  TSLAUSDT hedged with TSLA index (all): r=+0.989 [95% low +0.988], optimal ratio 0.991 removes 97.9% of variance, one-for-one removes 97.9%, n=1438
  TSLAUSDT hedged with TSLA index (extended): r=+0.998 [95% low +0.998], optimal ratio 0.996 removes 99.7% of variance, one-for-one removes 99.7%, n=439
  TSLAUSDT hedged with TSLA index (overnight): r=+0.996 [95% low +0.995], optimal ratio 0.999 removes 99.1% of variance, one-for-one removes 99.1%, n=351
  TSLAUSDT hedged with TSLA index (rth): r=+0.999 [95% low +0.999], optimal ratio 0.997 removes 99.9% of variance, one-for-one removes 99.9%, n=262
  TSLAUSDT hedged with TSLA index (weekend): r=+0.988 [95% low +0.986], optimal ratio 0.994 removes 97.7% of variance, one-for-one removes 97.7%, n=383
  AAPLUSDT hedged with AAPL index (all): r=+0.989 [95% low +0.988], optimal ratio 0.982 removes 97.8% of variance, one-for-one removes 97.8%, n=1438
  AAPLUSDT hedged with AAPL index (extended): r=+0.996 [95% low +0.996], optimal ratio 0.980 removes 99.3% of variance, one-for-one removes 99.2%, n=439
  AAPLUSDT hedged with AAPL index (overnight): r=+0.996 [95% low +0.996], optimal ratio 1.002 removes 99.3% of variance, one-for-one removes 99.3%, n=351
  AAPLUSDT hedged with AAPL index (rth): r=+0.999 [95% low +0.999], optimal ratio 0.988 removes 99.8% of variance, one-for-one removes 99.8%, n=262
  AAPLUSDT hedged with AAPL index (weekend): r=+0.991 [95% low +0.989], optimal ratio 1.005 removes 98.2% of variance, one-for-one removes 98.2%, n=383
  MSFTUSDT hedged with MSFT index (all): r=+0.991 [95% low +0.990], optimal ratio 0.990 removes 98.2% of variance, one-for-one removes 98.2%, n=1438
  MSFTUSDT hedged with MSFT index (extended): r=+0.998 [95% low +0.997], optimal ratio 0.994 removes 99.6% of variance, one-for-one removes 99.6%, n=439
  MSFTUSDT hedged with MSFT index (overnight): r=+0.996 [95% low +0.995], optimal ratio 0.995 removes 99.1% of variance, one-for-one removes 99.1%, n=351
  MSFTUSDT hedged with MSFT index (rth): r=+0.999 [95% low +0.998], optimal ratio 0.985 removes 99.8% of variance, one-for-one removes 99.7%, n=262
  MSFTUSDT hedged with MSFT index (weekend): r=+0.995 [95% low +0.994], optimal ratio 1.008 removes 99.0% of variance, one-for-one removes 99.0%, n=383
  METAUSDT hedged with META index (all): r=+0.994 [95% low +0.993], optimal ratio 0.990 removes 98.8% of variance, one-for-one removes 98.8%, n=1438
  METAUSDT hedged with META index (extended): r=+0.999 [95% low +0.998], optimal ratio 0.987 removes 99.7% of variance, one-for-one removes 99.7%, n=439
  METAUSDT hedged with META index (overnight): r=+0.997 [95% low +0.997], optimal ratio 1.002 removes 99.5% of variance, one-for-one removes 99.5%, n=351
  METAUSDT hedged with META index (rth): r=+0.999 [95% low +0.999], optimal ratio 0.997 removes 99.8% of variance, one-for-one removes 99.8%, n=262
  METAUSDT hedged with META index (weekend): r=+0.997 [95% low +0.996], optimal ratio 0.999 removes 99.4% of variance, one-for-one removes 99.4%, n=383
  GOOGLUSDT hedged with GOOGL index (all): r=+0.984 [95% low +0.982], optimal ratio 0.987 removes 96.8% of variance, one-for-one removes 96.8%, n=1438
  GOOGLUSDT hedged with GOOGL index (extended): r=+0.997 [95% low +0.996], optimal ratio 0.998 removes 99.4% of variance, one-for-one removes 99.4%, n=439
  GOOGLUSDT hedged with GOOGL index (overnight): r=+0.995 [95% low +0.994], optimal ratio 1.006 removes 99.0% of variance, one-for-one removes 99.0%, n=351
  GOOGLUSDT hedged with GOOGL index (rth): r=+0.999 [95% low +0.998], optimal ratio 0.988 removes 99.7% of variance, one-for-one removes 99.7%, n=262
  GOOGLUSDT hedged with GOOGL index (weekend): r=+0.988 [95% low +0.985], optimal ratio 1.011 removes 97.6% of variance, one-for-one removes 97.6%, n=383
  AMZNUSDT hedged with AMZN index (all): r=+0.989 [95% low +0.988], optimal ratio 0.997 removes 97.9% of variance, one-for-one removes 97.9%, n=1438
  AMZNUSDT hedged with AMZN index (extended): r=+0.997 [95% low +0.996], optimal ratio 1.003 removes 99.4% of variance, one-for-one removes 99.4%, n=439
  AMZNUSDT hedged with AMZN index (overnight): r=+0.998 [95% low +0.997], optimal ratio 1.003 removes 99.5% of variance, one-for-one removes 99.5%, n=351
  AMZNUSDT hedged with AMZN index (rth): r=+0.999 [95% low +0.998], optimal ratio 0.989 removes 99.7% of variance, one-for-one removes 99.7%, n=262
  AMZNUSDT hedged with AMZN index (weekend): r=+0.991 [95% low +0.989], optimal ratio 1.002 removes 98.1% of variance, one-for-one removes 98.1%, n=383
  COINUSDT hedged with COIN index (all): r=+0.989 [95% low +0.987], optimal ratio 0.996 removes 97.7% of variance, one-for-one removes 97.7%, n=1438
  COINUSDT hedged with COIN index (extended): r=+0.998 [95% low +0.998], optimal ratio 0.997 removes 99.6% of variance, one-for-one removes 99.6%, n=439
  COINUSDT hedged with COIN index (overnight): r=+0.995 [95% low +0.994], optimal ratio 0.996 removes 99.1% of variance, one-for-one removes 99.1%, n=351
  COINUSDT hedged with COIN index (rth): r=+0.999 [95% low +0.999], optimal ratio 0.996 removes 99.9% of variance, one-for-one removes 99.9%, n=262
  COINUSDT hedged with COIN index (weekend): r=+0.997 [95% low +0.996], optimal ratio 0.998 removes 99.4% of variance, one-for-one removes 99.4%, n=383
  MSTRUSDT hedged with MSTR index (all): r=+0.985 [95% low +0.983], optimal ratio 0.995 removes 97.0% of variance, one-for-one removes 97.0%, n=1438
  MSTRUSDT hedged with MSTR index (extended): r=+0.999 [95% low +0.999], optimal ratio 0.994 removes 99.8% of variance, one-for-one removes 99.8%, n=439
  MSTRUSDT hedged with MSTR index (overnight): r=+0.993 [95% low +0.991], optimal ratio 0.993 removes 98.6% of variance, one-for-one removes 98.6%, n=351
  MSTRUSDT hedged with MSTR index (rth): r=+1.000 [95% low +1.000], optimal ratio 0.997 removes 99.9% of variance, one-for-one removes 99.9%, n=262
  MSTRUSDT hedged with MSTR index (weekend): r=+0.997 [95% low +0.996], optimal ratio 1.000 removes 99.3% of variance, one-for-one removes 99.3%, n=383
  QQQUSDT hedged with QQQ index (all): r=+0.977 [95% low +0.974], optimal ratio 0.982 removes 95.4% of variance, one-for-one removes 95.4%, n=1438
  QQQUSDT hedged with QQQ index (extended): r=+0.996 [95% low +0.996], optimal ratio 0.983 removes 99.3% of variance, one-for-one removes 99.2%, n=439
  QQQUSDT hedged with QQQ index (overnight): r=+0.993 [95% low +0.991], optimal ratio 1.006 removes 98.5% of variance, one-for-one removes 98.5%, n=351
  QQQUSDT hedged with QQQ index (rth): r=+0.998 [95% low +0.998], optimal ratio 0.992 removes 99.6% of variance, one-for-one removes 99.6%, n=262
  QQQUSDT hedged with QQQ index (weekend): r=+0.987 [95% low +0.984], optimal ratio 0.997 removes 97.5% of variance, one-for-one removes 97.5%, n=383
  TQQQUSDT hedged with TQQQ index (all): r=+0.981 [95% low +0.979], optimal ratio 0.991 removes 96.3% of variance, one-for-one removes 96.3%, n=1438
  TQQQUSDT hedged with TQQQ index (extended): r=+0.998 [95% low +0.998], optimal ratio 0.989 removes 99.6% of variance, one-for-one removes 99.6%, n=439
  TQQQUSDT hedged with TQQQ index (overnight): r=+0.990 [95% low +0.988], optimal ratio 1.006 removes 98.1% of variance, one-for-one removes 98.1%, n=351
  TQQQUSDT hedged with TQQQ index (rth): r=+0.999 [95% low +0.998], optimal ratio 0.994 removes 99.7% of variance, one-for-one removes 99.7%, n=262
  TQQQUSDT hedged with TQQQ index (weekend): r=+0.989 [95% low +0.986], optimal ratio 1.003 removes 97.8% of variance, one-for-one removes 97.8%, n=383
  SQQQUSDT hedged with SQQQ index (all): r=+0.973 [95% low +0.970], optimal ratio 0.988 removes 94.7% of variance, one-for-one removes 94.7%, n=1438
  SQQQUSDT hedged with SQQQ index (extended): r=+0.996 [95% low +0.995], optimal ratio 0.985 removes 99.2% of variance, one-for-one removes 99.2%, n=439
  SQQQUSDT hedged with SQQQ index (overnight): r=+0.988 [95% low +0.985], optimal ratio 1.013 removes 97.6% of variance, one-for-one removes 97.5%, n=351
  SQQQUSDT hedged with SQQQ index (rth): r=+0.996 [95% low +0.995], optimal ratio 1.000 removes 99.3% of variance, one-for-one removes 99.3%, n=262
  SQQQUSDT hedged with SQQQ index (weekend): r=+0.991 [95% low +0.988], optimal ratio 0.999 removes 98.1% of variance, one-for-one removes 98.1%, n=383

60 measurement(s) written to argus\data\hedge_effectiveness.json
effectiveness_exit=0
{
  "ran_at": "2026-09-25T19:40:53.188701+00:00",
  "decisions_written": [
    {
      "seq": 696,
      "symbol": "NVDAUSDT",
      "verdict": "no_trade",
      "quantity": "0",
      "confidence": 0.55,
      "attests_llm_decided": true,
      "notes_written": 21,
      "protocol": {
        "digest": "sha256:d403d741144df7513e4dbb69fd254b6b95f6a7aba3b7aeba26fd959fc26dbfb8",
        "version": 3,
        "reduced_this_decision": false
      },
      "flags": [
        "[conflict:direction] event (bearish) vs earnings (bullish), gap 14.00 \u2014 earnings dominates: confidence 0.72 against 0.35",
        "[grounding] 1 of 7 figure(s) do not resolve to anything the desk was given: 19bps",
        "[grounding] an unattributable number in a thesis is the easiest place for an unsupported fact to enter the record"
      ]
    },
    {
      "seq": 697,
      "symbol": "TSLAUSDT",
      "verdict": "no_trade",
      "quantity": "0",
      "confidence": 0.48,
      "attests_llm_decided": true,
      "notes_written": 22,
      "protocol": {
        "digest": "sha256:d403d741144df7513e4dbb69fd254b6b95f6a7aba3b7aeba26fd959fc26dbfb8",
        "version": 3,
        "reduced_this_decision": false
      },
      "flags": [
        "[conflict:conviction] sentiment (bearish) vs earnings (bearish), gap 0.17 \u2014 earnings dominates: confidence 0.62 against 0.45",
        "[grounding] 1 of 6 figure(s) do not resolve to anything the desk was given: 0.54",
        "[grounding] an unattributable number in a thesis is the easiest place for an unsupported fact to enter the record"
      ]
    },
    {
      "seq": 698,
      "symbol": "AAPLUSDT",
      "verdict": "no_trade",
      "quantity": "0",
      "confidence": 0.52,
      "attests_llm_decided": true,
      "notes_written": 20,
      "protocol": {
        "digest": "sha256:d403d741144df7513e4dbb69fd254b6b95f6a7aba3b7aeba26fd959fc26dbfb8",
        "version": 3,
        "reduced_this_decision": false
      },
      "flags": [
        "[conflict:conviction] sentiment (bullish) vs earnings (bullish), gap 0.17 \u2014 earnings dominates: confidence 0.62 against 0.45"
      ]
    },
    {
      "seq": 699,
      "symbol": "MSFTUSDT",
      "verdict": "no_trade",
      "quantity": "0",
      "confidence": 0.52,
      "attests_llm_decided": true,
      "notes_written": 21,
      "protocol": {
        "digest": "sha256:d403d741144df7513e4dbb69fd254b6b95f6a7aba3b7aeba26fd959fc26dbfb8",
        "version": 3,
        "reduced_this_decision": false
      },
      "flags": [
        "[conflict:conviction] sentiment (bullish) vs earnings (bullish), gap 0.20 \u2014 earnings dominates: confidence 0.62 against 0.42"
      ]
    },
    {
      "seq": 700,
      "symbol": "METAUSDT",
      "verdict": "no_trade",
      "quantity": "0",
      "confidence": 0.62,
      "attests_llm_decided": true,
      "notes_written": 21,
      "protocol": {
        "digest": "sha256:d403d741144df7513e4dbb69fd254b6b95f6a7aba3b7aeba26fd959fc26dbfb8",
        "version": 3,
        "reduced_this_decision": false
      },
      "flags": [
        "[conflict:magnitude] event (bearish) vs sentiment (bearish), gap 330.00 \u2014 event dominates: confidence 0.88 against 0.42",
        "[conflict:magnitude] event (bearish) vs earnings (bearish), gap 289.00 \u2014 event dominates: confidence 0.88 against 0.72",
        "[conflict:magnitude] sentiment (bearish) vs earnings (bearish), gap 41.00 \u2014 earnings dominates: confidence 0.72 against 0.42"
      ]
    },
    {
      "seq": 701,
      "symbol": "GOOGLUSDT",
      "verdict": "no_trade",
      "quantity": "0",
      "confidence": 0.52,
      "attests_llm_decided": true,
      "notes_written": 22,
      "protocol": {
        "digest": "sha256:d403d741144df7513e4dbb69fd254b6b95f6a7aba3b7aeba26fd959fc26dbfb8",
        "version": 3,
        "reduced_this_decision": false
      },
      "flags": [
        "[grounding] 1 of 8 figure(s) do not resolve to anything the desk was given: +60bps",
        "[grounding] an unattributable number in a thesis is the easiest place for an unsupported fact to enter the record"
      ]
    },
    {
      "seq": 702,
      "symbol": "AMZNUSDT",
      "verdict": "no_trade",
      "quantity": "0",
      "confidence": 0.58,
      "attests_llm_decided": true,
      "notes_written": 20,
      "protocol": {
        "digest": "sha256:d403d741144df7513e4dbb69fd254b6b95f6a7aba3b7aeba26fd959fc26dbfb8",
        "version": 3,
        "reduced_this_decision": false
      },
      "flags": [
        "[conflict:conviction] sentiment (insufficient_evidence) vs cross_asset (insufficient_evidence), gap 0.30 \u2014 sentiment dominates: confidence 0.30 against 0.00"
      ]
    },
    {
      "seq": 703,
      "symbol": "COINUSDT",
      "verdict": "no_trade",
      "quantity": "0",
      "confidence": 0.55,
      "attests_llm_decided": true,
      "notes_written": 23,
      "protocol": {
        "digest": "sha256:d403d741144df7513e4dbb69fd254b6b95f6a7aba3b7aeba26fd959fc26dbfb8",
        "version": 3,
        "reduced_this_decision": false
      },
      "flags": []
    },
    {
      "seq": 704,
      "symbol": "MSTRUSDT",
      "verdict": "no_trade",
      "quantity": "0",
      "confidence": 0.55,
      "attests_llm_decided": true,
      "notes_written": 21,
      "protocol": {
        "digest": "sha256:d403d741144df7513e4dbb69fd254b6b95f6a7aba3b7aeba26fd959fc26dbfb8",
        "version": 3,
        "reduced_this_decision": false
      },
      "flags": [
        "[conflict:direction] event (bearish) vs sentiment (bullish), gap 178.00 \u2014 event dominates: confidence 0.78 against 0.38",
        "[conflict:magnitude] event (bearish) vs earnings (bearish), gap 151.00 \u2014 earnings dominates: 9 distinct sources against 8",
        "[conflict:direction] sentiment (bullish) vs earnings (bearish), gap 27.00 \u2014 earnings dominates: confidence 0.72 against 0.38"
      ]
    },
    {
      "seq": 705,
      "symbol": "QQQUSDT",
      "verdict": "no_trade",
      "quantity": "0",
      "confidence": 0.55,
      "attests_llm_decided": true,
      "notes_written": 25,
      "protocol": {
        "digest": "sha256:d403d741144df7513e4dbb69fd254b6b95f6a7aba3b7aeba26fd959fc26dbfb8",
        "version": 3,
        "reduced_this_decision": false
      },
      "flags": [
        "[grounding] 1 of 7 figure(s) do not resolve to anything the desk was given: 80bps",
        "[grounding] an unattributable number in a thesis is the easiest place for an unsupported fact to enter the record"
      ]
    },
    {
      "seq": 706,
      "symbol": "TQQQUSDT",
      "verdict": "no_trade",
      "quantity": "0",
      "confidence": 0.62,
      "attests_llm_decided": true,
      "notes_written": 21,
      "protocol": {
        "digest": "sha256:d403d741144df7513e4dbb69fd254b6b95f6a7aba3b7aeba26fd959fc26dbfb8",
        "version": 3,
        "reduced_this_decision": false
      },
      "flags": []
    },
    {
      "seq": 707,
      "symbol": "SQQQUSDT",
      "verdict": "no_trade",
      "quantity": "0",
      "confidence": 0.78,
      "attests_llm_decided": true,
      "notes_written": 23,
      "protocol": {
        "digest": "sha256:d403d741144df7513e4dbb69fd254b6b95f6a7aba3b7aeba26fd959fc26dbfb8",
        "version": 3,
        "reduced_this_decision": false
      },
      "flags": [
        "[grounding] 1 of 8 figure(s) do not resolve to anything the desk was given: 1.26%",
        "[grounding] an unattributable number in a thesis is the easiest place for an unsupported fact to enter the record"
      ]
    }
  ],
  "settled_this_cycle": [
    {
      "seq": 652,
      "symbol": "NVDAUSDT",
      "abstention": true,
      "counterfactual_move_bps": "5.7992"
    },
    {
      "seq": 653,
      "symbol": "TSLAUSDT",
      "abstention": true,
      "counterfactual_move_bps": "-231.5629"
    },
    {
      "seq": 654,
      "symbol": "AAPLUSDT",
      "abstention": true,
      "counterfactual_move_bps": "104.9013"
    },
    {
      "seq": 655,
      "symbol": "MSFTUSDT",
      "abstention": true,
      "counterfactual_move_bps": "410.4560"
    },
    {
      "seq": 656,
      "symbol": "METAUSDT",
      "abstention": true,
      "counterfactual_move_bps": "-231.0420"
    },
    {
      "seq": 657,
      "symbol": "GOOGLUSDT",
      "abstention": true,
      "counterfactual_move_bps": "77.8370"
    },
    {
      "seq": 658,
      "symbol": "AMZNUSDT",
      "abstention": true,
      "counterfactual_move_bps": "59.0290"
    },
    {
      "seq": 659,
      "symbol": "COINUSDT",
      "abstention": true,
      "counterfactual_move_bps": "-157.3374"
    },
    {
      "seq": 660,
      "symbol": "MSTRUSDT",
      "abstention": true,
      "counterfactual_move_bps": "-123.6935"
    },
    {
      "seq": 661,
      "symbol": "QQQUSDT",
      "abstention": true,
      "counterfactual_move_bps": "61.4358"
    },
    {
      "seq": 662,
      "symbol": "TQQQUSDT",
      "abstention": true,
      "counterfactual_move_bps": "163.5365"
    },
    {
      "seq": 663,
      "symbol": "SQQQUSDT",
      "abstention": true,
      "counterfactual_move_bps": "-154.2491"
    },
    {
      "causal_chains_graded": 4
    }
  ],
  "marked_this_cycle": [
    {
      "seq": 685,
      "symbol": "NVDAUSDT",
      "horizon_hours": 2.0817,
      "move_bps": "-34.2116",
      "lean": "up"
    },
    {
      "seq": 686,
      "symbol": "TSLAUSDT",
      "horizon_hours": 2.0817,
      "move_bps": "-33.7503",
      "lean": "down"
    },
    {
      "seq": 687,
      "symbol": "AAPLUSDT",
      "horizon_hours": 2.0817,
      "move_bps": "23.5156",
      "lean": "up"
    },
    {
      "seq": 688,
      "symbol": "MSFTUSDT",
      "horizon_hours": 2.0817,
      "move_bps": "-7.1635",
      "lean": "up"
    },
    {
      "seq": 689,
      "symbol": "METAUSDT",
      "horizon_hours": 2.0817,
      "move_bps": "8.6488",
      "lean": "down"
    },
    {
      "seq": 690,
      "symbol": "GOOGLUSDT",
      "horizon_hours": 2.0817,
      "move_bps": "-18.2593",
      "lean": "up"
    },
    {
      "seq": 691,
      "symbol": "AMZNUSDT",
      "horizon_hours": 2.0817,
      "move_bps": "7.9904",
      "lean": "up"
    },
    {
      "seq": 692,
      "symbol": "COINUSDT",
      "horizon_hours": 2.0817,
      "move_bps": "-8.7023",
      "lean": "down"
    },
    {
      "seq": 693,
      "symbol": "MSTRUSDT",
      "horizon_hours": 2.0817,
      "move_bps": "73.8077",
      "lean": "down"
    },
    {
      "seq": 694,
      "symbol": "QQQUSDT",
      "horizon_hours": 2.0817,
      "move_bps": "-5.7672",
      "lean": "up"
    },
    {
      "seq": 695,
      "symbol": "TQQQUSDT",
      "horizon_hours": 2.0817,
      "move_bps": "-20.0728",
      "lean": "up"
    }
  ],
  "tokens_spent": 319314,
  "unreported_calls": 0,
  "token_budget": 330000,
  "stopped_early": "",
  "chain": {
    "entries": 707,
    "chain_intact": true,
    "links_intact": true,
    "first_break_at": null,
    "truncated": false,
    "anchor": "anchor agrees with the log",
    "head_hash": "bab4de491ce9d00b",
    "tampered_settlements": [],
    "unsealed_settlements": []
  },
  "protocol": "argus-paper-v1 v3 (sha256:d403d741144df7513e4dbb69fd254b6b95f6a7aba3b7aeba26fd959fc26dbfb8)"
}
exit=0

cycle 53: 5 claim(s) on GOOGLUSDT, head 8251f55b124ed339
    resolves 2026-09-26T20:27
    resolves 2026-09-28T20:27
    resolves 2026-10-02T20:27
    resolves 2026-10-09T20:27
    resolves 2026-10-25T20:27

  128 claim(s) resolve inside the window and 182 are still open when it starts
cadence_exit=0
5 claim(s) resolved this run
  Γ£ô TSLAUSDT abs_move_above_bps 143.34 by 2026-09-25T18:15 (p=0.60) [4174444a6fb2]  observed |231.06| = 231.06
  Γ£ô AAPLUSDT abs_move_above_bps 66.58 by 2026-09-25T20:11 (p=0.60) [737662319160]  observed |172.88| = 172.88
  Γ£ô AMZNUSDT abs_move_above_bps 56.68 by 2026-09-25T20:13 (p=0.60) [c9314d5d120b]  observed |-199.51| = 199.51
  Γ£ô TSLAUSDT abs_move_above_bps 47.72 by 2026-09-25T18:15 (p=0.60) [1c4e8fdd5193]  observed |-193.85| = 193.85
  Γ£ô AAPLUSDT abs_move_above_bps 27.83 by 2026-09-25T20:11 (p=0.60) [2ee497b395ba]  observed |150.79| = 150.79

REGISTER ΓÇö 271 claim(s), 134 resolved, 135 pending, 2 unresolvable
  argus                 134 resolved  Brier 0.2136  hit rate 73%

  THE WALL ΓÇö 36 claim(s) we got wrong, most confident first:
    Γ£ù NVDAUSDT abs_move_above_bps 45.46 by 2026-09-15T09:21 (p=0.60) [381cbc033f4b]  observed |12.25| = 12.25
    Γ£ù TSLAUSDT abs_move_above_bps 50.23 by 2026-09-15T09:21 (p=0.60) [c387181dd2e6]  observed |-5.58| = 5.58
    Γ£ù AAPLUSDT abs_move_above_bps 37.55 by 2026-09-15T09:21 (p=0.60) [2588c7bcd941]  observed |-12.37| = 12.37
    Γ£ù AMZNUSDT abs_move_above_bps 40.7 by 2026-09-15T09:21 (p=0.60) [d71b10a405eb]  observed |-32.76| = 32.76
    Γ£ù MSTRUSDT abs_move_above_bps 138.15 by 2026-09-15T09:21 (p=0.60) [919de6cb9750]  observed |-22.67| = 22.67
    Γ£ù TSLAUSDT abs_move_above_bps 50.28 by 2026-09-16T18:14 (p=0.60) [5eec2201b2a4]  observed |-13.14| = 13.14
    Γ£ù AAPLUSDT abs_move_above_bps 37.55 by 2026-09-16T20:11 (p=0.60) [4ae4dfa61cdf]  observed |33.15| = 33.15
    Γ£ù METAUSDT abs_move_above_bps 66.48 by 2026-09-17T16:11 (p=0.60) [fe99a2216199]  observed |41.36| = 41.36
    Γ£ù TQQQUSDT abs_move_above_bps 182.37 by 2026-09-17T18:17 (p=0.60) [394c43522a43]  observed |168.28| = 168.28
    Γ£ù QQQUSDT abs_move_above_bps 31.84 by 2026-09-18T18:10 (p=0.60) [933c2db4e3a6]  observed |14.50| = 14.50

written to argus\data\register_scoreboard.json
register_exit=0
CYCLE CHECK ΓÇö cycle_2026-09-26_0100.log

  PASS     exit_code
           process exited 0
  PASS     symbols_decided
           12 of 12 symbols produced a decision
  PASS     ran_to_completion
           the cycle reached every symbol it was given
  PASS     token_budget
           319,314 of 330,000 spent (97%)
  PASS     cumulative_tokens
           14,327,662 token(s) across 50 recorded cycle(s), 286,553 per cycle ΓÇö roughly 1,146,213/day at four cycles. The key's remaining balance is not observable from here; this is the burn rate, not a runway
  PASS     budget_not_exhausted
           the guard did not fire
  PASS     chain_intact
           the hash chain verified after the write
  PASS     leans_recorded
           12 of 12 row(s) carry a lean and a lean_confidence
  PASS     leans_gradeable
           12 of 12 decision(s) state a direction (7 up, 5 down, 0 none)
  PASS     verdicts_parsed
           every verdict parsed
  PASS     session
           session phase(s) seen: rth  <-- price discovery

  11/11 checks passed. **FALSIFIER FIRED**: this cycle had price discovery and the desk still proposed no exposure on any symbol. eval/autopsy.py named exactly this as the observation that moves the cause of the abstentions from the sampling to the desk. Its conclusion is now refuted and must be rewritten, not defended

written to argus\data\cycle_check.json
check_exit=0
REFUSAL ALPHA ù 462 mark(s)

  horizon              marks  directional  correct  coverage  accuracy  forgone
  about_2h               349          347      206   99.4%   59.4%    -4.5
  4h_to_12h                1            1        0  100.0%    0.0%   -51.7
  overnight_12h_plus     112          109       53   97.3%   48.6%   -18.1

  At the `about_2h` horizon: 206 of 347 directional calls went the right way. 95% interval (bootstrap over 31 decision cycles) 52.4% to 66.2%. It excludes a coin flip. But calling `up` every time was right 53.9% of the time, and cycle by cycle the lean beat that naive call 14 times and lost 10 (7 tied) ù so there is no evidence yet that the lean knows more than the direction of the tape. Median net edge forgone by standing aside: -4.5bps after a 12.0bps round trip ù refusing saved money on the typical decision.

written to argus\data\refusal_alpha.json

REASON AGAINST RECORD ù 705 refusal(s) on record; 333 carried at least one reason the record can check. Of 691 decision-time reason(s) graded, 691 agreed with the record and 0 contradicted it. `moves_enough` claims were borne out by the next ~2h move 43 of 54 time(s) (80%), against 75% for every ~2h refusal mark (one-sided exact binomial p = 0.26); no evidence the stated reason says more than the base rate does.
written to argus\data\refusal_reasons.json
refusal_exit=0
14 panel(s); 4 figure(s) not yet measurable
  unavailable: Sharpe ╖ drawdown ╖ win rate ╖ Sharpe
  unavailable: Sharpe ╖ drawdown ╖ win rate ╖ max drawdown
  unavailable: Sharpe ╖ drawdown ╖ win rate ╖ win rate
  unavailable: Search bake-off ╖ stable winner
written to argus\cockpit.html
cockpit_exit=0
DEPLOY SYNC

  package   166 of 489 file(s) refreshed
  artefacts 7 of 63 file(s) refreshed
  ledger    702 -> 707 decisions
            the bundle was missing 5 decision(s) (1% of the record)

  manifest -> deploy\sync_manifest.json
  NOT deployed ΓÇö publishing stays a human's decision.
deploysync_exit=0
vercel.cmd : Vercel CLI 54.9.1 (Node.js 22.17.0)
At argus\run_paper_cycle.ps1:116 char:5
+     & "$env:APPDATA\npm\vercel.cmd" deploy --prod --yes 2>&1 | ForEac ...
+     ~~~~~~~~~~~~~~~~~~~~~~~~~~~~~~~~~~~~~~~~~~~~~~~~~~~~~~~~
    + CategoryInfo          : NotSpecified: (Vercel CLI 54.9.1 (Node.js 22.17.0):String) [], RemoteException
    + FullyQualifiedErrorId : NativeCommandError
 
Retrieving projectΓÇª
Deploying pratiikpys-projects/argus-desk
Uploading [--------------------] (0.0B/13.3MB)
Uploading [=====---------------] (3.3MB/13.3MB)
Uploading [==========----------] (6.6MB/13.3MB)
Uploading [===============-----] (9.9MB/13.3MB)
Uploading [====================] (13.3MB/13.3MB)
  Inspect     https://vercel.com/pratiikpys-projects/argus-desk/88d7sGaivSK5mgWofu6n5dMjsyt6
Γû▓ Production  https://argus-desk-g1nrhq637-pratiikpys-projects.vercel.app
BuildingΓÇª
BuildingΓÇª
Running build in Cleveland, USA (East) ΓÇô cle1
Build machine configuration: 4 cores, 8 GB
Retrieving list of deployment files...
Downloading 559 deployment files...
Restored build cache from previous deployment (9GHcy9Nytc7e1zkkfcLjMSG6c3qu)
Running "vercel build"
Vercel CLI 59.25.4
WARNING! Due to `builds` existing in your configuration file, the Build and Development Settings defined in your 
Project Settings will not apply. Learn More: https://vercel.link/unused-build-settings
No Python version specified in .python-version, pyproject.toml, or Pipfile.lock. Using python version: 3.12
Using uv 0.10.11
Installing required dependencies from requirements.txt...
Compiling Python bytecode...
Build Completed in /vercel/output [2s]
Deploying outputs...
[2K[1A[2K[GΓû▓ Production  https://argus-desk-g1nrhq637-pratiikpys-projects.vercel.app
CompletingΓÇª
Γû▓ Aliased     https://deploy-topaz-seven-64.vercel.app

Γ£ô Ready in 20s
Due to `builds` existing in your configuration file, the Build and Development Settings defined in your Project 
Settings will not apply. Learn More: https://vercel.link/unused-build-settings
https://argus-desk-g1nrhq637-pratiikpys-projects.vercel.app
publish_exit=0
