=== ARGUS paper cycle 2026-09-23_2300 ===
sampling MSTRUSDT for 90s (rth)...

MARKOUT ΓÇö MSTRUSDT, 90s of rth, 68 book sample(s), 41 print(s), 5% flagged RPI

   horizon  prints    median      mean     worst
        5s      33    -0.613    -0.316    -4.292
       15s      32    -0.613    -0.144    -8.584
       30s      29    -0.613    -0.169    -4.290
       60s      14    +0.000    -0.525    -7.971

  Resting on MSTRUSDT (rth) cost a median 0.61bps of adverse selection over 30s across 29 print(s), worst 4.29bps. That is inside the 2bps maker fee it would save, so the blanket refusal to credit maker treatment is now costing measurable edge and deserves a number rather than a rule

written to argus\data\markout.json
markout_exit=0
EXECUTABLE COST ΓÇö bps. 'quoted' is the full bid-ask spread; the size columns are
slippage against mid, taking the ask (a size inside the touch reads half 'quoted').

symbol         quoted      $1000      $5000     $25000    $100000
-----------------------------------------------------------------
NVDAUSDT         0.45       0.22       0.72       1.81       4.29
TSLAUSDT         1.06       0.66       1.39       2.14       4.48
AAPLUSDT         0.30       0.73       0.98       2.86       6.94
MSFTUSDT         2.00       1.55       1.91       2.86       5.01
METAUSDT         1.47       3.09       4.30       5.56          ΓÇö
GOOGLUSDT        1.18       0.59       0.81       1.55       4.15
AMZNUSDT         0.40       1.00       1.01       4.00       6.16
COINUSDT         4.52       2.55       5.36       6.71      18.25
MSTRUSDT         0.61       0.31       1.79       4.55       8.51
QQQUSDT          0.14       0.07       0.34       1.06       2.41
TQQQUSDT         1.28       1.60       2.43       6.91      19.03
SQQQUSDT         5.81       3.03       5.25      10.16      17.16

12 book(s) written to argus\data\depth.json
depth_exit=0
recorded 12 snapshot(s) to argus\data\book_tape.jsonl

  576 snapshots over 222.614h: a near-touch level holds a median 3.15 contracts. **Change is reported per horizon, not pooled** ΓÇö a level moves a very different share of itself over 30 seconds than over an hour, and one median over both is a number about the sampling schedule rather than about the book. The shortest horizon with at least 100 observations is `under_30s`, where a level moves a median 24.0% of itself ΓÇö that is the figure the simulator should take, being nearest the per-event timescale it models. The attribution rule ΓÇö which side of a resting order a decrease came from ΓÇö is not in this data and cannot be, so it stays a swept assumption rather than a measurement.

written to argus\data\book_calibration.json
bookcalib_exit=0
  NVDAUSDT: extended=13.9 overnight=11.8 rth=31.1 weekend=5.0 | reopen=51.3 (1.7x rth, n=64)
      throttle now x1 ΓÇö the next 24 bar(s) are expected to move 21.7bps per bar against a 31.1bps regular-hours bar; no reduction, and this layer may not size up
  TSLAUSDT: extended=14.4 overnight=12.0 rth=35.7 weekend=5.9 | reopen=76.9 (2.2x rth, n=64)
      throttle now x1 ΓÇö the next 24 bar(s) are expected to move 26.3bps per bar against a 35.7bps regular-hours bar; no reduction, and this layer may not size up
  AAPLUSDT: extended=10.2 overnight=7.5 rth=22.7 weekend=5.2 | reopen=43.6 (1.9x rth, n=64)
      throttle now x1 ΓÇö the next 24 bar(s) are expected to move 16.3bps per bar against a 22.7bps regular-hours bar; no reduction, and this layer may not size up
  MSFTUSDT: extended=12.8 overnight=8.8 rth=25.5 weekend=5.4 | reopen=42.0 (1.6x rth, n=64)
      throttle now x1 ΓÇö the next 24 bar(s) are expected to move 18.0bps per bar against a 25.5bps regular-hours bar; no reduction, and this layer may not size up
  METAUSDT: extended=15.3 overnight=9.6 rth=35.5 weekend=6.3 | reopen=66.3 (1.9x rth, n=64)
      throttle now x1 ΓÇö the next 24 bar(s) are expected to move 24.8bps per bar against a 35.5bps regular-hours bar; no reduction, and this layer may not size up
  GOOGLUSDT: extended=13.5 overnight=9.0 rth=23.7 weekend=5.6 | reopen=45.8 (1.9x rth, n=64)
      throttle now x1 ΓÇö the next 24 bar(s) are expected to move 18.0bps per bar against a 23.7bps regular-hours bar; no reduction, and this layer may not size up
  AMZNUSDT: extended=12.2 overnight=7.3 rth=23.5 weekend=4.8 | reopen=40.2 (1.7x rth, n=64)
      throttle now x1 ΓÇö the next 24 bar(s) are expected to move 16.7bps per bar against a 23.5bps regular-hours bar; no reduction, and this layer may not size up
  COINUSDT: extended=28.3 overnight=19.2 rth=61.7 weekend=13.9 | reopen=94.4 (1.5x rth, n=64)
      throttle now x1 ΓÇö the next 24 bar(s) are expected to move 41.8bps per bar against a 61.7bps regular-hours bar; no reduction, and this layer may not size up
  MSTRUSDT: extended=37.0 overnight=30.7 rth=64.5 weekend=18.8 | reopen=103.0 (1.6x rth, n=64)
      throttle now x1 ΓÇö the next 24 bar(s) are expected to move 48.1bps per bar against a 64.5bps regular-hours bar; no reduction, and this layer may not size up
  QQQUSDT: extended=8.7 overnight=9.7 rth=14.4 weekend=3.7 | reopen=26.8 (1.9x rth, n=64)
      throttle now x1 ΓÇö the next 24 bar(s) are expected to move 11.9bps per bar against a 14.4bps regular-hours bar; no reduction, and this layer may not size up
  TQQQUSDT: extended=25.1 overnight=29.0 rth=43.1 weekend=8.5 | reopen=80.1 (1.9x rth, n=64)
      throttle now x1 ΓÇö the next 24 bar(s) are expected to move 35.3bps per bar against a 43.1bps regular-hours bar; no reduction, and this layer may not size up
  SQQQUSDT: extended=25.2 overnight=30.1 rth=43.6 weekend=7.9 | reopen=81.0 (1.9x rth, n=64)
      throttle now x1 ΓÇö the next 24 bar(s) are expected to move 35.9bps per bar against a 43.6bps regular-hours bar; no reduction, and this layer may not size up

12 profile(s) written to argus\data\session_risk.json
session_risk_exit=0
symbol        RTH bps/h  wknd bps/h  attenuation  anchor
NVDAUSDT          30.41        4.36         6.98  OK
TSLAUSDT          34.60        5.75         6.01  OK
AAPLUSDT          23.19        4.26         5.44  OK
MSFTUSDT          25.07        4.39         5.71  OK
METAUSDT          36.25        5.42         6.69  OK
GOOGLUSDT         24.91        5.23         4.76  OK
AMZNUSDT          24.37        3.79         6.43  OK
COINUSDT          62.46       12.27         5.09  OK
MSTRUSDT          64.21       17.38         3.70  OK
QQQUSDT           14.61        3.44         4.25  OK
TQQQUSDT          44.91        7.30         6.15  OK
SQQQUSDT          45.75        5.60         8.17  OK

  all 12 shipped instruments still attenuate past 2.5x when the anchor market shuts

written to argus\data\universe_validation.json
universe_exit=0
  NVDAUSDT hedged with NVDA index (all): r=+0.988 [95% low +0.987], optimal ratio 0.983 removes 97.7% of variance, one-for-one removes 97.6%, n=1438
  NVDAUSDT hedged with NVDA index (extended): r=+0.998 [95% low +0.998], optimal ratio 0.989 removes 99.6% of variance, one-for-one removes 99.6%, n=425
  NVDAUSDT hedged with NVDA index (overnight): r=+0.995 [95% low +0.994], optimal ratio 0.994 removes 99.0% of variance, one-for-one removes 99.0%, n=339
  NVDAUSDT hedged with NVDA index (rth): r=+0.999 [95% low +0.999], optimal ratio 0.987 removes 99.8% of variance, one-for-one removes 99.8%, n=254
  NVDAUSDT hedged with NVDA index (weekend): r=+0.997 [95% low +0.996], optimal ratio 0.997 removes 99.3% of variance, one-for-one removes 99.3%, n=417
  TSLAUSDT hedged with TSLA index (all): r=+0.989 [95% low +0.988], optimal ratio 0.992 removes 97.9% of variance, one-for-one removes 97.9%, n=1438
  TSLAUSDT hedged with TSLA index (extended): r=+0.998 [95% low +0.998], optimal ratio 0.996 removes 99.7% of variance, one-for-one removes 99.7%, n=425
  TSLAUSDT hedged with TSLA index (overnight): r=+0.996 [95% low +0.995], optimal ratio 1.000 removes 99.2% of variance, one-for-one removes 99.2%, n=339
  TSLAUSDT hedged with TSLA index (rth): r=+0.999 [95% low +0.999], optimal ratio 0.997 removes 99.9% of variance, one-for-one removes 99.9%, n=254
  TSLAUSDT hedged with TSLA index (weekend): r=+0.988 [95% low +0.986], optimal ratio 0.994 removes 97.7% of variance, one-for-one removes 97.7%, n=417
  AAPLUSDT hedged with AAPL index (all): r=+0.989 [95% low +0.988], optimal ratio 0.981 removes 97.8% of variance, one-for-one removes 97.7%, n=1438
  AAPLUSDT hedged with AAPL index (extended): r=+0.996 [95% low +0.996], optimal ratio 0.981 removes 99.3% of variance, one-for-one removes 99.2%, n=425
  AAPLUSDT hedged with AAPL index (overnight): r=+0.997 [95% low +0.996], optimal ratio 1.001 removes 99.3% of variance, one-for-one removes 99.3%, n=339
  AAPLUSDT hedged with AAPL index (rth): r=+0.999 [95% low +0.999], optimal ratio 0.988 removes 99.8% of variance, one-for-one removes 99.8%, n=254
  AAPLUSDT hedged with AAPL index (weekend): r=+0.997 [95% low +0.996], optimal ratio 1.000 removes 99.3% of variance, one-for-one removes 99.3%, n=417
  MSFTUSDT hedged with MSFT index (all): r=+0.991 [95% low +0.990], optimal ratio 0.989 removes 98.1% of variance, one-for-one removes 98.1%, n=1438
  MSFTUSDT hedged with MSFT index (extended): r=+0.998 [95% low +0.997], optimal ratio 0.993 removes 99.6% of variance, one-for-one removes 99.5%, n=425
  MSFTUSDT hedged with MSFT index (overnight): r=+0.996 [95% low +0.995], optimal ratio 0.995 removes 99.2% of variance, one-for-one removes 99.2%, n=339
  MSFTUSDT hedged with MSFT index (rth): r=+0.999 [95% low +0.999], optimal ratio 0.983 removes 99.8% of variance, one-for-one removes 99.7%, n=254
  MSFTUSDT hedged with MSFT index (weekend): r=+0.999 [95% low +0.999], optimal ratio 1.011 removes 99.8% of variance, one-for-one removes 99.7%, n=417
  METAUSDT hedged with META index (all): r=+0.994 [95% low +0.993], optimal ratio 0.990 removes 98.8% of variance, one-for-one removes 98.8%, n=1438
  METAUSDT hedged with META index (extended): r=+0.999 [95% low +0.998], optimal ratio 0.987 removes 99.7% of variance, one-for-one removes 99.7%, n=425
  METAUSDT hedged with META index (overnight): r=+0.998 [95% low +0.997], optimal ratio 1.004 removes 99.5% of variance, one-for-one removes 99.5%, n=339
  METAUSDT hedged with META index (rth): r=+0.999 [95% low +0.999], optimal ratio 0.999 removes 99.8% of variance, one-for-one removes 99.8%, n=254
  METAUSDT hedged with META index (weekend): r=+0.998 [95% low +0.997], optimal ratio 1.000 removes 99.6% of variance, one-for-one removes 99.6%, n=417
  GOOGLUSDT hedged with GOOGL index (all): r=+0.984 [95% low +0.982], optimal ratio 0.988 removes 96.8% of variance, one-for-one removes 96.8%, n=1438
  GOOGLUSDT hedged with GOOGL index (extended): r=+0.997 [95% low +0.996], optimal ratio 0.996 removes 99.4% of variance, one-for-one removes 99.4%, n=425
  GOOGLUSDT hedged with GOOGL index (overnight): r=+0.995 [95% low +0.994], optimal ratio 1.006 removes 99.0% of variance, one-for-one removes 99.0%, n=339
  GOOGLUSDT hedged with GOOGL index (rth): r=+0.999 [95% low +0.998], optimal ratio 0.988 removes 99.8% of variance, one-for-one removes 99.7%, n=254
  GOOGLUSDT hedged with GOOGL index (weekend): r=+0.996 [95% low +0.995], optimal ratio 1.004 removes 99.2% of variance, one-for-one removes 99.2%, n=417
  AMZNUSDT hedged with AMZN index (all): r=+0.989 [95% low +0.988], optimal ratio 0.997 removes 97.9% of variance, one-for-one removes 97.9%, n=1438
  AMZNUSDT hedged with AMZN index (extended): r=+0.997 [95% low +0.996], optimal ratio 1.002 removes 99.4% of variance, one-for-one removes 99.4%, n=425
  AMZNUSDT hedged with AMZN index (overnight): r=+0.998 [95% low +0.997], optimal ratio 1.004 removes 99.6% of variance, one-for-one removes 99.6%, n=339
  AMZNUSDT hedged with AMZN index (rth): r=+0.999 [95% low +0.998], optimal ratio 0.989 removes 99.7% of variance, one-for-one removes 99.7%, n=254
  AMZNUSDT hedged with AMZN index (weekend): r=+0.998 [95% low +0.998], optimal ratio 0.999 removes 99.6% of variance, one-for-one removes 99.6%, n=417
  COINUSDT hedged with COIN index (all): r=+0.989 [95% low +0.988], optimal ratio 0.996 removes 97.9% of variance, one-for-one removes 97.9%, n=1438
  COINUSDT hedged with COIN index (extended): r=+0.998 [95% low +0.998], optimal ratio 0.997 removes 99.6% of variance, one-for-one removes 99.6%, n=425
  COINUSDT hedged with COIN index (overnight): r=+0.996 [95% low +0.995], optimal ratio 0.996 removes 99.2% of variance, one-for-one removes 99.2%, n=339
  COINUSDT hedged with COIN index (rth): r=+0.999 [95% low +0.999], optimal ratio 0.996 removes 99.9% of variance, one-for-one removes 99.9%, n=254
  COINUSDT hedged with COIN index (weekend): r=+0.997 [95% low +0.997], optimal ratio 0.998 removes 99.5% of variance, one-for-one removes 99.5%, n=417
  MSTRUSDT hedged with MSTR index (all): r=+0.986 [95% low +0.984], optimal ratio 0.995 removes 97.2% of variance, one-for-one removes 97.2%, n=1438
  MSTRUSDT hedged with MSTR index (extended): r=+0.999 [95% low +0.999], optimal ratio 0.993 removes 99.8% of variance, one-for-one removes 99.8%, n=425
  MSTRUSDT hedged with MSTR index (overnight): r=+0.994 [95% low +0.992], optimal ratio 0.993 removes 98.7% of variance, one-for-one removes 98.7%, n=339
  MSTRUSDT hedged with MSTR index (rth): r=+1.000 [95% low +1.000], optimal ratio 0.997 removes 99.9% of variance, one-for-one removes 99.9%, n=254
  MSTRUSDT hedged with MSTR index (weekend): r=+0.997 [95% low +0.996], optimal ratio 1.000 removes 99.3% of variance, one-for-one removes 99.3%, n=417
  QQQUSDT hedged with QQQ index (all): r=+0.978 [95% low +0.976], optimal ratio 0.982 removes 95.6% of variance, one-for-one removes 95.6%, n=1438
  QQQUSDT hedged with QQQ index (extended): r=+0.996 [95% low +0.996], optimal ratio 0.981 removes 99.3% of variance, one-for-one removes 99.3%, n=425
  QQQUSDT hedged with QQQ index (overnight): r=+0.994 [95% low +0.992], optimal ratio 1.004 removes 98.7% of variance, one-for-one removes 98.7%, n=339
  QQQUSDT hedged with QQQ index (rth): r=+0.998 [95% low +0.998], optimal ratio 0.991 removes 99.6% of variance, one-for-one removes 99.6%, n=254
  QQQUSDT hedged with QQQ index (weekend): r=+0.988 [95% low +0.985], optimal ratio 0.999 removes 97.5% of variance, one-for-one removes 97.5%, n=417
  TQQQUSDT hedged with TQQQ index (all): r=+0.982 [95% low +0.980], optimal ratio 0.992 removes 96.4% of variance, one-for-one removes 96.4%, n=1438
  TQQQUSDT hedged with TQQQ index (extended): r=+0.998 [95% low +0.998], optimal ratio 0.988 removes 99.6% of variance, one-for-one removes 99.6%, n=425
  TQQQUSDT hedged with TQQQ index (overnight): r=+0.992 [95% low +0.989], optimal ratio 1.004 removes 98.3% of variance, one-for-one removes 98.3%, n=339
  TQQQUSDT hedged with TQQQ index (rth): r=+0.999 [95% low +0.998], optimal ratio 0.995 removes 99.7% of variance, one-for-one removes 99.7%, n=254
  TQQQUSDT hedged with TQQQ index (weekend): r=+0.989 [95% low +0.987], optimal ratio 1.004 removes 97.9% of variance, one-for-one removes 97.9%, n=417
  SQQQUSDT hedged with SQQQ index (all): r=+0.973 [95% low +0.970], optimal ratio 0.989 removes 94.7% of variance, one-for-one removes 94.7%, n=1438
  SQQQUSDT hedged with SQQQ index (extended): r=+0.996 [95% low +0.995], optimal ratio 0.985 removes 99.2% of variance, one-for-one removes 99.2%, n=425
  SQQQUSDT hedged with SQQQ index (overnight): r=+0.989 [95% low +0.986], optimal ratio 1.012 removes 97.8% of variance, one-for-one removes 97.8%, n=339
  SQQQUSDT hedged with SQQQ index (rth): r=+0.996 [95% low +0.995], optimal ratio 1.000 removes 99.2% of variance, one-for-one removes 99.2%, n=254
  SQQQUSDT hedged with SQQQ index (weekend): r=+0.989 [95% low +0.987], optimal ratio 0.999 removes 97.8% of variance, one-for-one removes 97.8%, n=417

60 measurement(s) written to argus\data\hedge_effectiveness.json
effectiveness_exit=0
{
  "ran_at": "2026-09-23T17:41:33.610228+00:00",
  "decisions_written": [
    {
      "seq": 607,
      "symbol": "NVDAUSDT",
      "verdict": "no_trade",
      "quantity": "0",
      "confidence": 0.55,
      "attests_llm_decided": true,
      "notes_written": 20,
      "protocol": {
        "digest": "sha256:d403d741144df7513e4dbb69fd254b6b95f6a7aba3b7aeba26fd959fc26dbfb8",
        "version": 3,
        "reduced_this_decision": false
      },
      "flags": [
        "[conflict:direction] event (bearish) vs earnings (bullish), gap 0.00 \u2014 earnings dominates: confidence 0.72 against 0.45"
      ]
    },
    {
      "seq": 608,
      "symbol": "TSLAUSDT",
      "verdict": "no_trade",
      "quantity": "0",
      "confidence": 0.52,
      "attests_llm_decided": true,
      "notes_written": 21,
      "protocol": {
        "digest": "sha256:d403d741144df7513e4dbb69fd254b6b95f6a7aba3b7aeba26fd959fc26dbfb8",
        "version": 3,
        "reduced_this_decision": false
      },
      "flags": [
        "[conflict:magnitude] event (bullish) vs sentiment (bullish), gap 41.00 \u2014 event dominates: confidence 0.52 against 0.35",
        "[conflict:direction] event (bullish) vs earnings (bearish), gap 10.00 \u2014 earnings dominates: 9 distinct sources against 7",
        "[conflict:direction] sentiment (bullish) vs earnings (bearish), gap 31.00 \u2014 earnings dominates: confidence 0.62 against 0.35"
      ]
    },
    {
      "seq": 609,
      "symbol": "AAPLUSDT",
      "verdict": "no_trade",
      "quantity": "0",
      "confidence": 0.55,
      "attests_llm_decided": true,
      "notes_written": 21,
      "protocol": {
        "digest": "sha256:d403d741144df7513e4dbb69fd254b6b95f6a7aba3b7aeba26fd959fc26dbfb8",
        "version": 3,
        "reduced_this_decision": false
      },
      "flags": []
    },
    {
      "seq": 610,
      "symbol": "MSFTUSDT",
      "verdict": "no_trade",
      "quantity": "0",
      "confidence": 0.55,
      "attests_llm_decided": true,
      "notes_written": 22,
      "protocol": {
        "digest": "sha256:d403d741144df7513e4dbb69fd254b6b95f6a7aba3b7aeba26fd959fc26dbfb8",
        "version": 3,
        "reduced_this_decision": false
      },
      "flags": []
    },
    {
      "seq": 611,
      "symbol": "METAUSDT",
      "verdict": "no_trade",
      "quantity": "0",
      "confidence": 0.55,
      "attests_llm_decided": true,
      "notes_written": 19,
      "protocol": {
        "digest": "sha256:d403d741144df7513e4dbb69fd254b6b95f6a7aba3b7aeba26fd959fc26dbfb8",
        "version": 3,
        "reduced_this_decision": false
      },
      "flags": [
        "[conflict:direction] sentiment (bullish) vs earnings (bearish), gap 31.00 \u2014 earnings dominates: confidence 0.72 against 0.45"
      ]
    },
    {
      "seq": 612,
      "symbol": "GOOGLUSDT",
      "verdict": "no_trade",
      "quantity": "0",
      "confidence": 0.55,
      "attests_llm_decided": true,
      "notes_written": 21,
      "protocol": {
        "digest": "sha256:d403d741144df7513e4dbb69fd254b6b95f6a7aba3b7aeba26fd959fc26dbfb8",
        "version": 3,
        "reduced_this_decision": false
      },
      "flags": [
        "[conflict:direction] sentiment (bearish) vs earnings (bullish), gap 37.00 \u2014 earnings dominates: confidence 0.72 against 0.45"
      ]
    },
    {
      "seq": 613,
      "symbol": "AMZNUSDT",
      "verdict": "no_trade",
      "quantity": "0",
      "confidence": 0.58,
      "attests_llm_decided": true,
      "notes_written": 20,
      "protocol": {
        "digest": "sha256:d403d741144df7513e4dbb69fd254b6b95f6a7aba3b7aeba26fd959fc26dbfb8",
        "version": 3,
        "reduced_this_decision": false
      },
      "flags": [
        "[conflict:direction] event (bullish) vs sentiment (bearish), gap 0.00 \u2014 event dominates: confidence 0.45 against 0.35",
        "[conflict:conviction] event (bullish) vs earnings (bullish), gap 0.37 \u2014 earnings dominates: confidence 0.82 against 0.45",
        "[conflict:direction] sentiment (bearish) vs earnings (bullish), gap 14.00 \u2014 earnings dominates: confidence 0.82 against 0.35"
      ]
    },
    {
      "seq": 614,
      "symbol": "COINUSDT",
      "verdict": "no_trade",
      "quantity": "0",
      "confidence": 0.55,
      "attests_llm_decided": true,
      "notes_written": 18,
      "protocol": {
        "digest": "sha256:d403d741144df7513e4dbb69fd254b6b95f6a7aba3b7aeba26fd959fc26dbfb8",
        "version": 3,
        "reduced_this_decision": false
      },
      "flags": []
    },
    {
      "seq": 615,
      "symbol": "MSTRUSDT",
      "verdict": "no_trade",
      "quantity": "0",
      "confidence": 0.55,
      "attests_llm_decided": true,
      "notes_written": 20,
      "protocol": {
        "digest": "sha256:d403d741144df7513e4dbb69fd254b6b95f6a7aba3b7aeba26fd959fc26dbfb8",
        "version": 3,
        "reduced_this_decision": false
      },
      "flags": []
    }
  ],
  "settled_this_cycle": [
    {
      "seq": 556,
      "symbol": "NVDAUSDT",
      "abstention": true,
      "counterfactual_move_bps": "-151.4621"
    },
    {
      "seq": 557,
      "symbol": "TSLAUSDT",
      "abstention": true,
      "counterfactual_move_bps": "87.6820"
    },
    {
      "seq": 558,
      "symbol": "AAPLUSDT",
      "abstention": true,
      "counterfactual_move_bps": "-165.2290"
    },
    {
      "seq": 559,
      "symbol": "MSFTUSDT",
      "abstention": true,
      "counterfactual_move_bps": "87.9990"
    },
    {
      "seq": 560,
      "symbol": "METAUSDT",
      "abstention": true,
      "counterfactual_move_bps": "3.3328"
    },
    {
      "seq": 561,
      "symbol": "GOOGLUSDT",
      "abstention": true,
      "counterfactual_move_bps": "-497.6589"
    },
    {
      "seq": 562,
      "symbol": "AMZNUSDT",
      "abstention": true,
      "counterfactual_move_bps": "-244.4863"
    },
    {
      "seq": 563,
      "symbol": "COINUSDT",
      "abstention": true,
      "counterfactual_move_bps": "-84.2683"
    },
    {
      "seq": 564,
      "symbol": "MSTRUSDT",
      "abstention": true,
      "counterfactual_move_bps": "-385.0230"
    },
    {
      "seq": 565,
      "symbol": "QQQUSDT",
      "abstention": true,
      "counterfactual_move_bps": "-56.6610"
    },
    {
      "seq": 566,
      "symbol": "TQQQUSDT",
      "abstention": true,
      "counterfactual_move_bps": "-187.9935"
    },
    {
      "causal_chains_graded": 1
    }
  ],
  "marked_this_cycle": [
    {
      "seq": 598,
      "symbol": "NVDAUSDT",
      "horizon_hours": 1.9852,
      "move_bps": "-20.4045",
      "lean": "up"
    },
    {
      "seq": 599,
      "symbol": "TSLAUSDT",
      "horizon_hours": 1.9852,
      "move_bps": "-38.0468",
      "lean": "up"
    },
    {
      "seq": 600,
      "symbol": "AAPLUSDT",
      "horizon_hours": 1.9852,
      "move_bps": "33.8933",
      "lean": "down"
    },
    {
      "seq": 601,
      "symbol": "MSFTUSDT",
      "horizon_hours": 1.9852,
      "move_bps": "21.0518",
      "lean": "up"
    },
    {
      "seq": 602,
      "symbol": "METAUSDT",
      "horizon_hours": 1.9852,
      "move_bps": "-70.3983",
      "lean": "up"
    },
    {
      "seq": 603,
      "symbol": "GOOGLUSDT",
      "horizon_hours": 1.9852,
      "move_bps": "-60.4141",
      "lean": "up"
    },
    {
      "seq": 604,
      "symbol": "AMZNUSDT",
      "horizon_hours": 1.9852,
      "move_bps": "-56.4000",
      "lean": "down"
    },
    {
      "seq": 605,
      "symbol": "COINUSDT",
      "horizon_hours": 1.9852,
      "move_bps": "-65.9407",
      "lean": "down"
    },
    {
      "seq": 606,
      "symbol": "MSTRUSDT",
      "horizon_hours": 1.9852,
      "move_bps": "-52.9874",
      "lean": "down"
    }
  ],
  "tokens_spent": 318160,
  "unreported_calls": 0,
  "token_budget": 330000,
  "stopped_early": "stopped after 9 of 12 symbol(s): 11840 token(s) left of 330000, below the 25000 a symbol costs. The symbols not reached were not decided, and no decision was recorded for them.",
  "chain": {
    "entries": 615,
    "chain_intact": true,
    "links_intact": true,
    "first_break_at": null,
    "truncated": false,
    "anchor": "anchor agrees with the log",
    "head_hash": "5f56e51e9b2aaac9",
    "tampered_settlements": [],
    "unsealed_settlements": []
  },
  "protocol": "argus-paper-v1 v3 (sha256:d403d741144df7513e4dbb69fd254b6b95f6a7aba3b7aeba26fd959fc26dbfb8)"
}
exit=0

cycle 45: 5 claim(s) on QQQUSDT, head 9744a7f7296b42a7
    resolves 2026-09-24T18:15
    resolves 2026-09-26T18:15
    resolves 2026-09-30T18:15
    resolves 2026-10-07T18:15
    resolves 2026-10-23T18:15

  103 claim(s) resolve inside the window and 142 are still open when it starts
cadence_exit=0
4 claim(s) resolved this run
  Γ£ù GOOGLUSDT abs_move_above_bps 127.14 by 2026-09-23T18:10 (p=0.60) [e4d7e1d8475e]  observed |-96.19| = 96.19
  Γ£ô QQQUSDT abs_move_above_bps 52.85 by 2026-09-23T18:13 (p=0.60) [9ff2adbad8e9]  observed |277.27| = 277.27
  Γ£ô METAUSDT abs_move_above_bps 59.27 by 2026-09-23T16:19 (p=0.60) [ffe9158062c9]  observed |140.94| = 140.94
  Γ£ô GOOGLUSDT abs_move_above_bps 52.21 by 2026-09-23T18:08 (p=0.60) [8d93e5655249]  observed |-368.77| = 368.77

REGISTER ΓÇö 231 claim(s), 107 resolved, 122 pending, 2 unresolvable
  argus                 107 resolved  Brier 0.2196  hit rate 70%

  THE WALL ΓÇö 32 claim(s) we got wrong, most confident first:
    Γ£ù NVDAUSDT abs_move_above_bps 45.46 by 2026-09-15T09:21 (p=0.60) [381cbc033f4b]  observed |12.25| = 12.25
    Γ£ù TSLAUSDT abs_move_above_bps 50.23 by 2026-09-15T09:21 (p=0.60) [c387181dd2e6]  observed |-5.58| = 5.58
    Γ£ù AAPLUSDT abs_move_above_bps 37.55 by 2026-09-15T09:21 (p=0.60) [2588c7bcd941]  observed |-12.37| = 12.37
    Γ£ù AMZNUSDT abs_move_above_bps 40.7 by 2026-09-15T09:21 (p=0.60) [d71b10a405eb]  observed |-32.76| = 32.76
    Γ£ù MSTRUSDT abs_move_above_bps 138.15 by 2026-09-15T09:21 (p=0.60) [919de6cb9750]  observed |-22.67| = 22.67
    Γ£ù TSLAUSDT abs_move_above_bps 50.28 by 2026-09-16T18:14 (p=0.60) [5eec2201b2a4]  observed |-13.14| = 13.14
    Γ£ù AAPLUSDT abs_move_above_bps 37.55 by 2026-09-16T20:11 (p=0.60) [4ae4dfa61cdf]  observed |33.15| = 33.15
    Γ£ù METAUSDT abs_move_above_bps 66.48 by 2026-09-17T16:11 (p=0.60) [fe99a2216199]  observed |41.36| = 41.36
    Γ£ù TQQQUSDT abs_move_above_bps 182.37 by 2026-09-17T18:17 (p=0.60) [394c43522a43]  observed |168.28| = 168.28
    Γ£ù QQQUSDT abs_move_above_bps 31.84 by 2026-09-18T18:10 (p=0.60) [933c2db4e3a6]  observed |14.50| = 14.50

written to argus\data\register_scoreboard.json
register_exit=0
CYCLE CHECK ΓÇö cycle_2026-09-23_2300.log

  PASS     exit_code
           process exited 0
  FAIL     symbols_decided
           9 of 12 symbols produced a decision
  FAIL     ran_to_completion
           stopped after 9 of 12 symbol(s): 11840 token(s) left of 330000, below the 25000 a symbol costs. The symbols not reached were not decided, and no decision was recorded for them.
  PASS     token_budget
           318,160 of 330,000 spent (96%)
  PASS     cumulative_tokens
           11,923,672 token(s) across 42 recorded cycle(s), 283,897 per cycle ΓÇö roughly 1,135,588/day at four cycles. The key's remaining balance is not observable from here; this is the burn rate, not a runway
  FAIL     budget_not_exhausted
           the budget ended the cycle before the guard had to ΓÇö stopped after 9 of 12 symbol(s): 11840 token(s) left of 330000, below the 25000 a symbol costs. The symbols not reached were not decided, and no decision was recorded for them.
  PASS     chain_intact
           the hash chain verified after the write
  PASS     leans_recorded
           9 of 9 row(s) carry a lean and a lean_confidence
  PASS     leans_gradeable
           9 of 9 decision(s) state a direction (8 up, 1 down, 0 none)
  PASS     verdicts_parsed
           every verdict parsed
  PASS     session
           session phase(s) seen: rth  <-- price discovery

  8/11 checks passed. FAILED ΓÇö symbols_decided: 9 of 12 symbols produced a decision; ran_to_completion: stopped after 9 of 12 symbol(s): 11840 token(s) left of 330000, below the 25000 a symbol costs. The symbols not reached were not decided, and no decision was recorded for them.; budget_not_exhausted: the budget ended the cycle before the guard had to ΓÇö stopped after 9 of 12 symbol(s): 11840 token(s) left of 330000, below the 25000 a symbol costs. The symbols not reached were not decided, and no decision was recorded for them.. **FALSIFIER FIRED**: this cycle had price discovery and the desk still proposed no exposure on any symbol. eval/autopsy.py named exactly this as the observation that moves the cause of the abstentions from the sampling to the desk. Its conclusion is now refuted and must be rewritten, not defended

written to argus\data\cycle_check.json
check_exit=1
publish_skipped: cycle check exit 1
