=== ARGUS paper cycle 2026-10-03_0100 ===
disk_free_gb=3.3 DISK LOW
sampling MSTRUSDT for 90s (rth)...

MARKOUT ΓÇö MSTRUSDT, 90s of rth, 68 book sample(s), 92 print(s), 3% flagged RPI

   horizon  prints    median      mean     worst
        5s      91    +0.318    +1.113    -8.273
       15s      85    +3.501    +2.113    -6.050
       30s      58    +3.501    +1.697    -5.727
       60s       0    +0.000    +0.000    +0.000

  Over 30s the passive side of 58 print(s) gained a median +3.50bps on MSTRUSDT (rth). No measurable adverse selection in this window ΓÇö which is a statement about 90 seconds, not about the instrument

written to argus\data\markout.json
markout_exit=0
EXECUTABLE COST ΓÇö bps. 'quoted' is the full bid-ask spread; the size columns are
slippage against mid, taking the ask (a size inside the touch reads half 'quoted').

symbol         quoted      $1000      $5000     $25000    $100000
-----------------------------------------------------------------
NVDAUSDT         0.43       0.70       1.32       2.24       3.33
TSLAUSDT         0.80       0.98       1.68       2.49       4.47
AAPLUSDT         0.30       0.15       0.65       3.26      14.18
MSFTUSDT         1.36       0.68       1.96       2.88       4.51
METAUSDT         3.02       3.04       3.73       5.29      13.57
GOOGLUSDT        2.04       1.23       2.30       3.04       4.82
AMZNUSDT         2.39       1.58       2.10       3.83       6.60
COINUSDT         3.84       2.20       4.98       7.68      18.39
MSTRUSDT         1.91       1.39       2.23       3.18       6.07
QQQUSDT          0.13       0.07       0.16       0.70       1.62
TQQQUSDT         1.23       1.61       1.80       4.96      16.35
SQQQUSDT         3.01       4.16       4.45       9.01      16.94

12 book(s) written to argus\data\depth.json
depth_exit=0
recorded 12 snapshot(s) to argus\data\book_tape.jsonl

  1008 snapshots over 440.616h: a near-touch level holds a median 2.965 contracts. **Change is reported per horizon, not pooled** ΓÇö a level moves a very different share of itself over 30 seconds than over an hour, and one median over both is a number about the sampling schedule rather than about the book. The shortest horizon with at least 100 observations is `under_30s`, where a level moves a median 24.0% of itself ΓÇö that is the figure the simulator should take, being nearest the per-event timescale it models. The attribution rule ΓÇö which side of a resting order a decrease came from ΓÇö is not in this data and cannot be, so it stays a swept assumption rather than a measurement.

written to argus\data\book_calibration.json
bookcalib_exit=0
  NVDAUSDT: extended=14.1 overnight=10.9 rth=31.5 weekend=4.6 | reopen=51.5 (1.6x rth, n=64)
      throttle now x1 ΓÇö the next 24 bar(s) are expected to move 8.2bps per bar against a 31.5bps regular-hours bar; no reduction, and this layer may not size up
  TSLAUSDT: extended=14.5 overnight=11.6 rth=36.5 weekend=5.8 | reopen=76.9 (2.1x rth, n=64)
      throttle now x1 ΓÇö the next 24 bar(s) are expected to move 8.9bps per bar against a 36.5bps regular-hours bar; no reduction, and this layer may not size up
  AAPLUSDT: extended=9.5 overnight=7.0 rth=22.6 weekend=5.0 | reopen=39.9 (1.8x rth, n=64)
      throttle now x1 ΓÇö the next 24 bar(s) are expected to move 6.3bps per bar against a 22.6bps regular-hours bar; no reduction, and this layer may not size up
  MSFTUSDT: extended=12.5 overnight=8.7 rth=25.6 weekend=5.0 | reopen=39.3 (1.5x rth, n=64)
      throttle now x1 ΓÇö the next 24 bar(s) are expected to move 7.5bps per bar against a 25.6bps regular-hours bar; no reduction, and this layer may not size up
  METAUSDT: extended=15.9 overnight=9.7 rth=35.7 weekend=6.4 | reopen=61.8 (1.7x rth, n=64)
      throttle now x1 ΓÇö the next 24 bar(s) are expected to move 9.2bps per bar against a 35.7bps regular-hours bar; no reduction, and this layer may not size up
  GOOGLUSDT: extended=13.6 overnight=8.5 rth=23.8 weekend=5.6 | reopen=44.6 (1.9x rth, n=64)
      throttle now x1 ΓÇö the next 24 bar(s) are expected to move 8.0bps per bar against a 23.8bps regular-hours bar; no reduction, and this layer may not size up
  AMZNUSDT: extended=12.1 overnight=7.1 rth=23.2 weekend=4.8 | reopen=38.3 (1.7x rth, n=64)
      throttle now x1 ΓÇö the next 24 bar(s) are expected to move 6.9bps per bar against a 23.2bps regular-hours bar; no reduction, and this layer may not size up
  COINUSDT: extended=27.2 overnight=19.3 rth=60.7 weekend=13.3 | reopen=95.4 (1.6x rth, n=64)
      throttle now x1 ΓÇö the next 24 bar(s) are expected to move 17.4bps per bar against a 60.7bps regular-hours bar; no reduction, and this layer may not size up
  MSTRUSDT: extended=35.8 overnight=29.1 rth=58.4 weekend=17.4 | reopen=106.6 (1.8x rth, n=64)
      throttle now x1 ΓÇö the next 24 bar(s) are expected to move 23.6bps per bar against a 58.4bps regular-hours bar; no reduction, and this layer may not size up
  QQQUSDT: extended=9.0 overnight=9.1 rth=14.0 weekend=3.5 | reopen=26.1 (1.9x rth, n=64)
      throttle now x1 ΓÇö the next 24 bar(s) are expected to move 5.9bps per bar against a 14.0bps regular-hours bar; no reduction, and this layer may not size up
  TQQQUSDT: extended=25.8 overnight=27.7 rth=41.7 weekend=9.0 | reopen=76.0 (1.8x rth, n=64)
      throttle now x1 ΓÇö the next 24 bar(s) are expected to move 17.1bps per bar against a 41.7bps regular-hours bar; no reduction, and this layer may not size up
  SQQQUSDT: extended=25.9 overnight=28.9 rth=43.0 weekend=8.1 | reopen=77.6 (1.8x rth, n=64)
      throttle now x1 ΓÇö the next 24 bar(s) are expected to move 17.2bps per bar against a 43.0bps regular-hours bar; no reduction, and this layer may not size up

12 profile(s) written to argus\data\session_risk.json
session_risk_exit=0
symbol        RTH bps/h  wknd bps/h  attenuation  anchor
NVDAUSDT          32.27        4.31         7.49  OK
TSLAUSDT          35.53        5.48         6.48  OK
AAPLUSDT          22.43        4.01         5.60  OK
MSFTUSDT          25.16        3.97         6.33  OK
METAUSDT          36.65        5.42         6.76  OK
GOOGLUSDT         24.68        5.21         4.74  OK
AMZNUSDT          24.21        3.92         6.17  OK
COINUSDT          60.11       11.78         5.10  OK
MSTRUSDT          58.92       16.73         3.52  OK
QQQUSDT           14.32        3.16         4.53  OK
TQQQUSDT          43.64        7.43         5.88  OK
SQQQUSDT          44.49        6.36         7.00  OK

  all 12 shipped instruments still attenuate past 2.5x when the anchor market shuts

written to argus\data\universe_validation.json
universe_exit=0
CPI dates: 13, FOMC decisions: 57 -> argus\data\event_calendar.json
  Wed 14 Oct 12:30 UTC  US CPI release
  Wed 28 Oct 18:00 UTC  FOMC rate decision
  Tue 10 Nov 13:30 UTC  US CPI release
calendar_exit=0
event_reactions.json is under 20h old; not refreshed
event_reactions_exit=0
503 macro readings written
macro_exit=0
  NVDAUSDT hedged with NVDA index (all): r=+0.987 [95% low +0.985], optimal ratio 0.980 removes 97.4% of variance, one-for-one removes 97.3%, n=1438
  NVDAUSDT hedged with NVDA index (extended): r=+0.998 [95% low +0.998], optimal ratio 0.988 removes 99.7% of variance, one-for-one removes 99.7%, n=429
  NVDAUSDT hedged with NVDA index (overnight): r=+0.992 [95% low +0.991], optimal ratio 0.984 removes 98.5% of variance, one-for-one removes 98.5%, n=343
  NVDAUSDT hedged with NVDA index (rth): r=+0.999 [95% low +0.999], optimal ratio 0.984 removes 99.8% of variance, one-for-one removes 99.8%, n=256
  NVDAUSDT hedged with NVDA index (weekend): r=+0.995 [95% low +0.994], optimal ratio 0.999 removes 99.0% of variance, one-for-one removes 99.0%, n=383
  TSLAUSDT hedged with TSLA index (all): r=+0.988 [95% low +0.987], optimal ratio 0.989 removes 97.7% of variance, one-for-one removes 97.7%, n=1438
  TSLAUSDT hedged with TSLA index (extended): r=+0.999 [95% low +0.998], optimal ratio 0.996 removes 99.7% of variance, one-for-one removes 99.7%, n=429
  TSLAUSDT hedged with TSLA index (overnight): r=+0.996 [95% low +0.995], optimal ratio 1.002 removes 99.2% of variance, one-for-one removes 99.2%, n=343
  TSLAUSDT hedged with TSLA index (rth): r=+0.999 [95% low +0.999], optimal ratio 0.994 removes 99.9% of variance, one-for-one removes 99.9%, n=256
  TSLAUSDT hedged with TSLA index (weekend): r=+0.985 [95% low +0.981], optimal ratio 0.992 removes 97.0% of variance, one-for-one removes 97.0%, n=383
  AAPLUSDT hedged with AAPL index (all): r=+0.986 [95% low +0.984], optimal ratio 0.978 removes 97.1% of variance, one-for-one removes 97.1%, n=1438
  AAPLUSDT hedged with AAPL index (extended): r=+0.996 [95% low +0.996], optimal ratio 0.980 removes 99.3% of variance, one-for-one removes 99.2%, n=429
  AAPLUSDT hedged with AAPL index (overnight): r=+0.994 [95% low +0.992], optimal ratio 1.001 removes 98.7% of variance, one-for-one removes 98.7%, n=343
  AAPLUSDT hedged with AAPL index (rth): r=+0.998 [95% low +0.998], optimal ratio 0.980 removes 99.7% of variance, one-for-one removes 99.6%, n=256
  AAPLUSDT hedged with AAPL index (weekend): r=+0.993 [95% low +0.991], optimal ratio 1.000 removes 98.6% of variance, one-for-one removes 98.6%, n=383
  MSFTUSDT hedged with MSFT index (all): r=+0.984 [95% low +0.982], optimal ratio 0.997 removes 96.8% of variance, one-for-one removes 96.8%, n=1438
  MSFTUSDT hedged with MSFT index (extended): r=+0.996 [95% low +0.996], optimal ratio 0.991 removes 99.3% of variance, one-for-one removes 99.3%, n=429
  MSFTUSDT hedged with MSFT index (overnight): r=+0.991 [95% low +0.989], optimal ratio 0.990 removes 98.3% of variance, one-for-one removes 98.2%, n=343
  MSFTUSDT hedged with MSFT index (rth): r=+0.997 [95% low +0.996], optimal ratio 1.001 removes 99.4% of variance, one-for-one removes 99.4%, n=256
  MSFTUSDT hedged with MSFT index (weekend): r=+0.995 [95% low +0.993], optimal ratio 1.005 removes 98.9% of variance, one-for-one removes 98.9%, n=383
  METAUSDT hedged with META index (all): r=+0.989 [95% low +0.988], optimal ratio 0.989 removes 97.8% of variance, one-for-one removes 97.8%, n=1438
  METAUSDT hedged with META index (extended): r=+0.998 [95% low +0.998], optimal ratio 0.986 removes 99.6% of variance, one-for-one removes 99.6%, n=429
  METAUSDT hedged with META index (overnight): r=+0.996 [95% low +0.995], optimal ratio 0.998 removes 99.2% of variance, one-for-one removes 99.2%, n=343
  METAUSDT hedged with META index (rth): r=+0.999 [95% low +0.999], optimal ratio 0.994 removes 99.8% of variance, one-for-one removes 99.8%, n=256
  METAUSDT hedged with META index (weekend): r=+0.996 [95% low +0.995], optimal ratio 1.004 removes 99.2% of variance, one-for-one removes 99.2%, n=383
  GOOGLUSDT hedged with GOOGL index (all): r=+0.980 [95% low +0.978], optimal ratio 0.981 removes 96.1% of variance, one-for-one removes 96.1%, n=1438
  GOOGLUSDT hedged with GOOGL index (extended): r=+0.997 [95% low +0.997], optimal ratio 0.993 removes 99.5% of variance, one-for-one removes 99.5%, n=429
  GOOGLUSDT hedged with GOOGL index (overnight): r=+0.994 [95% low +0.993], optimal ratio 1.003 removes 98.9% of variance, one-for-one removes 98.9%, n=343
  GOOGLUSDT hedged with GOOGL index (rth): r=+0.998 [95% low +0.998], optimal ratio 0.987 removes 99.7% of variance, one-for-one removes 99.6%, n=256
  GOOGLUSDT hedged with GOOGL index (weekend): r=+0.988 [95% low +0.986], optimal ratio 1.008 removes 97.7% of variance, one-for-one removes 97.7%, n=383
  AMZNUSDT hedged with AMZN index (all): r=+0.980 [95% low +0.978], optimal ratio 0.997 removes 96.0% of variance, one-for-one removes 96.0%, n=1438
  AMZNUSDT hedged with AMZN index (extended): r=+0.995 [95% low +0.994], optimal ratio 1.009 removes 99.0% of variance, one-for-one removes 99.0%, n=429
  AMZNUSDT hedged with AMZN index (overnight): r=+0.995 [95% low +0.994], optimal ratio 1.004 removes 99.0% of variance, one-for-one removes 99.0%, n=343
  AMZNUSDT hedged with AMZN index (rth): r=+0.996 [95% low +0.995], optimal ratio 1.004 removes 99.2% of variance, one-for-one removes 99.2%, n=256
  AMZNUSDT hedged with AMZN index (weekend): r=+0.990 [95% low +0.988], optimal ratio 1.002 removes 98.1% of variance, one-for-one removes 98.1%, n=383
  COINUSDT hedged with COIN index (all): r=+0.986 [95% low +0.984], optimal ratio 0.992 removes 97.2% of variance, one-for-one removes 97.2%, n=1438
  COINUSDT hedged with COIN index (extended): r=+0.998 [95% low +0.997], optimal ratio 0.993 removes 99.6% of variance, one-for-one removes 99.6%, n=429
  COINUSDT hedged with COIN index (overnight): r=+0.994 [95% low +0.993], optimal ratio 0.996 removes 98.9% of variance, one-for-one removes 98.9%, n=343
  COINUSDT hedged with COIN index (rth): r=+0.999 [95% low +0.999], optimal ratio 0.995 removes 99.9% of variance, one-for-one removes 99.9%, n=256
  COINUSDT hedged with COIN index (weekend): r=+0.997 [95% low +0.996], optimal ratio 0.998 removes 99.3% of variance, one-for-one removes 99.3%, n=383
  MSTRUSDT hedged with MSTR index (all): r=+0.982 [95% low +0.980], optimal ratio 0.992 removes 96.4% of variance, one-for-one removes 96.4%, n=1438
  MSTRUSDT hedged with MSTR index (extended): r=+0.999 [95% low +0.999], optimal ratio 0.994 removes 99.8% of variance, one-for-one removes 99.8%, n=429
  MSTRUSDT hedged with MSTR index (overnight): r=+0.993 [95% low +0.991], optimal ratio 0.992 removes 98.5% of variance, one-for-one removes 98.5%, n=343
  MSTRUSDT hedged with MSTR index (rth): r=+1.000 [95% low +1.000], optimal ratio 0.994 removes 99.9% of variance, one-for-one removes 99.9%, n=256
  MSTRUSDT hedged with MSTR index (weekend): r=+0.996 [95% low +0.995], optimal ratio 0.999 removes 99.2% of variance, one-for-one removes 99.2%, n=383
  QQQUSDT hedged with QQQ index (all): r=+0.963 [95% low +0.959], optimal ratio 0.976 removes 92.7% of variance, one-for-one removes 92.7%, n=1438
  QQQUSDT hedged with QQQ index (extended): r=+0.996 [95% low +0.995], optimal ratio 0.989 removes 99.2% of variance, one-for-one removes 99.2%, n=429
  QQQUSDT hedged with QQQ index (overnight): r=+0.986 [95% low +0.983], optimal ratio 1.001 removes 97.2% of variance, one-for-one removes 97.2%, n=343
  QQQUSDT hedged with QQQ index (rth): r=+0.997 [95% low +0.997], optimal ratio 0.993 removes 99.5% of variance, one-for-one removes 99.5%, n=256
  QQQUSDT hedged with QQQ index (weekend): r=+0.982 [95% low +0.978], optimal ratio 1.008 removes 96.4% of variance, one-for-one removes 96.3%, n=383
  TQQQUSDT hedged with TQQQ index (all): r=+0.970 [95% low +0.966], optimal ratio 0.985 removes 94.0% of variance, one-for-one removes 94.0%, n=1438
  TQQQUSDT hedged with TQQQ index (extended): r=+0.998 [95% low +0.998], optimal ratio 0.990 removes 99.6% of variance, one-for-one removes 99.6%, n=429
  TQQQUSDT hedged with TQQQ index (overnight): r=+0.983 [95% low +0.979], optimal ratio 1.003 removes 96.6% of variance, one-for-one removes 96.6%, n=343
  TQQQUSDT hedged with TQQQ index (rth): r=+0.998 [95% low +0.998], optimal ratio 0.988 removes 99.6% of variance, one-for-one removes 99.6%, n=256
  TQQQUSDT hedged with TQQQ index (weekend): r=+0.984 [95% low +0.981], optimal ratio 1.017 removes 96.9% of variance, one-for-one removes 96.9%, n=383
  SQQQUSDT hedged with SQQQ index (all): r=+0.963 [95% low +0.960], optimal ratio 0.985 removes 92.8% of variance, one-for-one removes 92.8%, n=1438
  SQQQUSDT hedged with SQQQ index (extended): r=+0.995 [95% low +0.994], optimal ratio 0.983 removes 99.0% of variance, one-for-one removes 99.0%, n=429
  SQQQUSDT hedged with SQQQ index (overnight): r=+0.982 [95% low +0.978], optimal ratio 1.001 removes 96.5% of variance, one-for-one removes 96.5%, n=343
  SQQQUSDT hedged with SQQQ index (rth): r=+0.995 [95% low +0.994], optimal ratio 1.002 removes 99.1% of variance, one-for-one removes 99.1%, n=256
  SQQQUSDT hedged with SQQQ index (weekend): r=+0.987 [95% low +0.985], optimal ratio 1.020 removes 97.5% of variance, one-for-one removes 97.5%, n=383

60 measurement(s) written to argus\data\hedge_effectiveness.json
effectiveness_exit=0
{
  "ran_at": "2026-10-02T19:40:38.046869+00:00",
  "risk_policy": "68ceeadb52fc4ce0721006d8016744de7bc4d135ae75eb0aaca20e68f6460712",
  "decisions_written": [
    {
      "seq": 995,
      "symbol": "NVDAUSDT",
      "verdict": "no_trade",
      "quantity": "0",
      "confidence": 0.62,
      "attests_llm_decided": true,
      "notes_written": 28,
      "protocol": {
        "digest": "sha256:d403d741144df7513e4dbb69fd254b6b95f6a7aba3b7aeba26fd959fc26dbfb8",
        "version": 3,
        "reduced_this_decision": false
      },
      "flags": [],
      "fill": "confirmed_unfilled",
      "fill_alarm": false
    },
    {
      "seq": 996,
      "symbol": "TSLAUSDT",
      "verdict": "no_trade",
      "quantity": "0",
      "confidence": 0.55,
      "attests_llm_decided": true,
      "notes_written": 26,
      "protocol": {
        "digest": "sha256:d403d741144df7513e4dbb69fd254b6b95f6a7aba3b7aeba26fd959fc26dbfb8",
        "version": 3,
        "reduced_this_decision": false
      },
      "flags": [
        "[conflict:direction] sentiment (bullish) vs earnings (bearish), gap 32.00 \u2014 neither dominates: equally confident on equally many sources; the disagreement stands unresolved",
        "[conflict] 1 disagreement(s) unresolved on the evidence; the decision is taken in spite of them, not because they were settled"
      ],
      "fill": "confirmed_unfilled",
      "fill_alarm": false
    },
    {
      "seq": 997,
      "symbol": "AAPLUSDT",
      "verdict": "no_trade",
      "quantity": "0",
      "confidence": 0.45,
      "attests_llm_decided": true,
      "notes_written": 27,
      "protocol": {
        "digest": "sha256:d403d741144df7513e4dbb69fd254b6b95f6a7aba3b7aeba26fd959fc26dbfb8",
        "version": 3,
        "reduced_this_decision": false
      },
      "flags": [],
      "fill": "confirmed_unfilled",
      "fill_alarm": false
    },
    {
      "seq": 998,
      "symbol": "MSFTUSDT",
      "verdict": "no_trade",
      "quantity": "0",
      "confidence": 0.55,
      "attests_llm_decided": true,
      "notes_written": 26,
      "protocol": {
        "digest": "sha256:d403d741144df7513e4dbb69fd254b6b95f6a7aba3b7aeba26fd959fc26dbfb8",
        "version": 3,
        "reduced_this_decision": false
      },
      "flags": [
        "[conflict:magnitude] event (bullish) vs sentiment (bullish), gap 68.00 \u2014 event dominates: confidence 0.72 against 0.35",
        "[conflict:magnitude] event (bullish) vs earnings (bullish), gap 54.00 \u2014 neither dominates: equally confident on equally many sources; the disagreement stands unresolved",
        "[conflict:conviction] sentiment (bullish) vs earnings (bullish), gap 0.27 \u2014 earnings dominates: confidence 0.62 against 0.35",
        "[conflict] 1 disagreement(s) unresolved on the evidence; the decision is taken in spite of them, not because they were settled"
      ],
      "fill": "confirmed_unfilled",
      "fill_alarm": false
    },
    {
      "seq": 999,
      "symbol": "METAUSDT",
      "verdict": "no_trade",
      "quantity": "0",
      "confidence": 0.45,
      "attests_llm_decided": true,
      "notes_written": 27,
      "protocol": {
        "digest": "sha256:d403d741144df7513e4dbb69fd254b6b95f6a7aba3b7aeba26fd959fc26dbfb8",
        "version": 3,
        "reduced_this_decision": false
      },
      "flags": [
        "[conflict:direction] sentiment (bullish) vs earnings (bearish), gap 42.00 \u2014 earnings dominates: confidence 0.72 against 0.35"
      ],
      "fill": "confirmed_unfilled",
      "fill_alarm": false
    },
    {
      "seq": 1000,
      "symbol": "GOOGLUSDT",
      "verdict": "no_trade",
      "quantity": "0",
      "confidence": 0.52,
      "attests_llm_decided": true,
      "notes_written": 28,
      "protocol": {
        "digest": "sha256:d403d741144df7513e4dbb69fd254b6b95f6a7aba3b7aeba26fd959fc26dbfb8",
        "version": 3,
        "reduced_this_decision": false
      },
      "flags": [],
      "fill": "confirmed_unfilled",
      "fill_alarm": false
    },
    {
      "seq": 1001,
      "symbol": "AMZNUSDT",
      "verdict": "no_trade",
      "quantity": "0",
      "confidence": 0.62,
      "attests_llm_decided": true,
      "notes_written": 23,
      "protocol": {
        "digest": "sha256:d403d741144df7513e4dbb69fd254b6b95f6a7aba3b7aeba26fd959fc26dbfb8",
        "version": 3,
        "reduced_this_decision": false
      },
      "flags": [
        "[conflict:magnitude] event (bullish) vs earnings (bullish), gap 125.00 \u2014 earnings dominates: 9 distinct sources against 6"
      ],
      "fill": "confirmed_unfilled",
      "fill_alarm": false
    },
    {
      "seq": 1002,
      "symbol": "COINUSDT",
      "verdict": "no_trade",
      "quantity": "0",
      "confidence": 0.55,
      "attests_llm_decided": true,
      "notes_written": 28,
      "protocol": {
        "digest": "sha256:d403d741144df7513e4dbb69fd254b6b95f6a7aba3b7aeba26fd959fc26dbfb8",
        "version": 3,
        "reduced_this_decision": false
      },
      "flags": [
        "[conflict:magnitude] sentiment (bearish) vs earnings (bearish), gap 30.00 \u2014 earnings dominates: confidence 0.72 against 0.45"
      ],
      "fill": "confirmed_unfilled",
      "fill_alarm": false
    },
    {
      "seq": 1003,
      "symbol": "MSTRUSDT",
      "verdict": "no_trade",
      "quantity": "0",
      "confidence": 0.45,
      "attests_llm_decided": true,
      "notes_written": 23,
      "protocol": {
        "digest": "sha256:d403d741144df7513e4dbb69fd254b6b95f6a7aba3b7aeba26fd959fc26dbfb8",
        "version": 3,
        "reduced_this_decision": false
      },
      "flags": [],
      "fill": "confirmed_unfilled",
      "fill_alarm": false
    },
    {
      "seq": 1004,
      "symbol": "QQQUSDT",
      "verdict": "no_trade",
      "quantity": "0",
      "confidence": 0.52,
      "attests_llm_decided": true,
      "notes_written": 26,
      "protocol": {
        "digest": "sha256:d403d741144df7513e4dbb69fd254b6b95f6a7aba3b7aeba26fd959fc26dbfb8",
        "version": 3,
        "reduced_this_decision": false
      },
      "flags": [],
      "fill": "confirmed_unfilled",
      "fill_alarm": false
    }
  ],
  "settled_this_cycle": [],
  "postmortem": null,
  "marked_this_cycle": [
    {
      "seq": 985,
      "symbol": "TSLAUSDT",
      "horizon_hours": 1.9975,
      "move_bps": "52.5920",
      "lean": "up"
    },
    {
      "seq": 986,
      "symbol": "AAPLUSDT",
      "horizon_hours": 1.9975,
      "move_bps": "14.3919",
      "lean": "up"
    },
    {
      "seq": 987,
      "symbol": "MSFTUSDT",
      "horizon_hours": 1.9975,
      "move_bps": "20.9798",
      "lean": "up"
    },
    {
      "seq": 988,
      "symbol": "METAUSDT",
      "horizon_hours": 1.9975,
      "move_bps": "-19.8897",
      "lean": "up"
    },
    {
      "seq": 989,
      "symbol": "GOOGLUSDT",
      "horizon_hours": 1.9975,
      "move_bps": "-17.1532",
      "lean": "up"
    },
    {
      "seq": 990,
      "symbol": "AMZNUSDT",
      "horizon_hours": 1.9975,
      "move_bps": "-9.5477",
      "lean": "up"
    },
    {
      "seq": 991,
      "symbol": "COINUSDT",
      "horizon_hours": 1.9975,
      "move_bps": "4.9242",
      "lean": "down"
    },
    {
      "seq": 992,
      "symbol": "MSTRUSDT",
      "horizon_hours": 1.9975,
      "move_bps": "64.7496",
      "lean": "up"
    },
    {
      "seq": 993,
      "symbol": "QQQUSDT",
      "horizon_hours": 1.9975,
      "move_bps": "20.4324",
      "lean": "up"
    },
    {
      "seq": 994,
      "symbol": "TQQQUSDT",
      "horizon_hours": 1.9975,
      "move_bps": "42.1053",
      "lean": "up"
    }
  ],
  "tokens_spent": 314428,
  "unreported_calls": 0,
  "token_budget": 330000,
  "stopped_early": "stopped after 10 of 12 symbol(s): 15572 token(s) left of 330000, below the 25000 a symbol costs. The symbols not reached were not decided, and no decision was recorded for them.",
  "chain": {
    "entries": 1004,
    "chain_intact": true,
    "links_intact": true,
    "first_break_at": null,
    "truncated": false,
    "anchor": "anchor agrees with the log",
    "head_hash": "efe1e198756e4638",
    "tampered_settlements": [],
    "unsealed_settlements": []
  },
  "protocol": "argus-paper-v1 v3 (sha256:d403d741144df7513e4dbb69fd254b6b95f6a7aba3b7aeba26fd959fc26dbfb8)",
  "resumed": [],
  "fill_alarms": []
}
exit=0

cycle 81: 5 claim(s) on QQQUSDT, head ed093f15fcc38e65
    resolves 2026-10-03T20:14
    resolves 2026-10-05T20:14
    resolves 2026-10-09T20:14
    resolves 2026-10-16T20:14
    resolves 2026-11-01T20:14

  204 claim(s) resolve inside the window and 322 are still open when it starts
cadence_exit=0
3 claim(s) resolved this run
  Γ£ù AAPLUSDT abs_move_above_bps 94.16 by 2026-10-02T20:11 (p=0.60) [3021dc033259]  observed |-47.69| = 47.69
  Γ£ù MSTRUSDT abs_move_above_bps 251.56 by 2026-10-02T18:17 (p=0.60) [b6d09d4a7741]  observed |163.82| = 163.82
  Γ£ô GOOGLUSDT abs_move_above_bps 41.3 by 2026-10-02T20:11 (p=0.60) [9d0be8a82dc2]  observed |136.14| = 136.14

REGISTER ΓÇö 411 claim(s), 233 resolved, 176 pending, 2 unresolvable
  argus                 233 resolved  Brier 0.2209  hit rate 70%

  THE WALL ΓÇö 71 claim(s) we got wrong, most confident first:
    Γ£ù NVDAUSDT abs_move_above_bps 45.46 by 2026-09-15T09:21 (p=0.60) [381cbc033f4b]  observed |12.25| = 12.25
    Γ£ù TSLAUSDT abs_move_above_bps 50.23 by 2026-09-15T09:21 (p=0.60) [c387181dd2e6]  observed |-5.58| = 5.58
    Γ£ù AAPLUSDT abs_move_above_bps 37.55 by 2026-09-15T09:21 (p=0.60) [2588c7bcd941]  observed |-12.37| = 12.37
    Γ£ù AMZNUSDT abs_move_above_bps 40.7 by 2026-09-15T09:21 (p=0.60) [d71b10a405eb]  observed |-32.76| = 32.76
    Γ£ù MSTRUSDT abs_move_above_bps 138.15 by 2026-09-15T09:21 (p=0.60) [919de6cb9750]  observed |-22.67| = 22.67
    Γ£ù TSLAUSDT abs_move_above_bps 50.28 by 2026-09-16T18:14 (p=0.60) [5eec2201b2a4]  observed |-13.14| = 13.14
    Γ£ù AAPLUSDT abs_move_above_bps 37.55 by 2026-09-16T20:11 (p=0.60) [4ae4dfa61cdf]  observed |33.15| = 33.15
    Γ£ù METAUSDT abs_move_above_bps 66.48 by 2026-09-17T16:11 (p=0.60) [fe99a2216199]  observed |41.36| = 41.36
    Γ£ù TQQQUSDT abs_move_above_bps 182.37 by 2026-09-17T18:17 (p=0.60) [394c43522a43]  observed |168.28| = 168.28
    Γ£ù QQQUSDT abs_move_above_bps 31.84 by 2026-09-18T18:10 (p=0.60) [933c2db4e3a6]  observed |14.50| = 14.50

written to argus\data\register_scoreboard.json
register_exit=0
CYCLE CHECK ΓÇö cycle_2026-10-03_0100.log

  PASS     exit_code
           process exited 0
  FAIL     symbols_decided
           10 of 12 symbols produced a decision
  FAIL     ran_to_completion
           stopped after 10 of 12 symbol(s): 15572 token(s) left of 330000, below the 25000 a symbol costs. The symbols not reached were not decided, and no decision was recorded for them.
  PASS     token_budget
           314,428 of 330,000 spent (95%)
  PASS     cumulative_tokens
           23,144,225 token(s) across 79 recorded cycle(s), 292,965 per cycle ΓÇö roughly 1,171,859/day at four cycles. The key's remaining balance is not observable from here; this is the burn rate, not a runway
  FAIL     budget_not_exhausted
           the budget ended the cycle before the guard had to ΓÇö stopped after 10 of 12 symbol(s): 15572 token(s) left of 330000, below the 25000 a symbol costs. The symbols not reached were not decided, and no decision was recorded for them.
  PASS     chain_intact
           the hash chain verified after the write
  PASS     leans_recorded
           10 of 10 row(s) carry a lean and a lean_confidence
  PASS     leans_gradeable
           10 of 10 decision(s) state a direction (8 up, 2 down, 0 none)
  PASS     verdicts_parsed
           every verdict parsed
  PASS     session
           session phase(s) seen: rth  <-- price discovery

  8/11 checks passed. FAILED ΓÇö symbols_decided: 10 of 12 symbols produced a decision; ran_to_completion: stopped after 10 of 12 symbol(s): 15572 token(s) left of 330000, below the 25000 a symbol costs. The symbols not reached were not decided, and no decision was recorded for them.; budget_not_exhausted: the budget ended the cycle before the guard had to ΓÇö stopped after 10 of 12 symbol(s): 15572 token(s) left of 330000, below the 25000 a symbol costs. The symbols not reached were not decided, and no decision was recorded for them.. **FALSIFIER FIRED**: this cycle had price discovery and the desk still proposed no exposure on any symbol. eval/autopsy.py named exactly this as the observation that moves the cause of the abstentions from the sampling to the desk. Its conclusion is now refuted and must be rewritten, not defended

written to argus\data\cycle_check.json
check_exit=1
REFUSAL ALPHA ù 757 mark(s)

  horizon              marks  directional  correct  coverage  accuracy  forgone
  about_2h               566          563      311   99.5%   55.2%    -8.7
  4h_to_12h                1            1        0  100.0%    0.0%   -51.7
  overnight_12h_plus     190          185       86   97.4%   46.5%   -19.5

  At the `about_2h` horizon: 311 of 563 directional calls went the right way. 95% interval (bootstrap over 52 decision cycles) 49.8% to 60.4%. It includes 0.5, so this sample does not show the lean beating a coin flip. But calling `up` every time was right 52.9% of the time, and cycle by cycle the lean beat that naive call 21 times and lost 21 (10 tied) ù so there is no evidence yet that the lean knows more than the direction of the tape. Median net edge forgone by standing aside: -8.7bps after a 12.0bps round trip ù refusing saved money on the typical decision.

written to argus\data\refusal_alpha.json

REASON AGAINST RECORD ù 998 refusal(s) on record; 466 carried at least one reason the record can check. Of 915 decision-time reason(s) graded, 915 agreed with the record and 0 contradicted it. `move_too_small` claims were borne out by the next ~2h move 0 of 2 time(s) (0%), against 28% for every ~2h refusal mark (one-sided exact binomial p = 1.00); no evidence the stated reason says more than the base rate does. `moves_enough` claims were borne out by the next ~2h move 82 of 113 time(s) (73%), against 72% for every ~2h refusal mark (one-sided exact binomial p = 0.49); no evidence the stated reason says more than the base rate does.
written to argus\data\refusal_reasons.json
refusal_exit=0
15 panel(s); 3 figure(s) not yet measurable
  unavailable: Sharpe ╖ drawdown ╖ win rate ╖ Sharpe
  unavailable: Sharpe ╖ drawdown ╖ win rate ╖ max drawdown
  unavailable: Search bake-off ╖ stable winner
written to argus\cockpit.html
cockpit_exit=0
recorded 5 probe(s) at 2026-10-02 20:15 UTC: 5 answered
status_record_exit=0
publish_skipped: cycle check exit 1
