=== ARGUS paper cycle 2026-10-01_2300 ===
disk_free_gb=1.2 DISK LOW
sampling MSTRUSDT for 90s (rth)...

MARKOUT ΓÇö MSTRUSDT, 90s of rth, 69 book sample(s), 77 print(s), 0% flagged RPI

   horizon  prints    median      mean     worst
        5s      61    +0.310    +1.972   -11.162
       15s       0    +0.000    +0.000    +0.000
       30s       0    +0.000    +0.000    +0.000
       60s       0    +0.000    +0.000    +0.000

  Over 5s the passive side of 61 print(s) gained a median +0.31bps on MSTRUSDT (rth). No measurable adverse selection in this window ΓÇö which is a statement about 90 seconds, not about the instrument

written to argus\data\markout.json
markout_exit=0
EXECUTABLE COST ΓÇö bps. 'quoted' is the full bid-ask spread; the size columns are
slippage against mid, taking the ask (a size inside the touch reads half 'quoted').

symbol         quoted      $1000      $5000     $25000    $100000
-----------------------------------------------------------------
NVDAUSDT         0.86       0.77       1.39       3.06       5.64
TSLAUSDT         2.51       1.58       2.07       3.24       5.79
AAPLUSDT         0.30       1.03       2.79       6.20          ΓÇö
MSFTUSDT         2.13       1.38       4.29       5.43       6.14
METAUSDT         1.65       1.03       4.83       7.91      17.18
GOOGLUSDT        2.65       1.77       1.88       3.23       7.43
AMZNUSDT         3.20       1.69       3.37       4.88       9.82
COINUSDT         5.25       7.75      10.37      27.48      38.77
MSTRUSDT         0.62       0.31       1.51       3.53      10.28
QQQUSDT          0.13       0.07       0.07       1.47       2.79
TQQQUSDT         1.26       2.49       3.02       7.18      34.41
SQQQUSDT         8.85       7.11       7.32      12.33      26.51

12 book(s) written to argus\data\depth.json
depth_exit=0
recorded 12 snapshot(s) to argus\data\book_tape.jsonl

  948 snapshots over 414.614h: a near-touch level holds a median 2.96 contracts. **Change is reported per horizon, not pooled** ΓÇö a level moves a very different share of itself over 30 seconds than over an hour, and one median over both is a number about the sampling schedule rather than about the book. The shortest horizon with at least 100 observations is `under_30s`, where a level moves a median 24.0% of itself ΓÇö that is the figure the simulator should take, being nearest the per-event timescale it models. The attribution rule ΓÇö which side of a resting order a decrease came from ΓÇö is not in this data and cannot be, so it stays a swept assumption rather than a measurement.

written to argus\data\book_calibration.json
bookcalib_exit=0
  NVDAUSDT: extended=14.1 holiday=11.2 overnight=11.1 rth=31.5 weekend=4.5 | reopen=51.6 (1.6x rth, n=63)
      throttle now x1 ΓÇö the next 24 bar(s) are expected to move 21.8bps per bar against a 31.5bps regular-hours bar; no reduction, and this layer may not size up
  TSLAUSDT: extended=14.5 holiday=7.6 overnight=11.6 rth=37.1 weekend=5.8 | reopen=76.1 (2.1x rth, n=63)
      throttle now x1 ΓÇö the next 24 bar(s) are expected to move 26.6bps per bar against a 37.1bps regular-hours bar; no reduction, and this layer may not size up
  AAPLUSDT: extended=9.6 holiday=10.1 overnight=7.0 rth=22.7 weekend=5.0 | reopen=41.3 (1.8x rth, n=63)
      throttle now x1 ΓÇö the next 24 bar(s) are expected to move 15.8bps per bar against a 22.7bps regular-hours bar; no reduction, and this layer may not size up
  MSFTUSDT: extended=12.6 holiday=10.2 overnight=8.7 rth=25.6 weekend=5.0 | reopen=39.6 (1.5x rth, n=63)
      throttle now x1 ΓÇö the next 24 bar(s) are expected to move 17.7bps per bar against a 25.6bps regular-hours bar; no reduction, and this layer may not size up
  METAUSDT: extended=16.1 holiday=7.5 overnight=9.6 rth=36.8 weekend=6.3 | reopen=65.9 (1.8x rth, n=63)
      throttle now x1 ΓÇö the next 24 bar(s) are expected to move 25.4bps per bar against a 36.8bps regular-hours bar; no reduction, and this layer may not size up
  GOOGLUSDT: extended=13.6 holiday=8.3 overnight=8.4 rth=23.6 weekend=5.6 | reopen=45.0 (1.9x rth, n=63)
      throttle now x1 ΓÇö the next 24 bar(s) are expected to move 17.8bps per bar against a 23.6bps regular-hours bar; no reduction, and this layer may not size up
  AMZNUSDT: extended=12.6 holiday=6.6 overnight=7.1 rth=23.1 weekend=4.8 | reopen=40.1 (1.7x rth, n=63)
      throttle now x1 ΓÇö the next 24 bar(s) are expected to move 16.6bps per bar against a 23.1bps regular-hours bar; no reduction, and this layer may not size up
  COINUSDT: extended=27.2 holiday=23.8 overnight=19.2 rth=60.7 weekend=13.4 | reopen=95.1 (1.6x rth, n=63)
      throttle now x1 ΓÇö the next 24 bar(s) are expected to move 41.2bps per bar against a 60.7bps regular-hours bar; no reduction, and this layer may not size up
  MSTRUSDT: extended=35.9 holiday=45.4 overnight=29.0 rth=58.4 weekend=17.7 | reopen=106.0 (1.8x rth, n=63)
      throttle now x1 ΓÇö the next 24 bar(s) are expected to move 45.7bps per bar against a 58.4bps regular-hours bar; no reduction, and this layer may not size up
  QQQUSDT: extended=9.0 holiday=7.5 overnight=9.2 rth=14.0 weekend=3.5 | reopen=26.4 (1.9x rth, n=63)
      throttle now x1 ΓÇö the next 24 bar(s) are expected to move 11.7bps per bar against a 14.0bps regular-hours bar; no reduction, and this layer may not size up
  TQQQUSDT: extended=25.8 holiday=15.2 overnight=28.0 rth=41.7 weekend=9.0 | reopen=76.4 (1.8x rth, n=63)
      throttle now x1 ΓÇö the next 24 bar(s) are expected to move 34.5bps per bar against a 41.7bps regular-hours bar; no reduction, and this layer may not size up
  SQQQUSDT: extended=25.9 holiday=20.9 overnight=28.9 rth=43.0 weekend=8.1 | reopen=84.0 (2.0x rth, n=63)
      throttle now x1 ΓÇö the next 24 bar(s) are expected to move 35.9bps per bar against a 43.0bps regular-hours bar; no reduction, and this layer may not size up

12 profile(s) written to argus\data\session_risk.json
session_risk_exit=0
symbol        RTH bps/h  wknd bps/h  attenuation  anchor
NVDAUSDT          32.27        4.31         7.49  OK
TSLAUSDT          36.13        5.55         6.51  OK
AAPLUSDT          22.51        4.11         5.48  OK
MSFTUSDT          25.16        4.00         6.29  OK
METAUSDT          37.17        5.34         6.96  OK
GOOGLUSDT         24.68        5.14         4.80  OK
AMZNUSDT          24.35        3.93         6.20  OK
COINUSDT          61.12       11.97         5.11  OK
MSTRUSDT          58.92       17.42         3.38  OK
QQQUSDT           14.32        3.20         4.48  OK
TQQQUSDT          43.64        7.43         5.88  OK
SQQQUSDT          44.50        6.33         7.02  OK

  all 12 shipped instruments still attenuate past 2.5x when the anchor market shuts

written to argus\data\universe_validation.json
universe_exit=0
CPI dates: 13, FOMC decisions: 57 -> argus\data\event_calendar.json
  Wed 14 Oct 12:30 UTC  US CPI release
  Wed 28 Oct 18:00 UTC  FOMC rate decision
  Tue 10 Nov 13:30 UTC  US CPI release
calendar_exit=0
event_reactions.json is under 20h old; not refreshed
event_reactions_exit=0
504 macro readings written
macro_exit=0
  NVDAUSDT hedged with NVDA index (all): r=+0.986 [95% low +0.985], optimal ratio 0.977 removes 97.2% of variance, one-for-one removes 97.2%, n=1438
  NVDAUSDT hedged with NVDA index (extended): r=+0.999 [95% low +0.998], optimal ratio 0.988 removes 99.7% of variance, one-for-one removes 99.7%, n=425
  NVDAUSDT hedged with NVDA index (overnight): r=+0.993 [95% low +0.991], optimal ratio 0.982 removes 98.6% of variance, one-for-one removes 98.6%, n=339
  NVDAUSDT hedged with NVDA index (rth): r=+0.999 [95% low +0.999], optimal ratio 0.984 removes 99.8% of variance, one-for-one removes 99.8%, n=254
  NVDAUSDT hedged with NVDA index (weekend): r=+0.996 [95% low +0.995], optimal ratio 0.997 removes 99.2% of variance, one-for-one removes 99.2%, n=393
  TSLAUSDT hedged with TSLA index (all): r=+0.988 [95% low +0.987], optimal ratio 0.989 removes 97.7% of variance, one-for-one removes 97.7%, n=1438
  TSLAUSDT hedged with TSLA index (extended): r=+0.999 [95% low +0.998], optimal ratio 0.995 removes 99.7% of variance, one-for-one removes 99.7%, n=425
  TSLAUSDT hedged with TSLA index (overnight): r=+0.996 [95% low +0.995], optimal ratio 1.001 removes 99.2% of variance, one-for-one removes 99.2%, n=339
  TSLAUSDT hedged with TSLA index (rth): r=+0.999 [95% low +0.999], optimal ratio 0.996 removes 99.9% of variance, one-for-one removes 99.9%, n=254
  TSLAUSDT hedged with TSLA index (weekend): r=+0.988 [95% low +0.985], optimal ratio 0.995 removes 97.6% of variance, one-for-one removes 97.6%, n=393
  AAPLUSDT hedged with AAPL index (all): r=+0.986 [95% low +0.985], optimal ratio 0.979 removes 97.2% of variance, one-for-one removes 97.2%, n=1438
  AAPLUSDT hedged with AAPL index (extended): r=+0.996 [95% low +0.996], optimal ratio 0.981 removes 99.3% of variance, one-for-one removes 99.3%, n=425
  AAPLUSDT hedged with AAPL index (overnight): r=+0.994 [95% low +0.993], optimal ratio 1.002 removes 98.8% of variance, one-for-one removes 98.8%, n=339
  AAPLUSDT hedged with AAPL index (rth): r=+0.998 [95% low +0.998], optimal ratio 0.980 removes 99.7% of variance, one-for-one removes 99.6%, n=254
  AAPLUSDT hedged with AAPL index (weekend): r=+0.993 [95% low +0.991], optimal ratio 1.003 removes 98.5% of variance, one-for-one removes 98.5%, n=393
  MSFTUSDT hedged with MSFT index (all): r=+0.986 [95% low +0.984], optimal ratio 0.997 removes 97.2% of variance, one-for-one removes 97.2%, n=1438
  MSFTUSDT hedged with MSFT index (extended): r=+0.997 [95% low +0.996], optimal ratio 0.992 removes 99.4% of variance, one-for-one removes 99.3%, n=425
  MSFTUSDT hedged with MSFT index (overnight): r=+0.993 [95% low +0.991], optimal ratio 0.990 removes 98.5% of variance, one-for-one removes 98.5%, n=339
  MSFTUSDT hedged with MSFT index (rth): r=+0.997 [95% low +0.996], optimal ratio 1.000 removes 99.4% of variance, one-for-one removes 99.4%, n=254
  MSFTUSDT hedged with MSFT index (weekend): r=+0.996 [95% low +0.996], optimal ratio 1.007 removes 99.3% of variance, one-for-one removes 99.3%, n=393
  METAUSDT hedged with META index (all): r=+0.990 [95% low +0.989], optimal ratio 0.990 removes 98.0% of variance, one-for-one removes 98.0%, n=1438
  METAUSDT hedged with META index (extended): r=+0.998 [95% low +0.998], optimal ratio 0.987 removes 99.7% of variance, one-for-one removes 99.6%, n=425
  METAUSDT hedged with META index (overnight): r=+0.996 [95% low +0.996], optimal ratio 0.997 removes 99.3% of variance, one-for-one removes 99.3%, n=339
  METAUSDT hedged with META index (rth): r=+0.999 [95% low +0.999], optimal ratio 0.994 removes 99.8% of variance, one-for-one removes 99.8%, n=254
  METAUSDT hedged with META index (weekend): r=+0.996 [95% low +0.995], optimal ratio 1.004 removes 99.3% of variance, one-for-one removes 99.2%, n=393
  GOOGLUSDT hedged with GOOGL index (all): r=+0.981 [95% low +0.979], optimal ratio 0.984 removes 96.3% of variance, one-for-one removes 96.3%, n=1438
  GOOGLUSDT hedged with GOOGL index (extended): r=+0.997 [95% low +0.997], optimal ratio 0.994 removes 99.5% of variance, one-for-one removes 99.5%, n=425
  GOOGLUSDT hedged with GOOGL index (overnight): r=+0.994 [95% low +0.993], optimal ratio 1.007 removes 98.9% of variance, one-for-one removes 98.9%, n=339
  GOOGLUSDT hedged with GOOGL index (rth): r=+0.998 [95% low +0.998], optimal ratio 0.989 removes 99.7% of variance, one-for-one removes 99.6%, n=254
  GOOGLUSDT hedged with GOOGL index (weekend): r=+0.989 [95% low +0.986], optimal ratio 1.006 removes 97.8% of variance, one-for-one removes 97.8%, n=393
  AMZNUSDT hedged with AMZN index (all): r=+0.981 [95% low +0.979], optimal ratio 0.995 removes 96.2% of variance, one-for-one removes 96.2%, n=1438
  AMZNUSDT hedged with AMZN index (extended): r=+0.995 [95% low +0.994], optimal ratio 1.007 removes 99.0% of variance, one-for-one removes 99.0%, n=425
  AMZNUSDT hedged with AMZN index (overnight): r=+0.995 [95% low +0.994], optimal ratio 1.002 removes 99.1% of variance, one-for-one removes 99.0%, n=339
  AMZNUSDT hedged with AMZN index (rth): r=+0.996 [95% low +0.995], optimal ratio 1.003 removes 99.2% of variance, one-for-one removes 99.2%, n=254
  AMZNUSDT hedged with AMZN index (weekend): r=+0.990 [95% low +0.987], optimal ratio 1.000 removes 97.9% of variance, one-for-one removes 97.9%, n=393
  COINUSDT hedged with COIN index (all): r=+0.986 [95% low +0.984], optimal ratio 0.993 removes 97.2% of variance, one-for-one removes 97.2%, n=1438
  COINUSDT hedged with COIN index (extended): r=+0.998 [95% low +0.997], optimal ratio 0.993 removes 99.6% of variance, one-for-one removes 99.6%, n=425
  COINUSDT hedged with COIN index (overnight): r=+0.995 [95% low +0.993], optimal ratio 0.995 removes 98.9% of variance, one-for-one removes 98.9%, n=339
  COINUSDT hedged with COIN index (rth): r=+0.999 [95% low +0.999], optimal ratio 0.996 removes 99.9% of variance, one-for-one removes 99.9%, n=254
  COINUSDT hedged with COIN index (weekend): r=+0.997 [95% low +0.996], optimal ratio 0.998 removes 99.4% of variance, one-for-one removes 99.4%, n=393
  MSTRUSDT hedged with MSTR index (all): r=+0.982 [95% low +0.981], optimal ratio 0.992 removes 96.5% of variance, one-for-one removes 96.5%, n=1438
  MSTRUSDT hedged with MSTR index (extended): r=+0.999 [95% low +0.999], optimal ratio 0.994 removes 99.8% of variance, one-for-one removes 99.8%, n=425
  MSTRUSDT hedged with MSTR index (overnight): r=+0.993 [95% low +0.991], optimal ratio 0.991 removes 98.6% of variance, one-for-one removes 98.6%, n=339
  MSTRUSDT hedged with MSTR index (rth): r=+1.000 [95% low +1.000], optimal ratio 0.994 removes 99.9% of variance, one-for-one removes 99.9%, n=254
  MSTRUSDT hedged with MSTR index (weekend): r=+0.996 [95% low +0.995], optimal ratio 1.000 removes 99.2% of variance, one-for-one removes 99.2%, n=393
  QQQUSDT hedged with QQQ index (all): r=+0.963 [95% low +0.960], optimal ratio 0.978 removes 92.8% of variance, one-for-one removes 92.8%, n=1438
  QQQUSDT hedged with QQQ index (extended): r=+0.996 [95% low +0.995], optimal ratio 0.990 removes 99.2% of variance, one-for-one removes 99.2%, n=425
  QQQUSDT hedged with QQQ index (overnight): r=+0.987 [95% low +0.984], optimal ratio 1.000 removes 97.4% of variance, one-for-one removes 97.4%, n=339
  QQQUSDT hedged with QQQ index (rth): r=+0.998 [95% low +0.997], optimal ratio 0.995 removes 99.6% of variance, one-for-one removes 99.6%, n=254
  QQQUSDT hedged with QQQ index (weekend): r=+0.988 [95% low +0.986], optimal ratio 1.003 removes 97.7% of variance, one-for-one removes 97.7%, n=393
  TQQQUSDT hedged with TQQQ index (all): r=+0.970 [95% low +0.967], optimal ratio 0.986 removes 94.1% of variance, one-for-one removes 94.1%, n=1438
  TQQQUSDT hedged with TQQQ index (extended): r=+0.998 [95% low +0.998], optimal ratio 0.989 removes 99.6% of variance, one-for-one removes 99.6%, n=425
  TQQQUSDT hedged with TQQQ index (overnight): r=+0.984 [95% low +0.980], optimal ratio 1.002 removes 96.8% of variance, one-for-one removes 96.8%, n=339
  TQQQUSDT hedged with TQQQ index (rth): r=+0.998 [95% low +0.998], optimal ratio 0.992 removes 99.7% of variance, one-for-one removes 99.7%, n=254
  TQQQUSDT hedged with TQQQ index (weekend): r=+0.990 [95% low +0.988], optimal ratio 1.007 removes 98.0% of variance, one-for-one removes 98.0%, n=393
  SQQQUSDT hedged with SQQQ index (all): r=+0.965 [95% low +0.961], optimal ratio 0.986 removes 93.1% of variance, one-for-one removes 93.0%, n=1438
  SQQQUSDT hedged with SQQQ index (extended): r=+0.995 [95% low +0.994], optimal ratio 0.982 removes 99.0% of variance, one-for-one removes 99.0%, n=425
  SQQQUSDT hedged with SQQQ index (overnight): r=+0.984 [95% low +0.980], optimal ratio 0.999 removes 96.7% of variance, one-for-one removes 96.7%, n=339
  SQQQUSDT hedged with SQQQ index (rth): r=+0.996 [95% low +0.995], optimal ratio 1.001 removes 99.2% of variance, one-for-one removes 99.2%, n=254
  SQQQUSDT hedged with SQQQ index (weekend): r=+0.992 [95% low +0.990], optimal ratio 1.005 removes 98.4% of variance, one-for-one removes 98.4%, n=393

60 measurement(s) written to argus\data\hedge_effectiveness.json
effectiveness_exit=0
{
  "ran_at": "2026-10-01T17:40:44.820516+00:00",
  "risk_policy": "68ceeadb52fc4ce0721006d8016744de7bc4d135ae75eb0aaca20e68f6460712",
  "decisions_written": [
    {
      "seq": 944,
      "symbol": "NVDAUSDT",
      "verdict": "no_trade",
      "quantity": "0",
      "confidence": 0.55,
      "attests_llm_decided": true,
      "notes_written": 24,
      "protocol": {
        "digest": "sha256:d403d741144df7513e4dbb69fd254b6b95f6a7aba3b7aeba26fd959fc26dbfb8",
        "version": 3,
        "reduced_this_decision": false
      },
      "flags": [
        "[conflict:magnitude] sentiment (bullish) vs earnings (bullish), gap 41.00 \u2014 earnings dominates: confidence 0.72 against 0.45"
      ],
      "fill": "confirmed_unfilled",
      "fill_alarm": false
    },
    {
      "seq": 945,
      "symbol": "TSLAUSDT",
      "verdict": "no_trade",
      "quantity": "0",
      "confidence": 0.52,
      "attests_llm_decided": true,
      "notes_written": 23,
      "protocol": {
        "digest": "sha256:d403d741144df7513e4dbb69fd254b6b95f6a7aba3b7aeba26fd959fc26dbfb8",
        "version": 3,
        "reduced_this_decision": false
      },
      "flags": [
        "[conflict:direction] sentiment (bullish) vs earnings (bearish), gap 14.00 \u2014 earnings dominates: confidence 0.62 against 0.35"
      ],
      "fill": "confirmed_unfilled",
      "fill_alarm": false
    },
    {
      "seq": 946,
      "symbol": "AAPLUSDT",
      "verdict": "no_trade",
      "quantity": "0",
      "confidence": 0.42,
      "attests_llm_decided": true,
      "notes_written": 26,
      "protocol": {
        "digest": "sha256:d403d741144df7513e4dbb69fd254b6b95f6a7aba3b7aeba26fd959fc26dbfb8",
        "version": 3,
        "reduced_this_decision": false
      },
      "flags": [
        "[conflict:direction] sentiment (bearish) vs earnings (bullish), gap 14.00 \u2014 earnings dominates: confidence 0.62 against 0.45"
      ],
      "fill": "confirmed_unfilled",
      "fill_alarm": false
    },
    {
      "seq": 947,
      "symbol": "MSFTUSDT",
      "verdict": "no_trade",
      "quantity": "0",
      "confidence": 0.52,
      "attests_llm_decided": true,
      "notes_written": 27,
      "protocol": {
        "digest": "sha256:d403d741144df7513e4dbb69fd254b6b95f6a7aba3b7aeba26fd959fc26dbfb8",
        "version": 3,
        "reduced_this_decision": false
      },
      "flags": [
        "[grounding] 1 of 7 figure(s) do not resolve to anything the desk was given: 116bps",
        "[grounding] an unattributable number in a thesis is the easiest place for an unsupported fact to enter the record"
      ],
      "fill": "confirmed_unfilled",
      "fill_alarm": false
    },
    {
      "seq": 948,
      "symbol": "METAUSDT",
      "verdict": "no_trade",
      "quantity": "0",
      "confidence": 0.52,
      "attests_llm_decided": true,
      "notes_written": 25,
      "protocol": {
        "digest": "sha256:d403d741144df7513e4dbb69fd254b6b95f6a7aba3b7aeba26fd959fc26dbfb8",
        "version": 3,
        "reduced_this_decision": false
      },
      "flags": [],
      "fill": "confirmed_unfilled",
      "fill_alarm": false
    },
    {
      "seq": 949,
      "symbol": "GOOGLUSDT",
      "verdict": "no_trade",
      "quantity": "0",
      "confidence": 0.55,
      "attests_llm_decided": true,
      "notes_written": 25,
      "protocol": {
        "digest": "sha256:d403d741144df7513e4dbb69fd254b6b95f6a7aba3b7aeba26fd959fc26dbfb8",
        "version": 3,
        "reduced_this_decision": false
      },
      "flags": [
        "[conflict:direction] sentiment (bearish) vs earnings (bullish), gap 14.00 \u2014 earnings dominates: confidence 0.72 against 0.45",
        "[grounding] 1 of 8 figure(s) do not resolve to anything the desk was given: -2%",
        "[grounding] an unattributable number in a thesis is the easiest place for an unsupported fact to enter the record"
      ],
      "fill": "confirmed_unfilled",
      "fill_alarm": false
    },
    {
      "seq": 950,
      "symbol": "AMZNUSDT",
      "verdict": "no_trade",
      "quantity": "0",
      "confidence": 0.52,
      "attests_llm_decided": true,
      "notes_written": 26,
      "protocol": {
        "digest": "sha256:d403d741144df7513e4dbb69fd254b6b95f6a7aba3b7aeba26fd959fc26dbfb8",
        "version": 3,
        "reduced_this_decision": false
      },
      "flags": [
        "[conflict:direction] sentiment (bearish) vs earnings (bullish), gap 10.00 \u2014 earnings dominates: confidence 0.72 against 0.45"
      ],
      "fill": "confirmed_unfilled",
      "fill_alarm": false
    },
    {
      "seq": 951,
      "symbol": "COINUSDT",
      "verdict": "no_trade",
      "quantity": "0",
      "confidence": 0.58,
      "attests_llm_decided": true,
      "notes_written": 26,
      "protocol": {
        "digest": "sha256:d403d741144df7513e4dbb69fd254b6b95f6a7aba3b7aeba26fd959fc26dbfb8",
        "version": 3,
        "reduced_this_decision": false
      },
      "flags": [],
      "fill": "confirmed_unfilled",
      "fill_alarm": false
    },
    {
      "seq": 952,
      "symbol": "MSTRUSDT",
      "verdict": "no_trade",
      "quantity": "0",
      "confidence": 0.42,
      "attests_llm_decided": true,
      "notes_written": 25,
      "protocol": {
        "digest": "sha256:d403d741144df7513e4dbb69fd254b6b95f6a7aba3b7aeba26fd959fc26dbfb8",
        "version": 3,
        "reduced_this_decision": false
      },
      "flags": [
        "[conflict:direction] sentiment (bullish) vs earnings (bearish), gap 14.00 \u2014 earnings dominates: confidence 0.62 against 0.35"
      ],
      "fill": "confirmed_unfilled",
      "fill_alarm": false
    },
    {
      "seq": 953,
      "symbol": "QQQUSDT",
      "verdict": "no_trade",
      "quantity": "0",
      "confidence": 0.55,
      "attests_llm_decided": true,
      "notes_written": 27,
      "protocol": {
        "digest": "sha256:d403d741144df7513e4dbb69fd254b6b95f6a7aba3b7aeba26fd959fc26dbfb8",
        "version": 3,
        "reduced_this_decision": false
      },
      "flags": [],
      "fill": "confirmed_unfilled",
      "fill_alarm": false
    },
    {
      "seq": 954,
      "symbol": "TQQQUSDT",
      "verdict": "no_trade",
      "quantity": "0",
      "confidence": 0.55,
      "attests_llm_decided": true,
      "notes_written": 26,
      "protocol": {
        "digest": "sha256:d403d741144df7513e4dbb69fd254b6b95f6a7aba3b7aeba26fd959fc26dbfb8",
        "version": 3,
        "reduced_this_decision": false
      },
      "flags": [],
      "fill": "confirmed_unfilled",
      "fill_alarm": false
    }
  ],
  "settled_this_cycle": [
    {
      "seq": 891,
      "symbol": "NVDAUSDT",
      "abstention": true,
      "counterfactual_move_bps": "16.4445"
    },
    {
      "seq": 892,
      "symbol": "TSLAUSDT",
      "abstention": true,
      "counterfactual_move_bps": "231.2470"
    },
    {
      "seq": 893,
      "symbol": "AAPLUSDT",
      "abstention": true,
      "counterfactual_move_bps": "-250.6725"
    },
    {
      "seq": 894,
      "symbol": "MSFTUSDT",
      "abstention": true,
      "counterfactual_move_bps": "-59.2935"
    },
    {
      "seq": 895,
      "symbol": "METAUSDT",
      "abstention": true,
      "counterfactual_move_bps": "-67.7514"
    },
    {
      "seq": 896,
      "symbol": "GOOGLUSDT",
      "abstention": true,
      "counterfactual_move_bps": "-358.0955"
    },
    {
      "seq": 897,
      "symbol": "AMZNUSDT",
      "abstention": true,
      "counterfactual_move_bps": "-76.2813"
    },
    {
      "seq": 898,
      "symbol": "COINUSDT",
      "abstention": true,
      "counterfactual_move_bps": "112.7137"
    },
    {
      "seq": 899,
      "symbol": "MSTRUSDT",
      "abstention": true,
      "counterfactual_move_bps": "344.8723"
    },
    {
      "seq": 900,
      "symbol": "QQQUSDT",
      "abstention": true,
      "counterfactual_move_bps": "-11.5477"
    },
    {
      "causal_chains_graded": 3
    }
  ],
  "postmortem": {
    "at": "2026-10-01T17:40:44.820516+00:00",
    "triggers": [
      "10 settlements since the last postmortem"
    ],
    "gate_autopsy": {
      "decisions": 954,
      "unreached": []
    },
    "diagnosis": {
      "sample": 728,
      "refused": "",
      "causes": [],
      "adopted_remedies_that_fired_again": []
    }
  },
  "marked_this_cycle": [
    {
      "seq": 934,
      "symbol": "NVDAUSDT",
      "horizon_hours": 1.9963,
      "move_bps": "67.8556",
      "lean": "up"
    },
    {
      "seq": 935,
      "symbol": "TSLAUSDT",
      "horizon_hours": 1.9963,
      "move_bps": "0.0000",
      "lean": "up"
    },
    {
      "seq": 936,
      "symbol": "AAPLUSDT",
      "horizon_hours": 1.9963,
      "move_bps": "58.8630",
      "lean": "down"
    },
    {
      "seq": 937,
      "symbol": "MSFTUSDT",
      "horizon_hours": 1.9963,
      "move_bps": "50.8019",
      "lean": "up"
    },
    {
      "seq": 938,
      "symbol": "METAUSDT",
      "horizon_hours": 1.9963,
      "move_bps": "32.7067",
      "lean": "down"
    },
    {
      "seq": 939,
      "symbol": "GOOGLUSDT",
      "horizon_hours": 1.9963,
      "move_bps": "-48.0319",
      "lean": "up"
    },
    {
      "seq": 940,
      "symbol": "AMZNUSDT",
      "horizon_hours": 1.9963,
      "move_bps": "102.3256",
      "lean": "up"
    },
    {
      "seq": 941,
      "symbol": "COINUSDT",
      "horizon_hours": 1.9963,
      "move_bps": "55.2398",
      "lean": "down"
    },
    {
      "seq": 942,
      "symbol": "MSTRUSDT",
      "horizon_hours": 1.9963,
      "move_bps": "181.8414",
      "lean": "up"
    },
    {
      "seq": 943,
      "symbol": "QQQUSDT",
      "horizon_hours": 1.9963,
      "move_bps": "73.8052",
      "lean": "down"
    }
  ],
  "tokens_spent": 313887,
  "unreported_calls": 0,
  "token_budget": 330000,
  "stopped_early": "stopped after 11 of 12 symbol(s): 16113 token(s) left of 330000, below the 25000 a symbol costs. The symbols not reached were not decided, and no decision was recorded for them.",
  "chain": {
    "entries": 954,
    "chain_intact": true,
    "links_intact": true,
    "first_break_at": null,
    "truncated": false,
    "anchor": "anchor agrees with the log",
    "head_hash": "bc428dbd27d23190",
    "tampered_settlements": [],
    "unsealed_settlements": []
  },
  "protocol": "argus-paper-v1 v3 (sha256:d403d741144df7513e4dbb69fd254b6b95f6a7aba3b7aeba26fd959fc26dbfb8)",
  "resumed": [],
  "fill_alarms": []
}
exit=0

cycle 76: 5 claim(s) on METAUSDT, head 8db9f3bc11ef03f7
    resolves 2026-10-02T18:13
    resolves 2026-10-04T18:13
    resolves 2026-10-08T18:13
    resolves 2026-10-15T18:13
    resolves 2026-10-31T18:13
  anchored to 4 calendar(s)

  194 claim(s) resolve inside the window and 297 are still open when it starts
cadence_exit=0
6 claim(s) resolved this run
  Γ£ô MSTRUSDT abs_move_above_bps 532.82 by 2026-10-01T16:14 (p=0.60) [ddda992689d0]  observed |1884.30| = 1884.30
  Γ£ô QQQUSDT abs_move_above_bps 119.13 by 2026-10-01T18:10 (p=0.60) [cb44b8bb53e5]  observed |361.22| = 361.22
  Γ£ô NVDAUSDT abs_move_above_bps 113.06 by 2026-10-01T16:17 (p=0.60) [e179a0dcee61]  observed |257.78| = 257.78
  Γ£ù MSFTUSDT abs_move_above_bps 69.99 by 2026-10-01T16:11 (p=0.60) [0fb5e8b1183d]  observed |17.36| = 17.36
  Γ£ù METAUSDT abs_move_above_bps 105.94 by 2026-10-01T18:13 (p=0.60) [8d199c32f8aa]  observed |91.77| = 91.77
  Γ£ô SQQQUSDT abs_move_above_bps 86.81 by 2026-10-01T16:14 (p=0.60) [87052716e8c5]  observed |262.69| = 262.69

REGISTER ΓÇö 386 claim(s), 214 resolved, 170 pending, 2 unresolvable
  argus                 214 resolved  Brier 0.2207  hit rate 70%

  THE WALL ΓÇö 65 claim(s) we got wrong, most confident first:
    Γ£ù NVDAUSDT abs_move_above_bps 45.46 by 2026-09-15T09:21 (p=0.60) [381cbc033f4b]  observed |12.25| = 12.25
    Γ£ù TSLAUSDT abs_move_above_bps 50.23 by 2026-09-15T09:21 (p=0.60) [c387181dd2e6]  observed |-5.58| = 5.58
    Γ£ù AAPLUSDT abs_move_above_bps 37.55 by 2026-09-15T09:21 (p=0.60) [2588c7bcd941]  observed |-12.37| = 12.37
    Γ£ù AMZNUSDT abs_move_above_bps 40.7 by 2026-09-15T09:21 (p=0.60) [d71b10a405eb]  observed |-32.76| = 32.76
    Γ£ù MSTRUSDT abs_move_above_bps 138.15 by 2026-09-15T09:21 (p=0.60) [919de6cb9750]  observed |-22.67| = 22.67
    Γ£ù TSLAUSDT abs_move_above_bps 50.28 by 2026-09-16T18:14 (p=0.60) [5eec2201b2a4]  observed |-13.14| = 13.14
    Γ£ù AAPLUSDT abs_move_above_bps 37.55 by 2026-09-16T20:11 (p=0.60) [4ae4dfa61cdf]  observed |33.15| = 33.15
    Γ£ù METAUSDT abs_move_above_bps 66.48 by 2026-09-17T16:11 (p=0.60) [fe99a2216199]  observed |41.36| = 41.36
    Γ£ù TQQQUSDT abs_move_above_bps 182.37 by 2026-09-17T18:17 (p=0.60) [394c43522a43]  observed |168.28| = 168.28
    Γ£ù QQQUSDT abs_move_above_bps 31.84 by 2026-09-18T18:10 (p=0.60) [933c2db4e3a6]  observed |14.50| = 14.50

written to argus\data\register_scoreboard.json
register_exit=0
CYCLE CHECK ΓÇö cycle_2026-10-01_2300.log

  PASS     exit_code
           process exited 0
  FAIL     symbols_decided
           11 of 12 symbols produced a decision
  FAIL     ran_to_completion
           stopped after 11 of 12 symbol(s): 16113 token(s) left of 330000, below the 25000 a symbol costs. The symbols not reached were not decided, and no decision was recorded for them.
  PASS     token_budget
           313,887 of 330,000 spent (95%)
  PASS     cumulative_tokens
           21,577,776 token(s) across 74 recorded cycle(s), 291,592 per cycle ΓÇö roughly 1,166,366/day at four cycles. The key's remaining balance is not observable from here; this is the burn rate, not a runway
  FAIL     budget_not_exhausted
           the budget ended the cycle before the guard had to ΓÇö stopped after 11 of 12 symbol(s): 16113 token(s) left of 330000, below the 25000 a symbol costs. The symbols not reached were not decided, and no decision was recorded for them.
  PASS     chain_intact
           the hash chain verified after the write
  PASS     leans_recorded
           11 of 11 row(s) carry a lean and a lean_confidence
  PASS     leans_gradeable
           11 of 11 decision(s) state a direction (7 up, 4 down, 0 none)
  PASS     verdicts_parsed
           every verdict parsed
  PASS     session
           session phase(s) seen: rth  <-- price discovery

  8/11 checks passed. FAILED ΓÇö symbols_decided: 11 of 12 symbols produced a decision; ran_to_completion: stopped after 11 of 12 symbol(s): 16113 token(s) left of 330000, below the 25000 a symbol costs. The symbols not reached were not decided, and no decision was recorded for them.; budget_not_exhausted: the budget ended the cycle before the guard had to ΓÇö stopped after 11 of 12 symbol(s): 16113 token(s) left of 330000, below the 25000 a symbol costs. The symbols not reached were not decided, and no decision was recorded for them.. **FALSIFIER FIRED**: this cycle had price discovery and the desk still proposed no exposure on any symbol. eval/autopsy.py named exactly this as the observation that moves the cause of the abstentions from the sampling to the desk. Its conclusion is now refuted and must be rewritten, not defended

written to argus\data\cycle_check.json
check_exit=1
REFUSAL ALPHA ù 708 mark(s)

  horizon              marks  directional  correct  coverage  accuracy  forgone
  about_2h               527          524      291   99.4%   55.5%    -8.0
  4h_to_12h                1            1        0  100.0%    0.0%   -51.7
  overnight_12h_plus     180          175       79   97.2%   45.1%   -22.7

  At the `about_2h` horizon: 291 of 524 directional calls went the right way. 95% interval (bootstrap over 48 decision cycles) 49.8% to 61.0%. It includes 0.5, so this sample does not show the lean beating a coin flip. But calling `up` every time was right 53.2% of the time, and cycle by cycle the lean beat that naive call 20 times and lost 20 (8 tied) ù so there is no evidence yet that the lean knows more than the direction of the tape. Median net edge forgone by standing aside: -8.0bps after a 12.0bps round trip ù refusing saved money on the typical decision.

written to argus\data\refusal_alpha.json

REASON AGAINST RECORD ù 950 refusal(s) on record; 453 carried at least one reason the record can check. Of 913 decision-time reason(s) graded, 913 agreed with the record and 0 contradicted it. `moves_enough` claims were borne out by the next ~2h move 74 of 102 time(s) (73%), against 72% for every ~2h refusal mark (one-sided exact binomial p = 0.46); no evidence the stated reason says more than the base rate does.
written to argus\data\refusal_reasons.json
refusal_exit=0
15 panel(s); 3 figure(s) not yet measurable
  unavailable: Sharpe ╖ drawdown ╖ win rate ╖ Sharpe
  unavailable: Sharpe ╖ drawdown ╖ win rate ╖ max drawdown
  unavailable: Search bake-off ╖ stable winner
written to argus\cockpit.html
cockpit_exit=0
recorded 5 probe(s) at 2026-10-01 18:14 UTC: 5 answered
status_record_exit=0
publish_skipped: cycle check exit 1
