=== ARGUS paper cycle 2026-09-13_2100 ===
{
  "ran_at": "2026-09-13T15:30:01.712703+00:00",
  "decisions_written": [
    {
      "seq": 139,
      "symbol": "NVDAUSDT",
      "verdict": "no_trade",
      "quantity": "0",
      "confidence": 0.82,
      "attests_llm_decided": true,
      "notes_written": 13,
      "protocol": {
        "digest": "sha256:0b10323271f4d51a221b14a596a37d367f1c135b54e1aeb41bd9188b03b2cef1",
        "version": 2,
        "reduced_this_decision": false
      },
      "flags": [
        "[conflict:magnitude] sentiment (bearish) vs earnings (bearish), gap 37.00 \u2014 sentiment dominates: confidence 0.72 against 0.45"
      ]
    },
    {
      "seq": 140,
      "symbol": "TSLAUSDT",
      "verdict": "no_trade",
      "quantity": "0",
      "confidence": 0.82,
      "attests_llm_decided": true,
      "notes_written": 14,
      "protocol": {
        "digest": "sha256:0b10323271f4d51a221b14a596a37d367f1c135b54e1aeb41bd9188b03b2cef1",
        "version": 2,
        "reduced_this_decision": false
      },
      "flags": []
    },
    {
      "seq": 141,
      "symbol": "AAPLUSDT",
      "verdict": "no_trade",
      "quantity": "0",
      "confidence": 0.85,
      "attests_llm_decided": true,
      "notes_written": 14,
      "protocol": {
        "digest": "sha256:0b10323271f4d51a221b14a596a37d367f1c135b54e1aeb41bd9188b03b2cef1",
        "version": 2,
        "reduced_this_decision": false
      },
      "flags": [
        "[conflict:direction] sentiment (bullish) vs earnings (bearish), gap 0.00 \u2014 earnings dominates: 6 distinct sources against 4"
      ]
    },
    {
      "seq": 142,
      "symbol": "MSFTUSDT",
      "verdict": "no_trade",
      "quantity": "0",
      "confidence": 0.9,
      "attests_llm_decided": true,
      "notes_written": 12,
      "protocol": {
        "digest": "sha256:0b10323271f4d51a221b14a596a37d367f1c135b54e1aeb41bd9188b03b2cef1",
        "version": 2,
        "reduced_this_decision": false
      },
      "flags": []
    },
    {
      "seq": 143,
      "symbol": "METAUSDT",
      "verdict": "no_trade",
      "quantity": "0",
      "confidence": 0.82,
      "attests_llm_decided": true,
      "notes_written": 15,
      "protocol": {
        "digest": "sha256:0b10323271f4d51a221b14a596a37d367f1c135b54e1aeb41bd9188b03b2cef1",
        "version": 2,
        "reduced_this_decision": false
      },
      "flags": [
        "[conflict:direction] event (bullish) vs sentiment (bearish), gap 0.00 \u2014 sentiment dominates: confidence 0.55 against 0.45",
        "[conflict:direction] event (bullish) vs earnings (bearish), gap 70.00 \u2014 earnings dominates: confidence 0.72 against 0.45",
        "[conflict:magnitude] sentiment (bearish) vs earnings (bearish), gap 70.00 \u2014 earnings dominates: confidence 0.72 against 0.55",
        "[grounding] 1 of 6 figure(s) do not resolve to anything the desk was given: 20.80bps",
        "[grounding] an unattributable number in a thesis is the easiest place for an unsupported fact to enter the record"
      ]
    },
    {
      "seq": 144,
      "symbol": "GOOGLUSDT",
      "verdict": "no_trade",
      "quantity": "0",
      "confidence": 0.88,
      "attests_llm_decided": true,
      "notes_written": 14,
      "protocol": {
        "digest": "sha256:0b10323271f4d51a221b14a596a37d367f1c135b54e1aeb41bd9188b03b2cef1",
        "version": 2,
        "reduced_this_decision": false
      },
      "flags": [
        "[conflict:magnitude] event (bullish) vs earnings (bullish), gap 41.00 \u2014 earnings dominates: confidence 0.72 against 0.35",
        "[conflict:magnitude] sentiment (bullish) vs earnings (bullish), gap 42.00 \u2014 earnings dominates: confidence 0.72 against 0.35"
      ]
    },
    {
      "seq": 145,
      "symbol": "AMZNUSDT",
      "verdict": "no_trade",
      "quantity": "0",
      "confidence": 0.88,
      "attests_llm_decided": true,
      "notes_written": 15,
      "protocol": {
        "digest": "sha256:0b10323271f4d51a221b14a596a37d367f1c135b54e1aeb41bd9188b03b2cef1",
        "version": 2,
        "reduced_this_decision": false
      },
      "flags": [
        "[conflict:direction] event (bearish) vs earnings (bullish), gap 14.00 \u2014 earnings dominates: confidence 0.72 against 0.35",
        "[conflict:conviction] sentiment (insufficient_evidence) vs cross_asset (insufficient_evidence), gap 0.30 \u2014 sentiment dominates: confidence 0.30 against 0.00",
        "[grounding] 1 of 4 figure(s) do not resolve to anything the desk was given: 20.80 bps",
        "[grounding] an unattributable number in a thesis is the easiest place for an unsupported fact to enter the record"
      ]
    },
    {
      "seq": 146,
      "symbol": "COINUSDT",
      "verdict": "no_trade",
      "quantity": "0",
      "confidence": 0.86,
      "attests_llm_decided": true,
      "notes_written": 15,
      "protocol": {
        "digest": "sha256:0b10323271f4d51a221b14a596a37d367f1c135b54e1aeb41bd9188b03b2cef1",
        "version": 2,
        "reduced_this_decision": false
      },
      "flags": [
        "[conflict:magnitude] sentiment (bearish) vs earnings (bearish), gap 30.00 \u2014 earnings dominates: confidence 0.72 against 0.55",
        "[grounding] 1 of 6 figure(s) do not resolve to anything the desk was given: 13.7%",
        "[grounding] an unattributable number in a thesis is the easiest place for an unsupported fact to enter the record"
      ]
    },
    {
      "seq": 147,
      "symbol": "MSTRUSDT",
      "verdict": "no_trade",
      "quantity": "0",
      "confidence": 0.86,
      "attests_llm_decided": true,
      "notes_written": 13,
      "protocol": {
        "digest": "sha256:0b10323271f4d51a221b14a596a37d367f1c135b54e1aeb41bd9188b03b2cef1",
        "version": 2,
        "reduced_this_decision": false
      },
      "flags": []
    },
    {
      "seq": 148,
      "symbol": "QQQUSDT",
      "verdict": "no_trade",
      "quantity": "0",
      "confidence": 0.92,
      "attests_llm_decided": true,
      "notes_written": 15,
      "protocol": {
        "digest": "sha256:0b10323271f4d51a221b14a596a37d367f1c135b54e1aeb41bd9188b03b2cef1",
        "version": 2,
        "reduced_this_decision": false
      },
      "flags": []
    },
    {
      "seq": 149,
      "symbol": "TQQQUSDT",
      "verdict": "no_trade",
      "quantity": "0",
      "confidence": 0.95,
      "attests_llm_decided": true,
      "notes_written": 17,
      "protocol": {
        "digest": "sha256:0b10323271f4d51a221b14a596a37d367f1c135b54e1aeb41bd9188b03b2cef1",
        "version": 2,
        "reduced_this_decision": false
      },
      "flags": [
        "[grounding] 2 of 4 figure(s) do not resolve to anything the desk was given: 226bps, 3",
        "[grounding] an unattributable number in a thesis is the easiest place for an unsupported fact to enter the record"
      ]
    },
    {
      "seq": 150,
      "symbol": "SQQQUSDT",
      "verdict": "no_trade",
      "quantity": "0",
      "confidence": 0.95,
      "attests_llm_decided": true,
      "notes_written": 16,
      "protocol": {
        "digest": "sha256:0b10323271f4d51a221b14a596a37d367f1c135b54e1aeb41bd9188b03b2cef1",
        "version": 2,
        "reduced_this_decision": false
      },
      "flags": []
    }
  ],
  "settled_this_cycle": [
    {
      "seq": 13,
      "symbol": "NVDAUSDT",
      "abstention": true,
      "counterfactual_move_bps": "-175.1186"
    },
    {
      "seq": 14,
      "symbol": "TSLAUSDT",
      "abstention": true,
      "counterfactual_move_bps": "-68.3378"
    },
    {
      "seq": 15,
      "symbol": "MSFTUSDT",
      "abstention": true,
      "counterfactual_move_bps": "-51.4943"
    },
    {
      "seq": 16,
      "symbol": "AAPLUSDT",
      "abstention": true,
      "counterfactual_move_bps": "-64.7579"
    },
    {
      "seq": 17,
      "symbol": "METAUSDT",
      "abstention": true,
      "counterfactual_move_bps": "-102.8072"
    },
    {
      "seq": 18,
      "symbol": "MSTRUSDT",
      "abstention": true,
      "counterfactual_move_bps": "-166.7555"
    },
    {
      "seq": 19,
      "symbol": "NVDAUSDT",
      "abstention": true,
      "counterfactual_move_bps": "-183.6242"
    },
    {
      "seq": 20,
      "symbol": "AAPLUSDT",
      "abstention": true,
      "counterfactual_move_bps": "-68.3310"
    },
    {
      "seq": 21,
      "symbol": "MSFTUSDT",
      "abstention": true,
      "counterfactual_move_bps": "-51.4943"
    },
    {
      "seq": 22,
      "symbol": "AMZNUSDT",
      "abstention": true,
      "counterfactual_move_bps": "-95.3790"
    },
    {
      "seq": 23,
      "symbol": "COINUSDT",
      "abstention": true,
      "counterfactual_move_bps": "-191.9810"
    },
    {
      "seq": 24,
      "symbol": "MSTRUSDT",
      "abstention": true,
      "counterfactual_move_bps": "-157.0122"
    },
    {
      "seq": 25,
      "symbol": "NVDAUSDT",
      "abstention": true,
      "counterfactual_move_bps": "-181.3873"
    },
    {
      "seq": 26,
      "symbol": "TSLAUSDT",
      "abstention": true,
      "counterfactual_move_bps": "-70.2378"
    },
    {
      "seq": 27,
      "symbol": "MSFTUSDT",
      "abstention": true,
      "counterfactual_move_bps": "-54.9085"
    }
  ],
  "tokens_spent": 280182,
  "token_budget": 300000,
  "stopped_early": "",
  "chain": {
    "entries": 150,
    "chain_intact": true,
    "links_intact": true,
    "first_break_at": null,
    "truncated": false,
    "anchor": "anchor agrees with the log",
    "head_hash": "93932375fc86725d"
  },
  "protocol": "argus-paper-v1 v2 (sha256:0b10323271f4d51a221b14a596a37d367f1c135b54e1aeb41bd9188b03b2cef1)"
}
exit=0
