=== ARGUS paper cycle 2026-10-02_2300 ===
disk_free_gb=2.2 DISK LOW
sampling MSTRUSDT for 90s (rth)...

MARKOUT ΓÇö MSTRUSDT, 90s of rth, 69 book sample(s), 100 print(s), 2% flagged RPI

   horizon  prints    median      mean     worst
        5s      99    -0.635    +0.282    -5.078
       15s      61    -0.952    -0.677    -6.350
       30s       4    -8.257    -6.113    -8.257
       60s       0    +0.000    +0.000    +0.000

  Resting on MSTRUSDT (rth) cost a median 0.95bps of adverse selection over 15s across 61 print(s), worst 6.35bps. That is inside the 2bps maker fee it would save, so the blanket refusal to credit maker treatment is now costing measurable edge and deserves a number rather than a rule

written to argus\data\markout.json
markout_exit=0
EXECUTABLE COST ΓÇö bps. 'quoted' is the full bid-ask spread; the size columns are
slippage against mid, taking the ask (a size inside the touch reads half 'quoted').

symbol         quoted      $1000      $5000     $25000    $100000
-----------------------------------------------------------------
NVDAUSDT         0.43       0.72       1.27       2.50       3.34
TSLAUSDT         0.81       0.76       1.19       1.80       3.64
AAPLUSDT         0.30       0.60       1.33       4.70      15.34
MSFTUSDT         2.14       1.51       2.11       2.87       4.28
METAUSDT         2.88       2.25       4.77       5.83      13.58
GOOGLUSDT        1.74       1.78       2.90       3.67       5.86
AMZNUSDT         3.18       2.48       3.10       3.90       7.46
COINUSDT         2.74       4.10       6.79       9.44      20.96
MSTRUSDT         1.27       1.77       2.93       4.35       8.51
QQQUSDT          0.13       0.07       0.18       0.72       1.51
TQQQUSDT         1.24       1.80       2.66       5.40      15.70
SQQQUSDT         3.00       3.78       4.36       8.47      31.29

12 book(s) written to argus\data\depth.json
depth_exit=0
recorded 12 snapshot(s) to argus\data\book_tape.jsonl

  996 snapshots over 438.615h: a near-touch level holds a median 2.95 contracts. **Change is reported per horizon, not pooled** ΓÇö a level moves a very different share of itself over 30 seconds than over an hour, and one median over both is a number about the sampling schedule rather than about the book. The shortest horizon with at least 100 observations is `under_30s`, where a level moves a median 24.0% of itself ΓÇö that is the figure the simulator should take, being nearest the per-event timescale it models. The attribution rule ΓÇö which side of a resting order a decrease came from ΓÇö is not in this data and cannot be, so it stays a swept assumption rather than a measurement.

written to argus\data\book_calibration.json
bookcalib_exit=0
  NVDAUSDT: extended=14.1 overnight=10.9 rth=31.5 weekend=4.6 | reopen=51.5 (1.6x rth, n=64)
      throttle now x1 ΓÇö the next 24 bar(s) are expected to move 12.2bps per bar against a 31.5bps regular-hours bar; no reduction, and this layer may not size up
  TSLAUSDT: extended=14.5 overnight=11.6 rth=36.6 weekend=5.8 | reopen=76.9 (2.1x rth, n=64)
      throttle now x1 ΓÇö the next 24 bar(s) are expected to move 13.7bps per bar against a 36.6bps regular-hours bar; no reduction, and this layer may not size up
  AAPLUSDT: extended=9.5 overnight=7.0 rth=22.7 weekend=5.0 | reopen=39.9 (1.8x rth, n=64)
      throttle now x1 ΓÇö the next 24 bar(s) are expected to move 9.0bps per bar against a 22.7bps regular-hours bar; no reduction, and this layer may not size up
  MSFTUSDT: extended=12.5 overnight=8.7 rth=25.8 weekend=5.0 | reopen=39.3 (1.5x rth, n=64)
      throttle now x1 ΓÇö the next 24 bar(s) are expected to move 10.4bps per bar against a 25.8bps regular-hours bar; no reduction, and this layer may not size up
  METAUSDT: extended=15.9 overnight=9.7 rth=36.6 weekend=6.3 | reopen=61.8 (1.7x rth, n=64)
      throttle now x1 ΓÇö the next 24 bar(s) are expected to move 13.9bps per bar against a 36.6bps regular-hours bar; no reduction, and this layer may not size up
  GOOGLUSDT: extended=13.6 overnight=8.5 rth=23.8 weekend=5.6 | reopen=44.6 (1.9x rth, n=64)
      throttle now x1 ΓÇö the next 24 bar(s) are expected to move 10.4bps per bar against a 23.8bps regular-hours bar; no reduction, and this layer may not size up
  AMZNUSDT: extended=12.1 overnight=7.1 rth=23.2 weekend=4.8 | reopen=38.3 (1.7x rth, n=64)
      throttle now x1 ΓÇö the next 24 bar(s) are expected to move 9.5bps per bar against a 23.2bps regular-hours bar; no reduction, and this layer may not size up
  COINUSDT: extended=27.2 overnight=19.3 rth=60.7 weekend=13.3 | reopen=95.4 (1.6x rth, n=64)
      throttle now x1 ΓÇö the next 24 bar(s) are expected to move 24.4bps per bar against a 60.7bps regular-hours bar; no reduction, and this layer may not size up
  MSTRUSDT: extended=35.8 overnight=29.1 rth=58.4 weekend=17.5 | reopen=106.6 (1.8x rth, n=64)
      throttle now x1 ΓÇö the next 24 bar(s) are expected to move 28.6bps per bar against a 58.4bps regular-hours bar; no reduction, and this layer may not size up
  QQQUSDT: extended=9.0 overnight=9.1 rth=14.0 weekend=3.6 | reopen=26.1 (1.9x rth, n=64)
      throttle now x1 ΓÇö the next 24 bar(s) are expected to move 7.2bps per bar against a 14.0bps regular-hours bar; no reduction, and this layer may not size up
  TQQQUSDT: extended=25.8 overnight=27.7 rth=42.1 weekend=8.8 | reopen=76.0 (1.8x rth, n=64)
      throttle now x1 ΓÇö the next 24 bar(s) are expected to move 20.8bps per bar against a 42.1bps regular-hours bar; no reduction, and this layer may not size up
  SQQQUSDT: extended=25.9 overnight=28.9 rth=43.1 weekend=8.1 | reopen=77.6 (1.8x rth, n=64)
      throttle now x1 ΓÇö the next 24 bar(s) are expected to move 21.1bps per bar against a 43.1bps regular-hours bar; no reduction, and this layer may not size up

12 profile(s) written to argus\data\session_risk.json
session_risk_exit=0
symbol        RTH bps/h  wknd bps/h  attenuation  anchor
NVDAUSDT          32.44        4.31         7.53  OK
TSLAUSDT          36.02        5.48         6.57  OK
AAPLUSDT          22.51        4.01         5.62  OK
MSFTUSDT          25.22        3.97         6.35  OK
METAUSDT          36.73        5.41         6.79  OK
GOOGLUSDT         24.90        5.15         4.83  OK
AMZNUSDT          24.35        3.92         6.21  OK
COINUSDT          61.12       11.78         5.19  OK
MSTRUSDT          58.92       16.90         3.49  OK
QQQUSDT           14.47        3.16         4.57  OK
TQQQUSDT          43.80        7.40         5.92  OK
SQQQUSDT          44.50        6.34         7.02  OK

  all 12 shipped instruments still attenuate past 2.5x when the anchor market shuts

written to argus\data\universe_validation.json
universe_exit=0
CPI dates: 13, FOMC decisions: 57 -> argus\data\event_calendar.json
  Wed 14 Oct 12:30 UTC  US CPI release
  Wed 28 Oct 18:00 UTC  FOMC rate decision
  Tue 10 Nov 13:30 UTC  US CPI release
calendar_exit=0
event_reactions.json is under 20h old; not refreshed
event_reactions_exit=0
503 macro readings written
macro_exit=0
  NVDAUSDT hedged with NVDA index (all): r=+0.987 [95% low +0.985], optimal ratio 0.979 removes 97.4% of variance, one-for-one removes 97.3%, n=1438
  NVDAUSDT hedged with NVDA index (extended): r=+0.998 [95% low +0.998], optimal ratio 0.988 removes 99.7% of variance, one-for-one removes 99.7%, n=429
  NVDAUSDT hedged with NVDA index (overnight): r=+0.992 [95% low +0.991], optimal ratio 0.984 removes 98.5% of variance, one-for-one removes 98.5%, n=343
  NVDAUSDT hedged with NVDA index (rth): r=+0.999 [95% low +0.999], optimal ratio 0.984 removes 99.8% of variance, one-for-one removes 99.8%, n=256
  NVDAUSDT hedged with NVDA index (weekend): r=+0.995 [95% low +0.994], optimal ratio 0.999 removes 99.0% of variance, one-for-one removes 99.0%, n=383
  TSLAUSDT hedged with TSLA index (all): r=+0.988 [95% low +0.987], optimal ratio 0.989 removes 97.7% of variance, one-for-one removes 97.7%, n=1438
  TSLAUSDT hedged with TSLA index (extended): r=+0.999 [95% low +0.998], optimal ratio 0.996 removes 99.7% of variance, one-for-one removes 99.7%, n=429
  TSLAUSDT hedged with TSLA index (overnight): r=+0.996 [95% low +0.995], optimal ratio 1.002 removes 99.2% of variance, one-for-one removes 99.2%, n=343
  TSLAUSDT hedged with TSLA index (rth): r=+0.999 [95% low +0.999], optimal ratio 0.994 removes 99.9% of variance, one-for-one removes 99.9%, n=256
  TSLAUSDT hedged with TSLA index (weekend): r=+0.985 [95% low +0.981], optimal ratio 0.992 removes 97.0% of variance, one-for-one removes 97.0%, n=383
  AAPLUSDT hedged with AAPL index (all): r=+0.986 [95% low +0.984], optimal ratio 0.978 removes 97.1% of variance, one-for-one removes 97.1%, n=1438
  AAPLUSDT hedged with AAPL index (extended): r=+0.996 [95% low +0.996], optimal ratio 0.980 removes 99.3% of variance, one-for-one removes 99.2%, n=429
  AAPLUSDT hedged with AAPL index (overnight): r=+0.994 [95% low +0.992], optimal ratio 1.001 removes 98.7% of variance, one-for-one removes 98.7%, n=343
  AAPLUSDT hedged with AAPL index (rth): r=+0.998 [95% low +0.998], optimal ratio 0.980 removes 99.7% of variance, one-for-one removes 99.6%, n=256
  AAPLUSDT hedged with AAPL index (weekend): r=+0.993 [95% low +0.991], optimal ratio 1.000 removes 98.6% of variance, one-for-one removes 98.6%, n=383
  MSFTUSDT hedged with MSFT index (all): r=+0.984 [95% low +0.982], optimal ratio 0.996 removes 96.8% of variance, one-for-one removes 96.8%, n=1438
  MSFTUSDT hedged with MSFT index (extended): r=+0.996 [95% low +0.996], optimal ratio 0.991 removes 99.3% of variance, one-for-one removes 99.3%, n=429
  MSFTUSDT hedged with MSFT index (overnight): r=+0.991 [95% low +0.989], optimal ratio 0.990 removes 98.3% of variance, one-for-one removes 98.2%, n=343
  MSFTUSDT hedged with MSFT index (rth): r=+0.997 [95% low +0.996], optimal ratio 0.999 removes 99.4% of variance, one-for-one removes 99.4%, n=256
  MSFTUSDT hedged with MSFT index (weekend): r=+0.995 [95% low +0.993], optimal ratio 1.005 removes 98.9% of variance, one-for-one removes 98.9%, n=383
  METAUSDT hedged with META index (all): r=+0.989 [95% low +0.988], optimal ratio 0.989 removes 97.8% of variance, one-for-one removes 97.8%, n=1438
  METAUSDT hedged with META index (extended): r=+0.998 [95% low +0.998], optimal ratio 0.986 removes 99.6% of variance, one-for-one removes 99.6%, n=429
  METAUSDT hedged with META index (overnight): r=+0.996 [95% low +0.995], optimal ratio 0.998 removes 99.2% of variance, one-for-one removes 99.2%, n=343
  METAUSDT hedged with META index (rth): r=+0.999 [95% low +0.999], optimal ratio 0.994 removes 99.8% of variance, one-for-one removes 99.8%, n=256
  METAUSDT hedged with META index (weekend): r=+0.996 [95% low +0.995], optimal ratio 1.004 removes 99.2% of variance, one-for-one removes 99.2%, n=383
  GOOGLUSDT hedged with GOOGL index (all): r=+0.980 [95% low +0.978], optimal ratio 0.982 removes 96.1% of variance, one-for-one removes 96.1%, n=1438
  GOOGLUSDT hedged with GOOGL index (extended): r=+0.997 [95% low +0.997], optimal ratio 0.993 removes 99.5% of variance, one-for-one removes 99.5%, n=429
  GOOGLUSDT hedged with GOOGL index (overnight): r=+0.994 [95% low +0.993], optimal ratio 1.003 removes 98.9% of variance, one-for-one removes 98.9%, n=343
  GOOGLUSDT hedged with GOOGL index (rth): r=+0.998 [95% low +0.998], optimal ratio 0.987 removes 99.7% of variance, one-for-one removes 99.6%, n=256
  GOOGLUSDT hedged with GOOGL index (weekend): r=+0.988 [95% low +0.986], optimal ratio 1.008 removes 97.7% of variance, one-for-one removes 97.7%, n=383
  AMZNUSDT hedged with AMZN index (all): r=+0.980 [95% low +0.978], optimal ratio 0.997 removes 96.0% of variance, one-for-one removes 96.0%, n=1438
  AMZNUSDT hedged with AMZN index (extended): r=+0.995 [95% low +0.994], optimal ratio 1.009 removes 99.0% of variance, one-for-one removes 99.0%, n=429
  AMZNUSDT hedged with AMZN index (overnight): r=+0.995 [95% low +0.994], optimal ratio 1.004 removes 99.0% of variance, one-for-one removes 99.0%, n=343
  AMZNUSDT hedged with AMZN index (rth): r=+0.996 [95% low +0.995], optimal ratio 1.003 removes 99.2% of variance, one-for-one removes 99.2%, n=256
  AMZNUSDT hedged with AMZN index (weekend): r=+0.990 [95% low +0.988], optimal ratio 1.002 removes 98.1% of variance, one-for-one removes 98.1%, n=383
  COINUSDT hedged with COIN index (all): r=+0.986 [95% low +0.984], optimal ratio 0.993 removes 97.2% of variance, one-for-one removes 97.2%, n=1438
  COINUSDT hedged with COIN index (extended): r=+0.998 [95% low +0.997], optimal ratio 0.993 removes 99.6% of variance, one-for-one removes 99.6%, n=429
  COINUSDT hedged with COIN index (overnight): r=+0.994 [95% low +0.993], optimal ratio 0.996 removes 98.9% of variance, one-for-one removes 98.9%, n=343
  COINUSDT hedged with COIN index (rth): r=+0.999 [95% low +0.999], optimal ratio 0.996 removes 99.9% of variance, one-for-one removes 99.9%, n=256
  COINUSDT hedged with COIN index (weekend): r=+0.997 [95% low +0.996], optimal ratio 0.998 removes 99.3% of variance, one-for-one removes 99.3%, n=383
  MSTRUSDT hedged with MSTR index (all): r=+0.982 [95% low +0.980], optimal ratio 0.992 removes 96.4% of variance, one-for-one removes 96.4%, n=1438
  MSTRUSDT hedged with MSTR index (extended): r=+0.999 [95% low +0.999], optimal ratio 0.994 removes 99.8% of variance, one-for-one removes 99.8%, n=429
  MSTRUSDT hedged with MSTR index (overnight): r=+0.993 [95% low +0.991], optimal ratio 0.992 removes 98.5% of variance, one-for-one removes 98.5%, n=343
  MSTRUSDT hedged with MSTR index (rth): r=+1.000 [95% low +1.000], optimal ratio 0.994 removes 99.9% of variance, one-for-one removes 99.9%, n=256
  MSTRUSDT hedged with MSTR index (weekend): r=+0.996 [95% low +0.995], optimal ratio 0.999 removes 99.2% of variance, one-for-one removes 99.2%, n=383
  QQQUSDT hedged with QQQ index (all): r=+0.963 [95% low +0.959], optimal ratio 0.976 removes 92.7% of variance, one-for-one removes 92.7%, n=1438
  QQQUSDT hedged with QQQ index (extended): r=+0.996 [95% low +0.995], optimal ratio 0.989 removes 99.2% of variance, one-for-one removes 99.2%, n=429
  QQQUSDT hedged with QQQ index (overnight): r=+0.986 [95% low +0.983], optimal ratio 1.001 removes 97.2% of variance, one-for-one removes 97.2%, n=343
  QQQUSDT hedged with QQQ index (rth): r=+0.998 [95% low +0.997], optimal ratio 0.993 removes 99.6% of variance, one-for-one removes 99.6%, n=256
  QQQUSDT hedged with QQQ index (weekend): r=+0.982 [95% low +0.978], optimal ratio 1.008 removes 96.4% of variance, one-for-one removes 96.3%, n=383
  TQQQUSDT hedged with TQQQ index (all): r=+0.970 [95% low +0.966], optimal ratio 0.985 removes 94.0% of variance, one-for-one removes 94.0%, n=1438
  TQQQUSDT hedged with TQQQ index (extended): r=+0.998 [95% low +0.998], optimal ratio 0.990 removes 99.6% of variance, one-for-one removes 99.6%, n=429
  TQQQUSDT hedged with TQQQ index (overnight): r=+0.983 [95% low +0.979], optimal ratio 1.003 removes 96.6% of variance, one-for-one removes 96.6%, n=343
  TQQQUSDT hedged with TQQQ index (rth): r=+0.998 [95% low +0.998], optimal ratio 0.990 removes 99.7% of variance, one-for-one removes 99.7%, n=256
  TQQQUSDT hedged with TQQQ index (weekend): r=+0.984 [95% low +0.981], optimal ratio 1.017 removes 96.9% of variance, one-for-one removes 96.9%, n=383
  SQQQUSDT hedged with SQQQ index (all): r=+0.964 [95% low +0.960], optimal ratio 0.985 removes 92.8% of variance, one-for-one removes 92.8%, n=1438
  SQQQUSDT hedged with SQQQ index (extended): r=+0.995 [95% low +0.994], optimal ratio 0.983 removes 99.0% of variance, one-for-one removes 99.0%, n=429
  SQQQUSDT hedged with SQQQ index (overnight): r=+0.982 [95% low +0.978], optimal ratio 1.001 removes 96.5% of variance, one-for-one removes 96.5%, n=343
  SQQQUSDT hedged with SQQQ index (rth): r=+0.996 [95% low +0.995], optimal ratio 1.002 removes 99.2% of variance, one-for-one removes 99.2%, n=256
  SQQQUSDT hedged with SQQQ index (weekend): r=+0.987 [95% low +0.985], optimal ratio 1.020 removes 97.5% of variance, one-for-one removes 97.5%, n=383

60 measurement(s) written to argus\data\hedge_effectiveness.json
effectiveness_exit=0
{
  "ran_at": "2026-10-02T17:40:46.957663+00:00",
  "risk_policy": "68ceeadb52fc4ce0721006d8016744de7bc4d135ae75eb0aaca20e68f6460712",
  "decisions_written": [
    {
      "seq": 984,
      "symbol": "NVDAUSDT",
      "verdict": "trade",
      "quantity": "1",
      "confidence": 0.62,
      "attests_llm_decided": true,
      "notes_written": 30,
      "protocol": {
        "digest": "sha256:d403d741144df7513e4dbb69fd254b6b95f6a7aba3b7aeba26fd959fc26dbfb8",
        "version": 3,
        "reduced_this_decision": true
      },
      "flags": [],
      "fill": "confirmed",
      "fill_alarm": false
    },
    {
      "seq": 985,
      "symbol": "TSLAUSDT",
      "verdict": "no_trade",
      "quantity": "0",
      "confidence": 0.55,
      "attests_llm_decided": true,
      "notes_written": 25,
      "protocol": {
        "digest": "sha256:d403d741144df7513e4dbb69fd254b6b95f6a7aba3b7aeba26fd959fc26dbfb8",
        "version": 3,
        "reduced_this_decision": false
      },
      "flags": [
        "[conflict:direction] sentiment (bullish) vs earnings (bearish), gap 73.00 \u2014 earnings dominates: 9 distinct sources against 6"
      ],
      "fill": "confirmed_unfilled",
      "fill_alarm": false
    },
    {
      "seq": 986,
      "symbol": "AAPLUSDT",
      "verdict": "no_trade",
      "quantity": "0",
      "confidence": 0.42,
      "attests_llm_decided": true,
      "notes_written": 27,
      "protocol": {
        "digest": "sha256:d403d741144df7513e4dbb69fd254b6b95f6a7aba3b7aeba26fd959fc26dbfb8",
        "version": 3,
        "reduced_this_decision": false
      },
      "flags": [],
      "fill": "confirmed_unfilled",
      "fill_alarm": false
    },
    {
      "seq": 987,
      "symbol": "MSFTUSDT",
      "verdict": "no_trade",
      "quantity": "0",
      "confidence": 0.55,
      "attests_llm_decided": true,
      "notes_written": 25,
      "protocol": {
        "digest": "sha256:d403d741144df7513e4dbb69fd254b6b95f6a7aba3b7aeba26fd959fc26dbfb8",
        "version": 3,
        "reduced_this_decision": false
      },
      "flags": [
        "[conflict:conviction] sentiment (neutral) vs cross_asset (neutral), gap 0.22 \u2014 sentiment dominates: confidence 0.72 against 0.50"
      ],
      "fill": "confirmed_unfilled",
      "fill_alarm": false
    },
    {
      "seq": 988,
      "symbol": "METAUSDT",
      "verdict": "no_trade",
      "quantity": "0",
      "confidence": 0.45,
      "attests_llm_decided": true,
      "notes_written": 28,
      "protocol": {
        "digest": "sha256:d403d741144df7513e4dbb69fd254b6b95f6a7aba3b7aeba26fd959fc26dbfb8",
        "version": 3,
        "reduced_this_decision": false
      },
      "flags": [
        "[conflict:conviction] sentiment (bearish) vs earnings (bearish), gap 0.37 \u2014 earnings dominates: confidence 0.72 against 0.35"
      ],
      "fill": "confirmed_unfilled",
      "fill_alarm": false
    },
    {
      "seq": 989,
      "symbol": "GOOGLUSDT",
      "verdict": "no_trade",
      "quantity": "0",
      "confidence": 0.52,
      "attests_llm_decided": true,
      "notes_written": 29,
      "protocol": {
        "digest": "sha256:d403d741144df7513e4dbb69fd254b6b95f6a7aba3b7aeba26fd959fc26dbfb8",
        "version": 3,
        "reduced_this_decision": false
      },
      "flags": [
        "[conflict:magnitude] sentiment (bullish) vs earnings (bullish), gap 81.00 \u2014 earnings dominates: confidence 0.78 against 0.35",
        "[grounding] 1 of 9 figure(s) do not resolve to anything the desk was given: 183bps",
        "[grounding] an unattributable number in a thesis is the easiest place for an unsupported fact to enter the record"
      ],
      "fill": "confirmed_unfilled",
      "fill_alarm": false
    },
    {
      "seq": 990,
      "symbol": "AMZNUSDT",
      "verdict": "no_trade",
      "quantity": "0",
      "confidence": 0.58,
      "attests_llm_decided": true,
      "notes_written": 27,
      "protocol": {
        "digest": "sha256:d403d741144df7513e4dbb69fd254b6b95f6a7aba3b7aeba26fd959fc26dbfb8",
        "version": 3,
        "reduced_this_decision": false
      },
      "flags": [
        "[conflict:magnitude] sentiment (bullish) vs earnings (bullish), gap 31.00 \u2014 earnings dominates: confidence 0.82 against 0.45"
      ],
      "fill": "confirmed_unfilled",
      "fill_alarm": false
    },
    {
      "seq": 991,
      "symbol": "COINUSDT",
      "verdict": "no_trade",
      "quantity": "0",
      "confidence": 0.62,
      "attests_llm_decided": true,
      "notes_written": 27,
      "protocol": {
        "digest": "sha256:d403d741144df7513e4dbb69fd254b6b95f6a7aba3b7aeba26fd959fc26dbfb8",
        "version": 3,
        "reduced_this_decision": false
      },
      "flags": [
        "[conflict:magnitude] sentiment (bearish) vs earnings (bearish), gap 30.00 \u2014 earnings dominates: confidence 0.72 against 0.35"
      ],
      "fill": "confirmed_unfilled",
      "fill_alarm": false
    },
    {
      "seq": 992,
      "symbol": "MSTRUSDT",
      "verdict": "no_trade",
      "quantity": "0",
      "confidence": 0.45,
      "attests_llm_decided": true,
      "notes_written": 25,
      "protocol": {
        "digest": "sha256:d403d741144df7513e4dbb69fd254b6b95f6a7aba3b7aeba26fd959fc26dbfb8",
        "version": 3,
        "reduced_this_decision": false
      },
      "flags": [
        "[conflict:direction] event (bearish) vs sentiment (bullish), gap 180.00 \u2014 event dominates: confidence 0.72 against 0.42",
        "[conflict:magnitude] event (bearish) vs earnings (bearish), gap 170.00 \u2014 earnings dominates: 9 distinct sources against 6",
        "[conflict:direction] sentiment (bullish) vs earnings (bearish), gap 10.00 \u2014 earnings dominates: confidence 0.72 against 0.42"
      ],
      "fill": "confirmed_unfilled",
      "fill_alarm": false
    },
    {
      "seq": 993,
      "symbol": "QQQUSDT",
      "verdict": "no_trade",
      "quantity": "0",
      "confidence": 0.45,
      "attests_llm_decided": true,
      "notes_written": 27,
      "protocol": {
        "digest": "sha256:d403d741144df7513e4dbb69fd254b6b95f6a7aba3b7aeba26fd959fc26dbfb8",
        "version": 3,
        "reduced_this_decision": false
      },
      "flags": [],
      "fill": "confirmed_unfilled",
      "fill_alarm": false
    },
    {
      "seq": 994,
      "symbol": "TQQQUSDT",
      "verdict": "no_trade",
      "quantity": "0",
      "confidence": 0.62,
      "attests_llm_decided": true,
      "notes_written": 28,
      "protocol": {
        "digest": "sha256:d403d741144df7513e4dbb69fd254b6b95f6a7aba3b7aeba26fd959fc26dbfb8",
        "version": 3,
        "reduced_this_decision": false
      },
      "flags": [
        "[conflict:conviction] sentiment (neutral) vs cross_asset (neutral), gap 0.22 \u2014 sentiment dominates: confidence 0.72 against 0.50",
        "[grounding] 1 of 9 figure(s) do not resolve to anything the desk was given: 18.2bps",
        "[grounding] an unattributable number in a thesis is the easiest place for an unsupported fact to enter the record"
      ],
      "fill": "confirmed_unfilled",
      "fill_alarm": false
    }
  ],
  "settled_this_cycle": [
    {
      "seq": 944,
      "symbol": "NVDAUSDT",
      "abstention": true,
      "counterfactual_move_bps": "134.3645"
    },
    {
      "seq": 945,
      "symbol": "TSLAUSDT",
      "abstention": true,
      "counterfactual_move_bps": "424.9070"
    },
    {
      "seq": 946,
      "symbol": "AAPLUSDT",
      "abstention": true,
      "counterfactual_move_bps": "112.4890"
    },
    {
      "seq": 947,
      "symbol": "MSFTUSDT",
      "abstention": true,
      "counterfactual_move_bps": "-30.7919"
    },
    {
      "seq": 948,
      "symbol": "METAUSDT",
      "abstention": true,
      "counterfactual_move_bps": "-14.2454"
    },
    {
      "seq": 949,
      "symbol": "GOOGLUSDT",
      "abstention": true,
      "counterfactual_move_bps": "122.4250"
    },
    {
      "seq": 950,
      "symbol": "AMZNUSDT",
      "abstention": true,
      "counterfactual_move_bps": "63.6560"
    },
    {
      "seq": 951,
      "symbol": "COINUSDT",
      "abstention": true,
      "counterfactual_move_bps": "-345.4651"
    },
    {
      "seq": 952,
      "symbol": "MSTRUSDT",
      "abstention": true,
      "counterfactual_move_bps": "-128.4622"
    },
    {
      "seq": 953,
      "symbol": "QQQUSDT",
      "abstention": true,
      "counterfactual_move_bps": "66.2741"
    },
    {
      "seq": 954,
      "symbol": "TQQQUSDT",
      "abstention": true,
      "counterfactual_move_bps": "206.0162"
    },
    {
      "causal_chains_graded": 4
    }
  ],
  "postmortem": {
    "at": "2026-10-02T17:40:46.957663+00:00",
    "triggers": [
      "11 settlements since the last postmortem"
    ],
    "gate_autopsy": {
      "decisions": 994,
      "unreached": []
    },
    "diagnosis": {
      "sample": 782,
      "refused": "",
      "causes": [],
      "adopted_remedies_that_fired_again": []
    }
  },
  "marked_this_cycle": [
    {
      "seq": 976,
      "symbol": "TSLAUSDT",
      "horizon_hours": 1.9939,
      "move_bps": "-12.0601",
      "lean": "up"
    },
    {
      "seq": 977,
      "symbol": "AAPLUSDT",
      "horizon_hours": 1.9939,
      "move_bps": "37.9221",
      "lean": "up"
    },
    {
      "seq": 978,
      "symbol": "MSFTUSDT",
      "horizon_hours": 1.9939,
      "move_bps": "-12.6108",
      "lean": "up"
    },
    {
      "seq": 979,
      "symbol": "METAUSDT",
      "horizon_hours": 1.9939,
      "move_bps": "-37.5801",
      "lean": "down"
    },
    {
      "seq": 980,
      "symbol": "GOOGLUSDT",
      "horizon_hours": 1.9939,
      "move_bps": "39.9895",
      "lean": "up"
    },
    {
      "seq": 981,
      "symbol": "AMZNUSDT",
      "horizon_hours": 1.9939,
      "move_bps": "19.5312",
      "lean": "up"
    },
    {
      "seq": 982,
      "symbol": "COINUSDT",
      "horizon_hours": 1.9939,
      "move_bps": "-37.6104",
      "lean": "down"
    },
    {
      "seq": 983,
      "symbol": "MSTRUSDT",
      "horizon_hours": 1.9939,
      "move_bps": "-140.2015",
      "lean": "up"
    }
  ],
  "tokens_spent": 313151,
  "unreported_calls": 0,
  "token_budget": 330000,
  "stopped_early": "stopped after 11 of 12 symbol(s): 16849 token(s) left of 330000, below the 25000 a symbol costs. The symbols not reached were not decided, and no decision was recorded for them.",
  "chain": {
    "entries": 994,
    "chain_intact": true,
    "links_intact": true,
    "first_break_at": null,
    "truncated": false,
    "anchor": "anchor agrees with the log",
    "head_hash": "4e60b1900af79b54",
    "tampered_settlements": [],
    "unsealed_settlements": []
  },
  "protocol": "argus-paper-v1 v3 (sha256:d403d741144df7513e4dbb69fd254b6b95f6a7aba3b7aeba26fd959fc26dbfb8)",
  "resumed": [],
  "fill_alarms": []
}
exit=0

cycle 80: 5 claim(s) on MSTRUSDT, head 711d54938622666f
    resolves 2026-10-03T18:16
    resolves 2026-10-05T18:16
    resolves 2026-10-09T18:16
    resolves 2026-10-16T18:16
    resolves 2026-11-01T18:16
  anchored to 4 calendar(s)

  202 claim(s) resolve inside the window and 317 are still open when it starts
cadence_exit=0
4 claim(s) resolved this run
  Γ£ô NVDAUSDT abs_move_above_bps 170.25 by 2026-10-02T16:17 (p=0.60) [9ec70ab8ee0b]  observed |694.97| = 694.97
  Γ£ô TSLAUSDT abs_move_above_bps 202.71 by 2026-10-02T18:15 (p=0.60) [1a61516c87ce]  observed |219.81| = 219.81
  Γ£ô METAUSDT abs_move_above_bps 161.83 by 2026-10-02T18:13 (p=0.60) [e06964a56e2b]  observed |-303.59| = 303.59
  Γ£ù METAUSDT abs_move_above_bps 58.17 by 2026-10-02T18:13 (p=0.60) [17ddbb18301c]  observed |18.68| = 18.68

REGISTER ΓÇö 406 claim(s), 230 resolved, 174 pending, 2 unresolvable
  argus                 230 resolved  Brier 0.2199  hit rate 70%

  THE WALL ΓÇö 69 claim(s) we got wrong, most confident first:
    Γ£ù NVDAUSDT abs_move_above_bps 45.46 by 2026-09-15T09:21 (p=0.60) [381cbc033f4b]  observed |12.25| = 12.25
    Γ£ù TSLAUSDT abs_move_above_bps 50.23 by 2026-09-15T09:21 (p=0.60) [c387181dd2e6]  observed |-5.58| = 5.58
    Γ£ù AAPLUSDT abs_move_above_bps 37.55 by 2026-09-15T09:21 (p=0.60) [2588c7bcd941]  observed |-12.37| = 12.37
    Γ£ù AMZNUSDT abs_move_above_bps 40.7 by 2026-09-15T09:21 (p=0.60) [d71b10a405eb]  observed |-32.76| = 32.76
    Γ£ù MSTRUSDT abs_move_above_bps 138.15 by 2026-09-15T09:21 (p=0.60) [919de6cb9750]  observed |-22.67| = 22.67
    Γ£ù TSLAUSDT abs_move_above_bps 50.28 by 2026-09-16T18:14 (p=0.60) [5eec2201b2a4]  observed |-13.14| = 13.14
    Γ£ù AAPLUSDT abs_move_above_bps 37.55 by 2026-09-16T20:11 (p=0.60) [4ae4dfa61cdf]  observed |33.15| = 33.15
    Γ£ù METAUSDT abs_move_above_bps 66.48 by 2026-09-17T16:11 (p=0.60) [fe99a2216199]  observed |41.36| = 41.36
    Γ£ù TQQQUSDT abs_move_above_bps 182.37 by 2026-09-17T18:17 (p=0.60) [394c43522a43]  observed |168.28| = 168.28
    Γ£ù QQQUSDT abs_move_above_bps 31.84 by 2026-09-18T18:10 (p=0.60) [933c2db4e3a6]  observed |14.50| = 14.50

written to argus\data\register_scoreboard.json
register_exit=0
CYCLE CHECK ΓÇö cycle_2026-10-02_2300.log

  PASS     exit_code
           process exited 0
  FAIL     symbols_decided
           11 of 12 symbols produced a decision
  FAIL     ran_to_completion
           stopped after 11 of 12 symbol(s): 16849 token(s) left of 330000, below the 25000 a symbol costs. The symbols not reached were not decided, and no decision was recorded for them.
  PASS     token_budget
           313,151 of 330,000 spent (95%)
  PASS     cumulative_tokens
           22,829,797 token(s) across 78 recorded cycle(s), 292,690 per cycle ΓÇö roughly 1,170,759/day at four cycles. The key's remaining balance is not observable from here; this is the burn rate, not a runway
  FAIL     budget_not_exhausted
           the budget ended the cycle before the guard had to ΓÇö stopped after 11 of 12 symbol(s): 16849 token(s) left of 330000, below the 25000 a symbol costs. The symbols not reached were not decided, and no decision was recorded for them.
  PASS     chain_intact
           the hash chain verified after the write
  PASS     leans_recorded
           11 of 11 row(s) carry a lean and a lean_confidence
  PASS     leans_gradeable
           11 of 11 decision(s) state a direction (10 up, 1 down, 0 none)
  PASS     verdicts_parsed
           every verdict parsed
  PASS     session
           session phase(s) seen: rth  <-- price discovery

  8/11 checks passed. FAILED ΓÇö symbols_decided: 11 of 12 symbols produced a decision; ran_to_completion: stopped after 11 of 12 symbol(s): 16849 token(s) left of 330000, below the 25000 a symbol costs. The symbols not reached were not decided, and no decision was recorded for them.; budget_not_exhausted: the budget ended the cycle before the guard had to ΓÇö stopped after 11 of 12 symbol(s): 16849 token(s) left of 330000, below the 25000 a symbol costs. The symbols not reached were not decided, and no decision was recorded for them.. The desk proposed exposure on 1 symbol(s) in a session with price discovery ΓÇö the first time it has done so on the live record

written to argus\data\cycle_check.json
check_exit=1
REFUSAL ALPHA ù 747 mark(s)

  horizon              marks  directional  correct  coverage  accuracy  forgone
  about_2h               556          553      305   99.5%   55.2%    -8.8
  4h_to_12h                1            1        0  100.0%    0.0%   -51.7
  overnight_12h_plus     190          185       86   97.4%   46.5%   -19.5

  At the `about_2h` horizon: 305 of 553 directional calls went the right way. 95% interval (bootstrap over 51 decision cycles) 49.7% to 60.5%. It includes 0.5, so this sample does not show the lean beating a coin flip. But calling `up` every time was right 52.6% of the time, and cycle by cycle the lean beat that naive call 21 times and lost 20 (10 tied) ù so there is no evidence yet that the lean knows more than the direction of the tape. Median net edge forgone by standing aside: -8.8bps after a 12.0bps round trip ù refusing saved money on the typical decision.

written to argus\data\refusal_alpha.json

REASON AGAINST RECORD ù 988 refusal(s) on record; 462 carried at least one reason the record can check. Of 914 decision-time reason(s) graded, 914 agreed with the record and 0 contradicted it. `move_too_small` claims were borne out by the next ~2h move 0 of 2 time(s) (0%), against 28% for every ~2h refusal mark (one-sided exact binomial p = 1.00); no evidence the stated reason says more than the base rate does. `moves_enough` claims were borne out by the next ~2h move 80 of 110 time(s) (73%), against 72% for every ~2h refusal mark (one-sided exact binomial p = 0.46); no evidence the stated reason says more than the base rate does.
written to argus\data\refusal_reasons.json
refusal_exit=0
15 panel(s); 3 figure(s) not yet measurable
  unavailable: Sharpe ╖ drawdown ╖ win rate ╖ Sharpe
  unavailable: Sharpe ╖ drawdown ╖ win rate ╖ max drawdown
  unavailable: Search bake-off ╖ stable winner
written to argus\cockpit.html
cockpit_exit=0
recorded 5 probe(s) at 2026-10-02 18:16 UTC: 5 answered
status_record_exit=0
publish_skipped: cycle check exit 1
