=== ARGUS paper cycle 2026-09-18_2100 ===
sampling MSTRUSDT for 90s (rth)...

MARKOUT ΓÇö MSTRUSDT, 90s of rth, 69 book sample(s), 83 print(s), 11% flagged RPI

   horizon  prints    median      mean     worst
        5s      74    -3.203    -1.705   -10.438
       15s      54    -9.437    -3.454   -11.785
       30s       0    +0.000    +0.000    +0.000
       60s       0    +0.000    +0.000    +0.000

  Resting on MSTRUSDT (rth) cost a median 9.44bps of adverse selection over 15s across 54 print(s), worst 11.79bps. That exceeds the 2bps maker fee it would save, so passive execution is not free money here and `cost/model.py`'s refusal to credit the maker side stands

written to argus\data\markout.json
markout_exit=0
EXECUTABLE COST ΓÇö slippage in bps against mid, taking the ask

symbol         quoted      $1000      $5000     $25000    $100000
-----------------------------------------------------------------
NVDAUSDT         0.45       0.37       1.46       3.03       5.92
TSLAUSDT         1.65       1.47       2.39       4.48       6.87
AAPLUSDT         0.30       0.62       1.33       3.44       7.91
MSFTUSDT         2.83       1.46       1.75       3.19       6.51
METAUSDT         2.23       2.90       3.01       4.63      14.37
GOOGLUSDT        2.57       1.51       1.89       3.55       6.22
AMZNUSDT         3.95       1.98       1.98       3.95       7.39
COINUSDT         3.12       2.72       5.69       7.66          ΓÇö
MSTRUSDT         2.02       3.78       5.14       6.53       8.45
QQQUSDT          0.14       0.07       0.13       0.46       1.82
TQQQUSDT         1.40       1.47       2.83       6.57      22.03
SQQQUSDT         5.18       5.19       7.26       7.67      11.55

12 book(s) written to argus\data\depth.json
depth_exit=0
recorded 12 snapshot(s) to argus\data\book_tape.jsonl

  324 snapshots over 100.614h: a near-touch level holds a median 3.085 contracts. **Change is reported per horizon, not pooled** ΓÇö a level moves a very different share of itself over 30 seconds than over an hour, and one median over both is a number about the sampling schedule rather than about the book. The shortest horizon with at least 100 observations is `under_30s`, where a level moves a median 24.0% of itself ΓÇö that is the figure the simulator should take, being nearest the per-event timescale it models. The attribution rule ΓÇö which side of a resting order a decrease came from ΓÇö is not in this data and cannot be, so it stays a swept assumption rather than a measurement.

written to argus\data\book_calibration.json
bookcalib_exit=0
  NVDAUSDT: extended=14.1 overnight=12.8 rth=31.4 weekend=5.1 | reopen=51.6 (1.6x rth, n=65)
      throttle now x1 ΓÇö the next 24 bar(s) are expected to move 15.4bps per bar against a 31.4bps regular-hours bar; no reduction, and this layer may not size up
  TSLAUSDT: extended=14.7 overnight=12.7 rth=37.8 weekend=6.3 | reopen=76.1 (2.0x rth, n=65)
      throttle now x1 ΓÇö the next 24 bar(s) are expected to move 17.9bps per bar against a 37.8bps regular-hours bar; no reduction, and this layer may not size up
  AAPLUSDT: extended=10.6 overnight=7.6 rth=24.2 weekend=5.4 | reopen=43.8 (1.8x rth, n=65)
      throttle now x1 ΓÇö the next 24 bar(s) are expected to move 11.8bps per bar against a 24.2bps regular-hours bar; no reduction, and this layer may not size up
  MSFTUSDT: extended=13.4 overnight=9.1 rth=25.9 weekend=5.7 | reopen=40.6 (1.6x rth, n=65)
      throttle now x1 ΓÇö the next 24 bar(s) are expected to move 13.1bps per bar against a 25.9bps regular-hours bar; no reduction, and this layer may not size up
  METAUSDT: extended=14.9 overnight=10.2 rth=34.9 weekend=6.4 | reopen=67.5 (1.9x rth, n=65)
      throttle now x1 ΓÇö the next 24 bar(s) are expected to move 16.7bps per bar against a 34.9bps regular-hours bar; no reduction, and this layer may not size up
  GOOGLUSDT: extended=13.7 overnight=9.3 rth=23.0 weekend=5.6 | reopen=49.3 (2.1x rth, n=65)
      throttle now x1 ΓÇö the next 24 bar(s) are expected to move 12.2bps per bar against a 23.0bps regular-hours bar; no reduction, and this layer may not size up
  AMZNUSDT: extended=12.7 overnight=7.8 rth=23.7 weekend=4.8 | reopen=41.2 (1.7x rth, n=65)
      throttle now x1 ΓÇö the next 24 bar(s) are expected to move 11.9bps per bar against a 23.7bps regular-hours bar; no reduction, and this layer may not size up
  COINUSDT: extended=29.1 overnight=19.4 rth=64.5 weekend=13.8 | reopen=95.7 (1.5x rth, n=65)
      throttle now x1 ΓÇö the next 24 bar(s) are expected to move 31.5bps per bar against a 64.5bps regular-hours bar; no reduction, and this layer may not size up
  MSTRUSDT: extended=39.0 overnight=30.7 rth=68.6 weekend=18.8 | reopen=103.0 (1.5x rth, n=65)
      throttle now x1 ΓÇö the next 24 bar(s) are expected to move 37.0bps per bar against a 68.6bps regular-hours bar; no reduction, and this layer may not size up
  QQQUSDT: extended=9.2 overnight=10.3 rth=15.0 weekend=4.0 | reopen=28.3 (1.9x rth, n=65)
      throttle now x1 ΓÇö the next 24 bar(s) are expected to move 8.8bps per bar against a 15.0bps regular-hours bar; no reduction, and this layer may not size up
  TQQQUSDT: extended=26.3 overnight=30.7 rth=46.4 weekend=8.5 | reopen=87.2 (1.9x rth, n=65)
      throttle now x1 ΓÇö the next 24 bar(s) are expected to move 25.8bps per bar against a 46.4bps regular-hours bar; no reduction, and this layer may not size up
  SQQQUSDT: extended=26.4 overnight=31.6 rth=47.6 weekend=8.1 | reopen=84.3 (1.8x rth, n=65)
      throttle now x1 ΓÇö the next 24 bar(s) are expected to move 26.3bps per bar against a 47.6bps regular-hours bar; no reduction, and this layer may not size up

12 profile(s) written to argus\data\session_risk.json
session_risk_exit=0
symbol        RTH bps/h  wknd bps/h  attenuation  anchor
NVDAUSDT          30.71        4.44         6.92  OK
TSLAUSDT          38.55        6.33         6.09  OK
AAPLUSDT          26.16        4.35         6.01  OK
MSFTUSDT          25.16        4.68         5.38  OK
METAUSDT          35.07        5.55         6.32  OK
GOOGLUSDT         24.18        5.34         4.53  OK
AMZNUSDT          24.53        3.78         6.49  OK
COINUSDT          65.05       12.24         5.31  OK
MSTRUSDT          67.85       17.42         3.90  OK
QQQUSDT           15.52        3.59         4.32  OK
TQQQUSDT          47.46        7.18         6.61  OK
SQQQUSDT          46.53        5.63         8.26  OK

  all 12 shipped instruments still attenuate past 2.5x when the anchor market shuts

written to argus\data\universe_validation.json
universe_exit=0
  NVDAUSDT hedged with NVDA index (all): r=+0.989 [95% low +0.988], optimal ratio 0.983 removes 97.9% of variance, one-for-one removes 97.8%, n=1438
  NVDAUSDT hedged with NVDA index (extended): r=+0.998 [95% low +0.998], optimal ratio 0.990 removes 99.6% of variance, one-for-one removes 99.6%, n=439
  NVDAUSDT hedged with NVDA index (overnight): r=+0.995 [95% low +0.994], optimal ratio 0.993 removes 99.0% of variance, one-for-one removes 99.0%, n=351
  NVDAUSDT hedged with NVDA index (rth): r=+0.999 [95% low +0.999], optimal ratio 0.988 removes 99.8% of variance, one-for-one removes 99.8%, n=262
  NVDAUSDT hedged with NVDA index (weekend): r=+0.997 [95% low +0.996], optimal ratio 0.996 removes 99.4% of variance, one-for-one removes 99.4%, n=383
  TSLAUSDT hedged with TSLA index (all): r=+0.991 [95% low +0.990], optimal ratio 0.993 removes 98.2% of variance, one-for-one removes 98.2%, n=1438
  TSLAUSDT hedged with TSLA index (extended): r=+0.999 [95% low +0.998], optimal ratio 0.996 removes 99.7% of variance, one-for-one removes 99.7%, n=439
  TSLAUSDT hedged with TSLA index (overnight): r=+0.997 [95% low +0.997], optimal ratio 1.002 removes 99.5% of variance, one-for-one removes 99.5%, n=351
  TSLAUSDT hedged with TSLA index (rth): r=+1.000 [95% low +1.000], optimal ratio 0.999 removes 99.9% of variance, one-for-one removes 99.9%, n=262
  TSLAUSDT hedged with TSLA index (weekend): r=+0.989 [95% low +0.987], optimal ratio 0.995 removes 97.8% of variance, one-for-one removes 97.8%, n=383
  AAPLUSDT hedged with AAPL index (all): r=+0.989 [95% low +0.988], optimal ratio 0.981 removes 97.8% of variance, one-for-one removes 97.7%, n=1438
  AAPLUSDT hedged with AAPL index (extended): r=+0.996 [95% low +0.995], optimal ratio 0.981 removes 99.2% of variance, one-for-one removes 99.2%, n=439
  AAPLUSDT hedged with AAPL index (overnight): r=+0.996 [95% low +0.996], optimal ratio 1.001 removes 99.3% of variance, one-for-one removes 99.3%, n=351
  AAPLUSDT hedged with AAPL index (rth): r=+0.999 [95% low +0.999], optimal ratio 0.987 removes 99.8% of variance, one-for-one removes 99.8%, n=262
  AAPLUSDT hedged with AAPL index (weekend): r=+0.997 [95% low +0.996], optimal ratio 1.000 removes 99.4% of variance, one-for-one removes 99.4%, n=383
  MSFTUSDT hedged with MSFT index (all): r=+0.991 [95% low +0.990], optimal ratio 0.988 removes 98.3% of variance, one-for-one removes 98.2%, n=1438
  MSFTUSDT hedged with MSFT index (extended): r=+0.998 [95% low +0.997], optimal ratio 0.994 removes 99.5% of variance, one-for-one removes 99.5%, n=439
  MSFTUSDT hedged with MSFT index (overnight): r=+0.996 [95% low +0.995], optimal ratio 0.996 removes 99.3% of variance, one-for-one removes 99.3%, n=351
  MSFTUSDT hedged with MSFT index (rth): r=+0.999 [95% low +0.999], optimal ratio 0.983 removes 99.8% of variance, one-for-one removes 99.8%, n=262
  MSFTUSDT hedged with MSFT index (weekend): r=+0.999 [95% low +0.999], optimal ratio 1.011 removes 99.8% of variance, one-for-one removes 99.8%, n=383
  METAUSDT hedged with META index (all): r=+0.994 [95% low +0.993], optimal ratio 0.991 removes 98.7% of variance, one-for-one removes 98.7%, n=1438
  METAUSDT hedged with META index (extended): r=+0.998 [95% low +0.998], optimal ratio 0.987 removes 99.6% of variance, one-for-one removes 99.6%, n=439
  METAUSDT hedged with META index (overnight): r=+0.998 [95% low +0.997], optimal ratio 1.005 removes 99.5% of variance, one-for-one removes 99.5%, n=351
  METAUSDT hedged with META index (rth): r=+0.999 [95% low +0.999], optimal ratio 0.999 removes 99.8% of variance, one-for-one removes 99.8%, n=262
  METAUSDT hedged with META index (weekend): r=+0.998 [95% low +0.997], optimal ratio 1.001 removes 99.6% of variance, one-for-one removes 99.6%, n=383
  GOOGLUSDT hedged with GOOGL index (all): r=+0.984 [95% low +0.983], optimal ratio 0.997 removes 96.9% of variance, one-for-one removes 96.9%, n=1438
  GOOGLUSDT hedged with GOOGL index (extended): r=+0.996 [95% low +0.996], optimal ratio 1.009 removes 99.3% of variance, one-for-one removes 99.3%, n=439
  GOOGLUSDT hedged with GOOGL index (overnight): r=+0.995 [95% low +0.994], optimal ratio 1.008 removes 99.1% of variance, one-for-one removes 99.1%, n=351
  GOOGLUSDT hedged with GOOGL index (rth): r=+0.999 [95% low +0.999], optimal ratio 0.987 removes 99.8% of variance, one-for-one removes 99.8%, n=262
  GOOGLUSDT hedged with GOOGL index (weekend): r=+0.995 [95% low +0.994], optimal ratio 1.004 removes 99.1% of variance, one-for-one removes 99.1%, n=383
  AMZNUSDT hedged with AMZN index (all): r=+0.989 [95% low +0.988], optimal ratio 0.996 removes 97.9% of variance, one-for-one removes 97.9%, n=1438
  AMZNUSDT hedged with AMZN index (extended): r=+0.997 [95% low +0.996], optimal ratio 1.001 removes 99.4% of variance, one-for-one removes 99.4%, n=439
  AMZNUSDT hedged with AMZN index (overnight): r=+0.998 [95% low +0.997], optimal ratio 1.003 removes 99.6% of variance, one-for-one removes 99.6%, n=351
  AMZNUSDT hedged with AMZN index (rth): r=+0.999 [95% low +0.998], optimal ratio 0.988 removes 99.7% of variance, one-for-one removes 99.7%, n=262
  AMZNUSDT hedged with AMZN index (weekend): r=+0.998 [95% low +0.998], optimal ratio 0.999 removes 99.7% of variance, one-for-one removes 99.7%, n=383
  COINUSDT hedged with COIN index (all): r=+0.992 [95% low +0.991], optimal ratio 0.996 removes 98.4% of variance, one-for-one removes 98.4%, n=1438
  COINUSDT hedged with COIN index (extended): r=+0.998 [95% low +0.998], optimal ratio 0.996 removes 99.6% of variance, one-for-one removes 99.6%, n=439
  COINUSDT hedged with COIN index (overnight): r=+0.997 [95% low +0.996], optimal ratio 0.992 removes 99.4% of variance, one-for-one removes 99.3%, n=351
  COINUSDT hedged with COIN index (rth): r=+0.999 [95% low +0.999], optimal ratio 0.996 removes 99.9% of variance, one-for-one removes 99.9%, n=262
  COINUSDT hedged with COIN index (weekend): r=+0.998 [95% low +0.998], optimal ratio 0.999 removes 99.7% of variance, one-for-one removes 99.7%, n=383
  MSTRUSDT hedged with MSTR index (all): r=+0.990 [95% low +0.989], optimal ratio 0.993 removes 98.0% of variance, one-for-one removes 98.0%, n=1438
  MSTRUSDT hedged with MSTR index (extended): r=+0.999 [95% low +0.999], optimal ratio 0.994 removes 99.8% of variance, one-for-one removes 99.8%, n=439
  MSTRUSDT hedged with MSTR index (overnight): r=+0.994 [95% low +0.993], optimal ratio 0.991 removes 98.9% of variance, one-for-one removes 98.9%, n=351
  MSTRUSDT hedged with MSTR index (rth): r=+1.000 [95% low +1.000], optimal ratio 0.996 removes 99.9% of variance, one-for-one removes 99.9%, n=262
  MSTRUSDT hedged with MSTR index (weekend): r=+0.998 [95% low +0.997], optimal ratio 0.999 removes 99.6% of variance, one-for-one removes 99.6%, n=383
  QQQUSDT hedged with QQQ index (all): r=+0.979 [95% low +0.977], optimal ratio 0.982 removes 95.9% of variance, one-for-one removes 95.9%, n=1438
  QQQUSDT hedged with QQQ index (extended): r=+0.996 [95% low +0.995], optimal ratio 0.985 removes 99.2% of variance, one-for-one removes 99.2%, n=439
  QQQUSDT hedged with QQQ index (overnight): r=+0.994 [95% low +0.992], optimal ratio 1.007 removes 98.7% of variance, one-for-one removes 98.7%, n=351
  QQQUSDT hedged with QQQ index (rth): r=+0.998 [95% low +0.997], optimal ratio 0.989 removes 99.6% of variance, one-for-one removes 99.6%, n=262
  QQQUSDT hedged with QQQ index (weekend): r=+0.987 [95% low +0.985], optimal ratio 0.999 removes 97.5% of variance, one-for-one removes 97.5%, n=383
  TQQQUSDT hedged with TQQQ index (all): r=+0.984 [95% low +0.983], optimal ratio 0.992 removes 96.9% of variance, one-for-one removes 96.9%, n=1438
  TQQQUSDT hedged with TQQQ index (extended): r=+0.998 [95% low +0.997], optimal ratio 0.987 removes 99.6% of variance, one-for-one removes 99.6%, n=439
  TQQQUSDT hedged with TQQQ index (overnight): r=+0.992 [95% low +0.990], optimal ratio 1.006 removes 98.3% of variance, one-for-one removes 98.3%, n=351
  TQQQUSDT hedged with TQQQ index (rth): r=+0.999 [95% low +0.998], optimal ratio 0.992 removes 99.7% of variance, one-for-one removes 99.7%, n=262
  TQQQUSDT hedged with TQQQ index (weekend): r=+0.990 [95% low +0.988], optimal ratio 1.004 removes 98.1% of variance, one-for-one removes 98.1%, n=383
  SQQQUSDT hedged with SQQQ index (all): r=+0.974 [95% low +0.972], optimal ratio 0.988 removes 95.0% of variance, one-for-one removes 94.9%, n=1438
  SQQQUSDT hedged with SQQQ index (extended): r=+0.996 [95% low +0.995], optimal ratio 0.986 removes 99.2% of variance, one-for-one removes 99.2%, n=439
  SQQQUSDT hedged with SQQQ index (overnight): r=+0.988 [95% low +0.985], optimal ratio 1.011 removes 97.6% of variance, one-for-one removes 97.6%, n=351
  SQQQUSDT hedged with SQQQ index (rth): r=+0.996 [95% low +0.995], optimal ratio 0.996 removes 99.2% of variance, one-for-one removes 99.2%, n=262
  SQQQUSDT hedged with SQQQ index (weekend): r=+0.989 [95% low +0.987], optimal ratio 0.998 removes 97.9% of variance, one-for-one removes 97.9%, n=383

60 measurement(s) written to argus\data\hedge_effectiveness.json
effectiveness_exit=0
{
  "ran_at": "2026-09-18T15:40:26.879715+00:00",
  "decisions_written": [
    {
      "seq": 365,
      "symbol": "NVDAUSDT",
      "verdict": "no_trade",
      "quantity": "0",
      "confidence": 0.55,
      "attests_llm_decided": true,
      "notes_written": 18,
      "protocol": {
        "digest": "sha256:d403d741144df7513e4dbb69fd254b6b95f6a7aba3b7aeba26fd959fc26dbfb8",
        "version": 3,
        "reduced_this_decision": false
      },
      "flags": [
        "[grounding] 2 of 6 figure(s) do not resolve to anything the desk was given: 258bps, 87",
        "[grounding] an unattributable number in a thesis is the easiest place for an unsupported fact to enter the record"
      ]
    },
    {
      "seq": 366,
      "symbol": "TSLAUSDT",
      "verdict": "no_trade",
      "quantity": "0",
      "confidence": 0.55,
      "attests_llm_decided": true,
      "notes_written": 17,
      "protocol": {
        "digest": "sha256:d403d741144df7513e4dbb69fd254b6b95f6a7aba3b7aeba26fd959fc26dbfb8",
        "version": 3,
        "reduced_this_decision": false
      },
      "flags": [
        "[conflict:direction] sentiment (bullish) vs earnings (bearish), gap 8.00 \u2014 earnings dominates: confidence 0.62 against 0.35"
      ]
    },
    {
      "seq": 367,
      "symbol": "AAPLUSDT",
      "verdict": "no_trade",
      "quantity": "0",
      "confidence": 0.58,
      "attests_llm_decided": true,
      "notes_written": 17,
      "protocol": {
        "digest": "sha256:d403d741144df7513e4dbb69fd254b6b95f6a7aba3b7aeba26fd959fc26dbfb8",
        "version": 3,
        "reduced_this_decision": false
      },
      "flags": []
    },
    {
      "seq": 368,
      "symbol": "MSFTUSDT",
      "verdict": "no_trade",
      "quantity": "0",
      "confidence": 0.58,
      "attests_llm_decided": true,
      "notes_written": 17,
      "protocol": {
        "digest": "sha256:d403d741144df7513e4dbb69fd254b6b95f6a7aba3b7aeba26fd959fc26dbfb8",
        "version": 3,
        "reduced_this_decision": false
      },
      "flags": []
    },
    {
      "seq": 369,
      "symbol": "METAUSDT",
      "verdict": "no_trade",
      "quantity": "0",
      "confidence": 0.55,
      "attests_llm_decided": true,
      "notes_written": 18,
      "protocol": {
        "digest": "sha256:d403d741144df7513e4dbb69fd254b6b95f6a7aba3b7aeba26fd959fc26dbfb8",
        "version": 3,
        "reduced_this_decision": false
      },
      "flags": [
        "[conflict:direction] event (bearish) vs sentiment (bullish), gap 18.00 \u2014 event dominates: confidence 0.55 against 0.45",
        "[conflict:direction] sentiment (bullish) vs earnings (bearish), gap 6.00 \u2014 earnings dominates: confidence 0.72 against 0.45",
        "[grounding] 2 of 6 figure(s) do not resolve to anything the desk was given: 0.64, 16.27bps",
        "[grounding] an unattributable number in a thesis is the easiest place for an unsupported fact to enter the record"
      ]
    },
    {
      "seq": 370,
      "symbol": "GOOGLUSDT",
      "verdict": "no_trade",
      "quantity": "0",
      "confidence": 0.55,
      "attests_llm_decided": true,
      "notes_written": 17,
      "protocol": {
        "digest": "sha256:d403d741144df7513e4dbb69fd254b6b95f6a7aba3b7aeba26fd959fc26dbfb8",
        "version": 3,
        "reduced_this_decision": false
      },
      "flags": [
        "[conflict:magnitude] sentiment (bullish) vs earnings (bullish), gap 40.00 \u2014 earnings dominates: confidence 0.72 against 0.35"
      ]
    },
    {
      "seq": 371,
      "symbol": "AMZNUSDT",
      "verdict": "no_trade",
      "quantity": "0",
      "confidence": 0.62,
      "attests_llm_decided": true,
      "notes_written": 19,
      "protocol": {
        "digest": "sha256:d403d741144df7513e4dbb69fd254b6b95f6a7aba3b7aeba26fd959fc26dbfb8",
        "version": 3,
        "reduced_this_decision": false
      },
      "flags": [
        "[conflict:direction] event (bullish) vs sentiment (bearish), gap 23.00 \u2014 event dominates: 5 distinct sources against 3",
        "[conflict:conviction] event (bullish) vs earnings (bullish), gap 0.37 \u2014 earnings dominates: confidence 0.72 against 0.35",
        "[conflict:direction] sentiment (bearish) vs earnings (bullish), gap 5.00 \u2014 earnings dominates: confidence 0.72 against 0.35",
        "[grounding] 2 of 7 figure(s) do not resolve to anything the desk was given: 132bps, 40bps",
        "[grounding] an unattributable number in a thesis is the easiest place for an unsupported fact to enter the record"
      ]
    },
    {
      "seq": 372,
      "symbol": "COINUSDT",
      "verdict": "no_trade",
      "quantity": "0",
      "confidence": 0.62,
      "attests_llm_decided": true,
      "notes_written": 18,
      "protocol": {
        "digest": "sha256:d403d741144df7513e4dbb69fd254b6b95f6a7aba3b7aeba26fd959fc26dbfb8",
        "version": 3,
        "reduced_this_decision": false
      },
      "flags": [
        "[conflict:magnitude] sentiment (bearish) vs earnings (bearish), gap 27.00 \u2014 earnings dominates: confidence 0.72 against 0.45",
        "[grounding] 1 of 7 figure(s) do not resolve to anything the desk was given: 80",
        "[grounding] an unattributable number in a thesis is the easiest place for an unsupported fact to enter the record"
      ]
    },
    {
      "seq": 373,
      "symbol": "MSTRUSDT",
      "verdict": "no_trade",
      "quantity": "0",
      "confidence": 0.62,
      "attests_llm_decided": true,
      "notes_written": 19,
      "protocol": {
        "digest": "sha256:d403d741144df7513e4dbb69fd254b6b95f6a7aba3b7aeba26fd959fc26dbfb8",
        "version": 3,
        "reduced_this_decision": false
      },
      "flags": [
        "[conflict:magnitude] event (bullish) vs sentiment (bullish), gap 119.00 \u2014 neither dominates: equally confident on equally many sources; the disagreement stands unresolved",
        "[conflict:magnitude] event (bullish) vs earnings (bullish), gap 127.00 \u2014 event dominates: confidence 0.55 against 0.35",
        "[conflict:conviction] sentiment (bullish) vs earnings (bullish), gap 0.20 \u2014 sentiment dominates: confidence 0.55 against 0.35",
        "[conflict] 1 disagreement(s) unresolved on the evidence; the decision is taken in spite of them, not because they were settled"
      ]
    },
    {
      "seq": 374,
      "symbol": "QQQUSDT",
      "verdict": "no_trade",
      "quantity": "0",
      "confidence": 0.55,
      "attests_llm_decided": true,
      "notes_written": 19,
      "protocol": {
        "digest": "sha256:d403d741144df7513e4dbb69fd254b6b95f6a7aba3b7aeba26fd959fc26dbfb8",
        "version": 3,
        "reduced_this_decision": false
      },
      "flags": [
        "[grounding] 1 of 8 figure(s) do not resolve to anything the desk was given: 8",
        "[grounding] an unattributable number in a thesis is the easiest place for an unsupported fact to enter the record"
      ]
    },
    {
      "seq": 375,
      "symbol": "TQQQUSDT",
      "verdict": "no_trade",
      "quantity": "0",
      "confidence": 0.72,
      "attests_llm_decided": true,
      "notes_written": 18,
      "protocol": {
        "digest": "sha256:d403d741144df7513e4dbb69fd254b6b95f6a7aba3b7aeba26fd959fc26dbfb8",
        "version": 3,
        "reduced_this_decision": false
      },
      "flags": []
    },
    {
      "seq": 376,
      "symbol": "SQQQUSDT",
      "verdict": "no_trade",
      "quantity": "0",
      "confidence": 0.72,
      "attests_llm_decided": true,
      "notes_written": 19,
      "protocol": {
        "digest": "sha256:d403d741144df7513e4dbb69fd254b6b95f6a7aba3b7aeba26fd959fc26dbfb8",
        "version": 3,
        "reduced_this_decision": false
      },
      "flags": [
        "[grounding] 2 of 6 figure(s) do not resolve to anything the desk was given: -10bps, 192.5bps",
        "[grounding] an unattributable number in a thesis is the easiest place for an unsupported fact to enter the record"
      ]
    }
  ],
  "settled_this_cycle": [
    {
      "seq": 309,
      "symbol": "NVDAUSDT",
      "abstention": true,
      "counterfactual_move_bps": "47.5472"
    },
    {
      "seq": 310,
      "symbol": "TSLAUSDT",
      "abstention": true,
      "counterfactual_move_bps": "-75.5130"
    },
    {
      "seq": 311,
      "symbol": "AAPLUSDT",
      "abstention": true,
      "counterfactual_move_bps": "69.4862"
    },
    {
      "seq": 312,
      "symbol": "MSFTUSDT",
      "abstention": true,
      "counterfactual_move_bps": "-59.5166"
    },
    {
      "seq": 313,
      "symbol": "METAUSDT",
      "abstention": true,
      "counterfactual_move_bps": "-26.9526"
    },
    {
      "seq": 314,
      "symbol": "GOOGLUSDT",
      "abstention": true,
      "counterfactual_move_bps": "127.4272"
    },
    {
      "seq": 315,
      "symbol": "AMZNUSDT",
      "abstention": true,
      "counterfactual_move_bps": "89.6736"
    },
    {
      "seq": 316,
      "symbol": "COINUSDT",
      "abstention": true,
      "counterfactual_move_bps": "1543.9501"
    },
    {
      "seq": 317,
      "symbol": "MSTRUSDT",
      "abstention": true,
      "counterfactual_move_bps": "1477.2551"
    },
    {
      "seq": 318,
      "symbol": "QQQUSDT",
      "abstention": true,
      "counterfactual_move_bps": "35.8117"
    },
    {
      "causal_chains_graded": 3
    }
  ],
  "marked_this_cycle": [
    {
      "seq": 353,
      "symbol": "NVDAUSDT",
      "horizon_hours": 1.9966,
      "move_bps": "4.0969",
      "lean": "up"
    },
    {
      "seq": 354,
      "symbol": "TSLAUSDT",
      "horizon_hours": 1.9966,
      "move_bps": "-173.6422",
      "lean": "up"
    },
    {
      "seq": 355,
      "symbol": "AAPLUSDT",
      "horizon_hours": 1.9966,
      "move_bps": "-62.6373",
      "lean": "up"
    },
    {
      "seq": 356,
      "symbol": "MSFTUSDT",
      "horizon_hours": 1.9966,
      "move_bps": "-16.3574",
      "lean": "up"
    },
    {
      "seq": 357,
      "symbol": "METAUSDT",
      "horizon_hours": 1.9966,
      "move_bps": "-63.1529",
      "lean": "up"
    },
    {
      "seq": 358,
      "symbol": "GOOGLUSDT",
      "horizon_hours": 1.9966,
      "move_bps": "-232.4220",
      "lean": "up"
    },
    {
      "seq": 359,
      "symbol": "AMZNUSDT",
      "horizon_hours": 1.9966,
      "move_bps": "-27.9671",
      "lean": "up"
    },
    {
      "seq": 360,
      "symbol": "COINUSDT",
      "horizon_hours": 1.9966,
      "move_bps": "558.2671",
      "lean": "down"
    },
    {
      "seq": 361,
      "symbol": "MSTRUSDT",
      "horizon_hours": 1.9966,
      "move_bps": "458.3716",
      "lean": "up"
    },
    {
      "seq": 362,
      "symbol": "QQQUSDT",
      "horizon_hours": 1.9966,
      "move_bps": "-38.8775",
      "lean": "up"
    },
    {
      "seq": 363,
      "symbol": "TQQQUSDT",
      "horizon_hours": 1.9966,
      "move_bps": "-120.5654",
      "lean": "up"
    },
    {
      "seq": 364,
      "symbol": "SQQQUSDT",
      "horizon_hours": 1.9966,
      "move_bps": "115.1832",
      "lean": "down"
    }
  ],
  "tokens_spent": 287549,
  "unreported_calls": 0,
  "token_budget": 330000,
  "stopped_early": "",
  "chain": {
    "entries": 376,
    "chain_intact": true,
    "links_intact": true,
    "first_break_at": null,
    "truncated": false,
    "anchor": "anchor agrees with the log",
    "head_hash": "a1591a536c6d7e86"
  },
  "protocol": "argus-paper-v1 v3 (sha256:d403d741144df7513e4dbb69fd254b6b95f6a7aba3b7aeba26fd959fc26dbfb8)"
}
exit=0

cycle 24: 5 claim(s) on NVDAUSDT, head 62981e13108cbea3
    resolves 2026-09-19T16:17
    resolves 2026-09-21T16:17
    resolves 2026-09-25T16:17
    resolves 2026-10-02T16:17
    resolves 2026-10-18T16:17
  anchored to 4 calendar(s)

  31 claim(s) resolve inside the window and 49 are still open when it starts
cadence_exit=0
3 claim(s) resolved this run
  Γ£ô NVDAUSDT abs_move_above_bps 74.8 by 2026-09-18T16:15 (p=0.60) [b4e54ed2afac]  observed 362.1104248196520345136498656
  Γ£ô COINUSDT abs_move_above_bps 128.1 by 2026-09-18T14:14 (p=0.60) [6da39ad5524c]  observed 1365.646559349018220413939501
  Γ£ô MSTRUSDT abs_move_above_bps 142.4 by 2026-09-18T16:14 (p=0.60) [fb9e81203046]  observed 1259.723585831885809228910203

REGISTER ΓÇö 126 claim(s), 54 resolved, 70 pending, 2 unresolvable
  argus                  54 resolved  Brier 0.2300  hit rate 65%

  THE WALL ΓÇö 19 claim(s) we got wrong, most confident first:
    Γ£ù NVDAUSDT abs_move_above_bps 45.46 by 2026-09-15T09:21 (p=0.60) [381cbc033f4b]  observed 12.25316932937461708845845704
    Γ£ù TSLAUSDT abs_move_above_bps 50.23 by 2026-09-15T09:21 (p=0.60) [c387181dd2e6]  observed -5.577867023650156180276662204
    Γ£ù AAPLUSDT abs_move_above_bps 37.55 by 2026-09-15T09:21 (p=0.60) [2588c7bcd941]  observed -12.37324963785610816030902945
    Γ£ù AMZNUSDT abs_move_above_bps 40.7 by 2026-09-15T09:21 (p=0.60) [d71b10a405eb]  observed -32.76229572905976158522144154
    Γ£ù MSTRUSDT abs_move_above_bps 138.15 by 2026-09-15T09:21 (p=0.60) [919de6cb9750]  observed -22.67402312750359005366185474
    Γ£ù TSLAUSDT abs_move_above_bps 50.28 by 2026-09-16T18:14 (p=0.60) [5eec2201b2a4]  observed -13.14317673378076062639821029
    Γ£ù AAPLUSDT abs_move_above_bps 37.55 by 2026-09-16T20:11 (p=0.60) [4ae4dfa61cdf]  observed 33.15449996985954548194586774
    Γ£ù METAUSDT abs_move_above_bps 66.48 by 2026-09-17T16:11 (p=0.60) [fe99a2216199]  observed 41.36443544932118006825131849
    Γ£ù TQQQUSDT abs_move_above_bps 182.37 by 2026-09-17T18:17 (p=0.60) [394c43522a43]  observed 168.2829435253850541928123217
    Γ£ù NVDAUSDT return_over_below_bps 0 by 2026-09-15T09:21 (p=0.50) [7ffe510f62d0]  observed 12.25316932937461708845845704

written to argus\data\register_scoreboard.json
register_exit=0
CYCLE CHECK ΓÇö cycle_2026-09-18_2100.log

  PASS     exit_code
           process exited 0
  PASS     symbols_decided
           12 of 12 symbols produced a decision
  PASS     ran_to_completion
           the cycle reached every symbol it was given
  PASS     token_budget
           287,549 of 330,000 spent (87%)
  PASS     cumulative_tokens
           6,114,822 token(s) across 22 recorded cycle(s), 277,946 per cycle ΓÇö roughly 1,111,786/day at four cycles. The key's remaining balance is not observable from here; this is the burn rate, not a runway
  PASS     budget_not_exhausted
           the guard did not fire
  PASS     chain_intact
           the hash chain verified after the write
  PASS     leans_recorded
           12 of 12 row(s) carry a lean and a lean_confidence
  PASS     leans_gradeable
           11 of 12 decision(s) state a direction (10 up, 1 down, 1 none)
  PASS     verdicts_parsed
           every verdict parsed
  PASS     session
           session phase(s) seen: rth  <-- price discovery

  11/11 checks passed. **FALSIFIER FIRED**: this cycle had price discovery and the desk still proposed no exposure on any symbol. eval/autopsy.py named exactly this as the observation that moves the cause of the abstentions from the sampling to the desk. Its conclusion is now refuted and must be rewritten, not defended

written to argus\data\cycle_check.json
check_exit=0
