=== ARGUS paper cycle 2026-09-16_1900 ===
sampling MSTRUSDT for 90s (rth)...

MARKOUT ΓÇö MSTRUSDT, 90s of rth, 68 book sample(s), 67 print(s), 1% flagged RPI

   horizon  prints    median      mean     worst
        5s      28   -13.431    -3.714   -13.431
       15s       0    +0.000    +0.000    +0.000
       30s       0    +0.000    +0.000    +0.000
       60s       0    +0.000    +0.000    +0.000

  Resting on MSTRUSDT (rth) cost a median 13.43bps of adverse selection over 5s across 28 print(s), worst 13.43bps. That exceeds the 2bps maker fee it would save, so passive execution is not free money here and `cost/model.py`'s refusal to credit the maker side stands

written to argus\data\markout.json
markout_exit=0
EXECUTABLE COST ΓÇö slippage in bps against mid, taking the ask

symbol         quoted      $1000      $5000     $25000    $100000
-----------------------------------------------------------------
NVDAUSDT         1.40       0.70       0.70       2.32       7.07
TSLAUSDT         3.08       3.45       4.51       5.21       7.93
AAPLUSDT         2.40       2.28       5.62       9.94      30.70
MSFTUSDT         4.05       2.03       5.58       7.48      17.12
METAUSDT         6.91       5.72      11.16      15.38          ΓÇö
GOOGLUSDT        2.88       1.70       2.66       5.05      13.15
AMZNUSDT         2.81       4.10       5.83       9.36      15.88
COINUSDT         6.93       4.68       7.21      17.53      41.47
MSTRUSDT         0.77       2.75       3.92       5.95      14.86
QQQUSDT          0.14       0.52       0.93       2.55       5.17
TQQQUSDT         2.90       2.70       5.76      13.26      23.18
SQQQUSDT         5.00       5.56      11.97      24.80      37.42

12 book(s) written to argus\data\depth.json
depth_exit=0
recorded 12 snapshot(s) to argus\data\book_tape.jsonl

  216 snapshots over 50.614h: a near-touch level holds a median 2.565 contracts. **Change is reported per horizon, not pooled** ΓÇö a level moves a very different share of itself over 30 seconds than over an hour, and one median over both is a number about the sampling schedule rather than about the book. The shortest horizon with at least 100 observations is `under_30s`, where a level moves a median 24.0% of itself ΓÇö that is the figure the simulator should take, being nearest the per-event timescale it models. The attribution rule ΓÇö which side of a resting order a decrease came from ΓÇö is not in this data and cannot be, so it stays a swept assumption rather than a measurement.

written to argus\data\book_calibration.json
bookcalib_exit=0
  NVDAUSDT: extended=14.0 overnight=12.8 rth=31.4 weekend=5.2 | reopen=52.6 (1.7x rth, n=63)
      throttle now x1 ΓÇö the next 24 bar(s) are expected to move 22.1bps per bar against a 31.4bps regular-hours bar; no reduction, and this layer may not size up
  TSLAUSDT: extended=14.8 overnight=12.6 rth=37.3 weekend=6.4 | reopen=76.1 (2.0x rth, n=63)
      throttle now x1 ΓÇö the next 24 bar(s) are expected to move 26.9bps per bar against a 37.3bps regular-hours bar; no reduction, and this layer may not size up
  AAPLUSDT: extended=10.8 overnight=7.8 rth=23.7 weekend=5.3 | reopen=43.8 (1.8x rth, n=63)
      throttle now x1 ΓÇö the next 24 bar(s) are expected to move 16.9bps per bar against a 23.7bps regular-hours bar; no reduction, and this layer may not size up
  MSFTUSDT: extended=13.2 overnight=9.2 rth=26.1 weekend=5.9 | reopen=40.6 (1.6x rth, n=63)
      throttle now x1 ΓÇö the next 24 bar(s) are expected to move 18.2bps per bar against a 26.1bps regular-hours bar; no reduction, and this layer may not size up
  METAUSDT: extended=14.7 overnight=10.2 rth=33.4 weekend=6.4 | reopen=68.4 (2.0x rth, n=63)
      throttle now x1 ΓÇö the next 24 bar(s) are expected to move 24.3bps per bar against a 33.4bps regular-hours bar; no reduction, and this layer may not size up
  GOOGLUSDT: extended=13.6 overnight=9.3 rth=23.0 weekend=5.6 | reopen=49.3 (2.1x rth, n=63)
      throttle now x1 ΓÇö the next 24 bar(s) are expected to move 18.2bps per bar against a 23.0bps regular-hours bar; no reduction, and this layer may not size up
  AMZNUSDT: extended=12.6 overnight=7.8 rth=23.4 weekend=4.9 | reopen=40.1 (1.7x rth, n=63)
      throttle now x1 ΓÇö the next 24 bar(s) are expected to move 16.8bps per bar against a 23.4bps regular-hours bar; no reduction, and this layer may not size up
  COINUSDT: extended=28.8 overnight=19.4 rth=61.8 weekend=13.9 | reopen=95.1 (1.5x rth, n=63)
      throttle now x1 ΓÇö the next 24 bar(s) are expected to move 42.1bps per bar against a 61.8bps regular-hours bar; no reduction, and this layer may not size up
  MSTRUSDT: extended=38.7 overnight=30.8 rth=66.3 weekend=18.8 | reopen=101.4 (1.5x rth, n=63)
      throttle now x1 ΓÇö the next 24 bar(s) are expected to move 49.1bps per bar against a 66.3bps regular-hours bar; no reduction, and this layer may not size up
  QQQUSDT: extended=9.0 overnight=10.3 rth=14.9 weekend=4.0 | reopen=28.3 (1.9x rth, n=63)
      throttle now x1 ΓÇö the next 24 bar(s) are expected to move 12.4bps per bar against a 14.9bps regular-hours bar; no reduction, and this layer may not size up
  TQQQUSDT: extended=25.5 overnight=30.4 rth=45.4 weekend=8.5 | reopen=90.3 (2.0x rth, n=63)
      throttle now x1 ΓÇö the next 24 bar(s) are expected to move 37.5bps per bar against a 45.4bps regular-hours bar; no reduction, and this layer may not size up
  SQQQUSDT: extended=25.7 overnight=31.4 rth=47.6 weekend=8.1 | reopen=88.8 (1.9x rth, n=63)
      throttle now x1 ΓÇö the next 24 bar(s) are expected to move 38.3bps per bar against a 47.6bps regular-hours bar; no reduction, and this layer may not size up

12 profile(s) written to argus\data\session_risk.json
session_risk_exit=0
symbol        RTH bps/h  wknd bps/h  attenuation  anchor
NVDAUSDT          30.71        4.52         6.79  OK
TSLAUSDT          37.48        6.35         5.91  OK
AAPLUSDT          25.58        4.36         5.86  OK
MSFTUSDT          25.27        4.70         5.38  OK
METAUSDT          34.26        5.56         6.16  OK
GOOGLUSDT         24.18        5.41         4.47  OK
AMZNUSDT          24.11        3.80         6.34  OK
COINUSDT          63.22       12.34         5.12  OK
MSTRUSDT          67.35       17.86         3.77  OK
QQQUSDT           15.36        3.63         4.24  OK
TQQQUSDT          46.94        7.12         6.60  OK
SQQQUSDT          46.53        5.48         8.49  OK

  all 12 shipped instruments still attenuate past 2.5x when the anchor market shuts

written to argus\data\universe_validation.json
universe_exit=0
  NVDAUSDT hedged with NVDA index (all): r=+0.989 [95% low +0.988], optimal ratio 0.983 removes 97.9% of variance, one-for-one removes 97.9%, n=1438
  NVDAUSDT hedged with NVDA index (extended): r=+0.998 [95% low +0.998], optimal ratio 0.989 removes 99.6% of variance, one-for-one removes 99.6%, n=424
  NVDAUSDT hedged with NVDA index (overnight): r=+0.995 [95% low +0.994], optimal ratio 0.993 removes 99.0% of variance, one-for-one removes 99.0%, n=339
  NVDAUSDT hedged with NVDA index (rth): r=+0.999 [95% low +0.999], optimal ratio 0.986 removes 99.8% of variance, one-for-one removes 99.8%, n=251
  NVDAUSDT hedged with NVDA index (weekend): r=+0.997 [95% low +0.996], optimal ratio 0.996 removes 99.4% of variance, one-for-one removes 99.4%, n=421
  TSLAUSDT hedged with TSLA index (all): r=+0.991 [95% low +0.990], optimal ratio 0.994 removes 98.2% of variance, one-for-one removes 98.2%, n=1438
  TSLAUSDT hedged with TSLA index (extended): r=+0.999 [95% low +0.998], optimal ratio 0.997 removes 99.7% of variance, one-for-one removes 99.7%, n=424
  TSLAUSDT hedged with TSLA index (overnight): r=+0.997 [95% low +0.997], optimal ratio 1.002 removes 99.5% of variance, one-for-one removes 99.5%, n=339
  TSLAUSDT hedged with TSLA index (rth): r=+1.000 [95% low +1.000], optimal ratio 0.999 removes 99.9% of variance, one-for-one removes 99.9%, n=251
  TSLAUSDT hedged with TSLA index (weekend): r=+0.998 [95% low +0.997], optimal ratio 0.998 removes 99.6% of variance, one-for-one removes 99.6%, n=421
  AAPLUSDT hedged with AAPL index (all): r=+0.988 [95% low +0.986], optimal ratio 0.982 removes 97.6% of variance, one-for-one removes 97.5%, n=1438
  AAPLUSDT hedged with AAPL index (extended): r=+0.996 [95% low +0.995], optimal ratio 0.980 removes 99.2% of variance, one-for-one removes 99.2%, n=424
  AAPLUSDT hedged with AAPL index (overnight): r=+0.997 [95% low +0.996], optimal ratio 1.001 removes 99.3% of variance, one-for-one removes 99.3%, n=339
  AAPLUSDT hedged with AAPL index (rth): r=+0.999 [95% low +0.999], optimal ratio 0.988 removes 99.8% of variance, one-for-one removes 99.8%, n=251
  AAPLUSDT hedged with AAPL index (weekend): r=+0.996 [95% low +0.995], optimal ratio 1.000 removes 99.1% of variance, one-for-one removes 99.1%, n=421
  MSFTUSDT hedged with MSFT index (all): r=+0.991 [95% low +0.990], optimal ratio 0.988 removes 98.3% of variance, one-for-one removes 98.3%, n=1438
  MSFTUSDT hedged with MSFT index (extended): r=+0.998 [95% low +0.997], optimal ratio 0.995 removes 99.6% of variance, one-for-one removes 99.6%, n=424
  MSFTUSDT hedged with MSFT index (overnight): r=+0.997 [95% low +0.996], optimal ratio 0.997 removes 99.3% of variance, one-for-one removes 99.3%, n=339
  MSFTUSDT hedged with MSFT index (rth): r=+0.999 [95% low +0.999], optimal ratio 0.982 removes 99.8% of variance, one-for-one removes 99.8%, n=251
  MSFTUSDT hedged with MSFT index (weekend): r=+0.999 [95% low +0.999], optimal ratio 1.011 removes 99.8% of variance, one-for-one removes 99.8%, n=421
  METAUSDT hedged with META index (all): r=+0.994 [95% low +0.993], optimal ratio 0.992 removes 98.7% of variance, one-for-one removes 98.7%, n=1438
  METAUSDT hedged with META index (extended): r=+0.998 [95% low +0.998], optimal ratio 0.989 removes 99.6% of variance, one-for-one removes 99.6%, n=424
  METAUSDT hedged with META index (overnight): r=+0.998 [95% low +0.997], optimal ratio 1.004 removes 99.6% of variance, one-for-one removes 99.6%, n=339
  METAUSDT hedged with META index (rth): r=+0.999 [95% low +0.999], optimal ratio 0.999 removes 99.8% of variance, one-for-one removes 99.8%, n=251
  METAUSDT hedged with META index (weekend): r=+0.998 [95% low +0.998], optimal ratio 1.002 removes 99.6% of variance, one-for-one removes 99.6%, n=421
  GOOGLUSDT hedged with GOOGL index (all): r=+0.986 [95% low +0.985], optimal ratio 0.997 removes 97.2% of variance, one-for-one removes 97.2%, n=1438
  GOOGLUSDT hedged with GOOGL index (extended): r=+0.997 [95% low +0.996], optimal ratio 1.007 removes 99.3% of variance, one-for-one removes 99.3%, n=424
  GOOGLUSDT hedged with GOOGL index (overnight): r=+0.997 [95% low +0.996], optimal ratio 1.008 removes 99.4% of variance, one-for-one removes 99.4%, n=339
  GOOGLUSDT hedged with GOOGL index (rth): r=+0.999 [95% low +0.999], optimal ratio 0.987 removes 99.8% of variance, one-for-one removes 99.8%, n=251
  GOOGLUSDT hedged with GOOGL index (weekend): r=+0.997 [95% low +0.996], optimal ratio 1.001 removes 99.4% of variance, one-for-one removes 99.4%, n=421
  AMZNUSDT hedged with AMZN index (all): r=+0.989 [95% low +0.988], optimal ratio 0.997 removes 97.9% of variance, one-for-one removes 97.9%, n=1438
  AMZNUSDT hedged with AMZN index (extended): r=+0.997 [95% low +0.996], optimal ratio 1.002 removes 99.3% of variance, one-for-one removes 99.3%, n=424
  AMZNUSDT hedged with AMZN index (overnight): r=+0.998 [95% low +0.998], optimal ratio 1.003 removes 99.6% of variance, one-for-one removes 99.6%, n=339
  AMZNUSDT hedged with AMZN index (rth): r=+0.998 [95% low +0.998], optimal ratio 0.988 removes 99.7% of variance, one-for-one removes 99.7%, n=251
  AMZNUSDT hedged with AMZN index (weekend): r=+0.999 [95% low +0.998], optimal ratio 0.999 removes 99.7% of variance, one-for-one removes 99.7%, n=421
  COINUSDT hedged with COIN index (all): r=+0.992 [95% low +0.991], optimal ratio 0.996 removes 98.4% of variance, one-for-one removes 98.4%, n=1438
  COINUSDT hedged with COIN index (extended): r=+0.998 [95% low +0.997], optimal ratio 0.996 removes 99.6% of variance, one-for-one removes 99.6%, n=424
  COINUSDT hedged with COIN index (overnight): r=+0.997 [95% low +0.997], optimal ratio 0.992 removes 99.5% of variance, one-for-one removes 99.5%, n=339
  COINUSDT hedged with COIN index (rth): r=+0.999 [95% low +0.999], optimal ratio 0.996 removes 99.9% of variance, one-for-one removes 99.9%, n=251
  COINUSDT hedged with COIN index (weekend): r=+0.998 [95% low +0.998], optimal ratio 1.000 removes 99.6% of variance, one-for-one removes 99.6%, n=421
  MSTRUSDT hedged with MSTR index (all): r=+0.990 [95% low +0.989], optimal ratio 0.993 removes 98.0% of variance, one-for-one removes 98.0%, n=1438
  MSTRUSDT hedged with MSTR index (extended): r=+0.999 [95% low +0.999], optimal ratio 0.993 removes 99.8% of variance, one-for-one removes 99.8%, n=424
  MSTRUSDT hedged with MSTR index (overnight): r=+0.995 [95% low +0.994], optimal ratio 0.990 removes 99.0% of variance, one-for-one removes 99.0%, n=339
  MSTRUSDT hedged with MSTR index (rth): r=+1.000 [95% low +1.000], optimal ratio 0.997 removes 99.9% of variance, one-for-one removes 99.9%, n=251
  MSTRUSDT hedged with MSTR index (weekend): r=+0.998 [95% low +0.997], optimal ratio 0.999 removes 99.5% of variance, one-for-one removes 99.5%, n=421
  QQQUSDT hedged with QQQ index (all): r=+0.980 [95% low +0.978], optimal ratio 0.982 removes 96.0% of variance, one-for-one removes 96.0%, n=1438
  QQQUSDT hedged with QQQ index (extended): r=+0.996 [95% low +0.995], optimal ratio 0.985 removes 99.2% of variance, one-for-one removes 99.2%, n=424
  QQQUSDT hedged with QQQ index (overnight): r=+0.994 [95% low +0.993], optimal ratio 1.006 removes 98.8% of variance, one-for-one removes 98.8%, n=339
  QQQUSDT hedged with QQQ index (rth): r=+0.998 [95% low +0.997], optimal ratio 0.990 removes 99.6% of variance, one-for-one removes 99.6%, n=251
  QQQUSDT hedged with QQQ index (weekend): r=+0.989 [95% low +0.986], optimal ratio 0.998 removes 97.7% of variance, one-for-one removes 97.7%, n=421
  TQQQUSDT hedged with TQQQ index (all): r=+0.985 [95% low +0.983], optimal ratio 0.991 removes 97.0% of variance, one-for-one removes 97.0%, n=1438
  TQQQUSDT hedged with TQQQ index (extended): r=+0.998 [95% low +0.997], optimal ratio 0.987 removes 99.6% of variance, one-for-one removes 99.5%, n=424
  TQQQUSDT hedged with TQQQ index (overnight): r=+0.992 [95% low +0.990], optimal ratio 1.006 removes 98.5% of variance, one-for-one removes 98.5%, n=339
  TQQQUSDT hedged with TQQQ index (rth): r=+0.999 [95% low +0.998], optimal ratio 0.993 removes 99.7% of variance, one-for-one removes 99.7%, n=251
  TQQQUSDT hedged with TQQQ index (weekend): r=+0.992 [95% low +0.990], optimal ratio 1.003 removes 98.4% of variance, one-for-one removes 98.4%, n=421
  SQQQUSDT hedged with SQQQ index (all): r=+0.975 [95% low +0.972], optimal ratio 0.989 removes 95.1% of variance, one-for-one removes 95.1%, n=1438
  SQQQUSDT hedged with SQQQ index (extended): r=+0.996 [95% low +0.995], optimal ratio 0.987 removes 99.2% of variance, one-for-one removes 99.2%, n=424
  SQQQUSDT hedged with SQQQ index (overnight): r=+0.988 [95% low +0.985], optimal ratio 1.012 removes 97.7% of variance, one-for-one removes 97.6%, n=339
  SQQQUSDT hedged with SQQQ index (rth): r=+0.996 [95% low +0.995], optimal ratio 0.996 removes 99.2% of variance, one-for-one removes 99.2%, n=251
  SQQQUSDT hedged with SQQQ index (weekend): r=+0.990 [95% low +0.988], optimal ratio 0.997 removes 98.0% of variance, one-for-one removes 98.0%, n=421

60 measurement(s) written to argus\data\hedge_effectiveness.json
effectiveness_exit=0
{
  "ran_at": "2026-09-16T13:41:03.726481+00:00",
  "decisions_written": [
    {
      "seq": 269,
      "symbol": "NVDAUSDT",
      "verdict": "no_trade",
      "quantity": "0",
      "confidence": 0.62,
      "attests_llm_decided": true,
      "notes_written": 16,
      "protocol": {
        "digest": "sha256:d403d741144df7513e4dbb69fd254b6b95f6a7aba3b7aeba26fd959fc26dbfb8",
        "version": 3,
        "reduced_this_decision": false
      },
      "flags": [
        "[conflict:direction] sentiment (bearish) vs earnings (bullish), gap 10.00 \u2014 earnings dominates: confidence 0.72 against 0.45"
      ]
    },
    {
      "seq": 270,
      "symbol": "TSLAUSDT",
      "verdict": "no_trade",
      "quantity": "0",
      "confidence": 0.62,
      "attests_llm_decided": true,
      "notes_written": 17,
      "protocol": {
        "digest": "sha256:d403d741144df7513e4dbb69fd254b6b95f6a7aba3b7aeba26fd959fc26dbfb8",
        "version": 3,
        "reduced_this_decision": false
      },
      "flags": [
        "[conflict:conviction] earnings (insufficient_evidence) vs cross_asset (insufficient_evidence), gap 0.30 \u2014 earnings dominates: confidence 0.30 against 0.00"
      ]
    },
    {
      "seq": 271,
      "symbol": "AAPLUSDT",
      "verdict": "no_trade",
      "quantity": "0",
      "confidence": 0.62,
      "attests_llm_decided": true,
      "notes_written": 17,
      "protocol": {
        "digest": "sha256:d403d741144df7513e4dbb69fd254b6b95f6a7aba3b7aeba26fd959fc26dbfb8",
        "version": 3,
        "reduced_this_decision": false
      },
      "flags": []
    },
    {
      "seq": 272,
      "symbol": "MSFTUSDT",
      "verdict": "no_trade",
      "quantity": "0",
      "confidence": 0.62,
      "attests_llm_decided": true,
      "notes_written": 18,
      "protocol": {
        "digest": "sha256:d403d741144df7513e4dbb69fd254b6b95f6a7aba3b7aeba26fd959fc26dbfb8",
        "version": 3,
        "reduced_this_decision": false
      },
      "flags": [
        "[conflict:direction] sentiment (bullish) vs earnings (bearish), gap 8.00 \u2014 earnings dominates: confidence 0.55 against 0.45",
        "[grounding] 1 of 7 figure(s) do not resolve to anything the desk was given: 60bps",
        "[grounding] an unattributable number in a thesis is the easiest place for an unsupported fact to enter the record"
      ]
    },
    {
      "seq": 273,
      "symbol": "METAUSDT",
      "verdict": "no_trade",
      "quantity": "0",
      "confidence": 0.62,
      "attests_llm_decided": true,
      "notes_written": 17,
      "protocol": {
        "digest": "sha256:d403d741144df7513e4dbb69fd254b6b95f6a7aba3b7aeba26fd959fc26dbfb8",
        "version": 3,
        "reduced_this_decision": false
      },
      "flags": [
        "[conflict:direction] sentiment (bullish) vs earnings (bearish), gap 31.00 \u2014 earnings dominates: confidence 0.62 against 0.45"
      ]
    },
    {
      "seq": 274,
      "symbol": "GOOGLUSDT",
      "verdict": "no_trade",
      "quantity": "0",
      "confidence": 0.62,
      "attests_llm_decided": true,
      "notes_written": 17,
      "protocol": {
        "digest": "sha256:d403d741144df7513e4dbb69fd254b6b95f6a7aba3b7aeba26fd959fc26dbfb8",
        "version": 3,
        "reduced_this_decision": false
      },
      "flags": [
        "[conflict:magnitude] sentiment (bullish) vs earnings (bullish), gap 41.00 \u2014 earnings dominates: confidence 0.72 against 0.45",
        "[grounding] 2 of 8 figure(s) do not resolve to anything the desk was given: 0.58, 8",
        "[grounding] an unattributable number in a thesis is the easiest place for an unsupported fact to enter the record"
      ]
    },
    {
      "seq": 275,
      "symbol": "AMZNUSDT",
      "verdict": "no_trade",
      "quantity": "0",
      "confidence": 0.68,
      "attests_llm_decided": true,
      "notes_written": 16,
      "protocol": {
        "digest": "sha256:d403d741144df7513e4dbb69fd254b6b95f6a7aba3b7aeba26fd959fc26dbfb8",
        "version": 3,
        "reduced_this_decision": false
      },
      "flags": [
        "[conflict:direction] sentiment (bearish) vs earnings (bullish), gap 6.00 \u2014 earnings dominates: confidence 0.72 against 0.52"
      ]
    },
    {
      "seq": 276,
      "symbol": "COINUSDT",
      "verdict": "no_trade",
      "quantity": "0",
      "confidence": 0.58,
      "attests_llm_decided": true,
      "notes_written": 17,
      "protocol": {
        "digest": "sha256:d403d741144df7513e4dbb69fd254b6b95f6a7aba3b7aeba26fd959fc26dbfb8",
        "version": 3,
        "reduced_this_decision": false
      },
      "flags": [
        "[conflict:magnitude] sentiment (bearish) vs earnings (bearish), gap 37.00 \u2014 earnings dominates: confidence 0.72 against 0.55"
      ]
    },
    {
      "seq": 277,
      "symbol": "MSTRUSDT",
      "verdict": "no_trade",
      "quantity": "0",
      "confidence": 0.72,
      "attests_llm_decided": true,
      "notes_written": 18,
      "protocol": {
        "digest": "sha256:d403d741144df7513e4dbb69fd254b6b95f6a7aba3b7aeba26fd959fc26dbfb8",
        "version": 3,
        "reduced_this_decision": false
      },
      "flags": [
        "[conflict:magnitude] event (bearish) vs sentiment (bearish), gap 148.00 \u2014 event dominates: 5 distinct sources against 3",
        "[conflict:direction] event (bearish) vs earnings (bullish), gap 138.00 \u2014 event dominates: confidence 0.62 against 0.45",
        "[conflict:direction] sentiment (bearish) vs earnings (bullish), gap 10.00 \u2014 sentiment dominates: confidence 0.55 against 0.45"
      ]
    },
    {
      "seq": 278,
      "symbol": "QQQUSDT",
      "verdict": "no_trade",
      "quantity": "0",
      "confidence": 0.55,
      "attests_llm_decided": true,
      "notes_written": 18,
      "protocol": {
        "digest": "sha256:d403d741144df7513e4dbb69fd254b6b95f6a7aba3b7aeba26fd959fc26dbfb8",
        "version": 3,
        "reduced_this_decision": false
      },
      "flags": []
    }
  ],
  "settled_this_cycle": [
    {
      "seq": 220,
      "symbol": "NVDAUSDT",
      "abstention": true,
      "counterfactual_move_bps": "87.1778"
    },
    {
      "seq": 221,
      "symbol": "TSLAUSDT",
      "abstention": true,
      "counterfactual_move_bps": "-63.7720"
    },
    {
      "seq": 222,
      "symbol": "AAPLUSDT",
      "abstention": true,
      "counterfactual_move_bps": "28.9994"
    },
    {
      "seq": 223,
      "symbol": "MSFTUSDT",
      "abstention": true,
      "counterfactual_move_bps": "-223.9909"
    },
    {
      "seq": 224,
      "symbol": "METAUSDT",
      "abstention": true,
      "counterfactual_move_bps": "201.7991"
    },
    {
      "seq": 225,
      "symbol": "GOOGLUSDT",
      "abstention": true,
      "counterfactual_move_bps": "-107.5115"
    },
    {
      "seq": 226,
      "symbol": "AMZNUSDT",
      "abstention": true,
      "counterfactual_move_bps": "-238.9011"
    },
    {
      "seq": 227,
      "symbol": "COINUSDT",
      "abstention": true,
      "counterfactual_move_bps": "-1091.6189"
    },
    {
      "seq": 228,
      "symbol": "MSTRUSDT",
      "abstention": true,
      "counterfactual_move_bps": "-577.4010"
    },
    {
      "seq": 229,
      "symbol": "QQQUSDT",
      "abstention": true,
      "counterfactual_move_bps": "-28.8193"
    },
    {
      "seq": 230,
      "symbol": "TQQQUSDT",
      "abstention": true,
      "counterfactual_move_bps": "-120.2921"
    },
    {
      "seq": 231,
      "symbol": "SQQQUSDT",
      "abstention": true,
      "counterfactual_move_bps": "126.4223"
    },
    {
      "seq": 232,
      "symbol": "NVDAUSDT",
      "abstention": true,
      "counterfactual_move_bps": "111.0009"
    },
    {
      "causal_chains_graded": 9
    }
  ],
  "marked_this_cycle": [
    {
      "seq": 257,
      "symbol": "NVDAUSDT",
      "horizon_hours": 18.0104,
      "move_bps": "90.5063",
      "lean": "down"
    },
    {
      "seq": 258,
      "symbol": "TSLAUSDT",
      "horizon_hours": 18.0104,
      "move_bps": "94.3635",
      "lean": "down"
    },
    {
      "seq": 259,
      "symbol": "AAPLUSDT",
      "horizon_hours": 18.0104,
      "move_bps": "162.9908",
      "lean": "down"
    },
    {
      "seq": 260,
      "symbol": "MSFTUSDT",
      "horizon_hours": 18.0104,
      "move_bps": "-7.8529",
      "lean": "up"
    },
    {
      "seq": 261,
      "symbol": "METAUSDT",
      "horizon_hours": 18.0104,
      "move_bps": "158.8486",
      "lean": "up"
    },
    {
      "seq": 262,
      "symbol": "GOOGLUSDT",
      "horizon_hours": 18.0104,
      "move_bps": "23.8213",
      "lean": "up"
    },
    {
      "seq": 263,
      "symbol": "AMZNUSDT",
      "horizon_hours": 18.0104,
      "move_bps": "-16.5043",
      "lean": "down"
    },
    {
      "seq": 266,
      "symbol": "QQQUSDT",
      "horizon_hours": 18.0104,
      "move_bps": "64.7066",
      "lean": "down"
    },
    {
      "seq": 267,
      "symbol": "TQQQUSDT",
      "horizon_hours": 18.0104,
      "move_bps": "178.5187",
      "lean": "down"
    },
    {
      "seq": 268,
      "symbol": "SQQQUSDT",
      "horizon_hours": 18.0104,
      "move_bps": "-171.7791",
      "lean": "down"
    }
  ],
  "tokens_spent": 305920,
  "unreported_calls": 0,
  "token_budget": 330000,
  "stopped_early": "stopped after 10 of 12 symbol(s): 24080 token(s) left of 330000, below the 25000 a symbol costs. The symbols not reached were not decided, and no decision was recorded for them.",
  "chain": {
    "entries": 278,
    "chain_intact": true,
    "links_intact": true,
    "first_break_at": null,
    "truncated": false,
    "anchor": "anchor agrees with the log",
    "head_hash": "0d33d0f4fb2581e6"
  },
  "protocol": "argus-paper-v1 v3 (sha256:d403d741144df7513e4dbb69fd254b6b95f6a7aba3b7aeba26fd959fc26dbfb8)"
}
exit=0

cycle 15: 5 claim(s) on MSFTUSDT, head 8673a71e1563533e
    resolves 2026-09-17T14:11
    resolves 2026-09-19T14:11
    resolves 2026-09-23T14:11
    resolves 2026-09-30T14:11
    resolves 2026-10-16T14:11

  13 claim(s) resolve inside the window and 22 are still open when it starts
cadence_exit=0
1 claim(s) resolved this run
  Γ£ô SQQQUSDT abs_move_above_bps 113.52 by 2026-09-15T20:16 (p=0.60) [30c9856e99c1]  observed 211.9071644803229061553985873

REGISTER ΓÇö 81 claim(s), 39 resolved, 40 pending, 2 unresolvable
  argus                  39 resolved  Brier 0.2364  hit rate 62%

  THE WALL ΓÇö 15 claim(s) we got wrong, most confident first:
    Γ£ù NVDAUSDT abs_move_above_bps 45.46 by 2026-09-15T09:21 (p=0.60) [381cbc033f4b]  observed 12.25316932937461708845845704
    Γ£ù TSLAUSDT abs_move_above_bps 50.23 by 2026-09-15T09:21 (p=0.60) [c387181dd2e6]  observed -5.577867023650156180276662204
    Γ£ù AAPLUSDT abs_move_above_bps 37.55 by 2026-09-15T09:21 (p=0.60) [2588c7bcd941]  observed -12.37324963785610816030902945
    Γ£ù AMZNUSDT abs_move_above_bps 40.7 by 2026-09-15T09:21 (p=0.60) [d71b10a405eb]  observed -32.76229572905976158522144154
    Γ£ù MSTRUSDT abs_move_above_bps 138.15 by 2026-09-15T09:21 (p=0.60) [919de6cb9750]  observed -22.67402312750359005366185474
    Γ£ù NVDAUSDT return_over_below_bps 0 by 2026-09-15T09:21 (p=0.50) [7ffe510f62d0]  observed 12.25316932937461708845845704
    Γ£ù TSLAUSDT return_over_above_bps 0 by 2026-09-15T09:21 (p=0.50) [f4a11ebb7290]  observed -5.577867023650156180276662204
    Γ£ù MSFTUSDT return_over_below_bps 0 by 2026-09-15T09:21 (p=0.50) [db69b6c5a007]  observed 161.4637213736586949025335199
    Γ£ù METAUSDT return_over_below_bps 0 by 2026-09-15T09:21 (p=0.50) [e66352461a3a]  observed 319.9837745916345538792767212
    Γ£ù GOOGLUSDT return_over_below_bps 0 by 2026-09-15T09:21 (p=0.50) [76f18288ce50]  observed 294.2226453263521151900993634

written to argus\data\register_scoreboard.json
register_exit=0
CYCLE CHECK ΓÇö cycle_2026-09-16_1900.log

  PASS     exit_code
           process exited 0
  FAIL     symbols_decided
           10 of 12 symbols produced a decision
  FAIL     ran_to_completion
           stopped after 10 of 12 symbol(s): 24080 token(s) left of 330000, below the 25000 a symbol costs. The symbols not reached were not decided, and no decision was recorded for them.
  PASS     token_budget
           305,920 of 330,000 spent (93%)
  PASS     cumulative_tokens
           3,365,850 token(s) across 13 recorded cycle(s), 258,912 per cycle ΓÇö roughly 1,035,646/day at four cycles. The key's remaining balance is not observable from here; this is the burn rate, not a runway
  PASS     budget_not_exhausted
           the guard did not fire
  PASS     chain_intact
           the hash chain verified after the write
  PASS     leans_recorded
           10 of 10 row(s) carry a lean and a lean_confidence
  PASS     leans_gradeable
           10 of 10 decision(s) state a direction (6 up, 4 down, 0 none)
  PASS     verdicts_parsed
           every verdict parsed
  PASS     session
           session phase(s) seen: rth  <-- price discovery

  9/11 checks passed. FAILED ΓÇö symbols_decided: 10 of 12 symbols produced a decision; ran_to_completion: stopped after 10 of 12 symbol(s): 24080 token(s) left of 330000, below the 25000 a symbol costs. The symbols not reached were not decided, and no decision was recorded for them.. **FALSIFIER FIRED**: this cycle had price discovery and the desk still proposed no exposure on any symbol. eval/autopsy.py named exactly this as the observation that moves the cause of the abstentions from the sampling to the desk. Its conclusion is now refuted and must be rewritten, not defended

written to argus\data\cycle_check.json
check_exit=1
