=== ARGUS paper cycle 2026-09-29_2300 ===
disk_free_gb=13.2
sampling MSTRUSDT for 90s (rth)...

MARKOUT ΓÇö MSTRUSDT, 90s of rth, 71 book sample(s), 35 print(s), 0% flagged RPI

   horizon  prints    median      mean     worst
        5s      34    +1.787    +0.391    -5.197
       15s      29    +2.924    +4.040    -8.121
       30s      25    +5.194    +3.506    -6.171
       60s       7    +0.650    +1.253    -1.299

  Over 30s the passive side of 25 print(s) gained a median +5.19bps on MSTRUSDT (rth). No measurable adverse selection in this window ΓÇö which is a statement about 90 seconds, not about the instrument

written to argus\data\markout.json
markout_exit=0
EXECUTABLE COST ΓÇö bps. 'quoted' is the full bid-ask spread; the size columns are
slippage against mid, taking the ask (a size inside the touch reads half 'quoted').

symbol         quoted      $1000      $5000     $25000    $100000
-----------------------------------------------------------------
NVDAUSDT         0.44       0.22       0.41       1.31       4.35
TSLAUSDT         0.85       1.23       2.46       4.60       6.40
AAPLUSDT         0.30       0.95       3.01       5.44      11.11
MSFTUSDT         2.57       1.29       2.99       4.50       8.04
METAUSDT         2.61       3.49       6.31      12.70          ΓÇö
GOOGLUSDT        3.24       2.89       3.78       4.45       8.71
AMZNUSDT         1.21       1.85       2.97       5.13       9.74
COINUSDT         3.16       3.14       4.76       6.55      25.30
MSTRUSDT         2.60       1.65       2.19       3.56       5.75
QQQUSDT          0.14       0.07       0.28       0.51       2.36
TQQQUSDT         1.30       0.65       2.03       8.43      18.81
SQQQUSDT         5.74       4.08       5.41       9.98      21.12

12 book(s) written to argus\data\depth.json
depth_exit=0
recorded 12 snapshot(s) to argus\data\book_tape.jsonl

  852 snapshots over 366.615h: a near-touch level holds a median 2.95 contracts. **Change is reported per horizon, not pooled** ΓÇö a level moves a very different share of itself over 30 seconds than over an hour, and one median over both is a number about the sampling schedule rather than about the book. The shortest horizon with at least 100 observations is `under_30s`, where a level moves a median 24.0% of itself ΓÇö that is the figure the simulator should take, being nearest the per-event timescale it models. The attribution rule ΓÇö which side of a resting order a decrease came from ΓÇö is not in this data and cannot be, so it stays a swept assumption rather than a measurement.

written to argus\data\book_calibration.json
bookcalib_exit=0
  NVDAUSDT: extended=14.1 holiday=10.9 overnight=11.1 rth=31.8 weekend=4.5 | reopen=52.1 (1.6x rth, n=62)
      throttle now x1 ΓÇö the next 24 bar(s) are expected to move 22.0bps per bar against a 31.8bps regular-hours bar; no reduction, and this layer may not size up
  TSLAUSDT: extended=14.5 holiday=8.1 overnight=11.6 rth=35.6 weekend=5.8 | reopen=76.9 (2.2x rth, n=62)
      throttle now x1 ΓÇö the next 24 bar(s) are expected to move 26.2bps per bar against a 35.6bps regular-hours bar; no reduction, and this layer may not size up
  AAPLUSDT: extended=9.4 holiday=11.0 overnight=7.1 rth=22.7 weekend=5.0 | reopen=42.4 (1.9x rth, n=62)
      throttle now x1 ΓÇö the next 24 bar(s) are expected to move 15.9bps per bar against a 22.7bps regular-hours bar; no reduction, and this layer may not size up
  MSFTUSDT: extended=12.5 holiday=10.7 overnight=8.7 rth=25.9 weekend=5.0 | reopen=40.0 (1.5x rth, n=62)
      throttle now x1 ΓÇö the next 24 bar(s) are expected to move 17.8bps per bar against a 25.9bps regular-hours bar; no reduction, and this layer may not size up
  METAUSDT: extended=16.3 holiday=7.1 overnight=9.7 rth=36.2 weekend=6.3 | reopen=66.7 (1.8x rth, n=62)
      throttle now x1 ΓÇö the next 24 bar(s) are expected to move 25.4bps per bar against a 36.2bps regular-hours bar; no reduction, and this layer may not size up
  GOOGLUSDT: extended=13.5 holiday=7.1 overnight=8.3 rth=23.7 weekend=5.6 | reopen=44.6 (1.9x rth, n=62)
      throttle now x1 ΓÇö the next 24 bar(s) are expected to move 17.7bps per bar against a 23.7bps regular-hours bar; no reduction, and this layer may not size up
  AMZNUSDT: extended=12.4 holiday=6.6 overnight=7.0 rth=23.2 weekend=4.8 | reopen=38.3 (1.7x rth, n=62)
      throttle now x1 ΓÇö the next 24 bar(s) are expected to move 16.4bps per bar against a 23.2bps regular-hours bar; no reduction, and this layer may not size up
  COINUSDT: extended=27.8 holiday=22.5 overnight=19.4 rth=61.5 weekend=13.4 | reopen=94.4 (1.5x rth, n=62)
      throttle now x1 ΓÇö the next 24 bar(s) are expected to move 41.6bps per bar against a 61.5bps regular-hours bar; no reduction, and this layer may not size up
  MSTRUSDT: extended=36.6 holiday=42.1 overnight=29.1 rth=61.8 weekend=17.7 | reopen=104.5 (1.7x rth, n=62)
      throttle now x1 ΓÇö the next 24 bar(s) are expected to move 46.8bps per bar against a 61.8bps regular-hours bar; no reduction, and this layer may not size up
  QQQUSDT: extended=9.0 holiday=6.1 overnight=9.2 rth=14.9 weekend=3.5 | reopen=26.8 (1.8x rth, n=62)
      throttle now x1 ΓÇö the next 24 bar(s) are expected to move 12.0bps per bar against a 14.9bps regular-hours bar; no reduction, and this layer may not size up
  TQQQUSDT: extended=25.7 holiday=13.8 overnight=27.7 rth=44.9 weekend=9.0 | reopen=80.1 (1.8x rth, n=62)
      throttle now x1 ΓÇö the next 24 bar(s) are expected to move 35.7bps per bar against a 44.9bps regular-hours bar; no reduction, and this layer may not size up
  SQQQUSDT: extended=25.6 holiday=19.6 overnight=29.2 rth=44.3 weekend=8.1 | reopen=84.1 (1.9x rth, n=62)
      throttle now x1 ΓÇö the next 24 bar(s) are expected to move 36.3bps per bar against a 44.3bps regular-hours bar; no reduction, and this layer may not size up

12 profile(s) written to argus\data\session_risk.json
session_risk_exit=0
symbol        RTH bps/h  wknd bps/h  attenuation  anchor
NVDAUSDT          33.23        4.32         7.69  OK
TSLAUSDT          34.91        5.67         6.16  OK
AAPLUSDT          22.60        4.24         5.33  OK
MSFTUSDT          25.13        4.15         6.06  OK
METAUSDT          36.69        5.41         6.78  OK
GOOGLUSDT         24.91        5.14         4.84  OK
AMZNUSDT          24.16        4.04         5.98  OK
COINUSDT          62.46       11.91         5.24  OK
MSTRUSDT          61.59       17.38         3.54  OK
QQQUSDT           15.23        3.27         4.65  OK
TQQQUSDT          45.98        7.53         6.11  OK
SQQQUSDT          46.10        6.39         7.22  OK

  all 12 shipped instruments still attenuate past 2.5x when the anchor market shuts

written to argus\data\universe_validation.json
universe_exit=0
CPI dates: 13, FOMC decisions: 57 -> argus\data\event_calendar.json
  Wed 14 Oct 12:30 UTC  US CPI release
  Wed 28 Oct 18:00 UTC  FOMC rate decision
  Tue 10 Nov 13:30 UTC  US CPI release
calendar_exit=0
event_reactions.json is under 20h old; not refreshed
event_reactions_exit=0
502 macro readings written
macro_exit=0
  NVDAUSDT hedged with NVDA index (all): r=+0.986 [95% low +0.985], optimal ratio 0.977 removes 97.2% of variance, one-for-one removes 97.2%, n=1438
  NVDAUSDT hedged with NVDA index (extended): r=+0.999 [95% low +0.998], optimal ratio 0.989 removes 99.7% of variance, one-for-one removes 99.7%, n=409
  NVDAUSDT hedged with NVDA index (overnight): r=+0.993 [95% low +0.992], optimal ratio 0.981 removes 98.7% of variance, one-for-one removes 98.6%, n=327
  NVDAUSDT hedged with NVDA index (rth): r=+0.999 [95% low +0.999], optimal ratio 0.986 removes 99.8% of variance, one-for-one removes 99.8%, n=244
  NVDAUSDT hedged with NVDA index (weekend): r=+0.996 [95% low +0.995], optimal ratio 0.997 removes 99.2% of variance, one-for-one removes 99.2%, n=431
  TSLAUSDT hedged with TSLA index (all): r=+0.988 [95% low +0.987], optimal ratio 0.989 removes 97.7% of variance, one-for-one removes 97.7%, n=1438
  TSLAUSDT hedged with TSLA index (extended): r=+0.999 [95% low +0.998], optimal ratio 0.995 removes 99.7% of variance, one-for-one removes 99.7%, n=409
  TSLAUSDT hedged with TSLA index (overnight): r=+0.996 [95% low +0.995], optimal ratio 1.000 removes 99.3% of variance, one-for-one removes 99.3%, n=327
  TSLAUSDT hedged with TSLA index (rth): r=+0.999 [95% low +0.999], optimal ratio 0.996 removes 99.9% of variance, one-for-one removes 99.9%, n=244
  TSLAUSDT hedged with TSLA index (weekend): r=+0.988 [95% low +0.985], optimal ratio 0.996 removes 97.6% of variance, one-for-one removes 97.6%, n=431
  AAPLUSDT hedged with AAPL index (all): r=+0.986 [95% low +0.984], optimal ratio 0.978 removes 97.1% of variance, one-for-one removes 97.1%, n=1438
  AAPLUSDT hedged with AAPL index (extended): r=+0.996 [95% low +0.996], optimal ratio 0.983 removes 99.3% of variance, one-for-one removes 99.2%, n=409
  AAPLUSDT hedged with AAPL index (overnight): r=+0.994 [95% low +0.992], optimal ratio 1.001 removes 98.8% of variance, one-for-one removes 98.8%, n=327
  AAPLUSDT hedged with AAPL index (rth): r=+0.998 [95% low +0.998], optimal ratio 0.978 removes 99.6% of variance, one-for-one removes 99.6%, n=244
  AAPLUSDT hedged with AAPL index (weekend): r=+0.991 [95% low +0.989], optimal ratio 1.006 removes 98.3% of variance, one-for-one removes 98.3%, n=431
  MSFTUSDT hedged with MSFT index (all): r=+0.984 [95% low +0.983], optimal ratio 0.997 removes 96.9% of variance, one-for-one removes 96.9%, n=1438
  MSFTUSDT hedged with MSFT index (extended): r=+0.997 [95% low +0.996], optimal ratio 0.992 removes 99.4% of variance, one-for-one removes 99.4%, n=409
  MSFTUSDT hedged with MSFT index (overnight): r=+0.993 [95% low +0.991], optimal ratio 0.992 removes 98.6% of variance, one-for-one removes 98.6%, n=327
  MSFTUSDT hedged with MSFT index (rth): r=+0.997 [95% low +0.996], optimal ratio 1.001 removes 99.4% of variance, one-for-one removes 99.4%, n=244
  MSFTUSDT hedged with MSFT index (weekend): r=+0.995 [95% low +0.994], optimal ratio 1.007 removes 99.1% of variance, one-for-one removes 99.1%, n=431
  METAUSDT hedged with META index (all): r=+0.990 [95% low +0.989], optimal ratio 0.990 removes 98.0% of variance, one-for-one removes 98.0%, n=1438
  METAUSDT hedged with META index (extended): r=+0.998 [95% low +0.998], optimal ratio 0.987 removes 99.7% of variance, one-for-one removes 99.6%, n=409
  METAUSDT hedged with META index (overnight): r=+0.997 [95% low +0.996], optimal ratio 1.003 removes 99.4% of variance, one-for-one removes 99.4%, n=327
  METAUSDT hedged with META index (rth): r=+0.999 [95% low +0.999], optimal ratio 0.997 removes 99.8% of variance, one-for-one removes 99.8%, n=244
  METAUSDT hedged with META index (weekend): r=+0.996 [95% low +0.995], optimal ratio 1.004 removes 99.2% of variance, one-for-one removes 99.2%, n=431
  GOOGLUSDT hedged with GOOGL index (all): r=+0.980 [95% low +0.978], optimal ratio 0.983 removes 96.0% of variance, one-for-one removes 96.0%, n=1438
  GOOGLUSDT hedged with GOOGL index (extended): r=+0.997 [95% low +0.997], optimal ratio 0.995 removes 99.5% of variance, one-for-one removes 99.5%, n=409
  GOOGLUSDT hedged with GOOGL index (overnight): r=+0.995 [95% low +0.993], optimal ratio 1.008 removes 99.0% of variance, one-for-one removes 98.9%, n=327
  GOOGLUSDT hedged with GOOGL index (rth): r=+0.999 [95% low +0.998], optimal ratio 0.991 removes 99.7% of variance, one-for-one removes 99.7%, n=244
  GOOGLUSDT hedged with GOOGL index (weekend): r=+0.989 [95% low +0.986], optimal ratio 1.008 removes 97.7% of variance, one-for-one removes 97.7%, n=431
  AMZNUSDT hedged with AMZN index (all): r=+0.980 [95% low +0.978], optimal ratio 0.996 removes 96.0% of variance, one-for-one removes 96.0%, n=1438
  AMZNUSDT hedged with AMZN index (extended): r=+0.995 [95% low +0.994], optimal ratio 1.004 removes 99.1% of variance, one-for-one removes 99.1%, n=409
  AMZNUSDT hedged with AMZN index (overnight): r=+0.996 [95% low +0.995], optimal ratio 1.001 removes 99.1% of variance, one-for-one removes 99.1%, n=327
  AMZNUSDT hedged with AMZN index (rth): r=+0.997 [95% low +0.996], optimal ratio 0.999 removes 99.3% of variance, one-for-one removes 99.3%, n=244
  AMZNUSDT hedged with AMZN index (weekend): r=+0.989 [95% low +0.987], optimal ratio 1.001 removes 97.8% of variance, one-for-one removes 97.8%, n=431
  COINUSDT hedged with COIN index (all): r=+0.986 [95% low +0.984], optimal ratio 0.993 removes 97.2% of variance, one-for-one removes 97.2%, n=1438
  COINUSDT hedged with COIN index (extended): r=+0.998 [95% low +0.997], optimal ratio 0.994 removes 99.6% of variance, one-for-one removes 99.6%, n=409
  COINUSDT hedged with COIN index (overnight): r=+0.995 [95% low +0.994], optimal ratio 0.995 removes 99.0% of variance, one-for-one removes 99.0%, n=327
  COINUSDT hedged with COIN index (rth): r=+0.999 [95% low +0.999], optimal ratio 0.996 removes 99.9% of variance, one-for-one removes 99.9%, n=244
  COINUSDT hedged with COIN index (weekend): r=+0.997 [95% low +0.996], optimal ratio 0.998 removes 99.3% of variance, one-for-one removes 99.3%, n=431
  MSTRUSDT hedged with MSTR index (all): r=+0.983 [95% low +0.981], optimal ratio 0.992 removes 96.5% of variance, one-for-one removes 96.5%, n=1438
  MSTRUSDT hedged with MSTR index (extended): r=+0.999 [95% low +0.999], optimal ratio 0.994 removes 99.8% of variance, one-for-one removes 99.8%, n=409
  MSTRUSDT hedged with MSTR index (overnight): r=+0.993 [95% low +0.992], optimal ratio 0.990 removes 98.6% of variance, one-for-one removes 98.6%, n=327
  MSTRUSDT hedged with MSTR index (rth): r=+1.000 [95% low +1.000], optimal ratio 0.995 removes 99.9% of variance, one-for-one removes 99.9%, n=244
  MSTRUSDT hedged with MSTR index (weekend): r=+0.996 [95% low +0.995], optimal ratio 1.000 removes 99.2% of variance, one-for-one removes 99.2%, n=431
  QQQUSDT hedged with QQQ index (all): r=+0.964 [95% low +0.960], optimal ratio 0.979 removes 93.0% of variance, one-for-one removes 92.9%, n=1438
  QQQUSDT hedged with QQQ index (extended): r=+0.996 [95% low +0.995], optimal ratio 0.988 removes 99.2% of variance, one-for-one removes 99.2%, n=409
  QQQUSDT hedged with QQQ index (overnight): r=+0.988 [95% low +0.986], optimal ratio 1.003 removes 97.7% of variance, one-for-one removes 97.7%, n=327
  QQQUSDT hedged with QQQ index (rth): r=+0.998 [95% low +0.997], optimal ratio 0.995 removes 99.6% of variance, one-for-one removes 99.6%, n=244
  QQQUSDT hedged with QQQ index (weekend): r=+0.988 [95% low +0.986], optimal ratio 1.003 removes 97.7% of variance, one-for-one removes 97.7%, n=431
  TQQQUSDT hedged with TQQQ index (all): r=+0.971 [95% low +0.967], optimal ratio 0.988 removes 94.2% of variance, one-for-one removes 94.2%, n=1438
  TQQQUSDT hedged with TQQQ index (extended): r=+0.998 [95% low +0.998], optimal ratio 0.988 removes 99.6% of variance, one-for-one removes 99.6%, n=409
  TQQQUSDT hedged with TQQQ index (overnight): r=+0.986 [95% low +0.982], optimal ratio 1.002 removes 97.1% of variance, one-for-one removes 97.1%, n=327
  TQQQUSDT hedged with TQQQ index (rth): r=+0.998 [95% low +0.998], optimal ratio 0.992 removes 99.7% of variance, one-for-one removes 99.7%, n=244
  TQQQUSDT hedged with TQQQ index (weekend): r=+0.990 [95% low +0.987], optimal ratio 1.008 removes 97.9% of variance, one-for-one removes 97.9%, n=431
  SQQQUSDT hedged with SQQQ index (all): r=+0.965 [95% low +0.961], optimal ratio 0.988 removes 93.2% of variance, one-for-one removes 93.1%, n=1438
  SQQQUSDT hedged with SQQQ index (extended): r=+0.995 [95% low +0.994], optimal ratio 0.982 removes 99.1% of variance, one-for-one removes 99.1%, n=409
  SQQQUSDT hedged with SQQQ index (overnight): r=+0.985 [95% low +0.982], optimal ratio 1.002 removes 97.1% of variance, one-for-one removes 97.1%, n=327
  SQQQUSDT hedged with SQQQ index (rth): r=+0.996 [95% low +0.995], optimal ratio 1.003 removes 99.2% of variance, one-for-one removes 99.2%, n=244
  SQQQUSDT hedged with SQQQ index (weekend): r=+0.992 [95% low +0.990], optimal ratio 1.006 removes 98.4% of variance, one-for-one removes 98.4%, n=431

60 measurement(s) written to argus\data\hedge_effectiveness.json
effectiveness_exit=0
{
  "ran_at": "2026-09-29T17:40:42.052079+00:00",
  "risk_policy": "68ceeadb52fc4ce0721006d8016744de7bc4d135ae75eb0aaca20e68f6460712",
  "decisions_written": [
    {
      "seq": 857,
      "symbol": "NVDAUSDT",
      "verdict": "no_trade",
      "quantity": "0",
      "confidence": 0.52,
      "attests_llm_decided": true,
      "notes_written": 26,
      "protocol": {
        "digest": "sha256:d403d741144df7513e4dbb69fd254b6b95f6a7aba3b7aeba26fd959fc26dbfb8",
        "version": 3,
        "reduced_this_decision": false
      },
      "flags": [
        "[conflict:direction] event (bearish) vs sentiment (bullish), gap 2.00 \u2014 event dominates: confidence 0.45 against 0.35",
        "[conflict:direction] event (bearish) vs earnings (bullish), gap 12.00 \u2014 earnings dominates: confidence 0.72 against 0.45",
        "[conflict:conviction] sentiment (bullish) vs earnings (bullish), gap 0.37 \u2014 earnings dominates: confidence 0.72 against 0.35"
      ],
      "fill": "confirmed_unfilled",
      "fill_alarm": false
    },
    {
      "seq": 858,
      "symbol": "TSLAUSDT",
      "verdict": "no_trade",
      "quantity": "0",
      "confidence": 0.42,
      "attests_llm_decided": true,
      "notes_written": 29,
      "protocol": {
        "digest": "sha256:d403d741144df7513e4dbb69fd254b6b95f6a7aba3b7aeba26fd959fc26dbfb8",
        "version": 3,
        "reduced_this_decision": false
      },
      "flags": [
        "[conflict:conviction] sentiment (bearish) vs earnings (bearish), gap 0.27 \u2014 earnings dominates: confidence 0.72 against 0.45",
        "[grounding] 1 of 7 figure(s) do not resolve to anything the desk was given: 1.25%",
        "[grounding] an unattributable number in a thesis is the easiest place for an unsupported fact to enter the record"
      ],
      "fill": "confirmed_unfilled",
      "fill_alarm": false
    },
    {
      "seq": 859,
      "symbol": "AAPLUSDT",
      "verdict": "no_trade",
      "quantity": "0",
      "confidence": 0.42,
      "attests_llm_decided": true,
      "notes_written": 25,
      "protocol": {
        "digest": "sha256:d403d741144df7513e4dbb69fd254b6b95f6a7aba3b7aeba26fd959fc26dbfb8",
        "version": 3,
        "reduced_this_decision": false
      },
      "flags": [
        "[conflict:direction] sentiment (bearish) vs earnings (bullish), gap 14.00 \u2014 earnings dominates: confidence 0.55 against 0.45"
      ],
      "fill": "confirmed_unfilled",
      "fill_alarm": false
    },
    {
      "seq": 860,
      "symbol": "MSFTUSDT",
      "verdict": "no_trade",
      "quantity": "0",
      "confidence": 0.58,
      "attests_llm_decided": true,
      "notes_written": 28,
      "protocol": {
        "digest": "sha256:d403d741144df7513e4dbb69fd254b6b95f6a7aba3b7aeba26fd959fc26dbfb8",
        "version": 3,
        "reduced_this_decision": false
      },
      "flags": [
        "[conflict:magnitude] event (bearish) vs sentiment (bearish), gap 55.00 \u2014 event dominates: confidence 0.72 against 0.38",
        "[conflict:direction] event (bearish) vs earnings (bullish), gap 59.00 \u2014 earnings dominates: 9 distinct sources against 6",
        "[conflict:direction] sentiment (bearish) vs earnings (bullish), gap 4.00 \u2014 earnings dominates: confidence 0.62 against 0.38"
      ],
      "fill": "confirmed_unfilled",
      "fill_alarm": false
    },
    {
      "seq": 861,
      "symbol": "METAUSDT",
      "verdict": "no_trade",
      "quantity": "0",
      "confidence": 0.55,
      "attests_llm_decided": true,
      "notes_written": 23,
      "protocol": {
        "digest": "sha256:d403d741144df7513e4dbb69fd254b6b95f6a7aba3b7aeba26fd959fc26dbfb8",
        "version": 3,
        "reduced_this_decision": false
      },
      "flags": [
        "[conflict:direction] sentiment (bullish) vs earnings (bearish), gap 31.00 \u2014 earnings dominates: confidence 0.62 against 0.35"
      ],
      "fill": "confirmed_unfilled",
      "fill_alarm": false
    },
    {
      "seq": 862,
      "symbol": "GOOGLUSDT",
      "verdict": "no_trade",
      "quantity": "0",
      "confidence": 0.42,
      "attests_llm_decided": true,
      "notes_written": 26,
      "protocol": {
        "digest": "sha256:d403d741144df7513e4dbb69fd254b6b95f6a7aba3b7aeba26fd959fc26dbfb8",
        "version": 3,
        "reduced_this_decision": false
      },
      "flags": [
        "[conflict:direction] sentiment (bearish) vs earnings (bullish), gap 41.00 \u2014 earnings dominates: confidence 0.72 against 0.45"
      ],
      "fill": "confirmed_unfilled",
      "fill_alarm": false
    },
    {
      "seq": 863,
      "symbol": "AMZNUSDT",
      "verdict": "no_trade",
      "quantity": "0",
      "confidence": 0.55,
      "attests_llm_decided": true,
      "notes_written": 25,
      "protocol": {
        "digest": "sha256:d403d741144df7513e4dbb69fd254b6b95f6a7aba3b7aeba26fd959fc26dbfb8",
        "version": 3,
        "reduced_this_decision": false
      },
      "flags": [
        "[conflict:conviction] sentiment (insufficient_evidence) vs cross_asset (insufficient_evidence), gap 0.30 \u2014 sentiment dominates: confidence 0.30 against 0.00"
      ],
      "fill": "confirmed_unfilled",
      "fill_alarm": false
    },
    {
      "seq": 864,
      "symbol": "COINUSDT",
      "verdict": "no_trade",
      "quantity": "0",
      "confidence": 0.62,
      "attests_llm_decided": true,
      "notes_written": 26,
      "protocol": {
        "digest": "sha256:d403d741144df7513e4dbb69fd254b6b95f6a7aba3b7aeba26fd959fc26dbfb8",
        "version": 3,
        "reduced_this_decision": false
      },
      "flags": [
        "[conflict:direction] event (bearish) vs sentiment (bullish), gap 112.00 \u2014 event dominates: confidence 0.55 against 0.45",
        "[conflict:direction] sentiment (bullish) vs earnings (bearish), gap 112.00 \u2014 earnings dominates: confidence 0.82 against 0.45"
      ],
      "fill": "confirmed_unfilled",
      "fill_alarm": false
    },
    {
      "seq": 865,
      "symbol": "MSTRUSDT",
      "verdict": "no_trade",
      "quantity": "0",
      "confidence": 0.45,
      "attests_llm_decided": true,
      "notes_written": 30,
      "protocol": {
        "digest": "sha256:d403d741144df7513e4dbb69fd254b6b95f6a7aba3b7aeba26fd959fc26dbfb8",
        "version": 3,
        "reduced_this_decision": false
      },
      "flags": [
        "[conflict:magnitude] sentiment (bearish) vs earnings (bearish), gap 146.00 \u2014 earnings dominates: confidence 0.65 against 0.38",
        "[grounding] 2 of 9 figure(s) do not resolve to anything the desk was given: 2.35%",
        "[grounding] an unattributable number in a thesis is the easiest place for an unsupported fact to enter the record"
      ],
      "fill": "confirmed_unfilled",
      "fill_alarm": false
    },
    {
      "seq": 866,
      "symbol": "QQQUSDT",
      "verdict": "no_trade",
      "quantity": "0",
      "confidence": 0.55,
      "attests_llm_decided": true,
      "notes_written": 26,
      "protocol": {
        "digest": "sha256:d403d741144df7513e4dbb69fd254b6b95f6a7aba3b7aeba26fd959fc26dbfb8",
        "version": 3,
        "reduced_this_decision": false
      },
      "flags": [],
      "fill": "confirmed_unfilled",
      "fill_alarm": false
    },
    {
      "seq": 867,
      "symbol": "TQQQUSDT",
      "verdict": "no_trade",
      "quantity": "0",
      "confidence": 0.68,
      "attests_llm_decided": true,
      "notes_written": 26,
      "protocol": {
        "digest": "sha256:d403d741144df7513e4dbb69fd254b6b95f6a7aba3b7aeba26fd959fc26dbfb8",
        "version": 3,
        "reduced_this_decision": false
      },
      "flags": [],
      "fill": "confirmed_unfilled",
      "fill_alarm": false
    }
  ],
  "settled_this_cycle": [
    {
      "seq": 807,
      "symbol": "NVDAUSDT",
      "abstention": true,
      "counterfactual_move_bps": "-55.1072"
    },
    {
      "seq": 808,
      "symbol": "TSLAUSDT",
      "abstention": true,
      "counterfactual_move_bps": "-199.1955"
    },
    {
      "seq": 809,
      "symbol": "AAPLUSDT",
      "abstention": true,
      "counterfactual_move_bps": "-253.2759"
    },
    {
      "seq": 810,
      "symbol": "MSFTUSDT",
      "abstention": true,
      "counterfactual_move_bps": "-79.2235"
    },
    {
      "seq": 811,
      "symbol": "METAUSDT",
      "abstention": true,
      "counterfactual_move_bps": "77.4849"
    },
    {
      "seq": 812,
      "symbol": "GOOGLUSDT",
      "abstention": true,
      "counterfactual_move_bps": "-35.5026"
    },
    {
      "seq": 813,
      "symbol": "AMZNUSDT",
      "abstention": true,
      "counterfactual_move_bps": "19.8469"
    },
    {
      "seq": 814,
      "symbol": "COINUSDT",
      "abstention": true,
      "counterfactual_move_bps": "-141.1164"
    },
    {
      "seq": 815,
      "symbol": "MSTRUSDT",
      "abstention": true,
      "counterfactual_move_bps": "-198.0325"
    },
    {
      "seq": 816,
      "symbol": "QQQUSDT",
      "abstention": true,
      "counterfactual_move_bps": "21.0669"
    },
    {
      "causal_chains_graded": 7
    }
  ],
  "postmortem": {
    "at": "2026-09-29T17:40:42.052079+00:00",
    "triggers": [
      "10 settlements since the last postmortem"
    ],
    "gate_autopsy": {
      "decisions": 867,
      "unreached": []
    },
    "diagnosis": {
      "sample": 646,
      "refused": "",
      "causes": [],
      "adopted_remedies_that_fired_again": []
    }
  },
  "marked_this_cycle": [
    {
      "seq": 848,
      "symbol": "NVDAUSDT",
      "horizon_hours": 2.0057,
      "move_bps": "-76.6366",
      "lean": "up"
    },
    {
      "seq": 849,
      "symbol": "TSLAUSDT",
      "horizon_hours": 2.0057,
      "move_bps": "-37.5071",
      "lean": "down"
    },
    {
      "seq": 850,
      "symbol": "AAPLUSDT",
      "horizon_hours": 2.0057,
      "move_bps": "-4.2089",
      "lean": "up"
    },
    {
      "seq": 851,
      "symbol": "MSFTUSDT",
      "horizon_hours": 2.0057,
      "move_bps": "-70.4612",
      "lean": "up"
    },
    {
      "seq": 852,
      "symbol": "METAUSDT",
      "horizon_hours": 2.0057,
      "move_bps": "94.5863",
      "lean": "down"
    },
    {
      "seq": 853,
      "symbol": "GOOGLUSDT",
      "horizon_hours": 2.0057,
      "move_bps": "15.0398",
      "lean": "down"
    },
    {
      "seq": 854,
      "symbol": "AMZNUSDT",
      "horizon_hours": 2.0057,
      "move_bps": "34.4786",
      "lean": "up"
    },
    {
      "seq": 855,
      "symbol": "COINUSDT",
      "horizon_hours": 2.0057,
      "move_bps": "-99.3568",
      "lean": "down"
    },
    {
      "seq": 856,
      "symbol": "MSTRUSDT",
      "horizon_hours": 2.0057,
      "move_bps": "35.3172",
      "lean": "down"
    }
  ],
  "tokens_spent": 305380,
  "unreported_calls": 0,
  "token_budget": 330000,
  "stopped_early": "stopped after 11 of 12 symbol(s): 24620 token(s) left of 330000, below the 25000 a symbol costs. The symbols not reached were not decided, and no decision was recorded for them.",
  "chain": {
    "entries": 867,
    "chain_intact": true,
    "links_intact": true,
    "first_break_at": null,
    "truncated": false,
    "anchor": "anchor agrees with the log",
    "head_hash": "b66209f01c38daab",
    "tampered_settlements": [],
    "unsealed_settlements": []
  },
  "protocol": "argus-paper-v1 v3 (sha256:d403d741144df7513e4dbb69fd254b6b95f6a7aba3b7aeba26fd959fc26dbfb8)",
  "resumed": [],
  "fill_alarms": []
}
exit=0

cycle 68: 5 claim(s) on MSTRUSDT, head ff5fcedfe47d9d77
    resolves 2026-09-30T18:17
    resolves 2026-10-02T18:17
    resolves 2026-10-06T18:17
    resolves 2026-10-13T18:17
    resolves 2026-10-29T18:17
  anchored to 4 calendar(s)

  173 claim(s) resolve inside the window and 257 are still open when it starts
cadence_exit=0
8 claim(s) resolved this run
  Γ£ô NVDAUSDT abs_move_above_bps 161.59 by 2026-09-29T16:15 (p=0.60) [f1e6be449a5d]  observed |833.61| = 833.61
  Γ£ù TSLAUSDT abs_move_above_bps 188.12 by 2026-09-29T18:14 (p=0.60) [9ddcda0c85d9]  observed |-119.13| = 119.13
  Γ£ô METAUSDT abs_move_above_bps 156.81 by 2026-09-29T16:19 (p=0.60) [46f3627d19dc]  observed |-285.39| = 285.39
  Γ£ô GOOGLUSDT abs_move_above_bps 138.15 by 2026-09-29T18:08 (p=0.60) [3314c2feb6d3]  observed |-392.02| = 392.02
  Γ£ô COINUSDT abs_move_above_bps 176.44 by 2026-09-29T16:15 (p=0.60) [400bc3be729f]  observed |-294.16| = 294.16
  Γ£ô MSTRUSDT abs_move_above_bps 288.07 by 2026-09-29T18:15 (p=0.60) [95b1a89ba5ca]  observed |-400.50| = 400.50
  Γ£ô MSFTUSDT abs_move_above_bps 40.41 by 2026-09-29T16:11 (p=0.60) [e343ec00d58b]  observed |-67.31| = 67.31
  Γ£ô METAUSDT abs_move_above_bps 61.17 by 2026-09-29T18:13 (p=0.60) [5d4bb7e5bd57]  observed |106.30| = 106.30

REGISTER ΓÇö 346 claim(s), 184 resolved, 160 pending, 2 unresolvable
  argus                 184 resolved  Brier 0.2175  hit rate 71%

  THE WALL ΓÇö 53 claim(s) we got wrong, most confident first:
    Γ£ù NVDAUSDT abs_move_above_bps 45.46 by 2026-09-15T09:21 (p=0.60) [381cbc033f4b]  observed |12.25| = 12.25
    Γ£ù TSLAUSDT abs_move_above_bps 50.23 by 2026-09-15T09:21 (p=0.60) [c387181dd2e6]  observed |-5.58| = 5.58
    Γ£ù AAPLUSDT abs_move_above_bps 37.55 by 2026-09-15T09:21 (p=0.60) [2588c7bcd941]  observed |-12.37| = 12.37
    Γ£ù AMZNUSDT abs_move_above_bps 40.7 by 2026-09-15T09:21 (p=0.60) [d71b10a405eb]  observed |-32.76| = 32.76
    Γ£ù MSTRUSDT abs_move_above_bps 138.15 by 2026-09-15T09:21 (p=0.60) [919de6cb9750]  observed |-22.67| = 22.67
    Γ£ù TSLAUSDT abs_move_above_bps 50.28 by 2026-09-16T18:14 (p=0.60) [5eec2201b2a4]  observed |-13.14| = 13.14
    Γ£ù AAPLUSDT abs_move_above_bps 37.55 by 2026-09-16T20:11 (p=0.60) [4ae4dfa61cdf]  observed |33.15| = 33.15
    Γ£ù METAUSDT abs_move_above_bps 66.48 by 2026-09-17T16:11 (p=0.60) [fe99a2216199]  observed |41.36| = 41.36
    Γ£ù TQQQUSDT abs_move_above_bps 182.37 by 2026-09-17T18:17 (p=0.60) [394c43522a43]  observed |168.28| = 168.28
    Γ£ù QQQUSDT abs_move_above_bps 31.84 by 2026-09-18T18:10 (p=0.60) [933c2db4e3a6]  observed |14.50| = 14.50

written to argus\data\register_scoreboard.json
register_exit=0
CYCLE CHECK ΓÇö cycle_2026-09-29_2300.log

  PASS     exit_code
           process exited 0
  FAIL     symbols_decided
           11 of 12 symbols produced a decision
  FAIL     ran_to_completion
           stopped after 11 of 12 symbol(s): 24620 token(s) left of 330000, below the 25000 a symbol costs. The symbols not reached were not decided, and no decision was recorded for them.
  PASS     token_budget
           305,380 of 330,000 spent (93%)
  PASS     cumulative_tokens
           19,091,260 token(s) across 66 recorded cycle(s), 289,262 per cycle ΓÇö roughly 1,157,046/day at four cycles. The key's remaining balance is not observable from here; this is the burn rate, not a runway
  FAIL     budget_not_exhausted
           the budget ended the cycle before the guard had to ΓÇö stopped after 11 of 12 symbol(s): 24620 token(s) left of 330000, below the 25000 a symbol costs. The symbols not reached were not decided, and no decision was recorded for them.
  PASS     chain_intact
           the hash chain verified after the write
  PASS     leans_recorded
           11 of 11 row(s) carry a lean and a lean_confidence
  PASS     leans_gradeable
           10 of 11 decision(s) state a direction (4 up, 6 down, 1 none)
  PASS     verdicts_parsed
           every verdict parsed
  PASS     session
           session phase(s) seen: rth  <-- price discovery

  8/11 checks passed. FAILED ΓÇö symbols_decided: 11 of 12 symbols produced a decision; ran_to_completion: stopped after 11 of 12 symbol(s): 24620 token(s) left of 330000, below the 25000 a symbol costs. The symbols not reached were not decided, and no decision was recorded for them.; budget_not_exhausted: the budget ended the cycle before the guard had to ΓÇö stopped after 11 of 12 symbol(s): 24620 token(s) left of 330000, below the 25000 a symbol costs. The symbols not reached were not decided, and no decision was recorded for them.. **FALSIFIER FIRED**: this cycle had price discovery and the desk still proposed no exposure on any symbol. eval/autopsy.py named exactly this as the observation that moves the cause of the abstentions from the sampling to the desk. Its conclusion is now refuted and must be rewritten, not defended

written to argus\data\cycle_check.json
check_exit=1
REFUSAL ALPHA ù 622 mark(s)

  horizon              marks  directional  correct  coverage  accuracy  forgone
  about_2h               465          463      265   99.6%   57.2%    -7.8
  4h_to_12h                1            1        0  100.0%    0.0%   -51.7
  overnight_12h_plus     156          152       71   97.4%   46.7%   -19.5

  At the `about_2h` horizon: 265 of 463 directional calls went the right way. 95% interval (bootstrap over 42 decision cycles) 51.4% to 62.9%. It excludes a coin flip. But calling `up` every time was right 53.1% of the time, and cycle by cycle the lean beat that naive call 19 times and lost 16 (7 tied) ù so there is no evidence yet that the lean knows more than the direction of the tape. Median net edge forgone by standing aside: -7.8bps after a 12.0bps round trip ù refusing saved money on the typical decision.

written to argus\data\refusal_alpha.json

REASON AGAINST RECORD ù 864 refusal(s) on record; 433 carried at least one reason the record can check. Of 913 decision-time reason(s) graded, 913 agreed with the record and 0 contradicted it. `moves_enough` claims were borne out by the next ~2h move 58 of 82 time(s) (71%), against 70% for every ~2h refusal mark (one-sided exact binomial p = 0.47); no evidence the stated reason says more than the base rate does.
written to argus\data\refusal_reasons.json
refusal_exit=0
15 panel(s); 3 figure(s) not yet measurable
  unavailable: Sharpe ╖ drawdown ╖ win rate ╖ Sharpe
  unavailable: Sharpe ╖ drawdown ╖ win rate ╖ max drawdown
  unavailable: Search bake-off ╖ stable winner
written to argus\cockpit.html
cockpit_exit=0
recorded 5 probe(s) at 2026-09-29 18:17 UTC: 5 answered
status_record_exit=0
publish_skipped: cycle check exit 1
