=== ARGUS paper cycle 2026-09-17_1900 ===
sampling MSTRUSDT for 90s (rth)...

MARKOUT ΓÇö MSTRUSDT, 90s of rth, 69 book sample(s), 12 print(s), 0% flagged RPI

   horizon  prints    median      mean     worst
        5s       0    +0.000    +0.000    +0.000
       15s       0    +0.000    +0.000    +0.000
       30s       0    +0.000    +0.000    +0.000
       60s       0    +0.000    +0.000    +0.000

  0 joined print(s) at the 5s horizon over 90s of MSTRUSDT (rth) ΓÇö below the 20 this module will draw a conclusion from. The sample says the book was quiet, not that resting here is safe

written to argus\data\markout.json
markout_exit=0
EXECUTABLE COST ΓÇö slippage in bps against mid, taking the ask

symbol         quoted      $1000      $5000     $25000    $100000
-----------------------------------------------------------------
NVDAUSDT         0.91       0.55       1.84       4.33      10.29
TSLAUSDT         4.88       5.64       6.16       8.44      16.55
AAPLUSDT         0.30       1.50       4.63       8.61      18.24
MSFTUSDT         3.62       2.70       3.76       4.69      15.72
METAUSDT         3.11       7.17       9.89      18.09          ΓÇö
GOOGLUSDT        3.44       2.50       3.22       5.04      10.67
AMZNUSDT         2.79       4.74       5.69       7.42      15.97
COINUSDT         7.72       8.44      10.77      15.02      40.86
MSTRUSDT         1.53       1.52       5.09       7.25      13.63
QQQUSDT          0.14       0.15       0.51       0.88       2.67
TQQQUSDT         1.41       1.84       4.45      14.02      32.33
SQQQUSDT         5.15       4.65       6.91      14.30      38.31

12 book(s) written to argus\data\depth.json
depth_exit=0
recorded 12 snapshot(s) to argus\data\book_tape.jsonl

  264 snapshots over 74.614h: a near-touch level holds a median 2.94 contracts. **Change is reported per horizon, not pooled** ΓÇö a level moves a very different share of itself over 30 seconds than over an hour, and one median over both is a number about the sampling schedule rather than about the book. The shortest horizon with at least 100 observations is `under_30s`, where a level moves a median 24.0% of itself ΓÇö that is the figure the simulator should take, being nearest the per-event timescale it models. The attribution rule ΓÇö which side of a resting order a decrease came from ΓÇö is not in this data and cannot be, so it stays a swept assumption rather than a measurement.

written to argus\data\book_calibration.json
bookcalib_exit=0
  NVDAUSDT: extended=13.9 overnight=12.8 rth=31.4 weekend=5.2 | reopen=52.6 (1.7x rth, n=63)
      throttle now x1 ΓÇö the next 24 bar(s) are expected to move 22.1bps per bar against a 31.4bps regular-hours bar; no reduction, and this layer may not size up
  TSLAUSDT: extended=14.6 overnight=12.7 rth=37.7 weekend=6.4 | reopen=77.1 (2.0x rth, n=63)
      throttle now x1 ΓÇö the next 24 bar(s) are expected to move 27.1bps per bar against a 37.7bps regular-hours bar; no reduction, and this layer may not size up
  AAPLUSDT: extended=10.5 overnight=7.7 rth=23.7 weekend=5.3 | reopen=43.8 (1.8x rth, n=63)
      throttle now x1 ΓÇö the next 24 bar(s) are expected to move 16.8bps per bar against a 23.7bps regular-hours bar; no reduction, and this layer may not size up
  MSFTUSDT: extended=13.3 overnight=9.0 rth=26.1 weekend=5.9 | reopen=46.1 (1.8x rth, n=63)
      throttle now x1 ΓÇö the next 24 bar(s) are expected to move 18.8bps per bar against a 26.1bps regular-hours bar; no reduction, and this layer may not size up
  METAUSDT: extended=14.7 overnight=10.1 rth=33.4 weekend=6.4 | reopen=68.4 (2.0x rth, n=63)
      throttle now x1 ΓÇö the next 24 bar(s) are expected to move 24.2bps per bar against a 33.4bps regular-hours bar; no reduction, and this layer may not size up
  GOOGLUSDT: extended=13.6 overnight=9.2 rth=22.9 weekend=5.6 | reopen=49.3 (2.2x rth, n=63)
      throttle now x1 ΓÇö the next 24 bar(s) are expected to move 18.2bps per bar against a 22.9bps regular-hours bar; no reduction, and this layer may not size up
  AMZNUSDT: extended=12.7 overnight=7.7 rth=23.2 weekend=4.9 | reopen=41.2 (1.8x rth, n=63)
      throttle now x1 ΓÇö the next 24 bar(s) are expected to move 16.9bps per bar against a 23.2bps regular-hours bar; no reduction, and this layer may not size up
  COINUSDT: extended=29.1 overnight=19.2 rth=62.0 weekend=13.9 | reopen=95.7 (1.5x rth, n=63)
      throttle now x1 ΓÇö the next 24 bar(s) are expected to move 42.2bps per bar against a 62.0bps regular-hours bar; no reduction, and this layer may not size up
  MSTRUSDT: extended=39.1 overnight=30.8 rth=66.3 weekend=18.8 | reopen=103.0 (1.6x rth, n=63)
      throttle now x1 ΓÇö the next 24 bar(s) are expected to move 49.3bps per bar against a 66.3bps regular-hours bar; no reduction, and this layer may not size up
  QQQUSDT: extended=9.1 overnight=10.2 rth=15.0 weekend=4.0 | reopen=28.3 (1.9x rth, n=63)
      throttle now x1 ΓÇö the next 24 bar(s) are expected to move 12.5bps per bar against a 15.0bps regular-hours bar; no reduction, and this layer may not size up
  TQQQUSDT: extended=26.0 overnight=30.4 rth=46.4 weekend=8.5 | reopen=90.3 (1.9x rth, n=63)
      throttle now x1 ΓÇö the next 24 bar(s) are expected to move 37.9bps per bar against a 46.4bps regular-hours bar; no reduction, and this layer may not size up
  SQQQUSDT: extended=26.1 overnight=31.5 rth=47.6 weekend=8.1 | reopen=88.8 (1.9x rth, n=63)
      throttle now x1 ΓÇö the next 24 bar(s) are expected to move 38.5bps per bar against a 47.6bps regular-hours bar; no reduction, and this layer may not size up

12 profile(s) written to argus\data\session_risk.json
session_risk_exit=0
symbol        RTH bps/h  wknd bps/h  attenuation  anchor
NVDAUSDT          31.25        4.52         6.91  OK
TSLAUSDT          37.48        6.35         5.91  OK
AAPLUSDT          25.58        4.36         5.86  OK
MSFTUSDT          25.16        4.70         5.35  OK
METAUSDT          34.26        5.56         6.16  OK
GOOGLUSDT         23.97        5.41         4.43  OK
AMZNUSDT          23.90        3.80         6.28  OK
COINUSDT          64.45       12.34         5.22  OK
MSTRUSDT          67.35       17.86         3.77  OK
QQQUSDT           15.52        3.63         4.28  OK
TQQQUSDT          47.46        7.12         6.67  OK
SQQQUSDT          46.53        5.48         8.49  OK

  all 12 shipped instruments still attenuate past 2.5x when the anchor market shuts

written to argus\data\universe_validation.json
universe_exit=0
  NVDAUSDT hedged with NVDA index (all): r=+0.989 [95% low +0.988], optimal ratio 0.984 removes 97.9% of variance, one-for-one removes 97.9%, n=1438
  NVDAUSDT hedged with NVDA index (extended): r=+0.998 [95% low +0.998], optimal ratio 0.989 removes 99.6% of variance, one-for-one removes 99.6%, n=434
  NVDAUSDT hedged with NVDA index (overnight): r=+0.995 [95% low +0.994], optimal ratio 0.993 removes 99.0% of variance, one-for-one removes 98.9%, n=347
  NVDAUSDT hedged with NVDA index (rth): r=+0.999 [95% low +0.999], optimal ratio 0.987 removes 99.8% of variance, one-for-one removes 99.8%, n=257
  NVDAUSDT hedged with NVDA index (weekend): r=+0.997 [95% low +0.996], optimal ratio 0.996 removes 99.4% of variance, one-for-one removes 99.4%, n=397
  TSLAUSDT hedged with TSLA index (all): r=+0.991 [95% low +0.990], optimal ratio 0.994 removes 98.2% of variance, one-for-one removes 98.2%, n=1438
  TSLAUSDT hedged with TSLA index (extended): r=+0.999 [95% low +0.998], optimal ratio 0.997 removes 99.7% of variance, one-for-one removes 99.7%, n=434
  TSLAUSDT hedged with TSLA index (overnight): r=+0.997 [95% low +0.997], optimal ratio 1.003 removes 99.5% of variance, one-for-one removes 99.5%, n=347
  TSLAUSDT hedged with TSLA index (rth): r=+1.000 [95% low +1.000], optimal ratio 0.999 removes 99.9% of variance, one-for-one removes 99.9%, n=257
  TSLAUSDT hedged with TSLA index (weekend): r=+0.998 [95% low +0.997], optimal ratio 0.998 removes 99.6% of variance, one-for-one removes 99.6%, n=397
  AAPLUSDT hedged with AAPL index (all): r=+0.988 [95% low +0.987], optimal ratio 0.982 removes 97.7% of variance, one-for-one removes 97.6%, n=1438
  AAPLUSDT hedged with AAPL index (extended): r=+0.996 [95% low +0.995], optimal ratio 0.980 removes 99.2% of variance, one-for-one removes 99.2%, n=434
  AAPLUSDT hedged with AAPL index (overnight): r=+0.997 [95% low +0.996], optimal ratio 1.001 removes 99.3% of variance, one-for-one removes 99.3%, n=347
  AAPLUSDT hedged with AAPL index (rth): r=+0.999 [95% low +0.999], optimal ratio 0.988 removes 99.8% of variance, one-for-one removes 99.8%, n=257
  AAPLUSDT hedged with AAPL index (weekend): r=+0.996 [95% low +0.995], optimal ratio 0.999 removes 99.2% of variance, one-for-one removes 99.2%, n=397
  MSFTUSDT hedged with MSFT index (all): r=+0.991 [95% low +0.990], optimal ratio 0.989 removes 98.3% of variance, one-for-one removes 98.3%, n=1438
  MSFTUSDT hedged with MSFT index (extended): r=+0.998 [95% low +0.997], optimal ratio 0.996 removes 99.6% of variance, one-for-one removes 99.5%, n=434
  MSFTUSDT hedged with MSFT index (overnight): r=+0.996 [95% low +0.996], optimal ratio 0.997 removes 99.3% of variance, one-for-one removes 99.3%, n=347
  MSFTUSDT hedged with MSFT index (rth): r=+0.999 [95% low +0.999], optimal ratio 0.982 removes 99.8% of variance, one-for-one removes 99.8%, n=257
  MSFTUSDT hedged with MSFT index (weekend): r=+0.999 [95% low +0.999], optimal ratio 1.011 removes 99.8% of variance, one-for-one removes 99.8%, n=397
  METAUSDT hedged with META index (all): r=+0.994 [95% low +0.993], optimal ratio 0.991 removes 98.7% of variance, one-for-one removes 98.7%, n=1438
  METAUSDT hedged with META index (extended): r=+0.998 [95% low +0.998], optimal ratio 0.988 removes 99.6% of variance, one-for-one removes 99.6%, n=434
  METAUSDT hedged with META index (overnight): r=+0.998 [95% low +0.997], optimal ratio 1.005 removes 99.5% of variance, one-for-one removes 99.5%, n=347
  METAUSDT hedged with META index (rth): r=+0.999 [95% low +0.999], optimal ratio 0.999 removes 99.8% of variance, one-for-one removes 99.8%, n=257
  METAUSDT hedged with META index (weekend): r=+0.998 [95% low +0.998], optimal ratio 1.002 removes 99.7% of variance, one-for-one removes 99.7%, n=397
  GOOGLUSDT hedged with GOOGL index (all): r=+0.986 [95% low +0.984], optimal ratio 0.997 removes 97.2% of variance, one-for-one removes 97.2%, n=1438
  GOOGLUSDT hedged with GOOGL index (extended): r=+0.997 [95% low +0.996], optimal ratio 1.007 removes 99.3% of variance, one-for-one removes 99.3%, n=434
  GOOGLUSDT hedged with GOOGL index (overnight): r=+0.997 [95% low +0.996], optimal ratio 1.008 removes 99.3% of variance, one-for-one removes 99.3%, n=347
  GOOGLUSDT hedged with GOOGL index (rth): r=+0.999 [95% low +0.999], optimal ratio 0.987 removes 99.8% of variance, one-for-one removes 99.8%, n=257
  GOOGLUSDT hedged with GOOGL index (weekend): r=+0.997 [95% low +0.997], optimal ratio 1.001 removes 99.4% of variance, one-for-one removes 99.4%, n=397
  AMZNUSDT hedged with AMZN index (all): r=+0.989 [95% low +0.988], optimal ratio 0.997 removes 97.9% of variance, one-for-one removes 97.9%, n=1438
  AMZNUSDT hedged with AMZN index (extended): r=+0.997 [95% low +0.996], optimal ratio 1.002 removes 99.3% of variance, one-for-one removes 99.3%, n=434
  AMZNUSDT hedged with AMZN index (overnight): r=+0.998 [95% low +0.997], optimal ratio 1.003 removes 99.6% of variance, one-for-one removes 99.6%, n=347
  AMZNUSDT hedged with AMZN index (rth): r=+0.998 [95% low +0.998], optimal ratio 0.988 removes 99.7% of variance, one-for-one removes 99.7%, n=257
  AMZNUSDT hedged with AMZN index (weekend): r=+0.999 [95% low +0.998], optimal ratio 0.999 removes 99.7% of variance, one-for-one removes 99.7%, n=397
  COINUSDT hedged with COIN index (all): r=+0.992 [95% low +0.991], optimal ratio 0.996 removes 98.4% of variance, one-for-one removes 98.4%, n=1438
  COINUSDT hedged with COIN index (extended): r=+0.998 [95% low +0.998], optimal ratio 0.996 removes 99.6% of variance, one-for-one removes 99.6%, n=434
  COINUSDT hedged with COIN index (overnight): r=+0.997 [95% low +0.996], optimal ratio 0.991 removes 99.4% of variance, one-for-one removes 99.4%, n=347
  COINUSDT hedged with COIN index (rth): r=+0.999 [95% low +0.999], optimal ratio 0.996 removes 99.9% of variance, one-for-one removes 99.9%, n=257
  COINUSDT hedged with COIN index (weekend): r=+0.998 [95% low +0.998], optimal ratio 0.999 removes 99.7% of variance, one-for-one removes 99.7%, n=397
  MSTRUSDT hedged with MSTR index (all): r=+0.990 [95% low +0.989], optimal ratio 0.993 removes 98.0% of variance, one-for-one removes 98.0%, n=1438
  MSTRUSDT hedged with MSTR index (extended): r=+0.999 [95% low +0.999], optimal ratio 0.993 removes 99.8% of variance, one-for-one removes 99.8%, n=434
  MSTRUSDT hedged with MSTR index (overnight): r=+0.995 [95% low +0.994], optimal ratio 0.991 removes 99.0% of variance, one-for-one removes 99.0%, n=347
  MSTRUSDT hedged with MSTR index (rth): r=+1.000 [95% low +1.000], optimal ratio 0.996 removes 99.9% of variance, one-for-one removes 99.9%, n=257
  MSTRUSDT hedged with MSTR index (weekend): r=+0.998 [95% low +0.997], optimal ratio 0.999 removes 99.6% of variance, one-for-one removes 99.6%, n=397
  QQQUSDT hedged with QQQ index (all): r=+0.980 [95% low +0.978], optimal ratio 0.983 removes 96.0% of variance, one-for-one removes 96.0%, n=1438
  QQQUSDT hedged with QQQ index (extended): r=+0.996 [95% low +0.995], optimal ratio 0.984 removes 99.2% of variance, one-for-one removes 99.2%, n=434
  QQQUSDT hedged with QQQ index (overnight): r=+0.994 [95% low +0.992], optimal ratio 1.007 removes 98.7% of variance, one-for-one removes 98.7%, n=347
  QQQUSDT hedged with QQQ index (rth): r=+0.998 [95% low +0.997], optimal ratio 0.990 removes 99.6% of variance, one-for-one removes 99.6%, n=257
  QQQUSDT hedged with QQQ index (weekend): r=+0.989 [95% low +0.986], optimal ratio 0.999 removes 97.8% of variance, one-for-one removes 97.8%, n=397
  TQQQUSDT hedged with TQQQ index (all): r=+0.985 [95% low +0.983], optimal ratio 0.992 removes 96.9% of variance, one-for-one removes 96.9%, n=1438
  TQQQUSDT hedged with TQQQ index (extended): r=+0.998 [95% low +0.997], optimal ratio 0.987 removes 99.6% of variance, one-for-one removes 99.5%, n=434
  TQQQUSDT hedged with TQQQ index (overnight): r=+0.992 [95% low +0.990], optimal ratio 1.007 removes 98.4% of variance, one-for-one removes 98.4%, n=347
  TQQQUSDT hedged with TQQQ index (rth): r=+0.999 [95% low +0.998], optimal ratio 0.993 removes 99.7% of variance, one-for-one removes 99.7%, n=257
  TQQQUSDT hedged with TQQQ index (weekend): r=+0.992 [95% low +0.990], optimal ratio 1.003 removes 98.4% of variance, one-for-one removes 98.4%, n=397
  SQQQUSDT hedged with SQQQ index (all): r=+0.975 [95% low +0.972], optimal ratio 0.990 removes 95.1% of variance, one-for-one removes 95.1%, n=1438
  SQQQUSDT hedged with SQQQ index (extended): r=+0.996 [95% low +0.995], optimal ratio 0.986 removes 99.2% of variance, one-for-one removes 99.2%, n=434
  SQQQUSDT hedged with SQQQ index (overnight): r=+0.988 [95% low +0.985], optimal ratio 1.012 removes 97.6% of variance, one-for-one removes 97.6%, n=347
  SQQQUSDT hedged with SQQQ index (rth): r=+0.996 [95% low +0.995], optimal ratio 0.997 removes 99.2% of variance, one-for-one removes 99.2%, n=257
  SQQQUSDT hedged with SQQQ index (weekend): r=+0.990 [95% low +0.988], optimal ratio 0.998 removes 98.1% of variance, one-for-one removes 98.1%, n=397

60 measurement(s) written to argus\data\hedge_effectiveness.json
effectiveness_exit=0
{
  "ran_at": "2026-09-17T13:41:45.430168+00:00",
  "decisions_written": [
    {
      "seq": 309,
      "symbol": "NVDAUSDT",
      "verdict": "no_trade",
      "quantity": "0",
      "confidence": 0.58,
      "attests_llm_decided": true,
      "notes_written": 17,
      "protocol": {
        "digest": "sha256:d403d741144df7513e4dbb69fd254b6b95f6a7aba3b7aeba26fd959fc26dbfb8",
        "version": 3,
        "reduced_this_decision": false
      },
      "flags": [
        "[conflict:conviction] event (bullish) vs earnings (bullish), gap 0.37 \u2014 earnings dominates: confidence 0.72 against 0.35",
        "[conflict:conviction] sentiment (bullish) vs earnings (bullish), gap 0.27 \u2014 earnings dominates: confidence 0.72 against 0.45"
      ]
    },
    {
      "seq": 310,
      "symbol": "TSLAUSDT",
      "verdict": "no_trade",
      "quantity": "0",
      "confidence": 0.62,
      "attests_llm_decided": true,
      "notes_written": 18,
      "protocol": {
        "digest": "sha256:d403d741144df7513e4dbb69fd254b6b95f6a7aba3b7aeba26fd959fc26dbfb8",
        "version": 3,
        "reduced_this_decision": false
      },
      "flags": [
        "[conflict:direction] sentiment (bullish) vs earnings (bearish), gap 8.00 \u2014 earnings dominates: confidence 0.62 against 0.35",
        "[grounding] 4 of 10 figure(s) do not resolve to anything the desk was given: 0.40, 0.80, 0.95, 80bps",
        "[grounding] an unattributable number in a thesis is the easiest place for an unsupported fact to enter the record"
      ]
    },
    {
      "seq": 311,
      "symbol": "AAPLUSDT",
      "verdict": "no_trade",
      "quantity": "0",
      "confidence": 0.58,
      "attests_llm_decided": true,
      "notes_written": 15,
      "protocol": {
        "digest": "sha256:d403d741144df7513e4dbb69fd254b6b95f6a7aba3b7aeba26fd959fc26dbfb8",
        "version": 3,
        "reduced_this_decision": false
      },
      "flags": []
    },
    {
      "seq": 312,
      "symbol": "MSFTUSDT",
      "verdict": "no_trade",
      "quantity": "0",
      "confidence": 0.68,
      "attests_llm_decided": true,
      "notes_written": 17,
      "protocol": {
        "digest": "sha256:d403d741144df7513e4dbb69fd254b6b95f6a7aba3b7aeba26fd959fc26dbfb8",
        "version": 3,
        "reduced_this_decision": false
      },
      "flags": []
    },
    {
      "seq": 313,
      "symbol": "METAUSDT",
      "verdict": "no_trade",
      "quantity": "0",
      "confidence": 0.58,
      "attests_llm_decided": true,
      "notes_written": 16,
      "protocol": {
        "digest": "sha256:d403d741144df7513e4dbb69fd254b6b95f6a7aba3b7aeba26fd959fc26dbfb8",
        "version": 3,
        "reduced_this_decision": false
      },
      "flags": [
        "[conflict:direction] sentiment (bullish) vs earnings (bearish), gap 41.00 \u2014 earnings dominates: confidence 0.72 against 0.45",
        "[grounding] 1 of 9 figure(s) do not resolve to anything the desk was given: +258bps",
        "[grounding] an unattributable number in a thesis is the easiest place for an unsupported fact to enter the record"
      ]
    },
    {
      "seq": 314,
      "symbol": "GOOGLUSDT",
      "verdict": "no_trade",
      "quantity": "0",
      "confidence": 0.55,
      "attests_llm_decided": true,
      "notes_written": 17,
      "protocol": {
        "digest": "sha256:d403d741144df7513e4dbb69fd254b6b95f6a7aba3b7aeba26fd959fc26dbfb8",
        "version": 3,
        "reduced_this_decision": false
      },
      "flags": [
        "[conflict:conviction] earnings (insufficient_evidence) vs cross_asset (insufficient_evidence), gap 0.30 \u2014 earnings dominates: confidence 0.30 against 0.00"
      ]
    },
    {
      "seq": 315,
      "symbol": "AMZNUSDT",
      "verdict": "no_trade",
      "quantity": "0",
      "confidence": 0.58,
      "attests_llm_decided": true,
      "notes_written": 19,
      "protocol": {
        "digest": "sha256:d403d741144df7513e4dbb69fd254b6b95f6a7aba3b7aeba26fd959fc26dbfb8",
        "version": 3,
        "reduced_this_decision": false
      },
      "flags": [
        "[conflict:direction] event (bullish) vs sentiment (bearish), gap 107.00 \u2014 event dominates: confidence 0.62 against 0.45",
        "[conflict:magnitude] event (bullish) vs earnings (bullish), gap 74.00 \u2014 earnings dominates: 7 distinct sources against 5",
        "[conflict:direction] sentiment (bearish) vs earnings (bullish), gap 33.00 \u2014 earnings dominates: confidence 0.72 against 0.45",
        "[grounding] 1 of 6 figure(s) do not resolve to anything the desk was given: 155bps",
        "[grounding] an unattributable number in a thesis is the easiest place for an unsupported fact to enter the record"
      ]
    },
    {
      "seq": 316,
      "symbol": "COINUSDT",
      "verdict": "no_trade",
      "quantity": "0",
      "confidence": 0.55,
      "attests_llm_decided": true,
      "notes_written": 17,
      "protocol": {
        "digest": "sha256:d403d741144df7513e4dbb69fd254b6b95f6a7aba3b7aeba26fd959fc26dbfb8",
        "version": 3,
        "reduced_this_decision": false
      },
      "flags": [
        "[conflict:conviction] sentiment (bearish) vs earnings (bearish), gap 0.34 \u2014 earnings dominates: confidence 0.72 against 0.38"
      ]
    },
    {
      "seq": 317,
      "symbol": "MSTRUSDT",
      "verdict": "no_trade",
      "quantity": "0",
      "confidence": 0.55,
      "attests_llm_decided": true,
      "notes_written": 18,
      "protocol": {
        "digest": "sha256:d403d741144df7513e4dbb69fd254b6b95f6a7aba3b7aeba26fd959fc26dbfb8",
        "version": 3,
        "reduced_this_decision": false
      },
      "flags": [
        "[conflict:direction] event (bullish) vs sentiment (bearish), gap 396.00 \u2014 event dominates: confidence 0.55 against 0.35",
        "[conflict:direction] event (bullish) vs earnings (bearish), gap 382.00 \u2014 earnings dominates: 8 distinct sources against 5",
        "[conflict:conviction] sentiment (bearish) vs earnings (bearish), gap 0.20 \u2014 earnings dominates: confidence 0.55 against 0.35"
      ]
    },
    {
      "seq": 318,
      "symbol": "QQQUSDT",
      "verdict": "no_trade",
      "quantity": "0",
      "confidence": 0.55,
      "attests_llm_decided": true,
      "notes_written": 19,
      "protocol": {
        "digest": "sha256:d403d741144df7513e4dbb69fd254b6b95f6a7aba3b7aeba26fd959fc26dbfb8",
        "version": 3,
        "reduced_this_decision": false
      },
      "flags": [
        "[grounding] 1 of 5 figure(s) do not resolve to anything the desk was given: 8",
        "[grounding] an unattributable number in a thesis is the easiest place for an unsupported fact to enter the record"
      ]
    }
  ],
  "settled_this_cycle": [
    {
      "seq": 269,
      "symbol": "NVDAUSDT",
      "abstention": true,
      "counterfactual_move_bps": "218.1631"
    },
    {
      "seq": 270,
      "symbol": "TSLAUSDT",
      "abstention": true,
      "counterfactual_move_bps": "199.2410"
    },
    {
      "seq": 271,
      "symbol": "AAPLUSDT",
      "abstention": true,
      "counterfactual_move_bps": "-90.0256"
    },
    {
      "seq": 272,
      "symbol": "MSFTUSDT",
      "abstention": true,
      "counterfactual_move_bps": "22.1667"
    },
    {
      "seq": 273,
      "symbol": "METAUSDT",
      "abstention": true,
      "counterfactual_move_bps": "-76.4189"
    },
    {
      "seq": 274,
      "symbol": "GOOGLUSDT",
      "abstention": true,
      "counterfactual_move_bps": "29.8507"
    },
    {
      "seq": 275,
      "symbol": "AMZNUSDT",
      "abstention": true,
      "counterfactual_move_bps": "116.9308"
    },
    {
      "seq": 276,
      "symbol": "COINUSDT",
      "abstention": true,
      "counterfactual_move_bps": "-254.1927"
    },
    {
      "seq": 277,
      "symbol": "MSTRUSDT",
      "abstention": true,
      "counterfactual_move_bps": "-7.7567"
    },
    {
      "seq": 278,
      "symbol": "QQQUSDT",
      "abstention": true,
      "counterfactual_move_bps": "78.5303"
    },
    {
      "causal_chains_graded": 4
    }
  ],
  "marked_this_cycle": [
    {
      "seq": 300,
      "symbol": "NVDAUSDT",
      "horizon_hours": 18.0126,
      "move_bps": "213.8688",
      "lean": "up"
    },
    {
      "seq": 301,
      "symbol": "TSLAUSDT",
      "horizon_hours": 18.0126,
      "move_bps": "211.7792",
      "lean": "up"
    },
    {
      "seq": 302,
      "symbol": "AAPLUSDT",
      "horizon_hours": 18.0126,
      "move_bps": "0.6016",
      "lean": "up"
    },
    {
      "seq": 303,
      "symbol": "MSFTUSDT",
      "horizon_hours": 18.0126,
      "move_bps": "154.9770",
      "lean": "up"
    },
    {
      "seq": 304,
      "symbol": "METAUSDT",
      "horizon_hours": 18.0126,
      "move_bps": "9.4868",
      "lean": "up"
    },
    {
      "seq": 305,
      "symbol": "GOOGLUSDT",
      "horizon_hours": 18.0126,
      "move_bps": "85.3854",
      "lean": "up"
    },
    {
      "seq": 306,
      "symbol": "AMZNUSDT",
      "horizon_hours": 18.0126,
      "move_bps": "206.2317",
      "lean": "down"
    },
    {
      "seq": 307,
      "symbol": "COINUSDT",
      "horizon_hours": 18.0126,
      "move_bps": "175.0961",
      "lean": "down"
    },
    {
      "seq": 308,
      "symbol": "MSTRUSDT",
      "horizon_hours": 18.0126,
      "move_bps": "305.6000",
      "lean": "down"
    }
  ],
  "tokens_spent": 314641,
  "unreported_calls": 0,
  "token_budget": 330000,
  "stopped_early": "stopped after 10 of 12 symbol(s): 15359 token(s) left of 330000, below the 25000 a symbol costs. The symbols not reached were not decided, and no decision was recorded for them.",
  "chain": {
    "entries": 318,
    "chain_intact": true,
    "links_intact": true,
    "first_break_at": null,
    "truncated": false,
    "anchor": "anchor agrees with the log",
    "head_hash": "de62cadd57a94e62"
  },
  "protocol": "argus-paper-v1 v3 (sha256:d403d741144df7513e4dbb69fd254b6b95f6a7aba3b7aeba26fd959fc26dbfb8)"
}
exit=0

cycle 19: 5 claim(s) on COINUSDT, head 6c806ca8d67edf3b
    resolves 2026-09-18T14:14
    resolves 2026-09-20T14:14
    resolves 2026-09-24T14:14
    resolves 2026-10-01T14:14
    resolves 2026-10-17T14:14

  21 claim(s) resolve inside the window and 34 are still open when it starts
cadence_exit=0
2 claim(s) resolved this run
  Γ£ô COINUSDT abs_move_above_bps 191.22 by 2026-09-17T10:08 (p=0.60) [8bc9b82cf5f4]  observed -487.7498024161680027097211245
  Γ£ô MSFTUSDT abs_move_above_bps 38.57 by 2026-09-17T14:11 (p=0.60) [5f6354bb99df]  observed 70.69643074180610136531215817

REGISTER ΓÇö 101 claim(s), 44 resolved, 55 pending, 2 unresolvable
  argus                  44 resolved  Brier 0.2368  hit rate 61%

  THE WALL ΓÇö 17 claim(s) we got wrong, most confident first:
    Γ£ù NVDAUSDT abs_move_above_bps 45.46 by 2026-09-15T09:21 (p=0.60) [381cbc033f4b]  observed 12.25316932937461708845845704
    Γ£ù TSLAUSDT abs_move_above_bps 50.23 by 2026-09-15T09:21 (p=0.60) [c387181dd2e6]  observed -5.577867023650156180276662204
    Γ£ù AAPLUSDT abs_move_above_bps 37.55 by 2026-09-15T09:21 (p=0.60) [2588c7bcd941]  observed -12.37324963785610816030902945
    Γ£ù AMZNUSDT abs_move_above_bps 40.7 by 2026-09-15T09:21 (p=0.60) [d71b10a405eb]  observed -32.76229572905976158522144154
    Γ£ù MSTRUSDT abs_move_above_bps 138.15 by 2026-09-15T09:21 (p=0.60) [919de6cb9750]  observed -22.67402312750359005366185474
    Γ£ù TSLAUSDT abs_move_above_bps 50.28 by 2026-09-16T18:14 (p=0.60) [5eec2201b2a4]  observed -13.14317673378076062639821029
    Γ£ù AAPLUSDT abs_move_above_bps 37.55 by 2026-09-16T20:11 (p=0.60) [4ae4dfa61cdf]  observed 33.15449996985954548194586774
    Γ£ù NVDAUSDT return_over_below_bps 0 by 2026-09-15T09:21 (p=0.50) [7ffe510f62d0]  observed 12.25316932937461708845845704
    Γ£ù TSLAUSDT return_over_above_bps 0 by 2026-09-15T09:21 (p=0.50) [f4a11ebb7290]  observed -5.577867023650156180276662204
    Γ£ù MSFTUSDT return_over_below_bps 0 by 2026-09-15T09:21 (p=0.50) [db69b6c5a007]  observed 161.4637213736586949025335199

written to argus\data\register_scoreboard.json
register_exit=0
CYCLE CHECK ΓÇö cycle_2026-09-17_1900.log

  PASS     exit_code
           process exited 0
  FAIL     symbols_decided
           10 of 12 symbols produced a decision
  FAIL     ran_to_completion
           stopped after 10 of 12 symbol(s): 15359 token(s) left of 330000, below the 25000 a symbol costs. The symbols not reached were not decided, and no decision was recorded for them.
  PASS     token_budget
           314,641 of 330,000 spent (95%)
  PASS     cumulative_tokens
           4,627,742 token(s) across 17 recorded cycle(s), 272,220 per cycle ΓÇö roughly 1,088,880/day at four cycles. The key's remaining balance is not observable from here; this is the burn rate, not a runway
  PASS     budget_not_exhausted
           the guard did not fire
  PASS     chain_intact
           the hash chain verified after the write
  PASS     leans_recorded
           10 of 10 row(s) carry a lean and a lean_confidence
  PASS     leans_gradeable
           10 of 10 decision(s) state a direction (9 up, 1 down, 0 none)
  PASS     verdicts_parsed
           every verdict parsed
  PASS     session
           session phase(s) seen: rth  <-- price discovery

  9/11 checks passed. FAILED ΓÇö symbols_decided: 10 of 12 symbols produced a decision; ran_to_completion: stopped after 10 of 12 symbol(s): 15359 token(s) left of 330000, below the 25000 a symbol costs. The symbols not reached were not decided, and no decision was recorded for them.. **FALSIFIER FIRED**: this cycle had price discovery and the desk still proposed no exposure on any symbol. eval/autopsy.py named exactly this as the observation that moves the cause of the abstentions from the sampling to the desk. Its conclusion is now refuted and must be rewritten, not defended

written to argus\data\cycle_check.json
check_exit=1
