=== ARGUS paper cycle 2026-09-17_0100 ===
sampling MSTRUSDT for 90s (rth)...

MARKOUT ΓÇö MSTRUSDT, 90s of rth, 69 book sample(s), 96 print(s), 0% flagged RPI

   horizon  prints    median      mean     worst
        5s      85    +0.000    +0.199    -3.224
       15s      36    -0.806    -0.895    -1.611
       30s       0    +0.000    +0.000    +0.000
       60s       0    +0.000    +0.000    +0.000

  Resting on MSTRUSDT (rth) cost a median 0.81bps of adverse selection over 15s across 36 print(s), worst 1.61bps. That is inside the 2bps maker fee it would save, so the blanket refusal to credit maker treatment is now costing measurable edge and deserves a number rather than a rule

written to argus\data\markout.json
markout_exit=0
EXECUTABLE COST ΓÇö slippage in bps against mid, taking the ask

symbol         quoted      $1000      $5000     $25000    $100000
-----------------------------------------------------------------
NVDAUSDT         0.47       0.23       0.60       1.22       4.08
TSLAUSDT         1.96       1.56       1.91       4.04       6.21
AAPLUSDT         0.30       1.37       2.75       4.43       8.54
MSFTUSDT         3.27       1.63       2.13       3.12       6.26
METAUSDT         2.37       2.66       3.14       4.56      12.41
GOOGLUSDT        1.17       0.87       1.44       2.57       5.75
AMZNUSDT         2.45       1.92       2.01       4.40       7.45
COINUSDT         4.30       2.30       4.53       7.10      16.40
MSTRUSDT         0.81       2.91       4.60       7.31      11.11
QQQUSDT          0.14       0.34       0.78       1.52       2.85
TQQQUSDT         2.97       2.41       4.73       7.63      11.07
SQQQUSDT         4.87       4.69       5.12      11.78      22.40

12 book(s) written to argus\data\depth.json
depth_exit=0
recorded 12 snapshot(s) to argus\data\book_tape.jsonl

  252 snapshots over 56.614h: a near-touch level holds a median 2.98 contracts. **Change is reported per horizon, not pooled** ΓÇö a level moves a very different share of itself over 30 seconds than over an hour, and one median over both is a number about the sampling schedule rather than about the book. The shortest horizon with at least 100 observations is `under_30s`, where a level moves a median 24.0% of itself ΓÇö that is the figure the simulator should take, being nearest the per-event timescale it models. The attribution rule ΓÇö which side of a resting order a decrease came from ΓÇö is not in this data and cannot be, so it stays a swept assumption rather than a measurement.

written to argus\data\book_calibration.json
bookcalib_exit=0
  NVDAUSDT: extended=14.1 overnight=12.8 rth=31.4 weekend=5.2 | reopen=52.1 (1.7x rth, n=64)
      throttle now x1 ΓÇö the next 24 bar(s) are expected to move 22.1bps per bar against a 31.4bps regular-hours bar; no reduction, and this layer may not size up
  TSLAUSDT: extended=14.8 overnight=12.6 rth=37.3 weekend=6.4 | reopen=76.6 (2.1x rth, n=64)
      throttle now x1 ΓÇö the next 24 bar(s) are expected to move 27.0bps per bar against a 37.3bps regular-hours bar; no reduction, and this layer may not size up
  AAPLUSDT: extended=10.8 overnight=7.8 rth=23.7 weekend=5.3 | reopen=43.7 (1.8x rth, n=64)
      throttle now x1 ΓÇö the next 24 bar(s) are expected to move 16.9bps per bar against a 23.7bps regular-hours bar; no reduction, and this layer may not size up
  MSFTUSDT: extended=13.2 overnight=9.2 rth=26.1 weekend=5.9 | reopen=43.4 (1.7x rth, n=64)
      throttle now x1 ΓÇö the next 24 bar(s) are expected to move 18.5bps per bar against a 26.1bps regular-hours bar; no reduction, and this layer may not size up
  METAUSDT: extended=14.7 overnight=10.2 rth=33.1 weekend=6.4 | reopen=67.9 (2.0x rth, n=64)
      throttle now x1 ΓÇö the next 24 bar(s) are expected to move 24.1bps per bar against a 33.1bps regular-hours bar; no reduction, and this layer may not size up
  GOOGLUSDT: extended=13.6 overnight=9.3 rth=22.9 weekend=5.6 | reopen=49.1 (2.1x rth, n=64)
      throttle now x1 ΓÇö the next 24 bar(s) are expected to move 18.2bps per bar against a 22.9bps regular-hours bar; no reduction, and this layer may not size up
  AMZNUSDT: extended=12.6 overnight=7.8 rth=23.2 weekend=4.9 | reopen=40.7 (1.8x rth, n=64)
      throttle now x1 ΓÇö the next 24 bar(s) are expected to move 16.8bps per bar against a 23.2bps regular-hours bar; no reduction, and this layer may not size up
  COINUSDT: extended=28.8 overnight=19.4 rth=61.8 weekend=13.9 | reopen=95.4 (1.5x rth, n=64)
      throttle now x1 ΓÇö the next 24 bar(s) are expected to move 42.1bps per bar against a 61.8bps regular-hours bar; no reduction, and this layer may not size up
  MSTRUSDT: extended=38.9 overnight=30.8 rth=65.9 weekend=18.8 | reopen=102.2 (1.6x rth, n=64)
      throttle now x1 ΓÇö the next 24 bar(s) are expected to move 49.1bps per bar against a 65.9bps regular-hours bar; no reduction, and this layer may not size up
  QQQUSDT: extended=9.0 overnight=10.3 rth=15.0 weekend=4.0 | reopen=28.3 (1.9x rth, n=64)
      throttle now x1 ΓÇö the next 24 bar(s) are expected to move 12.5bps per bar against a 15.0bps regular-hours bar; no reduction, and this layer may not size up
  TQQQUSDT: extended=25.5 overnight=30.4 rth=46.4 weekend=8.5 | reopen=88.8 (1.9x rth, n=64)
      throttle now x1 ΓÇö the next 24 bar(s) are expected to move 37.7bps per bar against a 46.4bps regular-hours bar; no reduction, and this layer may not size up
  SQQQUSDT: extended=25.7 overnight=31.4 rth=47.6 weekend=8.1 | reopen=86.6 (1.8x rth, n=64)
      throttle now x1 ΓÇö the next 24 bar(s) are expected to move 38.1bps per bar against a 47.6bps regular-hours bar; no reduction, and this layer may not size up

12 profile(s) written to argus\data\session_risk.json
session_risk_exit=0
symbol        RTH bps/h  wknd bps/h  attenuation  anchor
NVDAUSDT          31.25        4.52         6.91  OK
TSLAUSDT          37.48        6.35         5.91  OK
AAPLUSDT          25.67        4.36         5.88  OK
MSFTUSDT          25.16        4.70         5.35  OK
METAUSDT          33.77        5.56         6.07  OK
GOOGLUSDT         24.07        5.41         4.45  OK
AMZNUSDT          23.90        3.80         6.28  OK
COINUSDT          63.22       12.34         5.12  OK
MSTRUSDT          67.33       17.86         3.77  OK
QQQUSDT           15.52        3.63         4.28  OK
TQQQUSDT          47.46        7.12         6.67  OK
SQQQUSDT          46.53        5.48         8.49  OK

  all 12 shipped instruments still attenuate past 2.5x when the anchor market shuts

written to argus\data\universe_validation.json
universe_exit=0
  NVDAUSDT hedged with NVDA index (all): r=+0.989 [95% low +0.988], optimal ratio 0.984 removes 97.9% of variance, one-for-one removes 97.9%, n=1438
  NVDAUSDT hedged with NVDA index (extended): r=+0.998 [95% low +0.998], optimal ratio 0.989 removes 99.6% of variance, one-for-one removes 99.6%, n=425
  NVDAUSDT hedged with NVDA index (overnight): r=+0.995 [95% low +0.994], optimal ratio 0.993 removes 99.0% of variance, one-for-one removes 99.0%, n=339
  NVDAUSDT hedged with NVDA index (rth): r=+0.999 [95% low +0.999], optimal ratio 0.987 removes 99.8% of variance, one-for-one removes 99.8%, n=256
  NVDAUSDT hedged with NVDA index (weekend): r=+0.997 [95% low +0.996], optimal ratio 0.996 removes 99.4% of variance, one-for-one removes 99.4%, n=415
  TSLAUSDT hedged with TSLA index (all): r=+0.991 [95% low +0.990], optimal ratio 0.994 removes 98.2% of variance, one-for-one removes 98.2%, n=1438
  TSLAUSDT hedged with TSLA index (extended): r=+0.999 [95% low +0.998], optimal ratio 0.997 removes 99.7% of variance, one-for-one removes 99.7%, n=425
  TSLAUSDT hedged with TSLA index (overnight): r=+0.997 [95% low +0.997], optimal ratio 1.002 removes 99.5% of variance, one-for-one removes 99.5%, n=339
  TSLAUSDT hedged with TSLA index (rth): r=+1.000 [95% low +1.000], optimal ratio 0.999 removes 99.9% of variance, one-for-one removes 99.9%, n=256
  TSLAUSDT hedged with TSLA index (weekend): r=+0.998 [95% low +0.997], optimal ratio 0.998 removes 99.6% of variance, one-for-one removes 99.6%, n=415
  AAPLUSDT hedged with AAPL index (all): r=+0.988 [95% low +0.987], optimal ratio 0.982 removes 97.6% of variance, one-for-one removes 97.6%, n=1438
  AAPLUSDT hedged with AAPL index (extended): r=+0.996 [95% low +0.995], optimal ratio 0.980 removes 99.2% of variance, one-for-one removes 99.2%, n=425
  AAPLUSDT hedged with AAPL index (overnight): r=+0.997 [95% low +0.996], optimal ratio 1.001 removes 99.3% of variance, one-for-one removes 99.3%, n=339
  AAPLUSDT hedged with AAPL index (rth): r=+0.999 [95% low +0.999], optimal ratio 0.988 removes 99.8% of variance, one-for-one removes 99.8%, n=256
  AAPLUSDT hedged with AAPL index (weekend): r=+0.996 [95% low +0.995], optimal ratio 1.000 removes 99.2% of variance, one-for-one removes 99.2%, n=415
  MSFTUSDT hedged with MSFT index (all): r=+0.991 [95% low +0.990], optimal ratio 0.988 removes 98.3% of variance, one-for-one removes 98.3%, n=1438
  MSFTUSDT hedged with MSFT index (extended): r=+0.998 [95% low +0.997], optimal ratio 0.995 removes 99.6% of variance, one-for-one removes 99.6%, n=425
  MSFTUSDT hedged with MSFT index (overnight): r=+0.997 [95% low +0.996], optimal ratio 0.997 removes 99.3% of variance, one-for-one removes 99.3%, n=339
  MSFTUSDT hedged with MSFT index (rth): r=+0.999 [95% low +0.999], optimal ratio 0.982 removes 99.8% of variance, one-for-one removes 99.8%, n=256
  MSFTUSDT hedged with MSFT index (weekend): r=+0.999 [95% low +0.999], optimal ratio 1.011 removes 99.8% of variance, one-for-one removes 99.8%, n=415
  METAUSDT hedged with META index (all): r=+0.994 [95% low +0.993], optimal ratio 0.991 removes 98.7% of variance, one-for-one removes 98.7%, n=1438
  METAUSDT hedged with META index (extended): r=+0.998 [95% low +0.998], optimal ratio 0.989 removes 99.6% of variance, one-for-one removes 99.6%, n=425
  METAUSDT hedged with META index (overnight): r=+0.998 [95% low +0.997], optimal ratio 1.004 removes 99.6% of variance, one-for-one removes 99.6%, n=339
  METAUSDT hedged with META index (rth): r=+0.999 [95% low +0.999], optimal ratio 0.999 removes 99.8% of variance, one-for-one removes 99.8%, n=256
  METAUSDT hedged with META index (weekend): r=+0.998 [95% low +0.998], optimal ratio 1.002 removes 99.6% of variance, one-for-one removes 99.6%, n=415
  GOOGLUSDT hedged with GOOGL index (all): r=+0.986 [95% low +0.985], optimal ratio 0.997 removes 97.2% of variance, one-for-one removes 97.2%, n=1438
  GOOGLUSDT hedged with GOOGL index (extended): r=+0.997 [95% low +0.996], optimal ratio 1.007 removes 99.3% of variance, one-for-one removes 99.3%, n=425
  GOOGLUSDT hedged with GOOGL index (overnight): r=+0.997 [95% low +0.996], optimal ratio 1.008 removes 99.4% of variance, one-for-one removes 99.4%, n=339
  GOOGLUSDT hedged with GOOGL index (rth): r=+0.999 [95% low +0.999], optimal ratio 0.987 removes 99.8% of variance, one-for-one removes 99.8%, n=256
  GOOGLUSDT hedged with GOOGL index (weekend): r=+0.997 [95% low +0.997], optimal ratio 1.001 removes 99.4% of variance, one-for-one removes 99.4%, n=415
  AMZNUSDT hedged with AMZN index (all): r=+0.989 [95% low +0.988], optimal ratio 0.997 removes 97.9% of variance, one-for-one removes 97.9%, n=1438
  AMZNUSDT hedged with AMZN index (extended): r=+0.997 [95% low +0.996], optimal ratio 1.002 removes 99.3% of variance, one-for-one removes 99.3%, n=425
  AMZNUSDT hedged with AMZN index (overnight): r=+0.998 [95% low +0.998], optimal ratio 1.003 removes 99.6% of variance, one-for-one removes 99.6%, n=339
  AMZNUSDT hedged with AMZN index (rth): r=+0.998 [95% low +0.998], optimal ratio 0.988 removes 99.7% of variance, one-for-one removes 99.7%, n=256
  AMZNUSDT hedged with AMZN index (weekend): r=+0.999 [95% low +0.998], optimal ratio 0.999 removes 99.7% of variance, one-for-one removes 99.7%, n=415
  COINUSDT hedged with COIN index (all): r=+0.992 [95% low +0.991], optimal ratio 0.996 removes 98.4% of variance, one-for-one removes 98.4%, n=1438
  COINUSDT hedged with COIN index (extended): r=+0.998 [95% low +0.997], optimal ratio 0.996 removes 99.6% of variance, one-for-one removes 99.6%, n=425
  COINUSDT hedged with COIN index (overnight): r=+0.997 [95% low +0.997], optimal ratio 0.992 removes 99.5% of variance, one-for-one removes 99.5%, n=339
  COINUSDT hedged with COIN index (rth): r=+0.999 [95% low +0.999], optimal ratio 0.996 removes 99.9% of variance, one-for-one removes 99.9%, n=256
  COINUSDT hedged with COIN index (weekend): r=+0.998 [95% low +0.998], optimal ratio 1.000 removes 99.7% of variance, one-for-one removes 99.7%, n=415
  MSTRUSDT hedged with MSTR index (all): r=+0.990 [95% low +0.989], optimal ratio 0.993 removes 98.0% of variance, one-for-one removes 98.0%, n=1438
  MSTRUSDT hedged with MSTR index (extended): r=+0.999 [95% low +0.999], optimal ratio 0.993 removes 99.8% of variance, one-for-one removes 99.8%, n=425
  MSTRUSDT hedged with MSTR index (overnight): r=+0.995 [95% low +0.994], optimal ratio 0.990 removes 99.0% of variance, one-for-one removes 99.0%, n=339
  MSTRUSDT hedged with MSTR index (rth): r=+1.000 [95% low +1.000], optimal ratio 0.996 removes 99.9% of variance, one-for-one removes 99.9%, n=256
  MSTRUSDT hedged with MSTR index (weekend): r=+0.998 [95% low +0.997], optimal ratio 0.999 removes 99.5% of variance, one-for-one removes 99.5%, n=415
  QQQUSDT hedged with QQQ index (all): r=+0.980 [95% low +0.978], optimal ratio 0.982 removes 96.1% of variance, one-for-one removes 96.1%, n=1438
  QQQUSDT hedged with QQQ index (extended): r=+0.996 [95% low +0.995], optimal ratio 0.985 removes 99.2% of variance, one-for-one removes 99.2%, n=425
  QQQUSDT hedged with QQQ index (overnight): r=+0.994 [95% low +0.993], optimal ratio 1.006 removes 98.8% of variance, one-for-one removes 98.8%, n=339
  QQQUSDT hedged with QQQ index (rth): r=+0.998 [95% low +0.997], optimal ratio 0.990 removes 99.6% of variance, one-for-one removes 99.6%, n=256
  QQQUSDT hedged with QQQ index (weekend): r=+0.989 [95% low +0.986], optimal ratio 0.998 removes 97.7% of variance, one-for-one removes 97.7%, n=415
  TQQQUSDT hedged with TQQQ index (all): r=+0.985 [95% low +0.983], optimal ratio 0.991 removes 97.0% of variance, one-for-one removes 97.0%, n=1438
  TQQQUSDT hedged with TQQQ index (extended): r=+0.998 [95% low +0.997], optimal ratio 0.987 removes 99.6% of variance, one-for-one removes 99.5%, n=425
  TQQQUSDT hedged with TQQQ index (overnight): r=+0.992 [95% low +0.990], optimal ratio 1.006 removes 98.5% of variance, one-for-one removes 98.5%, n=339
  TQQQUSDT hedged with TQQQ index (rth): r=+0.999 [95% low +0.998], optimal ratio 0.993 removes 99.7% of variance, one-for-one removes 99.7%, n=256
  TQQQUSDT hedged with TQQQ index (weekend): r=+0.992 [95% low +0.990], optimal ratio 1.003 removes 98.4% of variance, one-for-one removes 98.4%, n=415
  SQQQUSDT hedged with SQQQ index (all): r=+0.975 [95% low +0.973], optimal ratio 0.990 removes 95.1% of variance, one-for-one removes 95.1%, n=1438
  SQQQUSDT hedged with SQQQ index (extended): r=+0.996 [95% low +0.995], optimal ratio 0.986 removes 99.2% of variance, one-for-one removes 99.2%, n=425
  SQQQUSDT hedged with SQQQ index (overnight): r=+0.988 [95% low +0.985], optimal ratio 1.012 removes 97.7% of variance, one-for-one removes 97.6%, n=339
  SQQQUSDT hedged with SQQQ index (rth): r=+0.996 [95% low +0.995], optimal ratio 0.997 removes 99.2% of variance, one-for-one removes 99.2%, n=256
  SQQQUSDT hedged with SQQQ index (weekend): r=+0.990 [95% low +0.988], optimal ratio 0.997 removes 98.0% of variance, one-for-one removes 98.0%, n=415

60 measurement(s) written to argus\data\hedge_effectiveness.json
effectiveness_exit=0
{
  "ran_at": "2026-09-16T19:41:00.120473+00:00",
  "decisions_written": [
    {
      "seq": 300,
      "symbol": "NVDAUSDT",
      "verdict": "no_trade",
      "quantity": "0",
      "confidence": 0.52,
      "attests_llm_decided": true,
      "notes_written": 18,
      "protocol": {
        "digest": "sha256:d403d741144df7513e4dbb69fd254b6b95f6a7aba3b7aeba26fd959fc26dbfb8",
        "version": 3,
        "reduced_this_decision": false
      },
      "flags": [
        "[conflict:direction] sentiment (bearish) vs earnings (bullish), gap 31.00 \u2014 earnings dominates: confidence 0.72 against 0.35",
        "[grounding] 1 of 10 figure(s) do not resolve to anything the desk was given: 36",
        "[grounding] an unattributable number in a thesis is the easiest place for an unsupported fact to enter the record"
      ]
    },
    {
      "seq": 301,
      "symbol": "TSLAUSDT",
      "verdict": "no_trade",
      "quantity": "0",
      "confidence": 0.58,
      "attests_llm_decided": true,
      "notes_written": 17,
      "protocol": {
        "digest": "sha256:d403d741144df7513e4dbb69fd254b6b95f6a7aba3b7aeba26fd959fc26dbfb8",
        "version": 3,
        "reduced_this_decision": false
      },
      "flags": [
        "[conflict:direction] sentiment (bearish) vs earnings (bullish), gap 4.00 \u2014 earnings dominates: confidence 0.55 against 0.35"
      ]
    },
    {
      "seq": 302,
      "symbol": "AAPLUSDT",
      "verdict": "no_trade",
      "quantity": "0",
      "confidence": 0.55,
      "attests_llm_decided": true,
      "notes_written": 16,
      "protocol": {
        "digest": "sha256:d403d741144df7513e4dbb69fd254b6b95f6a7aba3b7aeba26fd959fc26dbfb8",
        "version": 3,
        "reduced_this_decision": false
      },
      "flags": [
        "[conflict:conviction] event (neutral) vs cross_asset (neutral), gap 0.72 \u2014 event dominates: confidence 0.72 against 0.00"
      ]
    },
    {
      "seq": 303,
      "symbol": "MSFTUSDT",
      "verdict": "no_trade",
      "quantity": "0",
      "confidence": 0.62,
      "attests_llm_decided": true,
      "notes_written": 19,
      "protocol": {
        "digest": "sha256:d403d741144df7513e4dbb69fd254b6b95f6a7aba3b7aeba26fd959fc26dbfb8",
        "version": 3,
        "reduced_this_decision": false
      },
      "flags": [
        "[conflict:direction] event (bullish) vs sentiment (bearish), gap 0.00 \u2014 event dominates: confidence 0.45 against 0.35",
        "[conflict:direction] event (bullish) vs earnings (bearish), gap 8.00 \u2014 earnings dominates: confidence 0.55 against 0.45",
        "[conflict:conviction] sentiment (bearish) vs earnings (bearish), gap 0.20 \u2014 earnings dominates: confidence 0.55 against 0.35",
        "[grounding] 1 of 8 figure(s) do not resolve to anything the desk was given: 40bps",
        "[grounding] an unattributable number in a thesis is the easiest place for an unsupported fact to enter the record"
      ]
    },
    {
      "seq": 304,
      "symbol": "METAUSDT",
      "verdict": "no_trade",
      "quantity": "0",
      "confidence": 0.58,
      "attests_llm_decided": true,
      "notes_written": 18,
      "protocol": {
        "digest": "sha256:d403d741144df7513e4dbb69fd254b6b95f6a7aba3b7aeba26fd959fc26dbfb8",
        "version": 3,
        "reduced_this_decision": false
      },
      "flags": [
        "[conflict:direction] sentiment (bullish) vs earnings (bearish), gap 73.00 \u2014 earnings dominates: confidence 0.72 against 0.52",
        "[grounding] 2 of 11 figure(s) do not resolve to anything the desk was given: 40, 80bps",
        "[grounding] an unattributable number in a thesis is the easiest place for an unsupported fact to enter the record"
      ]
    },
    {
      "seq": 305,
      "symbol": "GOOGLUSDT",
      "verdict": "no_trade",
      "quantity": "0",
      "confidence": 0.58,
      "attests_llm_decided": true,
      "notes_written": 18,
      "protocol": {
        "digest": "sha256:d403d741144df7513e4dbb69fd254b6b95f6a7aba3b7aeba26fd959fc26dbfb8",
        "version": 3,
        "reduced_this_decision": false
      },
      "flags": [
        "[conflict:magnitude] sentiment (bullish) vs earnings (bullish), gap 41.00 \u2014 earnings dominates: confidence 0.72 against 0.35",
        "[grounding] 1 of 8 figure(s) do not resolve to anything the desk was given: 8",
        "[grounding] an unattributable number in a thesis is the easiest place for an unsupported fact to enter the record"
      ]
    },
    {
      "seq": 306,
      "symbol": "AMZNUSDT",
      "verdict": "no_trade",
      "quantity": "0",
      "confidence": 0.62,
      "attests_llm_decided": true,
      "notes_written": 18,
      "protocol": {
        "digest": "sha256:d403d741144df7513e4dbb69fd254b6b95f6a7aba3b7aeba26fd959fc26dbfb8",
        "version": 3,
        "reduced_this_decision": false
      },
      "flags": [
        "[conflict:magnitude] event (bearish) vs sentiment (bearish), gap 81.00 \u2014 event dominates: 6 distinct sources against 4",
        "[conflict:direction] event (bearish) vs earnings (bullish), gap 11.00 \u2014 earnings dominates: 7 distinct sources against 6",
        "[conflict:direction] sentiment (bearish) vs earnings (bullish), gap 70.00 \u2014 earnings dominates: confidence 0.72 against 0.55"
      ]
    },
    {
      "seq": 307,
      "symbol": "COINUSDT",
      "verdict": "no_trade",
      "quantity": "0",
      "confidence": 0.72,
      "attests_llm_decided": true,
      "notes_written": 18,
      "protocol": {
        "digest": "sha256:d403d741144df7513e4dbb69fd254b6b95f6a7aba3b7aeba26fd959fc26dbfb8",
        "version": 3,
        "reduced_this_decision": false
      },
      "flags": [
        "[grounding] 2 of 10 figure(s) do not resolve to anything the desk was given: 8",
        "[grounding] an unattributable number in a thesis is the easiest place for an unsupported fact to enter the record"
      ]
    },
    {
      "seq": 308,
      "symbol": "MSTRUSDT",
      "verdict": "no_trade",
      "quantity": "0",
      "confidence": 0.68,
      "attests_llm_decided": true,
      "notes_written": 18,
      "protocol": {
        "digest": "sha256:d403d741144df7513e4dbb69fd254b6b95f6a7aba3b7aeba26fd959fc26dbfb8",
        "version": 3,
        "reduced_this_decision": false
      },
      "flags": [
        "[conflict:magnitude] event (bearish) vs sentiment (bearish), gap 364.00 \u2014 event dominates: confidence 0.72 against 0.45",
        "[conflict:magnitude] event (bearish) vs earnings (bearish), gap 364.00 \u2014 event dominates: confidence 0.72 against 0.55",
        "[conflict:conviction] sentiment (bearish) vs earnings (bearish), gap 0.10 \u2014 earnings dominates: confidence 0.55 against 0.45"
      ]
    }
  ],
  "settled_this_cycle": [
    {
      "seq": 257,
      "symbol": "NVDAUSDT",
      "abstention": true,
      "counterfactual_move_bps": "94.7488"
    },
    {
      "seq": 258,
      "symbol": "TSLAUSDT",
      "abstention": true,
      "counterfactual_move_bps": "81.9695"
    },
    {
      "seq": 259,
      "symbol": "AAPLUSDT",
      "abstention": true,
      "counterfactual_move_bps": "70.8919"
    },
    {
      "seq": 260,
      "symbol": "MSFTUSDT",
      "abstention": true,
      "counterfactual_move_bps": "-138.5337"
    },
    {
      "seq": 261,
      "symbol": "METAUSDT",
      "abstention": true,
      "counterfactual_move_bps": "71.6610"
    },
    {
      "seq": 262,
      "symbol": "GOOGLUSDT",
      "abstention": true,
      "counterfactual_move_bps": "-31.3744"
    },
    {
      "seq": 263,
      "symbol": "AMZNUSDT",
      "abstention": true,
      "counterfactual_move_bps": "-103.8564"
    },
    {
      "seq": 264,
      "symbol": "COINUSDT",
      "gross_pnl": "9.9200",
      "net_pnl": "9.6521",
      "direction_correct": true
    },
    {
      "seq": 265,
      "symbol": "MSTRUSDT",
      "gross_pnl": "5.5200",
      "net_pnl": "5.3339",
      "direction_correct": true
    },
    {
      "seq": 266,
      "symbol": "QQQUSDT",
      "abstention": true,
      "counterfactual_move_bps": "-5.1084"
    },
    {
      "seq": 267,
      "symbol": "TQQQUSDT",
      "abstention": true,
      "counterfactual_move_bps": "-25.0811"
    },
    {
      "seq": 268,
      "symbol": "SQQQUSDT",
      "abstention": true,
      "counterfactual_move_bps": "76.0736"
    },
    {
      "causal_chains_graded": 7
    }
  ],
  "marked_this_cycle": [
    {
      "seq": 288,
      "symbol": "NVDAUSDT",
      "horizon_hours": 1.9984,
      "move_bps": "-54.7996",
      "lean": "up"
    },
    {
      "seq": 289,
      "symbol": "TSLAUSDT",
      "horizon_hours": 1.9984,
      "move_bps": "-86.9662",
      "lean": "down"
    },
    {
      "seq": 290,
      "symbol": "AAPLUSDT",
      "horizon_hours": 1.9984,
      "move_bps": "-28.1977",
      "lean": "up"
    },
    {
      "seq": 291,
      "symbol": "MSFTUSDT",
      "horizon_hours": 1.9984,
      "move_bps": "-93.0515",
      "lean": "down"
    },
    {
      "seq": 292,
      "symbol": "METAUSDT",
      "horizon_hours": 1.9984,
      "move_bps": "-23.2183",
      "lean": "up"
    },
    {
      "seq": 293,
      "symbol": "GOOGLUSDT",
      "horizon_hours": 1.9984,
      "move_bps": "-72.9019",
      "lean": "up"
    },
    {
      "seq": 294,
      "symbol": "AMZNUSDT",
      "horizon_hours": 1.9984,
      "move_bps": "-88.2958",
      "lean": "down"
    },
    {
      "seq": 295,
      "symbol": "COINUSDT",
      "horizon_hours": 1.9984,
      "move_bps": "-87.0880",
      "lean": "down"
    },
    {
      "seq": 296,
      "symbol": "MSTRUSDT",
      "horizon_hours": 1.9984,
      "move_bps": "-65.9620",
      "lean": "down"
    },
    {
      "seq": 297,
      "symbol": "QQQUSDT",
      "horizon_hours": 1.9984,
      "move_bps": "-81.1131",
      "lean": "up"
    },
    {
      "seq": 298,
      "symbol": "TQQQUSDT",
      "horizon_hours": 1.9984,
      "move_bps": "-243.8672",
      "lean": "up"
    },
    {
      "seq": 299,
      "symbol": "SQQQUSDT",
      "horizon_hours": 1.9984,
      "move_bps": "301.0537",
      "lean": "down"
    }
  ],
  "tokens_spent": 319851,
  "unreported_calls": 0,
  "token_budget": 330000,
  "stopped_early": "stopped after 9 of 12 symbol(s): 10149 token(s) left of 330000, below the 25000 a symbol costs. The symbols not reached were not decided, and no decision was recorded for them.",
  "chain": {
    "entries": 308,
    "chain_intact": true,
    "links_intact": true,
    "first_break_at": null,
    "truncated": false,
    "anchor": "anchor agrees with the log",
    "head_hash": "6226bb5eeafb49e6"
  },
  "protocol": "argus-paper-v1 v3 (sha256:d403d741144df7513e4dbb69fd254b6b95f6a7aba3b7aeba26fd959fc26dbfb8)"
}
exit=0

cycle 18: 5 claim(s) on AMZNUSDT, head 8ea1032355e67e53
    resolves 2026-09-17T20:12
    resolves 2026-09-19T20:12
    resolves 2026-09-23T20:12
    resolves 2026-09-30T20:12
    resolves 2026-10-16T20:12

  19 claim(s) resolve inside the window and 31 are still open when it starts
cadence_exit=0
2 claim(s) resolved this run
  Γ£ù TSLAUSDT abs_move_above_bps 50.28 by 2026-09-16T18:14 (p=0.60) [5eec2201b2a4]  observed -13.14317673378076062639821029
  Γ£ù AAPLUSDT abs_move_above_bps 37.55 by 2026-09-16T20:11 (p=0.60) [4ae4dfa61cdf]  observed 33.15449996985954548194586774

REGISTER ΓÇö 96 claim(s), 42 resolved, 52 pending, 2 unresolvable
  argus                  42 resolved  Brier 0.2405  hit rate 60%

  THE WALL ΓÇö 17 claim(s) we got wrong, most confident first:
    Γ£ù NVDAUSDT abs_move_above_bps 45.46 by 2026-09-15T09:21 (p=0.60) [381cbc033f4b]  observed 12.25316932937461708845845704
    Γ£ù TSLAUSDT abs_move_above_bps 50.23 by 2026-09-15T09:21 (p=0.60) [c387181dd2e6]  observed -5.577867023650156180276662204
    Γ£ù AAPLUSDT abs_move_above_bps 37.55 by 2026-09-15T09:21 (p=0.60) [2588c7bcd941]  observed -12.37324963785610816030902945
    Γ£ù AMZNUSDT abs_move_above_bps 40.7 by 2026-09-15T09:21 (p=0.60) [d71b10a405eb]  observed -32.76229572905976158522144154
    Γ£ù MSTRUSDT abs_move_above_bps 138.15 by 2026-09-15T09:21 (p=0.60) [919de6cb9750]  observed -22.67402312750359005366185474
    Γ£ù TSLAUSDT abs_move_above_bps 50.28 by 2026-09-16T18:14 (p=0.60) [5eec2201b2a4]  observed -13.14317673378076062639821029
    Γ£ù AAPLUSDT abs_move_above_bps 37.55 by 2026-09-16T20:11 (p=0.60) [4ae4dfa61cdf]  observed 33.15449996985954548194586774
    Γ£ù NVDAUSDT return_over_below_bps 0 by 2026-09-15T09:21 (p=0.50) [7ffe510f62d0]  observed 12.25316932937461708845845704
    Γ£ù TSLAUSDT return_over_above_bps 0 by 2026-09-15T09:21 (p=0.50) [f4a11ebb7290]  observed -5.577867023650156180276662204
    Γ£ù MSFTUSDT return_over_below_bps 0 by 2026-09-15T09:21 (p=0.50) [db69b6c5a007]  observed 161.4637213736586949025335199

written to argus\data\register_scoreboard.json
register_exit=0
CYCLE CHECK ΓÇö cycle_2026-09-17_0100.log

  PASS     exit_code
           process exited 0
  FAIL     symbols_decided
           9 of 12 symbols produced a decision
  FAIL     ran_to_completion
           stopped after 9 of 12 symbol(s): 10149 token(s) left of 330000, below the 25000 a symbol costs. The symbols not reached were not decided, and no decision was recorded for them.
  PASS     token_budget
           319,851 of 330,000 spent (97%)
  PASS     cumulative_tokens
           4,313,101 token(s) across 16 recorded cycle(s), 269,569 per cycle ΓÇö roughly 1,078,275/day at four cycles. The key's remaining balance is not observable from here; this is the burn rate, not a runway
  PASS     budget_not_exhausted
           the guard did not fire
  PASS     chain_intact
           the hash chain verified after the write
  PASS     leans_recorded
           9 of 9 row(s) carry a lean and a lean_confidence
  PASS     leans_gradeable
           9 of 9 decision(s) state a direction (6 up, 3 down, 0 none)
  PASS     verdicts_parsed
           every verdict parsed
  PASS     session
           session phase(s) seen: rth  <-- price discovery

  9/11 checks passed. FAILED ΓÇö symbols_decided: 9 of 12 symbols produced a decision; ran_to_completion: stopped after 9 of 12 symbol(s): 10149 token(s) left of 330000, below the 25000 a symbol costs. The symbols not reached were not decided, and no decision was recorded for them.. **FALSIFIER FIRED**: this cycle had price discovery and the desk still proposed no exposure on any symbol. eval/autopsy.py named exactly this as the observation that moves the cause of the abstentions from the sampling to the desk. Its conclusion is now refuted and must be rewritten, not defended

written to argus\data\cycle_check.json
check_exit=1
