=== ARGUS paper cycle 2026-09-13_2300 ===
{
  "ran_at": "2026-09-13T17:30:02.140662+00:00",
  "decisions_written": [
    {
      "seq": 151,
      "symbol": "NVDAUSDT",
      "verdict": "no_trade",
      "quantity": "0",
      "confidence": 0.82,
      "attests_llm_decided": true,
      "notes_written": 14,
      "protocol": {
        "digest": "sha256:0b10323271f4d51a221b14a596a37d367f1c135b54e1aeb41bd9188b03b2cef1",
        "version": 2,
        "reduced_this_decision": false
      },
      "flags": [
        "[conflict:direction] sentiment (bearish) vs earnings (bullish), gap 3.00 \u2014 earnings dominates: 8 distinct sources against 5",
        "[grounding] 4 of 13 figure(s) do not resolve to anything the desk was given: 140 bps, 175, 20.80 bps",
        "[grounding] an unattributable number in a thesis is the easiest place for an unsupported fact to enter the record"
      ]
    },
    {
      "seq": 152,
      "symbol": "TSLAUSDT",
      "verdict": "no_trade",
      "quantity": "0",
      "confidence": 0.82,
      "attests_llm_decided": true,
      "notes_written": 14,
      "protocol": {
        "digest": "sha256:0b10323271f4d51a221b14a596a37d367f1c135b54e1aeb41bd9188b03b2cef1",
        "version": 2,
        "reduced_this_decision": false
      },
      "flags": []
    },
    {
      "seq": 153,
      "symbol": "AAPLUSDT",
      "verdict": "no_trade",
      "quantity": "0",
      "confidence": 0.85,
      "attests_llm_decided": true,
      "notes_written": 15,
      "protocol": {
        "digest": "sha256:0b10323271f4d51a221b14a596a37d367f1c135b54e1aeb41bd9188b03b2cef1",
        "version": 2,
        "reduced_this_decision": false
      },
      "flags": [
        "[conflict:direction] sentiment (bullish) vs earnings (bearish), gap 0.00 \u2014 sentiment dominates: confidence 0.45 against 0.35",
        "[grounding] 1 of 6 figure(s) do not resolve to anything the desk was given: 80bps",
        "[grounding] an unattributable number in a thesis is the easiest place for an unsupported fact to enter the record"
      ]
    },
    {
      "seq": 154,
      "symbol": "MSFTUSDT",
      "verdict": "no_trade",
      "quantity": "0",
      "confidence": 0.88,
      "attests_llm_decided": true,
      "notes_written": 14,
      "protocol": {
        "digest": "sha256:0b10323271f4d51a221b14a596a37d367f1c135b54e1aeb41bd9188b03b2cef1",
        "version": 2,
        "reduced_this_decision": false
      },
      "flags": [
        "[conflict:magnitude] sentiment (bearish) vs earnings (bearish), gap 27.00 \u2014 earnings dominates: 7 distinct sources against 3"
      ]
    },
    {
      "seq": 155,
      "symbol": "METAUSDT",
      "verdict": "no_trade",
      "quantity": "0",
      "confidence": 0.82,
      "attests_llm_decided": true,
      "notes_written": 13,
      "protocol": {
        "digest": "sha256:0b10323271f4d51a221b14a596a37d367f1c135b54e1aeb41bd9188b03b2cef1",
        "version": 2,
        "reduced_this_decision": false
      },
      "flags": [
        "[conflict:direction] sentiment (bullish) vs earnings (bearish), gap 14.00 \u2014 earnings dominates: confidence 0.72 against 0.35",
        "[grounding] 2 of 8 figure(s) do not resolve to anything the desk was given: 20.80 bps, 8",
        "[grounding] an unattributable number in a thesis is the easiest place for an unsupported fact to enter the record"
      ]
    },
    {
      "seq": 156,
      "symbol": "GOOGLUSDT",
      "verdict": "no_trade",
      "quantity": "0",
      "confidence": 0.88,
      "attests_llm_decided": true,
      "notes_written": 14,
      "protocol": {
        "digest": "sha256:0b10323271f4d51a221b14a596a37d367f1c135b54e1aeb41bd9188b03b2cef1",
        "version": 2,
        "reduced_this_decision": false
      },
      "flags": [
        "[conflict:magnitude] event (bullish) vs earnings (bullish), gap 41.00 \u2014 earnings dominates: confidence 0.72 against 0.35",
        "[conflict:magnitude] sentiment (bullish) vs earnings (bullish), gap 42.00 \u2014 earnings dominates: confidence 0.72 against 0.35"
      ]
    },
    {
      "seq": 157,
      "symbol": "AMZNUSDT",
      "verdict": "no_trade",
      "quantity": "0",
      "confidence": 0.88,
      "attests_llm_decided": true,
      "notes_written": 14,
      "protocol": {
        "digest": "sha256:0b10323271f4d51a221b14a596a37d367f1c135b54e1aeb41bd9188b03b2cef1",
        "version": 2,
        "reduced_this_decision": false
      },
      "flags": [
        "[conflict:direction] sentiment (bearish) vs earnings (bullish), gap 14.00 \u2014 earnings dominates: confidence 0.62 against 0.45",
        "[grounding] 2 of 9 figure(s) do not resolve to anything the desk was given: 20.80bps",
        "[grounding] an unattributable number in a thesis is the easiest place for an unsupported fact to enter the record"
      ]
    },
    {
      "seq": 158,
      "symbol": "COINUSDT",
      "verdict": "no_trade",
      "quantity": "0",
      "confidence": 0.88,
      "attests_llm_decided": true,
      "notes_written": 15,
      "protocol": {
        "digest": "sha256:0b10323271f4d51a221b14a596a37d367f1c135b54e1aeb41bd9188b03b2cef1",
        "version": 2,
        "reduced_this_decision": false
      },
      "flags": [
        "[grounding] 2 of 7 figure(s) do not resolve to anything the desk was given: -187bps, -192bps",
        "[grounding] an unattributable number in a thesis is the easiest place for an unsupported fact to enter the record"
      ]
    },
    {
      "seq": 159,
      "symbol": "MSTRUSDT",
      "verdict": "no_trade",
      "quantity": "0",
      "confidence": 0.87,
      "attests_llm_decided": true,
      "notes_written": 14,
      "protocol": {
        "digest": "sha256:0b10323271f4d51a221b14a596a37d367f1c135b54e1aeb41bd9188b03b2cef1",
        "version": 2,
        "reduced_this_decision": false
      },
      "flags": [
        "[grounding] 2 of 7 figure(s) do not resolve to anything the desk was given: -157, -257bps",
        "[grounding] an unattributable number in a thesis is the easiest place for an unsupported fact to enter the record"
      ]
    },
    {
      "seq": 160,
      "symbol": "QQQUSDT",
      "verdict": "no_trade",
      "quantity": "0",
      "confidence": 0.92,
      "attests_llm_decided": true,
      "notes_written": 15,
      "protocol": {
        "digest": "sha256:0b10323271f4d51a221b14a596a37d367f1c135b54e1aeb41bd9188b03b2cef1",
        "version": 2,
        "reduced_this_decision": false
      },
      "flags": []
    },
    {
      "seq": 161,
      "symbol": "TQQQUSDT",
      "verdict": "no_trade",
      "quantity": "0",
      "confidence": 0.95,
      "attests_llm_decided": true,
      "notes_written": 16,
      "protocol": {
        "digest": "sha256:0b10323271f4d51a221b14a596a37d367f1c135b54e1aeb41bd9188b03b2cef1",
        "version": 2,
        "reduced_this_decision": false
      },
      "flags": []
    }
  ],
  "settled_this_cycle": [
    {
      "seq": 28,
      "symbol": "NVDAUSDT",
      "abstention": true,
      "counterfactual_move_bps": "-179.5316"
    },
    {
      "seq": 29,
      "symbol": "TSLAUSDT",
      "abstention": true,
      "counterfactual_move_bps": "-72.6478"
    },
    {
      "seq": 30,
      "symbol": "AAPLUSDT",
      "abstention": true,
      "counterfactual_move_bps": "-74.8839"
    },
    {
      "seq": 31,
      "symbol": "MSFTUSDT",
      "abstention": true,
      "counterfactual_move_bps": "-69.6098"
    },
    {
      "seq": 32,
      "symbol": "METAUSDT",
      "abstention": true,
      "counterfactual_move_bps": "-97.6638"
    },
    {
      "seq": 33,
      "symbol": "GOOGLUSDT",
      "abstention": true,
      "counterfactual_move_bps": "-68.8600"
    },
    {
      "seq": 34,
      "symbol": "AMZNUSDT",
      "abstention": true,
      "counterfactual_move_bps": "-95.0304"
    },
    {
      "seq": 35,
      "symbol": "COINUSDT",
      "abstention": true,
      "counterfactual_move_bps": "-149.0001"
    },
    {
      "seq": 36,
      "symbol": "MSTRUSDT",
      "abstention": true,
      "counterfactual_move_bps": "-20.6107"
    },
    {
      "seq": 37,
      "symbol": "QQQUSDT",
      "abstention": true,
      "counterfactual_move_bps": "-99.0914"
    },
    {
      "seq": 38,
      "symbol": "TQQQUSDT",
      "abstention": true,
      "counterfactual_move_bps": "-238.6300"
    },
    {
      "seq": 39,
      "symbol": "SQQQUSDT",
      "abstention": true,
      "counterfactual_move_bps": "234.5965"
    },
    {
      "seq": 40,
      "symbol": "NVDAUSDT",
      "abstention": true,
      "counterfactual_move_bps": "-181.7685"
    },
    {
      "seq": 41,
      "symbol": "NVDAUSDT",
      "abstention": true,
      "counterfactual_move_bps": "-181.3212"
    },
    {
      "seq": 42,
      "symbol": "NVDAUSDT",
      "abstention": true,
      "counterfactual_move_bps": "-181.3212"
    },
    {
      "seq": 43,
      "symbol": "TSLAUSDT",
      "abstention": true,
      "counterfactual_move_bps": "-70.2071"
    },
    {
      "seq": 44,
      "symbol": "AAPLUSDT",
      "abstention": true,
      "counterfactual_move_bps": "-71.0176"
    },
    {
      "seq": 45,
      "symbol": "MSFTUSDT",
      "abstention": true,
      "counterfactual_move_bps": "-67.4053"
    },
    {
      "seq": 46,
      "symbol": "METAUSDT",
      "abstention": true,
      "counterfactual_move_bps": "-96.2929"
    },
    {
      "seq": 47,
      "symbol": "GOOGLUSDT",
      "abstention": true,
      "counterfactual_move_bps": "-68.5677"
    },
    {
      "seq": 50,
      "symbol": "AMZNUSDT",
      "abstention": true,
      "counterfactual_move_bps": "-105.8201"
    },
    {
      "seq": 53,
      "symbol": "COINUSDT",
      "abstention": true,
      "counterfactual_move_bps": "-150.6741"
    },
    {
      "seq": 55,
      "symbol": "MSTRUSDT",
      "abstention": true,
      "counterfactual_move_bps": "-11.4609"
    },
    {
      "seq": 56,
      "symbol": "QQQUSDT",
      "abstention": true,
      "counterfactual_move_bps": "-98.4005"
    },
    {
      "seq": 58,
      "symbol": "TQQQUSDT",
      "abstention": true,
      "counterfactual_move_bps": "-234.5176"
    },
    {
      "seq": 59,
      "symbol": "SQQQUSDT",
      "abstention": true,
      "counterfactual_move_bps": "242.5181"
    }
  ],
  "tokens_spent": 284372,
  "token_budget": 300000,
  "stopped_early": "stopped after 11 of 12 symbol(s): 15628 token(s) left of 300000, below the 25000 a symbol costs. The symbols not reached were not decided, and no decision was recorded for them.",
  "chain": {
    "entries": 161,
    "chain_intact": true,
    "links_intact": true,
    "first_break_at": null,
    "truncated": false,
    "anchor": "anchor agrees with the log",
    "head_hash": "b5465d7cf01d465a"
  },
  "protocol": "argus-paper-v1 v2 (sha256:0b10323271f4d51a221b14a596a37d367f1c135b54e1aeb41bd9188b03b2cef1)"
}
exit=0
