=== ARGUS paper cycle 2026-09-22_2100 ===
sampling MSTRUSDT for 90s (rth)...

MARKOUT ΓÇö MSTRUSDT, 90s of rth, 64 book sample(s), 97 print(s), 7% flagged RPI

   horizon  prints    median      mean     worst
        5s      87    +0.000    -0.190    -7.688
       15s      86    -1.626    -0.202   -12.426
       30s      69    -3.252    -1.391   -11.226
       60s      20    +2.367    +0.547    -5.326

  Over 60s the passive side of 20 print(s) gained a median +2.37bps on MSTRUSDT (rth). No measurable adverse selection in this window ΓÇö which is a statement about 90 seconds, not about the instrument

written to argus\data\markout.json
markout_exit=0
EXECUTABLE COST ΓÇö bps. 'quoted' is the full bid-ask spread; the size columns are
slippage against mid, taking the ask (a size inside the touch reads half 'quoted').

symbol         quoted      $1000      $5000     $25000    $100000
-----------------------------------------------------------------
NVDAUSDT         0.44       0.22       0.98       1.99       4.90
TSLAUSDT         0.80       0.60       1.55       2.47       5.29
AAPLUSDT         0.29       0.38       1.34       2.11       7.27
MSFTUSDT         3.43       1.72       2.77       3.55       5.70
METAUSDT         2.54       2.56       2.70       4.73      11.82
GOOGLUSDT        2.24       1.12       1.32       1.68       4.36
AMZNUSDT         2.35       1.78       3.07       4.82       7.28
COINUSDT         4.50       2.49       5.05       7.93      17.42
MSTRUSDT         0.59       0.42       1.59       4.35       8.10
QQQUSDT          0.13       0.07       0.07       0.57       2.56
TQQQUSDT         1.25       1.24       2.43       9.33      20.50
SQQQUSDT         2.94       3.77       5.94      10.11      15.95

12 book(s) written to argus\data\depth.json
depth_exit=0
recorded 12 snapshot(s) to argus\data\book_tape.jsonl

  516 snapshots over 196.615h: a near-touch level holds a median 3.065 contracts. **Change is reported per horizon, not pooled** ΓÇö a level moves a very different share of itself over 30 seconds than over an hour, and one median over both is a number about the sampling schedule rather than about the book. The shortest horizon with at least 100 observations is `under_30s`, where a level moves a median 24.0% of itself ΓÇö that is the figure the simulator should take, being nearest the per-event timescale it models. The attribution rule ΓÇö which side of a resting order a decrease came from ΓÇö is not in this data and cannot be, so it stays a swept assumption rather than a measurement.

written to argus\data\book_calibration.json
bookcalib_exit=0
  NVDAUSDT: extended=14.1 overnight=12.1 rth=31.3 weekend=5.0 | reopen=51.3 (1.6x rth, n=64)
      throttle now x1 ΓÇö the next 24 bar(s) are expected to move 21.9bps per bar against a 31.3bps regular-hours bar; no reduction, and this layer may not size up
  TSLAUSDT: extended=14.7 overnight=12.4 rth=36.0 weekend=5.9 | reopen=76.6 (2.1x rth, n=64)
      throttle now x1 ΓÇö the next 24 bar(s) are expected to move 26.5bps per bar against a 36.0bps regular-hours bar; no reduction, and this layer may not size up
  AAPLUSDT: extended=10.2 overnight=7.5 rth=23.1 weekend=5.2 | reopen=43.7 (1.9x rth, n=64)
      throttle now x1 ΓÇö the next 24 bar(s) are expected to move 16.5bps per bar against a 23.1bps regular-hours bar; no reduction, and this layer may not size up
  MSFTUSDT: extended=13.2 overnight=8.8 rth=25.8 weekend=5.4 | reopen=42.0 (1.6x rth, n=64)
      throttle now x1 ΓÇö the next 24 bar(s) are expected to move 18.2bps per bar against a 25.8bps regular-hours bar; no reduction, and this layer may not size up
  METAUSDT: extended=15.0 overnight=9.8 rth=35.4 weekend=6.3 | reopen=66.3 (1.9x rth, n=64)
      throttle now x1 ΓÇö the next 24 bar(s) are expected to move 24.7bps per bar against a 35.4bps regular-hours bar; no reduction, and this layer may not size up
  GOOGLUSDT: extended=13.6 overnight=9.1 rth=23.2 weekend=5.6 | reopen=47.0 (2.0x rth, n=64)
      throttle now x1 ΓÇö the next 24 bar(s) are expected to move 18.0bps per bar against a 23.2bps regular-hours bar; no reduction, and this layer may not size up
  AMZNUSDT: extended=12.6 overnight=7.4 rth=23.6 weekend=4.8 | reopen=40.8 (1.7x rth, n=64)
      throttle now x1 ΓÇö the next 24 bar(s) are expected to move 16.9bps per bar against a 23.6bps regular-hours bar; no reduction, and this layer may not size up
  COINUSDT: extended=28.6 overnight=19.1 rth=63.6 weekend=13.9 | reopen=94.4 (1.5x rth, n=64)
      throttle now x1 ΓÇö the next 24 bar(s) are expected to move 42.6bps per bar against a 63.6bps regular-hours bar; no reduction, and this layer may not size up
  MSTRUSDT: extended=37.4 overnight=30.6 rth=68.1 weekend=18.8 | reopen=103.0 (1.5x rth, n=64)
      throttle now x1 ΓÇö the next 24 bar(s) are expected to move 49.4bps per bar against a 68.1bps regular-hours bar; no reduction, and this layer may not size up
  QQQUSDT: extended=8.9 overnight=9.9 rth=14.4 weekend=3.7 | reopen=27.8 (1.9x rth, n=64)
      throttle now x1 ΓÇö the next 24 bar(s) are expected to move 12.1bps per bar against a 14.4bps regular-hours bar; no reduction, and this layer may not size up
  TQQQUSDT: extended=25.2 overnight=29.9 rth=44.7 weekend=8.5 | reopen=83.9 (1.9x rth, n=64)
      throttle now x1 ΓÇö the next 24 bar(s) are expected to move 36.5bps per bar against a 44.7bps regular-hours bar; no reduction, and this layer may not size up
  SQQQUSDT: extended=25.7 overnight=31.0 rth=45.2 weekend=7.9 | reopen=84.1 (1.9x rth, n=64)
      throttle now x1 ΓÇö the next 24 bar(s) are expected to move 37.0bps per bar against a 45.2bps regular-hours bar; no reduction, and this layer may not size up

12 profile(s) written to argus\data\session_risk.json
session_risk_exit=0
symbol        RTH bps/h  wknd bps/h  attenuation  anchor
NVDAUSDT          30.65        4.36         7.03  OK
TSLAUSDT          34.70        5.75         6.03  OK
AAPLUSDT          24.68        4.26         5.79  OK
MSFTUSDT          25.11        4.39         5.72  OK
METAUSDT          36.12        5.42         6.67  OK
GOOGLUSDT         24.32        5.23         4.65  OK
AMZNUSDT          24.53        3.79         6.47  OK
COINUSDT          63.77       12.27         5.20  OK
MSTRUSDT          67.77       17.38         3.90  OK
QQQUSDT           14.88        3.44         4.32  OK
TQQQUSDT          45.98        7.30         6.30  OK
SQQQUSDT          46.32        5.60         8.27  OK

  all 12 shipped instruments still attenuate past 2.5x when the anchor market shuts

written to argus\data\universe_validation.json
universe_exit=0
  NVDAUSDT hedged with NVDA index (all): r=+0.988 [95% low +0.987], optimal ratio 0.983 removes 97.7% of variance, one-for-one removes 97.7%, n=1438
  NVDAUSDT hedged with NVDA index (extended): r=+0.998 [95% low +0.998], optimal ratio 0.989 removes 99.6% of variance, one-for-one removes 99.6%, n=419
  NVDAUSDT hedged with NVDA index (overnight): r=+0.995 [95% low +0.994], optimal ratio 0.994 removes 99.0% of variance, one-for-one removes 99.0%, n=335
  NVDAUSDT hedged with NVDA index (rth): r=+0.999 [95% low +0.999], optimal ratio 0.987 removes 99.8% of variance, one-for-one removes 99.8%, n=250
  NVDAUSDT hedged with NVDA index (weekend): r=+0.997 [95% low +0.996], optimal ratio 0.997 removes 99.3% of variance, one-for-one removes 99.3%, n=431
  TSLAUSDT hedged with TSLA index (all): r=+0.989 [95% low +0.988], optimal ratio 0.992 removes 97.8% of variance, one-for-one removes 97.8%, n=1438
  TSLAUSDT hedged with TSLA index (extended): r=+0.998 [95% low +0.998], optimal ratio 0.996 removes 99.7% of variance, one-for-one removes 99.7%, n=419
  TSLAUSDT hedged with TSLA index (overnight): r=+0.996 [95% low +0.995], optimal ratio 0.999 removes 99.2% of variance, one-for-one removes 99.2%, n=335
  TSLAUSDT hedged with TSLA index (rth): r=+0.999 [95% low +0.999], optimal ratio 0.997 removes 99.9% of variance, one-for-one removes 99.9%, n=250
  TSLAUSDT hedged with TSLA index (weekend): r=+0.988 [95% low +0.986], optimal ratio 0.994 removes 97.7% of variance, one-for-one removes 97.7%, n=431
  AAPLUSDT hedged with AAPL index (all): r=+0.988 [95% low +0.987], optimal ratio 0.981 removes 97.7% of variance, one-for-one removes 97.7%, n=1438
  AAPLUSDT hedged with AAPL index (extended): r=+0.996 [95% low +0.995], optimal ratio 0.980 removes 99.2% of variance, one-for-one removes 99.2%, n=419
  AAPLUSDT hedged with AAPL index (overnight): r=+0.996 [95% low +0.996], optimal ratio 1.000 removes 99.3% of variance, one-for-one removes 99.3%, n=335
  AAPLUSDT hedged with AAPL index (rth): r=+0.999 [95% low +0.999], optimal ratio 0.988 removes 99.8% of variance, one-for-one removes 99.8%, n=250
  AAPLUSDT hedged with AAPL index (weekend): r=+0.997 [95% low +0.996], optimal ratio 1.000 removes 99.3% of variance, one-for-one removes 99.3%, n=431
  MSFTUSDT hedged with MSFT index (all): r=+0.991 [95% low +0.990], optimal ratio 0.989 removes 98.1% of variance, one-for-one removes 98.1%, n=1438
  MSFTUSDT hedged with MSFT index (extended): r=+0.998 [95% low +0.997], optimal ratio 0.994 removes 99.6% of variance, one-for-one removes 99.6%, n=419
  MSFTUSDT hedged with MSFT index (overnight): r=+0.996 [95% low +0.995], optimal ratio 0.995 removes 99.2% of variance, one-for-one removes 99.2%, n=335
  MSFTUSDT hedged with MSFT index (rth): r=+0.999 [95% low +0.999], optimal ratio 0.983 removes 99.8% of variance, one-for-one removes 99.7%, n=250
  MSFTUSDT hedged with MSFT index (weekend): r=+0.999 [95% low +0.999], optimal ratio 1.011 removes 99.8% of variance, one-for-one removes 99.7%, n=431
  METAUSDT hedged with META index (all): r=+0.994 [95% low +0.993], optimal ratio 0.990 removes 98.8% of variance, one-for-one removes 98.7%, n=1438
  METAUSDT hedged with META index (extended): r=+0.999 [95% low +0.998], optimal ratio 0.987 removes 99.7% of variance, one-for-one removes 99.7%, n=419
  METAUSDT hedged with META index (overnight): r=+0.998 [95% low +0.997], optimal ratio 1.004 removes 99.5% of variance, one-for-one removes 99.5%, n=335
  METAUSDT hedged with META index (rth): r=+0.999 [95% low +0.999], optimal ratio 0.999 removes 99.8% of variance, one-for-one removes 99.8%, n=250
  METAUSDT hedged with META index (weekend): r=+0.998 [95% low +0.997], optimal ratio 1.000 removes 99.6% of variance, one-for-one removes 99.6%, n=431
  GOOGLUSDT hedged with GOOGL index (all): r=+0.983 [95% low +0.981], optimal ratio 0.988 removes 96.6% of variance, one-for-one removes 96.6%, n=1438
  GOOGLUSDT hedged with GOOGL index (extended): r=+0.997 [95% low +0.996], optimal ratio 0.997 removes 99.3% of variance, one-for-one removes 99.3%, n=419
  GOOGLUSDT hedged with GOOGL index (overnight): r=+0.995 [95% low +0.994], optimal ratio 1.006 removes 99.0% of variance, one-for-one removes 99.0%, n=335
  GOOGLUSDT hedged with GOOGL index (rth): r=+0.999 [95% low +0.998], optimal ratio 0.987 removes 99.7% of variance, one-for-one removes 99.7%, n=250
  GOOGLUSDT hedged with GOOGL index (weekend): r=+0.996 [95% low +0.995], optimal ratio 1.004 removes 99.1% of variance, one-for-one removes 99.1%, n=431
  AMZNUSDT hedged with AMZN index (all): r=+0.989 [95% low +0.988], optimal ratio 0.996 removes 97.8% of variance, one-for-one removes 97.8%, n=1438
  AMZNUSDT hedged with AMZN index (extended): r=+0.997 [95% low +0.996], optimal ratio 1.002 removes 99.4% of variance, one-for-one removes 99.4%, n=419
  AMZNUSDT hedged with AMZN index (overnight): r=+0.998 [95% low +0.997], optimal ratio 1.004 removes 99.6% of variance, one-for-one removes 99.6%, n=335
  AMZNUSDT hedged with AMZN index (rth): r=+0.999 [95% low +0.998], optimal ratio 0.988 removes 99.7% of variance, one-for-one removes 99.7%, n=250
  AMZNUSDT hedged with AMZN index (weekend): r=+0.998 [95% low +0.998], optimal ratio 0.999 removes 99.6% of variance, one-for-one removes 99.6%, n=431
  COINUSDT hedged with COIN index (all): r=+0.990 [95% low +0.988], optimal ratio 0.996 removes 97.9% of variance, one-for-one removes 97.9%, n=1438
  COINUSDT hedged with COIN index (extended): r=+0.998 [95% low +0.998], optimal ratio 0.997 removes 99.6% of variance, one-for-one removes 99.6%, n=419
  COINUSDT hedged with COIN index (overnight): r=+0.996 [95% low +0.995], optimal ratio 0.996 removes 99.3% of variance, one-for-one removes 99.3%, n=335
  COINUSDT hedged with COIN index (rth): r=+0.999 [95% low +0.999], optimal ratio 0.996 removes 99.9% of variance, one-for-one removes 99.9%, n=250
  COINUSDT hedged with COIN index (weekend): r=+0.997 [95% low +0.997], optimal ratio 0.998 removes 99.5% of variance, one-for-one removes 99.5%, n=431
  MSTRUSDT hedged with MSTR index (all): r=+0.986 [95% low +0.985], optimal ratio 0.994 removes 97.3% of variance, one-for-one removes 97.3%, n=1438
  MSTRUSDT hedged with MSTR index (extended): r=+0.999 [95% low +0.999], optimal ratio 0.994 removes 99.8% of variance, one-for-one removes 99.8%, n=419
  MSTRUSDT hedged with MSTR index (overnight): r=+0.994 [95% low +0.993], optimal ratio 0.992 removes 98.8% of variance, one-for-one removes 98.8%, n=335
  MSTRUSDT hedged with MSTR index (rth): r=+1.000 [95% low +1.000], optimal ratio 0.997 removes 99.9% of variance, one-for-one removes 99.9%, n=250
  MSTRUSDT hedged with MSTR index (weekend): r=+0.997 [95% low +0.996], optimal ratio 1.000 removes 99.3% of variance, one-for-one removes 99.3%, n=431
  QQQUSDT hedged with QQQ index (all): r=+0.978 [95% low +0.975], optimal ratio 0.982 removes 95.6% of variance, one-for-one removes 95.6%, n=1438
  QQQUSDT hedged with QQQ index (extended): r=+0.997 [95% low +0.996], optimal ratio 0.983 removes 99.3% of variance, one-for-one removes 99.3%, n=419
  QQQUSDT hedged with QQQ index (overnight): r=+0.994 [95% low +0.992], optimal ratio 1.005 removes 98.7% of variance, one-for-one removes 98.7%, n=335
  QQQUSDT hedged with QQQ index (rth): r=+0.998 [95% low +0.998], optimal ratio 0.991 removes 99.6% of variance, one-for-one removes 99.6%, n=250
  QQQUSDT hedged with QQQ index (weekend): r=+0.988 [95% low +0.985], optimal ratio 0.999 removes 97.5% of variance, one-for-one removes 97.5%, n=431
  TQQQUSDT hedged with TQQQ index (all): r=+0.982 [95% low +0.980], optimal ratio 0.992 removes 96.4% of variance, one-for-one removes 96.4%, n=1438
  TQQQUSDT hedged with TQQQ index (extended): r=+0.998 [95% low +0.998], optimal ratio 0.988 removes 99.6% of variance, one-for-one removes 99.6%, n=419
  TQQQUSDT hedged with TQQQ index (overnight): r=+0.992 [95% low +0.990], optimal ratio 1.005 removes 98.3% of variance, one-for-one removes 98.3%, n=335
  TQQQUSDT hedged with TQQQ index (rth): r=+0.999 [95% low +0.998], optimal ratio 0.995 removes 99.7% of variance, one-for-one removes 99.7%, n=250
  TQQQUSDT hedged with TQQQ index (weekend): r=+0.989 [95% low +0.987], optimal ratio 1.004 removes 97.9% of variance, one-for-one removes 97.9%, n=431
  SQQQUSDT hedged with SQQQ index (all): r=+0.973 [95% low +0.970], optimal ratio 0.990 removes 94.7% of variance, one-for-one removes 94.7%, n=1438
  SQQQUSDT hedged with SQQQ index (extended): r=+0.997 [95% low +0.996], optimal ratio 0.986 removes 99.3% of variance, one-for-one removes 99.3%, n=419
  SQQQUSDT hedged with SQQQ index (overnight): r=+0.989 [95% low +0.986], optimal ratio 1.013 removes 97.8% of variance, one-for-one removes 97.8%, n=335
  SQQQUSDT hedged with SQQQ index (rth): r=+0.996 [95% low +0.995], optimal ratio 1.000 removes 99.2% of variance, one-for-one removes 99.2%, n=250
  SQQQUSDT hedged with SQQQ index (weekend): r=+0.989 [95% low +0.987], optimal ratio 0.999 removes 97.8% of variance, one-for-one removes 97.8%, n=431

60 measurement(s) written to argus\data\hedge_effectiveness.json
effectiveness_exit=0
{
  "ran_at": "2026-09-22T15:43:50.767903+00:00",
  "decisions_written": [
    {
      "seq": 556,
      "symbol": "NVDAUSDT",
      "verdict": "no_trade",
      "quantity": "0",
      "confidence": 0.55,
      "attests_llm_decided": true,
      "notes_written": 20,
      "protocol": {
        "digest": "sha256:d403d741144df7513e4dbb69fd254b6b95f6a7aba3b7aeba26fd959fc26dbfb8",
        "version": 3,
        "reduced_this_decision": false
      },
      "flags": [
        "[conflict:conviction] sentiment (bullish) vs earnings (bullish), gap 0.10 \u2014 earnings dominates: confidence 0.55 against 0.45"
      ]
    },
    {
      "seq": 557,
      "symbol": "TSLAUSDT",
      "verdict": "no_trade",
      "quantity": "0",
      "confidence": 0.45,
      "attests_llm_decided": true,
      "notes_written": 23,
      "protocol": {
        "digest": "sha256:d403d741144df7513e4dbb69fd254b6b95f6a7aba3b7aeba26fd959fc26dbfb8",
        "version": 3,
        "reduced_this_decision": false
      },
      "flags": [
        "[conflict:direction] sentiment (bullish) vs earnings (bearish), gap 20.00 \u2014 earnings dominates: confidence 0.72 against 0.42",
        "[grounding] 1 of 13 figure(s) do not resolve to anything the desk was given: 0.40",
        "[grounding] an unattributable number in a thesis is the easiest place for an unsupported fact to enter the record"
      ]
    },
    {
      "seq": 558,
      "symbol": "AAPLUSDT",
      "verdict": "no_trade",
      "quantity": "0",
      "confidence": 0.55,
      "attests_llm_decided": true,
      "notes_written": 20,
      "protocol": {
        "digest": "sha256:d403d741144df7513e4dbb69fd254b6b95f6a7aba3b7aeba26fd959fc26dbfb8",
        "version": 3,
        "reduced_this_decision": false
      },
      "flags": []
    },
    {
      "seq": 559,
      "symbol": "MSFTUSDT",
      "verdict": "no_trade",
      "quantity": "0",
      "confidence": 0.55,
      "attests_llm_decided": true,
      "notes_written": 21,
      "protocol": {
        "digest": "sha256:d403d741144df7513e4dbb69fd254b6b95f6a7aba3b7aeba26fd959fc26dbfb8",
        "version": 3,
        "reduced_this_decision": false
      },
      "flags": [
        "[conflict:direction] sentiment (bullish) vs earnings (bearish), gap 31.00 \u2014 earnings dominates: confidence 0.55 against 0.35",
        "[grounding] 2 of 8 figure(s) do not resolve to anything the desk was given: 10.6%, 17.4bps",
        "[grounding] an unattributable number in a thesis is the easiest place for an unsupported fact to enter the record"
      ]
    },
    {
      "seq": 560,
      "symbol": "METAUSDT",
      "verdict": "no_trade",
      "quantity": "0",
      "confidence": 0.52,
      "attests_llm_decided": true,
      "notes_written": 21,
      "protocol": {
        "digest": "sha256:d403d741144df7513e4dbb69fd254b6b95f6a7aba3b7aeba26fd959fc26dbfb8",
        "version": 3,
        "reduced_this_decision": false
      },
      "flags": [
        "[conflict:direction] sentiment (bullish) vs earnings (bearish), gap 33.00 \u2014 earnings dominates: confidence 0.72 against 0.55",
        "[grounding] 3 of 8 figure(s) do not resolve to anything the desk was given: 60bps, 73.5bps, 8",
        "[grounding] an unattributable number in a thesis is the easiest place for an unsupported fact to enter the record"
      ]
    },
    {
      "seq": 561,
      "symbol": "GOOGLUSDT",
      "verdict": "no_trade",
      "quantity": "0",
      "confidence": 0.45,
      "attests_llm_decided": true,
      "notes_written": 20,
      "protocol": {
        "digest": "sha256:d403d741144df7513e4dbb69fd254b6b95f6a7aba3b7aeba26fd959fc26dbfb8",
        "version": 3,
        "reduced_this_decision": false
      },
      "flags": [
        "[conflict:magnitude] sentiment (bullish) vs earnings (bullish), gap 41.00 \u2014 earnings dominates: confidence 0.72 against 0.35"
      ]
    },
    {
      "seq": 562,
      "symbol": "AMZNUSDT",
      "verdict": "no_trade",
      "quantity": "0",
      "confidence": 0.52,
      "attests_llm_decided": true,
      "notes_written": 23,
      "protocol": {
        "digest": "sha256:d403d741144df7513e4dbb69fd254b6b95f6a7aba3b7aeba26fd959fc26dbfb8",
        "version": 3,
        "reduced_this_decision": false
      },
      "flags": [
        "[conflict:magnitude] sentiment (bullish) vs earnings (bullish), gap 41.00 \u2014 earnings dominates: confidence 0.62 against 0.35"
      ]
    },
    {
      "seq": 563,
      "symbol": "COINUSDT",
      "verdict": "no_trade",
      "quantity": "0",
      "confidence": 0.62,
      "attests_llm_decided": true,
      "notes_written": 22,
      "protocol": {
        "digest": "sha256:d403d741144df7513e4dbb69fd254b6b95f6a7aba3b7aeba26fd959fc26dbfb8",
        "version": 3,
        "reduced_this_decision": false
      },
      "flags": [
        "[conflict:direction] sentiment (bullish) vs earnings (bearish), gap 33.00 \u2014 earnings dominates: confidence 0.72 against 0.45",
        "[grounding] 1 of 9 figure(s) do not resolve to anything the desk was given: 8",
        "[grounding] an unattributable number in a thesis is the easiest place for an unsupported fact to enter the record"
      ]
    },
    {
      "seq": 564,
      "symbol": "MSTRUSDT",
      "verdict": "no_trade",
      "quantity": "0",
      "confidence": 0.55,
      "attests_llm_decided": true,
      "notes_written": 23,
      "protocol": {
        "digest": "sha256:d403d741144df7513e4dbb69fd254b6b95f6a7aba3b7aeba26fd959fc26dbfb8",
        "version": 3,
        "reduced_this_decision": false
      },
      "flags": [
        "[conflict:magnitude] event (bullish) vs sentiment (bullish), gap 191.00 \u2014 event dominates: 9 distinct sources against 8",
        "[conflict:direction] event (bullish) vs earnings (bearish), gap 191.00 \u2014 event dominates: 9 distinct sources against 6",
        "[conflict:direction] sentiment (bullish) vs earnings (bearish), gap 0.00 \u2014 sentiment dominates: 8 distinct sources against 6"
      ]
    },
    {
      "seq": 565,
      "symbol": "QQQUSDT",
      "verdict": "no_trade",
      "quantity": "0",
      "confidence": 0.45,
      "attests_llm_decided": true,
      "notes_written": 21,
      "protocol": {
        "digest": "sha256:d403d741144df7513e4dbb69fd254b6b95f6a7aba3b7aeba26fd959fc26dbfb8",
        "version": 3,
        "reduced_this_decision": false
      },
      "flags": []
    },
    {
      "seq": 566,
      "symbol": "TQQQUSDT",
      "verdict": "no_trade",
      "quantity": "0",
      "confidence": 0.72,
      "attests_llm_decided": true,
      "notes_written": 21,
      "protocol": {
        "digest": "sha256:d403d741144df7513e4dbb69fd254b6b95f6a7aba3b7aeba26fd959fc26dbfb8",
        "version": 3,
        "reduced_this_decision": false
      },
      "flags": []
    }
  ],
  "settled_this_cycle": [
    {
      "seq": 508,
      "symbol": "NVDAUSDT",
      "abstention": true,
      "counterfactual_move_bps": "133.5226"
    },
    {
      "seq": 509,
      "symbol": "TSLAUSDT",
      "abstention": true,
      "counterfactual_move_bps": "49.6662"
    },
    {
      "seq": 510,
      "symbol": "AAPLUSDT",
      "abstention": true,
      "counterfactual_move_bps": "152.9631"
    },
    {
      "seq": 511,
      "symbol": "MSFTUSDT",
      "abstention": true,
      "counterfactual_move_bps": "45.2122"
    },
    {
      "seq": 512,
      "symbol": "METAUSDT",
      "abstention": true,
      "counterfactual_move_bps": "468.7805"
    },
    {
      "seq": 513,
      "symbol": "GOOGLUSDT",
      "abstention": true,
      "counterfactual_move_bps": "10.6655"
    },
    {
      "seq": 514,
      "symbol": "AMZNUSDT",
      "abstention": true,
      "counterfactual_move_bps": "-38.7006"
    },
    {
      "seq": 515,
      "symbol": "COINUSDT",
      "abstention": true,
      "counterfactual_move_bps": "-179.2273"
    },
    {
      "seq": 516,
      "symbol": "MSTRUSDT",
      "abstention": true,
      "counterfactual_move_bps": "207.9327"
    },
    {
      "seq": 517,
      "symbol": "QQQUSDT",
      "abstention": true,
      "counterfactual_move_bps": "95.7003"
    },
    {
      "seq": 518,
      "symbol": "TQQQUSDT",
      "abstention": true,
      "counterfactual_move_bps": "283.5417"
    },
    {
      "seq": 519,
      "symbol": "SQQQUSDT",
      "abstention": true,
      "counterfactual_move_bps": "-336.8242"
    },
    {
      "causal_chains_graded": 4
    }
  ],
  "marked_this_cycle": [
    {
      "seq": 544,
      "symbol": "NVDAUSDT",
      "horizon_hours": 1.9938,
      "move_bps": "-7.8733",
      "lean": "up"
    },
    {
      "seq": 545,
      "symbol": "TSLAUSDT",
      "horizon_hours": 1.9938,
      "move_bps": "-5.5767",
      "lean": "up"
    },
    {
      "seq": 546,
      "symbol": "AAPLUSDT",
      "horizon_hours": 1.9938,
      "move_bps": "45.6674",
      "lean": "up"
    },
    {
      "seq": 547,
      "symbol": "MSFTUSDT",
      "horizon_hours": 1.9938,
      "move_bps": "-63.3749",
      "lean": "up"
    },
    {
      "seq": 548,
      "symbol": "METAUSDT",
      "horizon_hours": 1.9938,
      "move_bps": "51.9933",
      "lean": "up"
    },
    {
      "seq": 549,
      "symbol": "GOOGLUSDT",
      "horizon_hours": 1.9938,
      "move_bps": "-143.9704",
      "lean": "up"
    },
    {
      "seq": 550,
      "symbol": "AMZNUSDT",
      "horizon_hours": 1.9938,
      "move_bps": "-141.5970",
      "lean": "up"
    },
    {
      "seq": 551,
      "symbol": "COINUSDT",
      "horizon_hours": 1.9938,
      "move_bps": "62.7195",
      "lean": "up"
    },
    {
      "seq": 552,
      "symbol": "MSTRUSDT",
      "horizon_hours": 1.9938,
      "move_bps": "59.2207",
      "lean": "up"
    },
    {
      "seq": 553,
      "symbol": "QQQUSDT",
      "horizon_hours": 1.9938,
      "move_bps": "-8.9879",
      "lean": "up"
    },
    {
      "seq": 554,
      "symbol": "TQQQUSDT",
      "horizon_hours": 1.9938,
      "move_bps": "-28.7428",
      "lean": "up"
    },
    {
      "seq": 555,
      "symbol": "SQQQUSDT",
      "horizon_hours": 1.9938,
      "move_bps": "11.7302",
      "lean": "down"
    }
  ],
  "tokens_spent": 312588,
  "unreported_calls": 0,
  "token_budget": 330000,
  "stopped_early": "stopped after 11 of 12 symbol(s): 17412 token(s) left of 330000, below the 25000 a symbol costs. The symbols not reached were not decided, and no decision was recorded for them.",
  "chain": {
    "entries": 566,
    "chain_intact": true,
    "links_intact": true,
    "first_break_at": null,
    "truncated": false,
    "anchor": "anchor agrees with the log",
    "head_hash": "0f916f40039f7344"
  },
  "protocol": "argus-paper-v1 v3 (sha256:d403d741144df7513e4dbb69fd254b6b95f6a7aba3b7aeba26fd959fc26dbfb8)"
}
exit=0

cycle 40: 5 claim(s) on METAUSDT, head c2247d49be89d68b
    resolves 2026-09-23T16:19
    resolves 2026-09-25T16:19
    resolves 2026-09-29T16:19
    resolves 2026-10-06T16:19
    resolves 2026-10-22T16:19
  anchored to 4 calendar(s)

  83 claim(s) resolve inside the window and 117 are still open when it starts
cadence_exit=0
3 claim(s) resolved this run
  Γ£ô NVDAUSDT abs_move_above_bps 114.26 by 2026-09-22T16:15 (p=0.60) [75558f8ce6b7]  observed |779.86| = 779.86
  Γ£ô METAUSDT abs_move_above_bps 106.5 by 2026-09-22T16:12 (p=0.60) [770e8d12c24c]  observed |1237.59| = 1237.59
  Γ£ô NVDAUSDT abs_move_above_bps 41.58 by 2026-09-22T16:13 (p=0.60) [894380282688]  observed |99.84| = 99.84

REGISTER ΓÇö 206 claim(s), 92 resolved, 112 pending, 2 unresolvable
  argus                  92 resolved  Brier 0.2228  hit rate 68%

  THE WALL ΓÇö 29 claim(s) we got wrong, most confident first:
    Γ£ù NVDAUSDT abs_move_above_bps 45.46 by 2026-09-15T09:21 (p=0.60) [381cbc033f4b]  observed |12.25| = 12.25
    Γ£ù TSLAUSDT abs_move_above_bps 50.23 by 2026-09-15T09:21 (p=0.60) [c387181dd2e6]  observed |-5.58| = 5.58
    Γ£ù AAPLUSDT abs_move_above_bps 37.55 by 2026-09-15T09:21 (p=0.60) [2588c7bcd941]  observed |-12.37| = 12.37
    Γ£ù AMZNUSDT abs_move_above_bps 40.7 by 2026-09-15T09:21 (p=0.60) [d71b10a405eb]  observed |-32.76| = 32.76
    Γ£ù MSTRUSDT abs_move_above_bps 138.15 by 2026-09-15T09:21 (p=0.60) [919de6cb9750]  observed |-22.67| = 22.67
    Γ£ù TSLAUSDT abs_move_above_bps 50.28 by 2026-09-16T18:14 (p=0.60) [5eec2201b2a4]  observed |-13.14| = 13.14
    Γ£ù AAPLUSDT abs_move_above_bps 37.55 by 2026-09-16T20:11 (p=0.60) [4ae4dfa61cdf]  observed |33.15| = 33.15
    Γ£ù METAUSDT abs_move_above_bps 66.48 by 2026-09-17T16:11 (p=0.60) [fe99a2216199]  observed |41.36| = 41.36
    Γ£ù TQQQUSDT abs_move_above_bps 182.37 by 2026-09-17T18:17 (p=0.60) [394c43522a43]  observed |168.28| = 168.28
    Γ£ù QQQUSDT abs_move_above_bps 31.84 by 2026-09-18T18:10 (p=0.60) [933c2db4e3a6]  observed |14.50| = 14.50

written to argus\data\register_scoreboard.json
register_exit=0
CYCLE CHECK ΓÇö cycle_2026-09-22_2100.log

  PASS     exit_code
           process exited 0
  FAIL     symbols_decided
           11 of 12 symbols produced a decision
  FAIL     ran_to_completion
           stopped after 11 of 12 symbol(s): 17412 token(s) left of 330000, below the 25000 a symbol costs. The symbols not reached were not decided, and no decision was recorded for them.
  PASS     token_budget
           312,588 of 330,000 spent (95%)
  PASS     cumulative_tokens
           10,711,795 token(s) across 38 recorded cycle(s), 281,889 per cycle ΓÇö roughly 1,127,557/day at four cycles. The key's remaining balance is not observable from here; this is the burn rate, not a runway
  FAIL     budget_not_exhausted
           the budget ended the cycle before the guard had to ΓÇö stopped after 11 of 12 symbol(s): 17412 token(s) left of 330000, below the 25000 a symbol costs. The symbols not reached were not decided, and no decision was recorded for them.
  PASS     chain_intact
           the hash chain verified after the write
  PASS     leans_recorded
           11 of 11 row(s) carry a lean and a lean_confidence
  PASS     leans_gradeable
           11 of 11 decision(s) state a direction (10 up, 1 down, 0 none)
  PASS     verdicts_parsed
           every verdict parsed
  PASS     session
           session phase(s) seen: rth  <-- price discovery

  8/11 checks passed. FAILED ΓÇö symbols_decided: 11 of 12 symbols produced a decision; ran_to_completion: stopped after 11 of 12 symbol(s): 17412 token(s) left of 330000, below the 25000 a symbol costs. The symbols not reached were not decided, and no decision was recorded for them.; budget_not_exhausted: the budget ended the cycle before the guard had to ΓÇö stopped after 11 of 12 symbol(s): 17412 token(s) left of 330000, below the 25000 a symbol costs. The symbols not reached were not decided, and no decision was recorded for them.. **FALSIFIER FIRED**: this cycle had price discovery and the desk still proposed no exposure on any symbol. eval/autopsy.py named exactly this as the observation that moves the cause of the abstentions from the sampling to the desk. Its conclusion is now refuted and must be rewritten, not defended

written to argus\data\cycle_check.json
check_exit=1
