=== ARGUS paper cycle 2026-09-22_2300 ===
sampling MSTRUSDT for 90s (rth)...

MARKOUT ΓÇö MSTRUSDT, 90s of rth, 67 book sample(s), 87 print(s), 5% flagged RPI

   horizon  prints    median      mean     worst
        5s      86    +0.588    +0.298    -6.470
       15s      81    +0.000    +0.902    -9.405
       30s      54    +6.474    +2.638   -13.820
       60s      27   +20.600   +14.016   -20.600

  Over 60s the passive side of 27 print(s) gained a median +20.60bps on MSTRUSDT (rth). No measurable adverse selection in this window ΓÇö which is a statement about 90 seconds, not about the instrument

written to argus\data\markout.json
markout_exit=0
EXECUTABLE COST ΓÇö bps. 'quoted' is the full bid-ask spread; the size columns are
slippage against mid, taking the ask (a size inside the touch reads half 'quoted').

symbol         quoted      $1000      $5000     $25000    $100000
-----------------------------------------------------------------
NVDAUSDT         0.44       0.40       0.77       1.73       4.23
TSLAUSDT         1.06       0.88       1.26       1.88       4.51
AAPLUSDT         0.29       1.12       1.59       2.30       6.54
MSFTUSDT         2.01       1.01       2.43       3.45       5.55
METAUSDT         2.15       2.63       3.69       4.60      10.71
GOOGLUSDT        1.13       1.91       2.73       3.95       6.07
AMZNUSDT         5.51       2.75       3.31       4.11       6.75
COINUSDT         3.99       2.88       4.14       5.30      14.31
MSTRUSDT         2.35       1.17       2.33       5.11       8.17
QQQUSDT          0.13       0.07       0.25       0.77       2.45
TQQQUSDT         1.25       1.46       3.22       9.51      20.42
SQQQUSDT         2.94       3.79       4.29       8.49      20.29

12 book(s) written to argus\data\depth.json
depth_exit=0
recorded 12 snapshot(s) to argus\data\book_tape.jsonl

  528 snapshots over 198.614h: a near-touch level holds a median 3.1 contracts. **Change is reported per horizon, not pooled** ΓÇö a level moves a very different share of itself over 30 seconds than over an hour, and one median over both is a number about the sampling schedule rather than about the book. The shortest horizon with at least 100 observations is `under_30s`, where a level moves a median 24.0% of itself ΓÇö that is the figure the simulator should take, being nearest the per-event timescale it models. The attribution rule ΓÇö which side of a resting order a decrease came from ΓÇö is not in this data and cannot be, so it stays a swept assumption rather than a measurement.

written to argus\data\book_calibration.json
bookcalib_exit=0
  NVDAUSDT: extended=14.1 overnight=12.1 rth=31.3 weekend=5.0 | reopen=51.3 (1.6x rth, n=64)
      throttle now x1 ΓÇö the next 24 bar(s) are expected to move 21.9bps per bar against a 31.3bps regular-hours bar; no reduction, and this layer may not size up
  TSLAUSDT: extended=14.7 overnight=12.4 rth=36.0 weekend=5.9 | reopen=76.6 (2.1x rth, n=64)
      throttle now x1 ΓÇö the next 24 bar(s) are expected to move 26.5bps per bar against a 36.0bps regular-hours bar; no reduction, and this layer may not size up
  AAPLUSDT: extended=10.2 overnight=7.5 rth=23.0 weekend=5.2 | reopen=43.7 (1.9x rth, n=64)
      throttle now x1 ΓÇö the next 24 bar(s) are expected to move 16.4bps per bar against a 23.0bps regular-hours bar; no reduction, and this layer may not size up
  MSFTUSDT: extended=13.2 overnight=8.8 rth=25.8 weekend=5.4 | reopen=42.0 (1.6x rth, n=64)
      throttle now x1 ΓÇö the next 24 bar(s) are expected to move 18.2bps per bar against a 25.8bps regular-hours bar; no reduction, and this layer may not size up
  METAUSDT: extended=15.0 overnight=9.8 rth=35.6 weekend=6.3 | reopen=66.3 (1.9x rth, n=64)
      throttle now x1 ΓÇö the next 24 bar(s) are expected to move 24.8bps per bar against a 35.6bps regular-hours bar; no reduction, and this layer may not size up
  GOOGLUSDT: extended=13.6 overnight=9.1 rth=23.4 weekend=5.6 | reopen=47.0 (2.0x rth, n=64)
      throttle now x1 ΓÇö the next 24 bar(s) are expected to move 18.0bps per bar against a 23.4bps regular-hours bar; no reduction, and this layer may not size up
  AMZNUSDT: extended=12.6 overnight=7.4 rth=23.5 weekend=4.8 | reopen=40.8 (1.7x rth, n=64)
      throttle now x1 ΓÇö the next 24 bar(s) are expected to move 16.9bps per bar against a 23.5bps regular-hours bar; no reduction, and this layer may not size up
  COINUSDT: extended=28.6 overnight=19.1 rth=61.9 weekend=13.9 | reopen=94.4 (1.5x rth, n=64)
      throttle now x1 ΓÇö the next 24 bar(s) are expected to move 41.9bps per bar against a 61.9bps regular-hours bar; no reduction, and this layer may not size up
  MSTRUSDT: extended=37.4 overnight=30.6 rth=66.1 weekend=18.8 | reopen=103.0 (1.6x rth, n=64)
      throttle now x1 ΓÇö the next 24 bar(s) are expected to move 48.7bps per bar against a 66.1bps regular-hours bar; no reduction, and this layer may not size up
  QQQUSDT: extended=8.9 overnight=9.9 rth=14.4 weekend=3.7 | reopen=27.8 (1.9x rth, n=64)
      throttle now x1 ΓÇö the next 24 bar(s) are expected to move 12.1bps per bar against a 14.4bps regular-hours bar; no reduction, and this layer may not size up
  TQQQUSDT: extended=25.2 overnight=29.9 rth=43.1 weekend=8.5 | reopen=83.9 (1.9x rth, n=64)
      throttle now x1 ΓÇö the next 24 bar(s) are expected to move 36.0bps per bar against a 43.1bps regular-hours bar; no reduction, and this layer may not size up
  SQQQUSDT: extended=25.7 overnight=31.0 rth=43.9 weekend=7.9 | reopen=84.1 (1.9x rth, n=64)
      throttle now x1 ΓÇö the next 24 bar(s) are expected to move 36.7bps per bar against a 43.9bps regular-hours bar; no reduction, and this layer may not size up

12 profile(s) written to argus\data\session_risk.json
session_risk_exit=0
symbol        RTH bps/h  wknd bps/h  attenuation  anchor
NVDAUSDT          30.65        4.36         7.03  OK
TSLAUSDT          34.70        5.75         6.03  OK
AAPLUSDT          24.36        4.26         5.72  OK
MSFTUSDT          25.11        4.39         5.72  OK
METAUSDT          36.39        5.42         6.72  OK
GOOGLUSDT         24.51        5.23         4.68  OK
AMZNUSDT          24.37        3.79         6.43  OK
COINUSDT          62.86       12.27         5.12  OK
MSTRUSDT          67.34       17.38         3.88  OK
QQQUSDT           14.61        3.44         4.25  OK
TQQQUSDT          44.91        7.30         6.15  OK
SQQQUSDT          45.75        5.60         8.17  OK

  all 12 shipped instruments still attenuate past 2.5x when the anchor market shuts

written to argus\data\universe_validation.json
universe_exit=0
  NVDAUSDT hedged with NVDA index (all): r=+0.988 [95% low +0.987], optimal ratio 0.983 removes 97.7% of variance, one-for-one removes 97.6%, n=1438
  NVDAUSDT hedged with NVDA index (extended): r=+0.998 [95% low +0.998], optimal ratio 0.989 removes 99.6% of variance, one-for-one removes 99.6%, n=419
  NVDAUSDT hedged with NVDA index (overnight): r=+0.995 [95% low +0.994], optimal ratio 0.994 removes 99.0% of variance, one-for-one removes 99.0%, n=335
  NVDAUSDT hedged with NVDA index (rth): r=+0.999 [95% low +0.999], optimal ratio 0.987 removes 99.8% of variance, one-for-one removes 99.8%, n=250
  NVDAUSDT hedged with NVDA index (weekend): r=+0.997 [95% low +0.996], optimal ratio 0.997 removes 99.3% of variance, one-for-one removes 99.3%, n=431
  TSLAUSDT hedged with TSLA index (all): r=+0.989 [95% low +0.988], optimal ratio 0.992 removes 97.8% of variance, one-for-one removes 97.8%, n=1438
  TSLAUSDT hedged with TSLA index (extended): r=+0.998 [95% low +0.998], optimal ratio 0.996 removes 99.7% of variance, one-for-one removes 99.7%, n=419
  TSLAUSDT hedged with TSLA index (overnight): r=+0.996 [95% low +0.995], optimal ratio 0.999 removes 99.2% of variance, one-for-one removes 99.2%, n=335
  TSLAUSDT hedged with TSLA index (rth): r=+0.999 [95% low +0.999], optimal ratio 0.997 removes 99.9% of variance, one-for-one removes 99.9%, n=250
  TSLAUSDT hedged with TSLA index (weekend): r=+0.988 [95% low +0.986], optimal ratio 0.994 removes 97.7% of variance, one-for-one removes 97.7%, n=431
  AAPLUSDT hedged with AAPL index (all): r=+0.988 [95% low +0.987], optimal ratio 0.981 removes 97.7% of variance, one-for-one removes 97.7%, n=1438
  AAPLUSDT hedged with AAPL index (extended): r=+0.996 [95% low +0.995], optimal ratio 0.980 removes 99.2% of variance, one-for-one removes 99.2%, n=419
  AAPLUSDT hedged with AAPL index (overnight): r=+0.996 [95% low +0.996], optimal ratio 1.000 removes 99.3% of variance, one-for-one removes 99.3%, n=335
  AAPLUSDT hedged with AAPL index (rth): r=+0.999 [95% low +0.999], optimal ratio 0.988 removes 99.8% of variance, one-for-one removes 99.8%, n=250
  AAPLUSDT hedged with AAPL index (weekend): r=+0.997 [95% low +0.996], optimal ratio 1.000 removes 99.3% of variance, one-for-one removes 99.3%, n=431
  MSFTUSDT hedged with MSFT index (all): r=+0.991 [95% low +0.990], optimal ratio 0.989 removes 98.1% of variance, one-for-one removes 98.1%, n=1438
  MSFTUSDT hedged with MSFT index (extended): r=+0.998 [95% low +0.997], optimal ratio 0.994 removes 99.6% of variance, one-for-one removes 99.6%, n=419
  MSFTUSDT hedged with MSFT index (overnight): r=+0.996 [95% low +0.995], optimal ratio 0.995 removes 99.2% of variance, one-for-one removes 99.2%, n=335
  MSFTUSDT hedged with MSFT index (rth): r=+0.999 [95% low +0.999], optimal ratio 0.983 removes 99.8% of variance, one-for-one removes 99.7%, n=250
  MSFTUSDT hedged with MSFT index (weekend): r=+0.999 [95% low +0.999], optimal ratio 1.011 removes 99.8% of variance, one-for-one removes 99.7%, n=431
  METAUSDT hedged with META index (all): r=+0.994 [95% low +0.993], optimal ratio 0.990 removes 98.8% of variance, one-for-one removes 98.8%, n=1438
  METAUSDT hedged with META index (extended): r=+0.999 [95% low +0.998], optimal ratio 0.987 removes 99.7% of variance, one-for-one removes 99.7%, n=419
  METAUSDT hedged with META index (overnight): r=+0.998 [95% low +0.997], optimal ratio 1.004 removes 99.5% of variance, one-for-one removes 99.5%, n=335
  METAUSDT hedged with META index (rth): r=+0.999 [95% low +0.999], optimal ratio 0.999 removes 99.8% of variance, one-for-one removes 99.8%, n=250
  METAUSDT hedged with META index (weekend): r=+0.998 [95% low +0.997], optimal ratio 1.000 removes 99.6% of variance, one-for-one removes 99.6%, n=431
  GOOGLUSDT hedged with GOOGL index (all): r=+0.983 [95% low +0.981], optimal ratio 0.988 removes 96.7% of variance, one-for-one removes 96.7%, n=1438
  GOOGLUSDT hedged with GOOGL index (extended): r=+0.997 [95% low +0.996], optimal ratio 0.997 removes 99.3% of variance, one-for-one removes 99.3%, n=419
  GOOGLUSDT hedged with GOOGL index (overnight): r=+0.995 [95% low +0.994], optimal ratio 1.006 removes 99.0% of variance, one-for-one removes 99.0%, n=335
  GOOGLUSDT hedged with GOOGL index (rth): r=+0.999 [95% low +0.998], optimal ratio 0.987 removes 99.8% of variance, one-for-one removes 99.7%, n=250
  GOOGLUSDT hedged with GOOGL index (weekend): r=+0.996 [95% low +0.995], optimal ratio 1.004 removes 99.1% of variance, one-for-one removes 99.1%, n=431
  AMZNUSDT hedged with AMZN index (all): r=+0.989 [95% low +0.988], optimal ratio 0.996 removes 97.8% of variance, one-for-one removes 97.8%, n=1438
  AMZNUSDT hedged with AMZN index (extended): r=+0.997 [95% low +0.996], optimal ratio 1.002 removes 99.4% of variance, one-for-one removes 99.4%, n=419
  AMZNUSDT hedged with AMZN index (overnight): r=+0.998 [95% low +0.997], optimal ratio 1.004 removes 99.6% of variance, one-for-one removes 99.6%, n=335
  AMZNUSDT hedged with AMZN index (rth): r=+0.999 [95% low +0.998], optimal ratio 0.988 removes 99.7% of variance, one-for-one removes 99.7%, n=250
  AMZNUSDT hedged with AMZN index (weekend): r=+0.998 [95% low +0.998], optimal ratio 0.999 removes 99.6% of variance, one-for-one removes 99.6%, n=431
  COINUSDT hedged with COIN index (all): r=+0.990 [95% low +0.988], optimal ratio 0.996 removes 97.9% of variance, one-for-one removes 97.9%, n=1438
  COINUSDT hedged with COIN index (extended): r=+0.998 [95% low +0.998], optimal ratio 0.997 removes 99.6% of variance, one-for-one removes 99.6%, n=419
  COINUSDT hedged with COIN index (overnight): r=+0.996 [95% low +0.995], optimal ratio 0.996 removes 99.3% of variance, one-for-one removes 99.3%, n=335
  COINUSDT hedged with COIN index (rth): r=+0.999 [95% low +0.999], optimal ratio 0.996 removes 99.9% of variance, one-for-one removes 99.9%, n=250
  COINUSDT hedged with COIN index (weekend): r=+0.997 [95% low +0.997], optimal ratio 0.998 removes 99.5% of variance, one-for-one removes 99.5%, n=431
  MSTRUSDT hedged with MSTR index (all): r=+0.986 [95% low +0.985], optimal ratio 0.994 removes 97.3% of variance, one-for-one removes 97.3%, n=1438
  MSTRUSDT hedged with MSTR index (extended): r=+0.999 [95% low +0.999], optimal ratio 0.994 removes 99.8% of variance, one-for-one removes 99.8%, n=419
  MSTRUSDT hedged with MSTR index (overnight): r=+0.994 [95% low +0.993], optimal ratio 0.992 removes 98.8% of variance, one-for-one removes 98.8%, n=335
  MSTRUSDT hedged with MSTR index (rth): r=+1.000 [95% low +1.000], optimal ratio 0.997 removes 99.9% of variance, one-for-one removes 99.9%, n=250
  MSTRUSDT hedged with MSTR index (weekend): r=+0.997 [95% low +0.996], optimal ratio 1.000 removes 99.3% of variance, one-for-one removes 99.3%, n=431
  QQQUSDT hedged with QQQ index (all): r=+0.978 [95% low +0.975], optimal ratio 0.982 removes 95.6% of variance, one-for-one removes 95.6%, n=1438
  QQQUSDT hedged with QQQ index (extended): r=+0.997 [95% low +0.996], optimal ratio 0.983 removes 99.3% of variance, one-for-one removes 99.3%, n=419
  QQQUSDT hedged with QQQ index (overnight): r=+0.994 [95% low +0.992], optimal ratio 1.005 removes 98.7% of variance, one-for-one removes 98.7%, n=335
  QQQUSDT hedged with QQQ index (rth): r=+0.998 [95% low +0.998], optimal ratio 0.991 removes 99.6% of variance, one-for-one removes 99.6%, n=250
  QQQUSDT hedged with QQQ index (weekend): r=+0.988 [95% low +0.985], optimal ratio 0.999 removes 97.5% of variance, one-for-one removes 97.5%, n=431
  TQQQUSDT hedged with TQQQ index (all): r=+0.982 [95% low +0.980], optimal ratio 0.992 removes 96.4% of variance, one-for-one removes 96.4%, n=1438
  TQQQUSDT hedged with TQQQ index (extended): r=+0.998 [95% low +0.998], optimal ratio 0.988 removes 99.6% of variance, one-for-one removes 99.6%, n=419
  TQQQUSDT hedged with TQQQ index (overnight): r=+0.992 [95% low +0.990], optimal ratio 1.005 removes 98.3% of variance, one-for-one removes 98.3%, n=335
  TQQQUSDT hedged with TQQQ index (rth): r=+0.999 [95% low +0.998], optimal ratio 0.995 removes 99.7% of variance, one-for-one removes 99.7%, n=250
  TQQQUSDT hedged with TQQQ index (weekend): r=+0.989 [95% low +0.987], optimal ratio 1.004 removes 97.9% of variance, one-for-one removes 97.9%, n=431
  SQQQUSDT hedged with SQQQ index (all): r=+0.973 [95% low +0.970], optimal ratio 0.990 removes 94.7% of variance, one-for-one removes 94.7%, n=1438
  SQQQUSDT hedged with SQQQ index (extended): r=+0.997 [95% low +0.996], optimal ratio 0.986 removes 99.3% of variance, one-for-one removes 99.3%, n=419
  SQQQUSDT hedged with SQQQ index (overnight): r=+0.989 [95% low +0.986], optimal ratio 1.013 removes 97.8% of variance, one-for-one removes 97.8%, n=335
  SQQQUSDT hedged with SQQQ index (rth): r=+0.996 [95% low +0.995], optimal ratio 0.999 removes 99.2% of variance, one-for-one removes 99.2%, n=250
  SQQQUSDT hedged with SQQQ index (weekend): r=+0.989 [95% low +0.987], optimal ratio 0.999 removes 97.8% of variance, one-for-one removes 97.8%, n=431

60 measurement(s) written to argus\data\hedge_effectiveness.json
effectiveness_exit=0
python : Traceback (most recent call last):
At argus\run_paper_cycle.ps1:61 char:1
+ python -m argus.paper.runner --once --symbols NVDAUSDT,TSLAUSDT,AAPLU ...
+ ~~~~~~~~~~~~~~~~~~~~~~~~~~~~~~~~~~~~~~~~~~~~~~~~~~~~~~~~~~~~~~~~~~~~~
    + CategoryInfo          : NotSpecified: (Traceback (most recent call last)::String) [], RemoteException
    + FullyQualifiedErrorId : NativeCommandError
 
  File "<frozen runpy>", line 198, in _run_module_as_main
  File "<frozen runpy>", line 88, in _run_code
  File "argus\src\argus\paper\runner.py", line 1058, in <module>
    raise SystemExit(main())
                     ^^^^^^
  File "argus\src\argus\paper\runner.py", line 1046, in main
    result = run_once(symbols=tuple(s.strip() for s in args.symbols.split(",")))
             ^^^^^^^^^^^^^^^^^^^^^^^^^^^^^^^^^^^^^^^^^^^^^^^^^^^^^^^^^^^^^^^^^^^
  File "argus\src\argus\paper\runner.py", line 812, in run_once
    entry = ledger.record(
            ^^^^^^^^^^^^^^
  File "argus\src\argus\paper\ledger.py", line 390, in record
    fields that are deliberately excluded from the content hash, so rewriting the row alters no
           ^^^^^^^^^^^^^^^^^^^^^^^^^
  File "argus\src\argus\paper\ledger.py", line 276, in _append_built
    return is_voided(self.seq)
            ^^^^^^^^^^^^
  File "argus\src\argus\paper\ledger.py", line 261, in _load
    "direction_correct": self.direction_correct,
                            ^^^^^^^^^^^^^^^^^^^^^
TypeError: Entry.__init__() got an unexpected keyword argument 'kind'
exit=1

cycle 41: 5 claim(s) on GOOGLUSDT, head 8b3e82ae3dc70fa2
    resolves 2026-09-23T18:08
    resolves 2026-09-25T18:08
    resolves 2026-09-29T18:08
    resolves 2026-10-06T18:08
    resolves 2026-10-22T18:08

  87 claim(s) resolve inside the window and 122 are still open when it starts
cadence_exit=0
0 claim(s) resolved this run

REGISTER ΓÇö 211 claim(s), 92 resolved, 117 pending, 2 unresolvable
  argus                  92 resolved  Brier 0.2228  hit rate 68%

  THE WALL ΓÇö 29 claim(s) we got wrong, most confident first:
    Γ£ù NVDAUSDT abs_move_above_bps 45.46 by 2026-09-15T09:21 (p=0.60) [381cbc033f4b]  observed |12.25| = 12.25
    Γ£ù TSLAUSDT abs_move_above_bps 50.23 by 2026-09-15T09:21 (p=0.60) [c387181dd2e6]  observed |-5.58| = 5.58
    Γ£ù AAPLUSDT abs_move_above_bps 37.55 by 2026-09-15T09:21 (p=0.60) [2588c7bcd941]  observed |-12.37| = 12.37
    Γ£ù AMZNUSDT abs_move_above_bps 40.7 by 2026-09-15T09:21 (p=0.60) [d71b10a405eb]  observed |-32.76| = 32.76
    Γ£ù MSTRUSDT abs_move_above_bps 138.15 by 2026-09-15T09:21 (p=0.60) [919de6cb9750]  observed |-22.67| = 22.67
    Γ£ù TSLAUSDT abs_move_above_bps 50.28 by 2026-09-16T18:14 (p=0.60) [5eec2201b2a4]  observed |-13.14| = 13.14
    Γ£ù AAPLUSDT abs_move_above_bps 37.55 by 2026-09-16T20:11 (p=0.60) [4ae4dfa61cdf]  observed |33.15| = 33.15
    Γ£ù METAUSDT abs_move_above_bps 66.48 by 2026-09-17T16:11 (p=0.60) [fe99a2216199]  observed |41.36| = 41.36
    Γ£ù TQQQUSDT abs_move_above_bps 182.37 by 2026-09-17T18:17 (p=0.60) [394c43522a43]  observed |168.28| = 168.28
    Γ£ù QQQUSDT abs_move_above_bps 31.84 by 2026-09-18T18:10 (p=0.60) [933c2db4e3a6]  observed |14.50| = 14.50

written to argus\data\register_scoreboard.json
register_exit=0
CYCLE CHECK ΓÇö cycle_2026-09-22_2300.log

  FAIL     exit_code
           process exited 1
  FAIL     symbols_decided
           0 of 12 symbols produced a decision
  UNKNOWN  ran_to_completion
           no stopped_early field in the log
  UNKNOWN  token_budget
           the log records no token figures
  PASS     cumulative_tokens
           10,711,795 token(s) across 38 recorded cycle(s), 281,889 per cycle ΓÇö roughly 1,127,557/day at four cycles. The key's remaining balance is not observable from here; this is the burn rate, not a runway
  PASS     budget_not_exhausted
           the guard did not fire
  UNKNOWN  chain_intact
           the log records no chain verification
  UNKNOWN  leans_recorded
           no decisions in this cycle to check
  UNKNOWN  leans_gradeable
           no decisions in this cycle to check
  PASS     verdicts_parsed
           every verdict parsed
  UNKNOWN  session
           no ledger rows matched this cycle, so the session it saw is unknown ΓÇö and an unknown session cannot be read as a weekend one

  9/11 checks passed. FAILED ΓÇö exit_code: process exited 1; symbols_decided: 0 of 12 symbols produced a decision. 6 could not be evaluated: ran_to_completion, token_budget, chain_intact, leans_recorded, leans_gradeable, session. The cycle ran with the anchor market shut, so it says nothing about whether this desk trades

written to argus\data\cycle_check.json
check_exit=1
