=== ARGUS paper cycle 2026-09-20_2100 ===
sampling MSTRUSDT for 90s (weekend)...

MARKOUT ΓÇö MSTRUSDT, 90s of weekend, 70 book sample(s), 89 print(s), 0% flagged RPI

   horizon  prints    median      mean     worst
        5s      87    -0.326    -0.045    -4.897
       15s      86    -0.653    -0.007   -10.446
       30s      71    -3.590    -0.698    -8.812
       60s      54    +0.163    +0.950    -3.264

  Over 60s the passive side of 54 print(s) gained a median +0.16bps on MSTRUSDT (weekend). No measurable adverse selection in this window ΓÇö which is a statement about 90 seconds, not about the instrument

written to argus\data\markout.json
markout_exit=0
EXECUTABLE COST ΓÇö bps. 'quoted' is the full bid-ask spread; the size columns are
slippage against mid, taking the ask (a size inside the touch reads half 'quoted').

symbol         quoted      $1000      $5000     $25000    $100000
-----------------------------------------------------------------
NVDAUSDT         0.45       1.01       1.11       1.61       3.88
TSLAUSDT         1.37       1.72       2.97       5.03       6.87
AAPLUSDT         0.90       0.58       1.71       4.80       7.01
MSFTUSDT         2.63       1.31       1.31       2.34       4.53
METAUSDT         2.53       3.86       4.59       6.07      12.84
GOOGLUSDT        1.72       1.20       1.87       3.49       4.63
AMZNUSDT         2.76       1.38       1.56       3.21       6.19
COINUSDT         5.68       3.15       4.10       4.72      11.30
MSTRUSDT         0.65       0.68       2.02       5.52       9.45
QQQUSDT          0.14       0.07       0.44       1.45       3.03
TQQQUSDT         1.39       2.78       3.67      10.09      22.92
SQQQUSDT         2.62       5.76       6.39      12.57      24.83

12 book(s) written to argus\data\depth.json
depth_exit=0
recorded 12 snapshot(s) to argus\data\book_tape.jsonl

  420 snapshots over 148.614h: a near-touch level holds a median 3.03 contracts. **Change is reported per horizon, not pooled** ΓÇö a level moves a very different share of itself over 30 seconds than over an hour, and one median over both is a number about the sampling schedule rather than about the book. The shortest horizon with at least 100 observations is `under_30s`, where a level moves a median 24.0% of itself ΓÇö that is the figure the simulator should take, being nearest the per-event timescale it models. The attribution rule ΓÇö which side of a resting order a decrease came from ΓÇö is not in this data and cannot be, so it stays a swept assumption rather than a measurement.

written to argus\data\book_calibration.json
bookcalib_exit=0
  NVDAUSDT: extended=13.9 overnight=12.7 rth=31.4 weekend=4.9 | reopen=51.5 (1.6x rth, n=64)
      throttle now x1 ΓÇö the next 24 bar(s) are expected to move 16.5bps per bar against a 31.4bps regular-hours bar; no reduction, and this layer may not size up
  TSLAUSDT: extended=14.6 overnight=12.6 rth=37.3 weekend=5.9 | reopen=76.6 (2.1x rth, n=64)
      throttle now x1 ΓÇö the next 24 bar(s) are expected to move 21.2bps per bar against a 37.3bps regular-hours bar; no reduction, and this layer may not size up
  AAPLUSDT: extended=10.5 overnight=7.6 rth=23.6 weekend=5.2 | reopen=43.7 (1.8x rth, n=64)
      throttle now x1 ΓÇö the next 24 bar(s) are expected to move 13.1bps per bar against a 23.6bps regular-hours bar; no reduction, and this layer may not size up
  MSFTUSDT: extended=13.3 overnight=9.0 rth=25.8 weekend=5.4 | reopen=40.5 (1.6x rth, n=64)
      throttle now x1 ΓÇö the next 24 bar(s) are expected to move 13.7bps per bar against a 25.8bps regular-hours bar; no reduction, and this layer may not size up
  METAUSDT: extended=14.9 overnight=10.1 rth=34.9 weekend=6.3 | reopen=67.1 (1.9x rth, n=64)
      throttle now x1 ΓÇö the next 24 bar(s) are expected to move 19.3bps per bar against a 34.9bps regular-hours bar; no reduction, and this layer may not size up
  GOOGLUSDT: extended=13.6 overnight=9.2 rth=23.4 weekend=5.5 | reopen=49.1 (2.1x rth, n=64)
      throttle now x1 ΓÇö the next 24 bar(s) are expected to move 14.6bps per bar against a 23.4bps regular-hours bar; no reduction, and this layer may not size up
  AMZNUSDT: extended=12.6 overnight=7.8 rth=23.6 weekend=4.7 | reopen=41.2 (1.7x rth, n=64)
      throttle now x1 ΓÇö the next 24 bar(s) are expected to move 13.1bps per bar against a 23.6bps regular-hours bar; no reduction, and this layer may not size up
  COINUSDT: extended=28.8 overnight=19.4 rth=66.5 weekend=13.7 | reopen=95.4 (1.4x rth, n=64)
      throttle now x1 ΓÇö the next 24 bar(s) are expected to move 32.8bps per bar against a 66.5bps regular-hours bar; no reduction, and this layer may not size up
  MSTRUSDT: extended=38.1 overnight=30.8 rth=67.6 weekend=18.6 | reopen=102.2 (1.5x rth, n=64)
      throttle now x1 ΓÇö the next 24 bar(s) are expected to move 38.1bps per bar against a 67.6bps regular-hours bar; no reduction, and this layer may not size up
  QQQUSDT: extended=9.1 overnight=10.2 rth=15.0 weekend=3.7 | reopen=27.8 (1.9x rth, n=64)
      throttle now x1 ΓÇö the next 24 bar(s) are expected to move 9.6bps per bar against a 15.0bps regular-hours bar; no reduction, and this layer may not size up
  TQQQUSDT: extended=25.8 overnight=30.7 rth=45.4 weekend=8.4 | reopen=85.6 (1.9x rth, n=64)
      throttle now x1 ΓÇö the next 24 bar(s) are expected to move 28.4bps per bar against a 45.4bps regular-hours bar; no reduction, and this layer may not size up
  SQQQUSDT: extended=26.1 overnight=31.4 rth=47.5 weekend=7.9 | reopen=84.1 (1.8x rth, n=64)
      throttle now x1 ΓÇö the next 24 bar(s) are expected to move 28.6bps per bar against a 47.5bps regular-hours bar; no reduction, and this layer may not size up

12 profile(s) written to argus\data\session_risk.json
session_risk_exit=0
symbol        RTH bps/h  wknd bps/h  attenuation  anchor
NVDAUSDT          30.58        4.31         7.10  OK
TSLAUSDT          37.48        5.75         6.51  OK
AAPLUSDT          25.58        4.23         6.05  OK
MSFTUSDT          25.11        4.36         5.76  OK
METAUSDT          35.07        5.41         6.48  OK
GOOGLUSDT         24.28        5.21         4.66  OK
AMZNUSDT          24.52        3.74         6.56  OK
COINUSDT          65.05       12.17         5.34  OK
MSTRUSDT          67.84       16.92         4.01  OK
QQQUSDT           15.52        3.36         4.62  OK
TQQQUSDT          47.46        7.12         6.67  OK
SQQQUSDT          46.53        5.36         8.69  OK

  all 12 shipped instruments still attenuate past 2.5x when the anchor market shuts

written to argus\data\universe_validation.json
universe_exit=0
  NVDAUSDT hedged with NVDA index (all): r=+0.989 [95% low +0.988], optimal ratio 0.983 removes 97.8% of variance, one-for-one removes 97.8%, n=1438
  NVDAUSDT hedged with NVDA index (extended): r=+0.998 [95% low +0.998], optimal ratio 0.990 removes 99.6% of variance, one-for-one removes 99.6%, n=423
  NVDAUSDT hedged with NVDA index (overnight): r=+0.995 [95% low +0.993], optimal ratio 0.993 removes 98.9% of variance, one-for-one removes 98.9%, n=339
  NVDAUSDT hedged with NVDA index (rth): r=+0.999 [95% low +0.999], optimal ratio 0.987 removes 99.8% of variance, one-for-one removes 99.8%, n=255
  NVDAUSDT hedged with NVDA index (weekend): r=+0.997 [95% low +0.996], optimal ratio 0.998 removes 99.4% of variance, one-for-one removes 99.4%, n=418
  TSLAUSDT hedged with TSLA index (all): r=+0.991 [95% low +0.990], optimal ratio 0.993 removes 98.1% of variance, one-for-one removes 98.1%, n=1438
  TSLAUSDT hedged with TSLA index (extended): r=+0.999 [95% low +0.998], optimal ratio 0.996 removes 99.7% of variance, one-for-one removes 99.7%, n=423
  TSLAUSDT hedged with TSLA index (overnight): r=+0.997 [95% low +0.997], optimal ratio 0.999 removes 99.4% of variance, one-for-one removes 99.4%, n=339
  TSLAUSDT hedged with TSLA index (rth): r=+1.000 [95% low +1.000], optimal ratio 0.999 removes 99.9% of variance, one-for-one removes 99.9%, n=255
  TSLAUSDT hedged with TSLA index (weekend): r=+0.989 [95% low +0.986], optimal ratio 0.994 removes 97.7% of variance, one-for-one removes 97.7%, n=418
  AAPLUSDT hedged with AAPL index (all): r=+0.989 [95% low +0.988], optimal ratio 0.980 removes 97.8% of variance, one-for-one removes 97.7%, n=1438
  AAPLUSDT hedged with AAPL index (extended): r=+0.996 [95% low +0.996], optimal ratio 0.981 removes 99.3% of variance, one-for-one removes 99.2%, n=423
  AAPLUSDT hedged with AAPL index (overnight): r=+0.997 [95% low +0.996], optimal ratio 1.001 removes 99.3% of variance, one-for-one removes 99.3%, n=339
  AAPLUSDT hedged with AAPL index (rth): r=+0.999 [95% low +0.999], optimal ratio 0.988 removes 99.8% of variance, one-for-one removes 99.8%, n=255
  AAPLUSDT hedged with AAPL index (weekend): r=+0.997 [95% low +0.996], optimal ratio 1.000 removes 99.3% of variance, one-for-one removes 99.3%, n=418
  MSFTUSDT hedged with MSFT index (all): r=+0.991 [95% low +0.990], optimal ratio 0.989 removes 98.2% of variance, one-for-one removes 98.2%, n=1438
  MSFTUSDT hedged with MSFT index (extended): r=+0.998 [95% low +0.997], optimal ratio 0.995 removes 99.5% of variance, one-for-one removes 99.5%, n=423
  MSFTUSDT hedged with MSFT index (overnight): r=+0.996 [95% low +0.995], optimal ratio 0.996 removes 99.3% of variance, one-for-one removes 99.3%, n=339
  MSFTUSDT hedged with MSFT index (rth): r=+0.999 [95% low +0.999], optimal ratio 0.983 removes 99.8% of variance, one-for-one removes 99.8%, n=255
  MSFTUSDT hedged with MSFT index (weekend): r=+0.999 [95% low +0.999], optimal ratio 1.011 removes 99.8% of variance, one-for-one removes 99.8%, n=418
  METAUSDT hedged with META index (all): r=+0.994 [95% low +0.993], optimal ratio 0.991 removes 98.7% of variance, one-for-one removes 98.7%, n=1438
  METAUSDT hedged with META index (extended): r=+0.998 [95% low +0.998], optimal ratio 0.988 removes 99.7% of variance, one-for-one removes 99.6%, n=423
  METAUSDT hedged with META index (overnight): r=+0.998 [95% low +0.997], optimal ratio 1.003 removes 99.5% of variance, one-for-one removes 99.5%, n=339
  METAUSDT hedged with META index (rth): r=+0.999 [95% low +0.999], optimal ratio 0.999 removes 99.8% of variance, one-for-one removes 99.8%, n=255
  METAUSDT hedged with META index (weekend): r=+0.998 [95% low +0.997], optimal ratio 1.000 removes 99.6% of variance, one-for-one removes 99.6%, n=418
  GOOGLUSDT hedged with GOOGL index (all): r=+0.984 [95% low +0.983], optimal ratio 0.997 removes 96.9% of variance, one-for-one removes 96.9%, n=1438
  GOOGLUSDT hedged with GOOGL index (extended): r=+0.996 [95% low +0.995], optimal ratio 0.996 removes 99.2% of variance, one-for-one removes 99.2%, n=423
  GOOGLUSDT hedged with GOOGL index (overnight): r=+0.995 [95% low +0.994], optimal ratio 1.002 removes 99.0% of variance, one-for-one removes 99.0%, n=339
  GOOGLUSDT hedged with GOOGL index (rth): r=+0.999 [95% low +0.999], optimal ratio 0.987 removes 99.8% of variance, one-for-one removes 99.8%, n=255
  GOOGLUSDT hedged with GOOGL index (weekend): r=+0.996 [95% low +0.995], optimal ratio 1.004 removes 99.2% of variance, one-for-one removes 99.1%, n=418
  AMZNUSDT hedged with AMZN index (all): r=+0.989 [95% low +0.988], optimal ratio 0.996 removes 97.9% of variance, one-for-one removes 97.9%, n=1438
  AMZNUSDT hedged with AMZN index (extended): r=+0.997 [95% low +0.996], optimal ratio 1.002 removes 99.4% of variance, one-for-one removes 99.4%, n=423
  AMZNUSDT hedged with AMZN index (overnight): r=+0.998 [95% low +0.997], optimal ratio 1.004 removes 99.6% of variance, one-for-one removes 99.6%, n=339
  AMZNUSDT hedged with AMZN index (rth): r=+0.999 [95% low +0.998], optimal ratio 0.989 removes 99.7% of variance, one-for-one removes 99.7%, n=255
  AMZNUSDT hedged with AMZN index (weekend): r=+0.998 [95% low +0.998], optimal ratio 0.999 removes 99.6% of variance, one-for-one removes 99.6%, n=418
  COINUSDT hedged with COIN index (all): r=+0.991 [95% low +0.990], optimal ratio 0.995 removes 98.2% of variance, one-for-one removes 98.2%, n=1438
  COINUSDT hedged with COIN index (extended): r=+0.998 [95% low +0.998], optimal ratio 0.995 removes 99.6% of variance, one-for-one removes 99.6%, n=423
  COINUSDT hedged with COIN index (overnight): r=+0.997 [95% low +0.996], optimal ratio 0.998 removes 99.4% of variance, one-for-one removes 99.4%, n=339
  COINUSDT hedged with COIN index (rth): r=+0.999 [95% low +0.999], optimal ratio 0.995 removes 99.9% of variance, one-for-one removes 99.9%, n=255
  COINUSDT hedged with COIN index (weekend): r=+0.998 [95% low +0.998], optimal ratio 0.998 removes 99.6% of variance, one-for-one removes 99.6%, n=418
  MSTRUSDT hedged with MSTR index (all): r=+0.988 [95% low +0.987], optimal ratio 0.993 removes 97.7% of variance, one-for-one removes 97.7%, n=1438
  MSTRUSDT hedged with MSTR index (extended): r=+0.999 [95% low +0.999], optimal ratio 0.993 removes 99.8% of variance, one-for-one removes 99.8%, n=423
  MSTRUSDT hedged with MSTR index (overnight): r=+0.995 [95% low +0.994], optimal ratio 0.998 removes 99.0% of variance, one-for-one removes 99.0%, n=339
  MSTRUSDT hedged with MSTR index (rth): r=+1.000 [95% low +1.000], optimal ratio 0.997 removes 99.9% of variance, one-for-one removes 99.9%, n=255
  MSTRUSDT hedged with MSTR index (weekend): r=+0.997 [95% low +0.997], optimal ratio 1.000 removes 99.5% of variance, one-for-one removes 99.5%, n=418
  QQQUSDT hedged with QQQ index (all): r=+0.979 [95% low +0.977], optimal ratio 0.981 removes 95.8% of variance, one-for-one removes 95.8%, n=1438
  QQQUSDT hedged with QQQ index (extended): r=+0.996 [95% low +0.995], optimal ratio 0.982 removes 99.2% of variance, one-for-one removes 99.2%, n=423
  QQQUSDT hedged with QQQ index (overnight): r=+0.993 [95% low +0.992], optimal ratio 1.007 removes 98.7% of variance, one-for-one removes 98.7%, n=339
  QQQUSDT hedged with QQQ index (rth): r=+0.998 [95% low +0.998], optimal ratio 0.991 removes 99.6% of variance, one-for-one removes 99.6%, n=255
  QQQUSDT hedged with QQQ index (weekend): r=+0.988 [95% low +0.986], optimal ratio 0.998 removes 97.7% of variance, one-for-one removes 97.7%, n=418
  TQQQUSDT hedged with TQQQ index (all): r=+0.983 [95% low +0.981], optimal ratio 0.992 removes 96.7% of variance, one-for-one removes 96.7%, n=1438
  TQQQUSDT hedged with TQQQ index (extended): r=+0.998 [95% low +0.997], optimal ratio 0.989 removes 99.6% of variance, one-for-one removes 99.6%, n=423
  TQQQUSDT hedged with TQQQ index (overnight): r=+0.992 [95% low +0.990], optimal ratio 1.007 removes 98.3% of variance, one-for-one removes 98.3%, n=339
  TQQQUSDT hedged with TQQQ index (rth): r=+0.999 [95% low +0.998], optimal ratio 0.993 removes 99.7% of variance, one-for-one removes 99.7%, n=255
  TQQQUSDT hedged with TQQQ index (weekend): r=+0.990 [95% low +0.988], optimal ratio 1.003 removes 98.0% of variance, one-for-one removes 98.0%, n=418
  SQQQUSDT hedged with SQQQ index (all): r=+0.974 [95% low +0.971], optimal ratio 0.988 removes 94.8% of variance, one-for-one removes 94.8%, n=1438
  SQQQUSDT hedged with SQQQ index (extended): r=+0.996 [95% low +0.995], optimal ratio 0.986 removes 99.2% of variance, one-for-one removes 99.2%, n=423
  SQQQUSDT hedged with SQQQ index (overnight): r=+0.988 [95% low +0.985], optimal ratio 1.011 removes 97.5% of variance, one-for-one removes 97.5%, n=339
  SQQQUSDT hedged with SQQQ index (rth): r=+0.996 [95% low +0.995], optimal ratio 0.997 removes 99.2% of variance, one-for-one removes 99.2%, n=255
  SQQQUSDT hedged with SQQQ index (weekend): r=+0.990 [95% low +0.988], optimal ratio 0.999 removes 98.0% of variance, one-for-one removes 98.0%, n=418

60 measurement(s) written to argus\data\hedge_effectiveness.json
effectiveness_exit=0
{
  "ran_at": "2026-09-20T15:40:49.913107+00:00",
  "decisions_written": [
    {
      "seq": 460,
      "symbol": "NVDAUSDT",
      "verdict": "no_trade",
      "quantity": "0",
      "confidence": 0.78,
      "attests_llm_decided": true,
      "notes_written": 17,
      "protocol": {
        "digest": "sha256:d403d741144df7513e4dbb69fd254b6b95f6a7aba3b7aeba26fd959fc26dbfb8",
        "version": 3,
        "reduced_this_decision": false
      },
      "flags": [
        "[conflict:conviction] sentiment (neutral) vs cross_asset (neutral), gap 0.45 \u2014 sentiment dominates: confidence 0.45 against 0.00"
      ]
    },
    {
      "seq": 461,
      "symbol": "TSLAUSDT",
      "verdict": "no_trade",
      "quantity": "0",
      "confidence": 0.72,
      "attests_llm_decided": true,
      "notes_written": 21,
      "protocol": {
        "digest": "sha256:d403d741144df7513e4dbb69fd254b6b95f6a7aba3b7aeba26fd959fc26dbfb8",
        "version": 3,
        "reduced_this_decision": false
      },
      "flags": [
        "[conflict:direction] event (bearish) vs sentiment (bullish), gap 14.00 \u2014 neither dominates: equally confident on equally many sources; the disagreement stands unresolved",
        "[conflict:conviction] event (bearish) vs earnings (bearish), gap 0.34 \u2014 earnings dominates: confidence 0.72 against 0.38",
        "[conflict:direction] sentiment (bullish) vs earnings (bearish), gap 14.00 \u2014 earnings dominates: confidence 0.72 against 0.35",
        "[conflict] 1 disagreement(s) unresolved on the evidence; the decision is taken in spite of them, not because they were settled",
        "[grounding] 4 of 13 figure(s) do not resolve to anything the desk was given: 0.55, 20.80 bps, 3.75, 80 bps",
        "[grounding] an unattributable number in a thesis is the easiest place for an unsupported fact to enter the record",
        "[claim] conviction: \"urdle of 20.80 bps requires a high-conviction directional edge; the panel c\" is contradicted by form4-0001104659-26-106432-S (conviction=False) \u2014 the thesis treats the transaction as a conviction signal; only an unplanned open-market purchase qualifies, and this is not one",
        "[claim] a thesis that contradicts its own evidence is a defect in the reasoning, not a difference of opinion"
      ]
    },
    {
      "seq": 462,
      "symbol": "AAPLUSDT",
      "verdict": "no_trade",
      "quantity": "0",
      "confidence": 0.72,
      "attests_llm_decided": true,
      "notes_written": 17,
      "protocol": {
        "digest": "sha256:d403d741144df7513e4dbb69fd254b6b95f6a7aba3b7aeba26fd959fc26dbfb8",
        "version": 3,
        "reduced_this_decision": false
      },
      "flags": []
    },
    {
      "seq": 463,
      "symbol": "MSFTUSDT",
      "verdict": "no_trade",
      "quantity": "0",
      "confidence": 0.72,
      "attests_llm_decided": true,
      "notes_written": 18,
      "protocol": {
        "digest": "sha256:d403d741144df7513e4dbb69fd254b6b95f6a7aba3b7aeba26fd959fc26dbfb8",
        "version": 3,
        "reduced_this_decision": false
      },
      "flags": [
        "[conflict:magnitude] sentiment (bearish) vs earnings (bearish), gap 31.00 \u2014 earnings dominates: confidence 0.72 against 0.45",
        "[grounding] 1 of 9 figure(s) do not resolve to anything the desk was given: 359 bps",
        "[grounding] an unattributable number in a thesis is the easiest place for an unsupported fact to enter the record"
      ]
    },
    {
      "seq": 464,
      "symbol": "METAUSDT",
      "verdict": "no_trade",
      "quantity": "0",
      "confidence": 0.62,
      "attests_llm_decided": true,
      "notes_written": 18,
      "protocol": {
        "digest": "sha256:d403d741144df7513e4dbb69fd254b6b95f6a7aba3b7aeba26fd959fc26dbfb8",
        "version": 3,
        "reduced_this_decision": false
      },
      "flags": [
        "[conflict:direction] sentiment (bullish) vs earnings (bearish), gap 34.00 \u2014 earnings dominates: confidence 0.72 against 0.45",
        "[grounding] 1 of 9 figure(s) do not resolve to anything the desk was given: 20.8bps",
        "[grounding] an unattributable number in a thesis is the easiest place for an unsupported fact to enter the record"
      ]
    },
    {
      "seq": 465,
      "symbol": "GOOGLUSDT",
      "verdict": "no_trade",
      "quantity": "0",
      "confidence": 0.72,
      "attests_llm_decided": true,
      "notes_written": 18,
      "protocol": {
        "digest": "sha256:d403d741144df7513e4dbb69fd254b6b95f6a7aba3b7aeba26fd959fc26dbfb8",
        "version": 3,
        "reduced_this_decision": false
      },
      "flags": [
        "[conflict:conviction] sentiment (bullish) vs earnings (bullish), gap 0.27 \u2014 earnings dominates: confidence 0.72 against 0.45",
        "[grounding] 2 of 9 figure(s) do not resolve to anything the desk was given: -0.003%, 8",
        "[grounding] an unattributable number in a thesis is the easiest place for an unsupported fact to enter the record"
      ]
    },
    {
      "seq": 466,
      "symbol": "AMZNUSDT",
      "verdict": "no_trade",
      "quantity": "0",
      "confidence": 0.78,
      "attests_llm_decided": true,
      "notes_written": 16,
      "protocol": {
        "digest": "sha256:d403d741144df7513e4dbb69fd254b6b95f6a7aba3b7aeba26fd959fc26dbfb8",
        "version": 3,
        "reduced_this_decision": false
      },
      "flags": [
        "[conflict:magnitude] sentiment (bullish) vs earnings (bullish), gap 41.00 \u2014 earnings dominates: confidence 0.72 against 0.38"
      ]
    },
    {
      "seq": 467,
      "symbol": "COINUSDT",
      "verdict": "no_trade",
      "quantity": "0",
      "confidence": 0.62,
      "attests_llm_decided": true,
      "notes_written": 18,
      "protocol": {
        "digest": "sha256:d403d741144df7513e4dbb69fd254b6b95f6a7aba3b7aeba26fd959fc26dbfb8",
        "version": 3,
        "reduced_this_decision": false
      },
      "flags": [
        "[conflict:direction] sentiment (bullish) vs earnings (bearish), gap 21.00 \u2014 earnings dominates: confidence 0.72 against 0.35",
        "[grounding] 2 of 10 figure(s) do not resolve to anything the desk was given: 114 bps, 20.80 bps",
        "[grounding] an unattributable number in a thesis is the easiest place for an unsupported fact to enter the record"
      ]
    },
    {
      "seq": 468,
      "symbol": "MSTRUSDT",
      "verdict": "no_trade",
      "quantity": "0",
      "confidence": 0.72,
      "attests_llm_decided": true,
      "notes_written": 19,
      "protocol": {
        "digest": "sha256:d403d741144df7513e4dbb69fd254b6b95f6a7aba3b7aeba26fd959fc26dbfb8",
        "version": 3,
        "reduced_this_decision": false
      },
      "flags": [
        "[conflict:direction] event (bearish) vs sentiment (bullish), gap 287.00 \u2014 event dominates: confidence 0.55 against 0.45",
        "[conflict:magnitude] event (bearish) vs earnings (bearish), gap 284.00 \u2014 event dominates: 9 distinct sources against 8",
        "[conflict:direction] sentiment (bullish) vs earnings (bearish), gap 3.00 \u2014 earnings dominates: confidence 0.62 against 0.45",
        "[grounding] 1 of 8 figure(s) do not resolve to anything the desk was given: 0.58",
        "[grounding] an unattributable number in a thesis is the easiest place for an unsupported fact to enter the record"
      ]
    },
    {
      "seq": 469,
      "symbol": "QQQUSDT",
      "verdict": "no_trade",
      "quantity": "0",
      "confidence": 0.72,
      "attests_llm_decided": true,
      "notes_written": 18,
      "protocol": {
        "digest": "sha256:d403d741144df7513e4dbb69fd254b6b95f6a7aba3b7aeba26fd959fc26dbfb8",
        "version": 3,
        "reduced_this_decision": false
      },
      "flags": []
    },
    {
      "seq": 470,
      "symbol": "TQQQUSDT",
      "verdict": "no_trade",
      "quantity": "0",
      "confidence": 0.82,
      "attests_llm_decided": true,
      "notes_written": 18,
      "protocol": {
        "digest": "sha256:d403d741144df7513e4dbb69fd254b6b95f6a7aba3b7aeba26fd959fc26dbfb8",
        "version": 3,
        "reduced_this_decision": false
      },
      "flags": []
    },
    {
      "seq": 471,
      "symbol": "SQQQUSDT",
      "verdict": "no_trade",
      "quantity": "0",
      "confidence": 0.82,
      "attests_llm_decided": true,
      "notes_written": 18,
      "protocol": {
        "digest": "sha256:d403d741144df7513e4dbb69fd254b6b95f6a7aba3b7aeba26fd959fc26dbfb8",
        "version": 3,
        "reduced_this_decision": false
      },
      "flags": []
    }
  ],
  "settled_this_cycle": [
    {
      "seq": 401,
      "symbol": "NVDAUSDT",
      "abstention": true,
      "counterfactual_move_bps": "-68.8166"
    },
    {
      "seq": 402,
      "symbol": "TSLAUSDT",
      "abstention": true,
      "counterfactual_move_bps": "-15.8991"
    },
    {
      "seq": 403,
      "symbol": "AAPLUSDT",
      "abstention": true,
      "counterfactual_move_bps": "-34.9087"
    },
    {
      "seq": 404,
      "symbol": "MSFTUSDT",
      "abstention": true,
      "counterfactual_move_bps": "-1.8200"
    },
    {
      "seq": 405,
      "symbol": "METAUSDT",
      "abstention": true,
      "counterfactual_move_bps": "19.0911"
    },
    {
      "seq": 406,
      "symbol": "GOOGLUSDT",
      "abstention": true,
      "counterfactual_move_bps": "-27.3793"
    },
    {
      "seq": 407,
      "symbol": "AMZNUSDT",
      "abstention": true,
      "counterfactual_move_bps": "-43.6321"
    },
    {
      "seq": 408,
      "symbol": "COINUSDT",
      "abstention": true,
      "counterfactual_move_bps": "-48.7254"
    },
    {
      "seq": 409,
      "symbol": "MSTRUSDT",
      "abstention": true,
      "counterfactual_move_bps": "-125.5766"
    },
    {
      "seq": 410,
      "symbol": "QQQUSDT",
      "abstention": true,
      "counterfactual_move_bps": "-12.3325"
    },
    {
      "seq": 411,
      "symbol": "TQQQUSDT",
      "abstention": true,
      "counterfactual_move_bps": "-31.7767"
    },
    {
      "seq": 412,
      "symbol": "SQQQUSDT",
      "abstention": true,
      "counterfactual_move_bps": "50.0000"
    },
    {
      "seq": 413,
      "symbol": "NVDAUSDT",
      "abstention": true,
      "counterfactual_move_bps": "-71.0496"
    },
    {
      "seq": 414,
      "symbol": "TSLAUSDT",
      "abstention": true,
      "counterfactual_move_bps": "-17.8146"
    },
    {
      "seq": 415,
      "symbol": "AAPLUSDT",
      "abstention": true,
      "counterfactual_move_bps": "-39.9606"
    },
    {
      "seq": 416,
      "symbol": "MSFTUSDT",
      "abstention": true,
      "counterfactual_move_bps": "-11.5154"
    },
    {
      "seq": 417,
      "symbol": "METAUSDT",
      "abstention": true,
      "counterfactual_move_bps": "19.0911"
    },
    {
      "seq": 418,
      "symbol": "GOOGLUSDT",
      "abstention": true,
      "counterfactual_move_bps": "-31.3596"
    },
    {
      "seq": 419,
      "symbol": "AMZNUSDT",
      "abstention": true,
      "counterfactual_move_bps": "-53.4066"
    },
    {
      "seq": 420,
      "symbol": "COINUSDT",
      "abstention": true,
      "counterfactual_move_bps": "-102.0304"
    },
    {
      "seq": 421,
      "symbol": "MSTRUSDT",
      "abstention": true,
      "counterfactual_move_bps": "-302.6490"
    },
    {
      "seq": 422,
      "symbol": "QQQUSDT",
      "abstention": true,
      "counterfactual_move_bps": "-15.0997"
    },
    {
      "seq": 423,
      "symbol": "TQQQUSDT",
      "abstention": true,
      "counterfactual_move_bps": "-42.7822"
    },
    {
      "seq": 424,
      "symbol": "SQQQUSDT",
      "abstention": true,
      "counterfactual_move_bps": "57.9405"
    },
    {
      "causal_chains_graded": 5
    }
  ],
  "marked_this_cycle": [
    {
      "seq": 448,
      "symbol": "NVDAUSDT",
      "horizon_hours": 2.0052,
      "move_bps": "15.4223",
      "lean": "up"
    },
    {
      "seq": 449,
      "symbol": "TSLAUSDT",
      "horizon_hours": 2.0052,
      "move_bps": "19.2562",
      "lean": "down"
    },
    {
      "seq": 450,
      "symbol": "AAPLUSDT",
      "horizon_hours": 2.0052,
      "move_bps": "-0.5988",
      "lean": "up"
    },
    {
      "seq": 451,
      "symbol": "MSFTUSDT",
      "horizon_hours": 2.0052,
      "move_bps": "5.0590",
      "lean": "up"
    },
    {
      "seq": 452,
      "symbol": "METAUSDT",
      "horizon_hours": 2.0052,
      "move_bps": "15.5060",
      "lean": "down"
    },
    {
      "seq": 453,
      "symbol": "GOOGLUSDT",
      "horizon_hours": 2.0052,
      "move_bps": "-2.8590",
      "lean": "up"
    },
    {
      "seq": 454,
      "symbol": "AMZNUSDT",
      "horizon_hours": 2.0052,
      "move_bps": "7.5069",
      "lean": "up"
    },
    {
      "seq": 455,
      "symbol": "COINUSDT",
      "horizon_hours": 2.0052,
      "move_bps": "67.4554",
      "lean": "up"
    },
    {
      "seq": 456,
      "symbol": "MSTRUSDT",
      "horizon_hours": 2.0052,
      "move_bps": "174.2804",
      "lean": "up"
    },
    {
      "seq": 457,
      "symbol": "QQQUSDT",
      "horizon_hours": 2.0052,
      "move_bps": "6.2471",
      "lean": "up"
    },
    {
      "seq": 458,
      "symbol": "TQQQUSDT",
      "horizon_hours": 2.0052,
      "move_bps": "22.2253",
      "lean": "up"
    },
    {
      "seq": 459,
      "symbol": "SQQQUSDT",
      "horizon_hours": 2.0052,
      "move_bps": "0.0000",
      "lean": "none"
    }
  ],
  "tokens_spent": 296115,
  "unreported_calls": 0,
  "token_budget": 330000,
  "stopped_early": "",
  "chain": {
    "entries": 471,
    "chain_intact": true,
    "links_intact": true,
    "first_break_at": null,
    "truncated": false,
    "anchor": "anchor agrees with the log",
    "head_hash": "3ea06b839c37415d"
  },
  "protocol": "argus-paper-v1 v3 (sha256:d403d741144df7513e4dbb69fd254b6b95f6a7aba3b7aeba26fd959fc26dbfb8)"
}
exit=0

cycle 32: 5 claim(s) on MSTRUSDT, head f9c6f4cae94c2b7d
    resolves 2026-09-21T16:11
    resolves 2026-09-23T16:11
    resolves 2026-09-27T16:11
    resolves 2026-10-04T16:11
    resolves 2026-10-20T16:11
  anchored to 4 calendar(s)

  53 claim(s) resolve inside the window and 79 are still open when it starts
cadence_exit=0
0 claim(s) resolved this run

REGISTER ΓÇö 166 claim(s), 68 resolved, 96 pending, 2 unresolvable
  argus                  68 resolved  Brier 0.2332  hit rate 63%

  THE WALL ΓÇö 25 claim(s) we got wrong, most confident first:
    Γ£ù NVDAUSDT abs_move_above_bps 45.46 by 2026-09-15T09:21 (p=0.60) [381cbc033f4b]  observed |12.25| = 12.25
    Γ£ù TSLAUSDT abs_move_above_bps 50.23 by 2026-09-15T09:21 (p=0.60) [c387181dd2e6]  observed |-5.58| = 5.58
    Γ£ù AAPLUSDT abs_move_above_bps 37.55 by 2026-09-15T09:21 (p=0.60) [2588c7bcd941]  observed |-12.37| = 12.37
    Γ£ù AMZNUSDT abs_move_above_bps 40.7 by 2026-09-15T09:21 (p=0.60) [d71b10a405eb]  observed |-32.76| = 32.76
    Γ£ù MSTRUSDT abs_move_above_bps 138.15 by 2026-09-15T09:21 (p=0.60) [919de6cb9750]  observed |-22.67| = 22.67
    Γ£ù TSLAUSDT abs_move_above_bps 50.28 by 2026-09-16T18:14 (p=0.60) [5eec2201b2a4]  observed |-13.14| = 13.14
    Γ£ù AAPLUSDT abs_move_above_bps 37.55 by 2026-09-16T20:11 (p=0.60) [4ae4dfa61cdf]  observed |33.15| = 33.15
    Γ£ù METAUSDT abs_move_above_bps 66.48 by 2026-09-17T16:11 (p=0.60) [fe99a2216199]  observed |41.36| = 41.36
    Γ£ù TQQQUSDT abs_move_above_bps 182.37 by 2026-09-17T18:17 (p=0.60) [394c43522a43]  observed |168.28| = 168.28
    Γ£ù QQQUSDT abs_move_above_bps 31.84 by 2026-09-18T18:10 (p=0.60) [933c2db4e3a6]  observed |14.50| = 14.50

written to argus\data\register_scoreboard.json
register_exit=0
CYCLE CHECK ΓÇö cycle_2026-09-20_2100.log

  PASS     exit_code
           process exited 0
  PASS     symbols_decided
           12 of 12 symbols produced a decision
  PASS     ran_to_completion
           the cycle reached every symbol it was given
  PASS     token_budget
           296,115 of 330,000 spent (90%)
  PASS     cumulative_tokens
           8,398,466 token(s) across 30 recorded cycle(s), 279,949 per cycle ΓÇö roughly 1,119,795/day at four cycles. The key's remaining balance is not observable from here; this is the burn rate, not a runway
  PASS     budget_not_exhausted
           the guard did not fire
  PASS     chain_intact
           the hash chain verified after the write
  PASS     leans_recorded
           12 of 12 row(s) carry a lean and a lean_confidence
  PASS     leans_gradeable
           12 of 12 decision(s) state a direction (10 up, 2 down, 0 none)
  PASS     verdicts_parsed
           every verdict parsed
  PASS     session
           session phase(s) seen: weekend  (anchor market shut)

  11/11 checks passed. The cycle ran with the anchor market shut, so it says nothing about whether this desk trades

written to argus\data\cycle_check.json
check_exit=0
